***********************************************************
***********************************************************

  This calculation was performed by OpenMX Ver. 4.0
  using 28 MPI processes and 1 OpenMP threads.

  Wed Apr  8 18:31:13 2026

***********************************************************
***********************************************************

#
#      File Name      
#

System.CurrrentDirectory         ./    # default=./
System.Name                     d-H2O_BFGS
level.of.stdout                   1    # default=1 (1-3)
level.of.fileout                  0    # default=1 (1-3)

#
# Definition of Atomic Species
#

Species.Number       2
<Definition.of.Atomic.Species
 H   H7.0-s2p1     H_PBE19
 O   O7.0-s2p2d1   O_PBE19
Definition.of.Atomic.Species>

#
# Atoms
#

Atoms.Number         6
Atoms.SpeciesAndCoordinates.Unit   Ang # Ang|AU
<Atoms.SpeciesAndCoordinates           # Unit=Ang.
 1  O  0.000  0.000  0.000  3.0 3.0
 2  H  0.757  0.586  0.000  0.5 0.5
 3  H -0.757  0.586  0.000  0.5 0.5
 4  O  0.000  5.000  0.000  3.0 3.0
 5  H  0.000  5.586  0.757  0.5 0.5
 6  H  0.000  5.586 -0.757  0.5 0.5
Atoms.SpeciesAndCoordinates>
Atoms.UnitVectors.Unit             Ang #  Ang|AU
#<Atoms.UnitVectors                     
#   8.0   0.0   0.0  
#   0.0   8.0   0.0  
#   0.0   0.0   8.0  
#Atoms.UnitVectors>

#
# SCF or Electronic System
#

scf.XcType                 GGA-PBE     # LDA|LSDA-CA|LSDA-PW
scf.SpinPolarization        off        # on|off|nc
scf.ElectronicTemperature  100.0       # default=300 (K)
scf.energycutoff           180.0       # default=150 (Ry)
scf.maxIter                 60         # default=40
scf.EigenvalueSolver     cluster       # Recursion|Cluster|Band
scf.Kgrid                  4 4 4       # means 4x4x4
scf.Mixing.Type           rmm-diis     # Simple|Rmm-Diis|Gr-Pulay
scf.Init.Mixing.Weight     0.10        # default=0.30 
scf.Min.Mixing.Weight      0.001       # default=0.001 
scf.Max.Mixing.Weight      0.400       # default=0.40 
scf.Mixing.History          7          # default=5
scf.Mixing.StartPulay      10          # default=6
scf.criterion             1.0e-8       # default=1.0e-6 (Hartree) 

#
# MD or Geometry Optimization
#

MD.Type                     BFGS       # Nomd|Opt|DIIS|NVE|NVT_VS|NVT_NH
MD.Opt.DIIS.History          3         # default=3
MD.Opt.StartDIIS            12         # default=5
MD.Opt.EveryDIIS           10000       # default=10
MD.maxIter                  200        # default=1xsx
MD.TimeStep                1.0         # default=0.5 (fs)
MD.Opt.criterion          1.0e-4       # default=1.0e-4 (Hartree/bohr)


***********************************************************
***********************************************************

  Required cutoff energy (Ryd) for 3D-grids = 180.0000
      Used cutoff energy (Ryd) for 3D-grids = 180.0010, 180.0010, 180.0010
  Num. of grids of a-, b-, and c-axes = 80, 120, 80

  Num.Grid1.    80
  Num.Grid2.   120
  Num.Grid3.    80


  Cell_Volume =   9860.489190752132 (Bohr^3)
  GridVol     =      0.012839178634 (Bohr^3)
  Cell vectors (bohr) of the grid cell (gtv)
    gtv_a =  0.234159840592,  0.000000000000,  0.000000000000
    gtv_b =  0.000000000000,  0.234159840592,  0.000000000000
    gtv_c =  0.000000000000,  0.000000000000,  0.234159840592
    |gtv_a| =  0.234159840592
    |gtv_b| =  0.234159840592
    |gtv_c| =  0.234159840592

***********************************************************
***********************************************************


***********************************************************
***********************************************************
                  SCF history at MD= 1                    
***********************************************************
***********************************************************

   SCF=   1  NormRD=  1.000000000000  Uele= -10.715163052400
   SCF=   2  NormRD=  0.761091379404  Uele= -9.327254406753
   SCF=   3  NormRD=  0.340611796175  Uele= -8.587830100776
   SCF=   4  NormRD=  0.103379825813  Uele= -8.360379770751
   SCF=   5  NormRD=  0.040854105363  Uele= -8.269109122871
   SCF=   6  NormRD=  0.026980273467  Uele= -8.152220277122
   SCF=   7  NormRD=  0.014699271208  Uele= -8.138468162328
   SCF=   8  NormRD=  0.009957770253  Uele= -8.156641320746
   SCF=   9  NormRD=  0.005389701540  Uele= -8.157000745810
   SCF=  10  NormRD=  0.003137894171  Uele= -8.158639250770
   SCF=  11  NormRD=  0.001801562939  Uele= -8.159284857426
   SCF=  12  NormRD=  0.000073549815  Uele= -8.160224209884
   SCF=  13  NormRD=  0.000061663295  Uele= -8.159937510005
   SCF=  14  NormRD=  0.000003930747  Uele= -8.160123611560
   SCF=  15  NormRD=  0.000000408096  Uele= -8.160111055437
   SCF=  16  NormRD=  0.000000038072  Uele= -8.160112279935
   SCF=  17  NormRD=  0.000000013417  Uele= -8.160112291876
   SCF=  18  NormRD=  0.000000000203  Uele= -8.160112305234
   SCF=  19  NormRD=  0.000000000037  Uele= -8.160112305166

*******************************************************
        Total energy (Hartree) at MD = 1        
*******************************************************

  Uele.         -8.160112305166

  Ukin.         25.837620655581
  UH0.         -46.901086979187
  UH1.           0.101859498030
  Una.         -32.435347722412
  Unl.           6.918729839733
  Uxc0.         -4.599076856316
  Uxc1.         -4.599076856316
  Ucore.        20.734095958843
  Uhub.          0.000000000000
  Ucs.           0.000000000000
  Uzs.           0.000000000000
  Uzo.           0.000000000000
  Uef.           0.000000000000
  UvdW.          0.000000000000
  Uch.           0.000000000000
  Utot.        -34.942282462045

  UpV.           0.000000000000
  Enpy.        -34.942282462045
  Note:

  Utot = Ukin+UH0+UH1+Una+Unl+Uxc0+Uxc1+Ucore+Uhub+Ucs+Uzs+Uzo+Uef+UvdW+Uch

  Uele:   band energy
  Ukin:   kinetic energy
  UH0:    electric part of screened Coulomb energy
  UH1:    difference electron-electron Coulomb energy
  Una:    neutral atom potential energy
  Unl:    non-local potential energy
  Uxc0:   exchange-correlation energy for alpha spin
  Uxc1:   exchange-correlation energy for beta spin
  Ucore:  core-core Coulomb energy
  Uhub:   LDA+U energy
  Ucs:    constraint energy for spin orientation
  Uzs:    Zeeman term for spin magnetic moment
  Uzo:    Zeeman term for orbital magnetic moment
  Uef:    electric energy by electric field
  UvdW:   semi-empirical vdW energy
  Uch:    penalty term to create a core hole

  UpV:    pressure times volume
  Enpy:   Enthalpy = Utot + UpV
  (see also PRB 72, 045121(2005) for the energy contributions)



  Chemical potential (Hartree)      -0.117187500000

***********************************************************
***********************************************************
                  SCF history at MD= 2                    
***********************************************************
***********************************************************

   SCF=   1  NormRD=  1.000000000000  Uele= -8.041849416808
   SCF=   2  NormRD=  0.036220446733  Uele= -8.218501670643
   SCF=   3  NormRD=  0.008765102890  Uele= -8.094915226713
   SCF=   4  NormRD=  0.001914814734  Uele= -8.112674530791
   SCF=   5  NormRD=  0.001952517249  Uele= -8.102016506912
   SCF=   6  NormRD=  0.000090366459  Uele= -8.108445818749
   SCF=   7  NormRD=  0.000015046667  Uele= -8.108226608934
   SCF=   8  NormRD=  0.000006911343  Uele= -8.108208795104
   SCF=   9  NormRD=  0.000000176049  Uele= -8.108196752027
   SCF=  10  NormRD=  0.000000007191  Uele= -8.108196294866
   SCF=  11  NormRD=  0.000000002730  Uele= -8.108196305157
   SCF=  12  NormRD=  0.000000000147  Uele= -8.108196308954

*******************************************************
        Total energy (Hartree) at MD = 2        
*******************************************************

  Uele.         -8.108196308954

  Ukin.         25.710181723202
  UH0.         -46.799275036959
  UH1.           0.098545520777
  Una.         -32.206380940438
  Unl.           6.905329187370
  Uxc0.         -4.584408663817
  Uxc1.         -4.584408663817
  Ucore.        20.517474311567
  Uhub.          0.000000000000
  Ucs.           0.000000000000
  Uzs.           0.000000000000
  Uzo.           0.000000000000
  Uef.           0.000000000000
  UvdW.          0.000000000000
  Uch.           0.000000000000
  Utot.        -34.942942562116

  UpV.           0.000000000000
  Enpy.        -34.942942562116
  Note:

  Utot = Ukin+UH0+UH1+Una+Unl+Uxc0+Uxc1+Ucore+Uhub+Ucs+Uzs+Uzo+Uef+UvdW+Uch

  Uele:   band energy
  Ukin:   kinetic energy
  UH0:    electric part of screened Coulomb energy
  UH1:    difference electron-electron Coulomb energy
  Una:    neutral atom potential energy
  Unl:    non-local potential energy
  Uxc0:   exchange-correlation energy for alpha spin
  Uxc1:   exchange-correlation energy for beta spin
  Ucore:  core-core Coulomb energy
  Uhub:   LDA+U energy
  Ucs:    constraint energy for spin orientation
  Uzs:    Zeeman term for spin magnetic moment
  Uzo:    Zeeman term for orbital magnetic moment
  Uef:    electric energy by electric field
  UvdW:   semi-empirical vdW energy
  Uch:    penalty term to create a core hole

  UpV:    pressure times volume
  Enpy:   Enthalpy = Utot + UpV
  (see also PRB 72, 045121(2005) for the energy contributions)



  Chemical potential (Hartree)      -0.117187500000

***********************************************************
***********************************************************
                  SCF history at MD= 3                    
***********************************************************
***********************************************************

   SCF=   1  NormRD=  1.000000000000  Uele= -8.116998060208
   SCF=   2  NormRD=  0.002702243911  Uele= -8.103819108088
   SCF=   3  NormRD=  0.000664580903  Uele= -8.113033090614
   SCF=   4  NormRD=  0.000149475420  Uele= -8.111672716970
   SCF=   5  NormRD=  0.000145064531  Uele= -8.112461352742
   SCF=   6  NormRD=  0.000009025750  Uele= -8.111978383912
   SCF=   7  NormRD=  0.000001617575  Uele= -8.112001491348
   SCF=   8  NormRD=  0.000000437294  Uele= -8.112003058005
   SCF=   9  NormRD=  0.000000007387  Uele= -8.112004050901
   SCF=  10  NormRD=  0.000000000911  Uele= -8.112004069170
   SCF=  11  NormRD=  0.000000000185  Uele= -8.112004069153

*******************************************************
        Total energy (Hartree) at MD = 3        
*******************************************************

  Uele.         -8.112004069153

  Ukin.         25.719537773491
  UH0.         -46.806918303215
  UH1.           0.098783862875
  Una.         -32.223109371073
  Unl.           6.906261084619
  Uxc0.         -4.585489980117
  Uxc1.         -4.585489980117
  Ucore.        20.533469289759
  Uhub.          0.000000000000
  Ucs.           0.000000000000
  Uzs.           0.000000000000
  Uzo.           0.000000000000
  Uef.           0.000000000000
  UvdW.          0.000000000000
  Uch.           0.000000000000
  Utot.        -34.942955623778

  UpV.           0.000000000000
  Enpy.        -34.942955623778
  Note:

  Utot = Ukin+UH0+UH1+Una+Unl+Uxc0+Uxc1+Ucore+Uhub+Ucs+Uzs+Uzo+Uef+UvdW+Uch

  Uele:   band energy
  Ukin:   kinetic energy
  UH0:    electric part of screened Coulomb energy
  UH1:    difference electron-electron Coulomb energy
  Una:    neutral atom potential energy
  Unl:    non-local potential energy
  Uxc0:   exchange-correlation energy for alpha spin
  Uxc1:   exchange-correlation energy for beta spin
  Ucore:  core-core Coulomb energy
  Uhub:   LDA+U energy
  Ucs:    constraint energy for spin orientation
  Uzs:    Zeeman term for spin magnetic moment
  Uzo:    Zeeman term for orbital magnetic moment
  Uef:    electric energy by electric field
  UvdW:   semi-empirical vdW energy
  Uch:    penalty term to create a core hole

  UpV:    pressure times volume
  Enpy:   Enthalpy = Utot + UpV
  (see also PRB 72, 045121(2005) for the energy contributions)



  Chemical potential (Hartree)      -0.117187500000

***********************************************************
***********************************************************
                  SCF history at MD= 4                    
***********************************************************
***********************************************************

   SCF=   1  NormRD=  1.000000000000  Uele= -8.113726666473
   SCF=   2  NormRD=  0.000059751924  Uele= -8.113712141850
   SCF=   3  NormRD=  0.000015618302  Uele= -8.113710983092
   SCF=   4  NormRD=  0.000003683133  Uele= -8.113714351442
   SCF=   5  NormRD=  0.000003766054  Uele= -8.113715838720
   SCF=   6  NormRD=  0.000000200536  Uele= -8.113715497908
   SCF=   7  NormRD=  0.000000017448  Uele= -8.113715472105
   SCF=   8  NormRD=  0.000000008206  Uele= -8.113715511840
   SCF=   9  NormRD=  0.000000000905  Uele= -8.113715488942
   SCF=  10  NormRD=  0.000000000111  Uele= -8.113715488632

*******************************************************
        Total energy (Hartree) at MD = 4        
*******************************************************

  Uele.         -8.113715488632

  Ukin.         25.723742321020
  UH0.         -46.810412243417
  UH1.           0.098891205360
  Una.         -32.230625288604
  Unl.           6.906679843255
  Uxc0.         -4.585975127607
  Uxc1.         -4.585975127607
  Ucore.        20.540716283880
  Uhub.          0.000000000000
  Ucs.           0.000000000000
  Uzs.           0.000000000000
  Uzo.           0.000000000000
  Uef.           0.000000000000
  UvdW.          0.000000000000
  Uch.           0.000000000000
  Utot.        -34.942958133720

  UpV.           0.000000000000
  Enpy.        -34.942958133720
  Note:

  Utot = Ukin+UH0+UH1+Una+Unl+Uxc0+Uxc1+Ucore+Uhub+Ucs+Uzs+Uzo+Uef+UvdW+Uch

  Uele:   band energy
  Ukin:   kinetic energy
  UH0:    electric part of screened Coulomb energy
  UH1:    difference electron-electron Coulomb energy
  Una:    neutral atom potential energy
  Unl:    non-local potential energy
  Uxc0:   exchange-correlation energy for alpha spin
  Uxc1:   exchange-correlation energy for beta spin
  Ucore:  core-core Coulomb energy
  Uhub:   LDA+U energy
  Ucs:    constraint energy for spin orientation
  Uzs:    Zeeman term for spin magnetic moment
  Uzo:    Zeeman term for orbital magnetic moment
  Uef:    electric energy by electric field
  UvdW:   semi-empirical vdW energy
  Uch:    penalty term to create a core hole

  UpV:    pressure times volume
  Enpy:   Enthalpy = Utot + UpV
  (see also PRB 72, 045121(2005) for the energy contributions)



  Chemical potential (Hartree)      -0.117187500000

***********************************************************
***********************************************************
                  SCF history at MD= 5                    
***********************************************************
***********************************************************

   SCF=   1  NormRD=  1.000000000000  Uele= -8.114464122613
   SCF=   2  NormRD=  0.000007118503  Uele= -8.114471678579
   SCF=   3  NormRD=  0.000002238033  Uele= -8.114467557786
   SCF=   4  NormRD=  0.000000608870  Uele= -8.114468167005
   SCF=   5  NormRD=  0.000000691975  Uele= -8.114467677939
   SCF=   6  NormRD=  0.000000038417  Uele= -8.114468036629
   SCF=   7  NormRD=  0.000000003692  Uele= -8.114468031752

*******************************************************
        Total energy (Hartree) at MD = 5        
*******************************************************

  Uele.         -8.114468031752

  Ukin.         25.725586883088
  UH0.         -46.812020518412
  UH1.           0.098938288179
  Una.         -32.233920179350
  Unl.           6.906862736481
  Uxc0.         -4.586187826528
  Uxc1.         -4.586187826528
  Ucore.        20.543969439228
  Uhub.          0.000000000000
  Ucs.           0.000000000000
  Uzs.           0.000000000000
  Uzo.           0.000000000000
  Uef.           0.000000000000
  UvdW.          0.000000000000
  Uch.           0.000000000000
  Utot.        -34.942959003843

  UpV.           0.000000000000
  Enpy.        -34.942959003843
  Note:

  Utot = Ukin+UH0+UH1+Una+Unl+Uxc0+Uxc1+Ucore+Uhub+Ucs+Uzs+Uzo+Uef+UvdW+Uch

  Uele:   band energy
  Ukin:   kinetic energy
  UH0:    electric part of screened Coulomb energy
  UH1:    difference electron-electron Coulomb energy
  Una:    neutral atom potential energy
  Unl:    non-local potential energy
  Uxc0:   exchange-correlation energy for alpha spin
  Uxc1:   exchange-correlation energy for beta spin
  Ucore:  core-core Coulomb energy
  Uhub:   LDA+U energy
  Ucs:    constraint energy for spin orientation
  Uzs:    Zeeman term for spin magnetic moment
  Uzo:    Zeeman term for orbital magnetic moment
  Uef:    electric energy by electric field
  UvdW:   semi-empirical vdW energy
  Uch:    penalty term to create a core hole

  UpV:    pressure times volume
  Enpy:   Enthalpy = Utot + UpV
  (see also PRB 72, 045121(2005) for the energy contributions)



  Chemical potential (Hartree)      -0.117187500000

***********************************************************
***********************************************************
                  SCF history at MD= 6                    
***********************************************************
***********************************************************

   SCF=   1  NormRD=  1.000000000000  Uele= -8.115294261447
   SCF=   2  NormRD=  0.000007251197  Uele= -8.115298099538
   SCF=   3  NormRD=  0.000002499212  Uele= -8.115293451107
   SCF=   4  NormRD=  0.000000768718  Uele= -8.115294584571
   SCF=   5  NormRD=  0.000000870314  Uele= -8.115294136322
   SCF=   6  NormRD=  0.000000052274  Uele= -8.115294646721
   SCF=   7  NormRD=  0.000000005919  Uele= -8.115294637904

*******************************************************
        Total energy (Hartree) at MD = 6        
*******************************************************

  Uele.         -8.115294637904

  Ukin.         25.727605362898
  UH0.         -46.813984817347
  UH1.           0.098989793933
  Una.         -32.237520639597
  Unl.           6.907060726499
  Uxc0.         -4.586420328001
  Uxc1.         -4.586420328001
  Ucore.        20.547730322609
  Uhub.          0.000000000000
  Ucs.           0.000000000000
  Uzs.           0.000000000000
  Uzo.           0.000000000000
  Uef.           0.000000000000
  UvdW.          0.000000000000
  Uch.           0.000000000000
  Utot.        -34.942959907007

  UpV.           0.000000000000
  Enpy.        -34.942959907007
  Note:

  Utot = Ukin+UH0+UH1+Una+Unl+Uxc0+Uxc1+Ucore+Uhub+Ucs+Uzs+Uzo+Uef+UvdW+Uch

  Uele:   band energy
  Ukin:   kinetic energy
  UH0:    electric part of screened Coulomb energy
  UH1:    difference electron-electron Coulomb energy
  Una:    neutral atom potential energy
  Unl:    non-local potential energy
  Uxc0:   exchange-correlation energy for alpha spin
  Uxc1:   exchange-correlation energy for beta spin
  Ucore:  core-core Coulomb energy
  Uhub:   LDA+U energy
  Ucs:    constraint energy for spin orientation
  Uzs:    Zeeman term for spin magnetic moment
  Uzo:    Zeeman term for orbital magnetic moment
  Uef:    electric energy by electric field
  UvdW:   semi-empirical vdW energy
  Uch:    penalty term to create a core hole

  UpV:    pressure times volume
  Enpy:   Enthalpy = Utot + UpV
  (see also PRB 72, 045121(2005) for the energy contributions)



  Chemical potential (Hartree)      -0.117187500000

***********************************************************
***********************************************************
                  SCF history at MD= 7                    
***********************************************************
***********************************************************

   SCF=   1  NormRD=  1.000000000000  Uele= -8.114963055494
   SCF=   2  NormRD=  0.000005669876  Uele= -8.114949439376
   SCF=   3  NormRD=  0.000002291673  Uele= -8.114958107369
   SCF=   4  NormRD=  0.000000868863  Uele= -8.114957091647
   SCF=   5  NormRD=  0.000000878845  Uele= -8.114958891620
   SCF=   6  NormRD=  0.000000087155  Uele= -8.114957419119
   SCF=   7  NormRD=  0.000000009174  Uele= -8.114957518383
   SCF=   8  NormRD=  0.000000006243  Uele= -8.114957554704
   SCF=   9  NormRD=  0.000000000538  Uele= -8.114957542623
   SCF=  10  NormRD=  0.000000000070  Uele= -8.114957542560

*******************************************************
        Total energy (Hartree) at MD = 7        
*******************************************************

  Uele.         -8.114957542560

  Ukin.         25.726763666924
  UH0.         -46.813698900350
  UH1.           0.098968128447
  Una.         -32.236007002045
  Unl.           6.906973502479
  Uxc0.         -4.586322945089
  Uxc1.         -4.586322945089
  Ucore.        20.546685801042
  Uhub.          0.000000000000
  Ucs.           0.000000000000
  Uzs.           0.000000000000
  Uzo.           0.000000000000
  Uef.           0.000000000000
  UvdW.          0.000000000000
  Uch.           0.000000000000
  Utot.        -34.942960693679

  UpV.           0.000000000000
  Enpy.        -34.942960693679
  Note:

  Utot = Ukin+UH0+UH1+Una+Unl+Uxc0+Uxc1+Ucore+Uhub+Ucs+Uzs+Uzo+Uef+UvdW+Uch

  Uele:   band energy
  Ukin:   kinetic energy
  UH0:    electric part of screened Coulomb energy
  UH1:    difference electron-electron Coulomb energy
  Una:    neutral atom potential energy
  Unl:    non-local potential energy
  Uxc0:   exchange-correlation energy for alpha spin
  Uxc1:   exchange-correlation energy for beta spin
  Ucore:  core-core Coulomb energy
  Uhub:   LDA+U energy
  Ucs:    constraint energy for spin orientation
  Uzs:    Zeeman term for spin magnetic moment
  Uzo:    Zeeman term for orbital magnetic moment
  Uef:    electric energy by electric field
  UvdW:   semi-empirical vdW energy
  Uch:    penalty term to create a core hole

  UpV:    pressure times volume
  Enpy:   Enthalpy = Utot + UpV
  (see also PRB 72, 045121(2005) for the energy contributions)



  Chemical potential (Hartree)      -0.117187500000

***********************************************************
***********************************************************
                  SCF history at MD= 8                    
***********************************************************
***********************************************************

   SCF=   1  NormRD=  1.000000000000  Uele= -8.115113737626
   SCF=   2  NormRD=  0.000012815424  Uele= -8.115059397345
   SCF=   3  NormRD=  0.000004706960  Uele= -8.115093078583
   SCF=   4  NormRD=  0.000001845477  Uele= -8.115088944645
   SCF=   5  NormRD=  0.000001926127  Uele= -8.115095938653
   SCF=   6  NormRD=  0.000000130946  Uele= -8.115090207013
   SCF=   7  NormRD=  0.000000007045  Uele= -8.115090555358
   SCF=   8  NormRD=  0.000000004728  Uele= -8.115090568139
   SCF=   9  NormRD=  0.000000001435  Uele= -8.115090567085

*******************************************************
        Total energy (Hartree) at MD = 8        
*******************************************************

  Uele.         -8.115090567085

  Ukin.         25.727076898221
  UH0.         -46.814354865212
  UH1.           0.098976004772
  Una.         -32.236563059439
  Unl.           6.907003551362
  Uxc0.         -4.586359100016
  Uxc1.         -4.586359100016
  Ucore.        20.547618118714
  Uhub.          0.000000000000
  Ucs.           0.000000000000
  Uzs.           0.000000000000
  Uzo.           0.000000000000
  Uef.           0.000000000000
  UvdW.          0.000000000000
  Uch.           0.000000000000
  Utot.        -34.942961551617

  UpV.           0.000000000000
  Enpy.        -34.942961551617
  Note:

  Utot = Ukin+UH0+UH1+Una+Unl+Uxc0+Uxc1+Ucore+Uhub+Ucs+Uzs+Uzo+Uef+UvdW+Uch

  Uele:   band energy
  Ukin:   kinetic energy
  UH0:    electric part of screened Coulomb energy
  UH1:    difference electron-electron Coulomb energy
  Una:    neutral atom potential energy
  Unl:    non-local potential energy
  Uxc0:   exchange-correlation energy for alpha spin
  Uxc1:   exchange-correlation energy for beta spin
  Ucore:  core-core Coulomb energy
  Uhub:   LDA+U energy
  Ucs:    constraint energy for spin orientation
  Uzs:    Zeeman term for spin magnetic moment
  Uzo:    Zeeman term for orbital magnetic moment
  Uef:    electric energy by electric field
  UvdW:   semi-empirical vdW energy
  Uch:    penalty term to create a core hole

  UpV:    pressure times volume
  Enpy:   Enthalpy = Utot + UpV
  (see also PRB 72, 045121(2005) for the energy contributions)



  Chemical potential (Hartree)      -0.117187500000

***********************************************************
***********************************************************
                  SCF history at MD= 9                    
***********************************************************
***********************************************************

   SCF=   1  NormRD=  1.000000000000  Uele= -8.115045678320
   SCF=   2  NormRD=  0.000036546804  Uele= -8.115108585558
   SCF=   3  NormRD=  0.000011005980  Uele= -8.115057091012
   SCF=   4  NormRD=  0.000003068073  Uele= -8.115066138044
   SCF=   5  NormRD=  0.000003332975  Uele= -8.115061089632
   SCF=   6  NormRD=  0.000000218823  Uele= -8.115065163203
   SCF=   7  NormRD=  0.000000049474  Uele= -8.115065116642
   SCF=   8  NormRD=  0.000000015939  Uele= -8.115064960774
   SCF=   9  NormRD=  0.000000001042  Uele= -8.115064983796
   SCF=  10  NormRD=  0.000000000079  Uele= -8.115064984186

*******************************************************
        Total energy (Hartree) at MD = 9        
*******************************************************

  Uele.         -8.115064984186

  Ukin.         25.727019031013
  UH0.         -46.814759904586
  UH1.           0.098974465021
  Una.         -32.236450799991
  Unl.           6.906994573253
  Uxc0.         -4.586352142997
  Uxc1.         -4.586352142997
  Ucore.        20.547964649871
  Uhub.          0.000000000000
  Ucs.           0.000000000000
  Uzs.           0.000000000000
  Uzo.           0.000000000000
  Uef.           0.000000000000
  UvdW.          0.000000000000
  Uch.           0.000000000000
  Utot.        -34.942962271413

  UpV.           0.000000000000
  Enpy.        -34.942962271413
  Note:

  Utot = Ukin+UH0+UH1+Una+Unl+Uxc0+Uxc1+Ucore+Uhub+Ucs+Uzs+Uzo+Uef+UvdW+Uch

  Uele:   band energy
  Ukin:   kinetic energy
  UH0:    electric part of screened Coulomb energy
  UH1:    difference electron-electron Coulomb energy
  Una:    neutral atom potential energy
  Unl:    non-local potential energy
  Uxc0:   exchange-correlation energy for alpha spin
  Uxc1:   exchange-correlation energy for beta spin
  Ucore:  core-core Coulomb energy
  Uhub:   LDA+U energy
  Ucs:    constraint energy for spin orientation
  Uzs:    Zeeman term for spin magnetic moment
  Uzo:    Zeeman term for orbital magnetic moment
  Uef:    electric energy by electric field
  UvdW:   semi-empirical vdW energy
  Uch:    penalty term to create a core hole

  UpV:    pressure times volume
  Enpy:   Enthalpy = Utot + UpV
  (see also PRB 72, 045121(2005) for the energy contributions)



  Chemical potential (Hartree)      -0.117187500000

***********************************************************
***********************************************************
                  SCF history at MD=10                    
***********************************************************
***********************************************************

   SCF=   1  NormRD=  1.000000000000  Uele= -8.115344848961
   SCF=   2  NormRD=  0.000100408260  Uele= -8.114850866365
   SCF=   3  NormRD=  0.000024431898  Uele= -8.115187528674
   SCF=   4  NormRD=  0.000005596230  Uele= -8.115138592723
   SCF=   5  NormRD=  0.000005379769  Uele= -8.115167535894
   SCF=   6  NormRD=  0.000000321552  Uele= -8.115150061098
   SCF=   7  NormRD=  0.000000094690  Uele= -8.115150772618
   SCF=   8  NormRD=  0.000000018186  Uele= -8.115150884382
   SCF=   9  NormRD=  0.000000001637  Uele= -8.115150923125
   SCF=  10  NormRD=  0.000000000145  Uele= -8.115150921924

*******************************************************
        Total energy (Hartree) at MD =10        
*******************************************************

  Uele.         -8.115150921924

  Ukin.         25.727270184892
  UH0.         -46.816137133823
  UH1.           0.098980881516
  Una.         -32.236870182327
  Unl.           6.907007964263
  Uxc0.         -4.586379973372
  Uxc1.         -4.586379973372
  Ucore.        20.549543777974
  Uhub.          0.000000000000
  Ucs.           0.000000000000
  Uzs.           0.000000000000
  Uzo.           0.000000000000
  Uef.           0.000000000000
  UvdW.          0.000000000000
  Uch.           0.000000000000
  Utot.        -34.942964454251

  UpV.           0.000000000000
  Enpy.        -34.942964454251
  Note:

  Utot = Ukin+UH0+UH1+Una+Unl+Uxc0+Uxc1+Ucore+Uhub+Ucs+Uzs+Uzo+Uef+UvdW+Uch

  Uele:   band energy
  Ukin:   kinetic energy
  UH0:    electric part of screened Coulomb energy
  UH1:    difference electron-electron Coulomb energy
  Una:    neutral atom potential energy
  Unl:    non-local potential energy
  Uxc0:   exchange-correlation energy for alpha spin
  Uxc1:   exchange-correlation energy for beta spin
  Ucore:  core-core Coulomb energy
  Uhub:   LDA+U energy
  Ucs:    constraint energy for spin orientation
  Uzs:    Zeeman term for spin magnetic moment
  Uzo:    Zeeman term for orbital magnetic moment
  Uef:    electric energy by electric field
  UvdW:   semi-empirical vdW energy
  Uch:    penalty term to create a core hole

  UpV:    pressure times volume
  Enpy:   Enthalpy = Utot + UpV
  (see also PRB 72, 045121(2005) for the energy contributions)



  Chemical potential (Hartree)      -0.117187500000

***********************************************************
***********************************************************
                  SCF history at MD=11                    
***********************************************************
***********************************************************

   SCF=   1  NormRD=  1.000000000000  Uele= -8.114803663291
   SCF=   2  NormRD=  0.000211511316  Uele= -8.115639236390
   SCF=   3  NormRD=  0.000052543706  Uele= -8.115035006708
   SCF=   4  NormRD=  0.000011736085  Uele= -8.115127913730
   SCF=   5  NormRD=  0.000011581105  Uele= -8.115079190321
   SCF=   6  NormRD=  0.000000682101  Uele= -8.115109405763
   SCF=   7  NormRD=  0.000000361873  Uele= -8.115109001521
   SCF=   8  NormRD=  0.000000037282  Uele= -8.115108313164
   SCF=   9  NormRD=  0.000000001661  Uele= -8.115108248462
   SCF=  10  NormRD=  0.000000000577  Uele= -8.115108249791

*******************************************************
        Total energy (Hartree) at MD =11        
*******************************************************

  Uele.         -8.115108249791

  Ukin.         25.727299025409
  UH0.         -46.817536713418
  UH1.           0.098981955599
  Una.         -32.236860396532
  Unl.           6.906984295080
  Uxc0.         -4.586380364244
  Uxc1.         -4.586380364244
  Ucore.        20.550925213959
  Uhub.          0.000000000000
  Ucs.           0.000000000000
  Uzs.           0.000000000000
  Uzo.           0.000000000000
  Uef.           0.000000000000
  UvdW.          0.000000000000
  Uch.           0.000000000000
  Utot.        -34.942967348389

  UpV.           0.000000000000
  Enpy.        -34.942967348389
  Note:

  Utot = Ukin+UH0+UH1+Una+Unl+Uxc0+Uxc1+Ucore+Uhub+Ucs+Uzs+Uzo+Uef+UvdW+Uch

  Uele:   band energy
  Ukin:   kinetic energy
  UH0:    electric part of screened Coulomb energy
  UH1:    difference electron-electron Coulomb energy
  Una:    neutral atom potential energy
  Unl:    non-local potential energy
  Uxc0:   exchange-correlation energy for alpha spin
  Uxc1:   exchange-correlation energy for beta spin
  Ucore:  core-core Coulomb energy
  Uhub:   LDA+U energy
  Ucs:    constraint energy for spin orientation
  Uzs:    Zeeman term for spin magnetic moment
  Uzo:    Zeeman term for orbital magnetic moment
  Uef:    electric energy by electric field
  UvdW:   semi-empirical vdW energy
  Uch:    penalty term to create a core hole

  UpV:    pressure times volume
  Enpy:   Enthalpy = Utot + UpV
  (see also PRB 72, 045121(2005) for the energy contributions)



  Chemical potential (Hartree)      -0.117187500000

***********************************************************
***********************************************************
                  SCF history at MD=12                    
***********************************************************
***********************************************************

   SCF=   1  NormRD=  1.000000000000  Uele= -8.115598897526
   SCF=   2  NormRD=  0.000268071335  Uele= -8.114793302409
   SCF=   3  NormRD=  0.000066958820  Uele= -8.115362176974
   SCF=   4  NormRD=  0.000014616744  Uele= -8.115276477826
   SCF=   5  NormRD=  0.000014308623  Uele= -8.115322156769
   SCF=   6  NormRD=  0.000000911993  Uele= -8.115295138301
   SCF=   7  NormRD=  0.000000429714  Uele= -8.115294812146
   SCF=   8  NormRD=  0.000000036910  Uele= -8.115295858872
   SCF=   9  NormRD=  0.000000004155  Uele= -8.115295944132
   SCF=  10  NormRD=  0.000000000490  Uele= -8.115295945135

*******************************************************
        Total energy (Hartree) at MD =12        
*******************************************************

  Uele.         -8.115295945135

  Ukin.         25.727908541836
  UH0.         -46.819404176068
  UH1.           0.098997981041
  Una.         -32.237877945424
  Unl.           6.907013327754
  Uxc0.         -4.586447089722
  Uxc1.         -4.586447089722
  Ucore.        20.553285907030
  Uhub.          0.000000000000
  Ucs.           0.000000000000
  Uzs.           0.000000000000
  Uzo.           0.000000000000
  Uef.           0.000000000000
  UvdW.          0.000000000000
  Uch.           0.000000000000
  Utot.        -34.942970543275

  UpV.           0.000000000000
  Enpy.        -34.942970543275
  Note:

  Utot = Ukin+UH0+UH1+Una+Unl+Uxc0+Uxc1+Ucore+Uhub+Ucs+Uzs+Uzo+Uef+UvdW+Uch

  Uele:   band energy
  Ukin:   kinetic energy
  UH0:    electric part of screened Coulomb energy
  UH1:    difference electron-electron Coulomb energy
  Una:    neutral atom potential energy
  Unl:    non-local potential energy
  Uxc0:   exchange-correlation energy for alpha spin
  Uxc1:   exchange-correlation energy for beta spin
  Ucore:  core-core Coulomb energy
  Uhub:   LDA+U energy
  Ucs:    constraint energy for spin orientation
  Uzs:    Zeeman term for spin magnetic moment
  Uzo:    Zeeman term for orbital magnetic moment
  Uef:    electric energy by electric field
  UvdW:   semi-empirical vdW energy
  Uch:    penalty term to create a core hole

  UpV:    pressure times volume
  Enpy:   Enthalpy = Utot + UpV
  (see also PRB 72, 045121(2005) for the energy contributions)



  Chemical potential (Hartree)      -0.117187500000

***********************************************************
***********************************************************
                  SCF history at MD=13                    
***********************************************************
***********************************************************

   SCF=   1  NormRD=  1.000000000000  Uele= -8.115061376345
   SCF=   2  NormRD=  0.000052525624  Uele= -8.115288183925
   SCF=   3  NormRD=  0.000012653490  Uele= -8.115128753772
   SCF=   4  NormRD=  0.000002735949  Uele= -8.115151964870
   SCF=   5  NormRD=  0.000002623451  Uele= -8.115138958208
   SCF=   6  NormRD=  0.000000159713  Uele= -8.115146590298
   SCF=   7  NormRD=  0.000000072359  Uele= -8.115146415522
   SCF=   8  NormRD=  0.000000008573  Uele= -8.115146288703
   SCF=   9  NormRD=  0.000000000848  Uele= -8.115146267135
   SCF=  10  NormRD=  0.000000000127  Uele= -8.115146266523

*******************************************************
        Total energy (Hartree) at MD =13        
*******************************************************

  Uele.         -8.115146266523

  Ukin.         25.727570538600
  UH0.         -46.819539482236
  UH1.           0.098989406933
  Una.         -32.237261942931
  Unl.           6.906974965882
  Uxc0.         -4.586407639430
  Uxc1.         -4.586407639430
  Ucore.        20.553110544291
  Uhub.          0.000000000000
  Ucs.           0.000000000000
  Uzs.           0.000000000000
  Uzo.           0.000000000000
  Uef.           0.000000000000
  UvdW.          0.000000000000
  Uch.           0.000000000000
  Utot.        -34.942971248320

  UpV.           0.000000000000
  Enpy.        -34.942971248320
  Note:

  Utot = Ukin+UH0+UH1+Una+Unl+Uxc0+Uxc1+Ucore+Uhub+Ucs+Uzs+Uzo+Uef+UvdW+Uch

  Uele:   band energy
  Ukin:   kinetic energy
  UH0:    electric part of screened Coulomb energy
  UH1:    difference electron-electron Coulomb energy
  Una:    neutral atom potential energy
  Unl:    non-local potential energy
  Uxc0:   exchange-correlation energy for alpha spin
  Uxc1:   exchange-correlation energy for beta spin
  Ucore:  core-core Coulomb energy
  Uhub:   LDA+U energy
  Ucs:    constraint energy for spin orientation
  Uzs:    Zeeman term for spin magnetic moment
  Uzo:    Zeeman term for orbital magnetic moment
  Uef:    electric energy by electric field
  UvdW:   semi-empirical vdW energy
  Uch:    penalty term to create a core hole

  UpV:    pressure times volume
  Enpy:   Enthalpy = Utot + UpV
  (see also PRB 72, 045121(2005) for the energy contributions)



  Chemical potential (Hartree)      -0.117187500000

***********************************************************
***********************************************************
                  SCF history at MD=14                    
***********************************************************
***********************************************************

   SCF=   1  NormRD=  1.000000000000  Uele= -8.108407717800
   SCF=   2  NormRD=  0.009824214912  Uele= -8.117859839633
   SCF=   3  NormRD=  0.003468844003  Uele= -8.104157288122
   SCF=   4  NormRD=  0.001365613838  Uele= -8.107771534498
   SCF=   5  NormRD=  0.001403953283  Uele= -8.104958673744
   SCF=   6  NormRD=  0.000054883679  Uele= -8.108080884000
   SCF=   7  NormRD=  0.000013137855  Uele= -8.107992240611
   SCF=   8  NormRD=  0.000007832845  Uele= -8.107964582948
   SCF=   9  NormRD=  0.000000589394  Uele= -8.107977239700
   SCF=  10  NormRD=  0.000000076153  Uele= -8.107975651827
   SCF=  11  NormRD=  0.000000005625  Uele= -8.107975558906
   SCF=  12  NormRD=  0.000000002138  Uele= -8.107975553451

*******************************************************
        Total energy (Hartree) at MD =14        
*******************************************************

  Uele.         -8.107975553451

  Ukin.         25.712164770341
  UH0.         -46.840362406495
  UH1.           0.098600305455
  Una.         -32.208795608585
  Unl.           6.905060978025
  Uxc0.         -4.584590984204
  Uxc1.         -4.584590984204
  Ucore.        20.559502305470
  Uhub.          0.000000000000
  Ucs.           0.000000000000
  Uzs.           0.000000000000
  Uzo.           0.000000000000
  Uef.           0.000000000000
  UvdW.          0.000000000000
  Uch.           0.000000000000
  Utot.        -34.943011624196

  UpV.           0.000000000000
  Enpy.        -34.943011624196
  Note:

  Utot = Ukin+UH0+UH1+Una+Unl+Uxc0+Uxc1+Ucore+Uhub+Ucs+Uzs+Uzo+Uef+UvdW+Uch

  Uele:   band energy
  Ukin:   kinetic energy
  UH0:    electric part of screened Coulomb energy
  UH1:    difference electron-electron Coulomb energy
  Una:    neutral atom potential energy
  Unl:    non-local potential energy
  Uxc0:   exchange-correlation energy for alpha spin
  Uxc1:   exchange-correlation energy for beta spin
  Ucore:  core-core Coulomb energy
  Uhub:   LDA+U energy
  Ucs:    constraint energy for spin orientation
  Uzs:    Zeeman term for spin magnetic moment
  Uzo:    Zeeman term for orbital magnetic moment
  Uef:    electric energy by electric field
  UvdW:   semi-empirical vdW energy
  Uch:    penalty term to create a core hole

  UpV:    pressure times volume
  Enpy:   Enthalpy = Utot + UpV
  (see also PRB 72, 045121(2005) for the energy contributions)



  Chemical potential (Hartree)      -0.117187500000

***********************************************************
***********************************************************
                  SCF history at MD=15                    
***********************************************************
***********************************************************

   SCF=   1  NormRD=  1.000000000000  Uele= -8.114156341638
   SCF=   2  NormRD=  0.005112499021  Uele= -8.104919057287
   SCF=   3  NormRD=  0.001953359314  Uele= -8.107220961389
   SCF=   4  NormRD=  0.000829825616  Uele= -8.107811551779
   SCF=   5  NormRD=  0.000380301391  Uele= -8.108498699867
   SCF=   6  NormRD=  0.000015760201  Uele= -8.108312412740
   SCF=   7  NormRD=  0.000002547128  Uele= -8.108317330807
   SCF=   8  NormRD=  0.000000431385  Uele= -8.108315952326
   SCF=   9  NormRD=  0.000000285222  Uele= -8.108317248642
   SCF=  10  NormRD=  0.000000033615  Uele= -8.108316490662
   SCF=  11  NormRD=  0.000000002836  Uele= -8.108316503252
   SCF=  12  NormRD=  0.000000000382  Uele= -8.108316495768

*******************************************************
        Total energy (Hartree) at MD =15        
*******************************************************

  Uele.         -8.108316495768

  Ukin.         25.713708204615
  UH0.         -46.861231058763
  UH1.           0.098637173773
  Una.         -32.211213483847
  Unl.           6.905063551385
  Uxc0.         -4.584757862770
  Uxc1.         -4.584757862770
  Ucore.        20.581503313022
  Uhub.          0.000000000000
  Ucs.           0.000000000000
  Uzs.           0.000000000000
  Uzo.           0.000000000000
  Uef.           0.000000000000
  UvdW.          0.000000000000
  Uch.           0.000000000000
  Utot.        -34.943048025355

  UpV.           0.000000000000
  Enpy.        -34.943048025355
  Note:

  Utot = Ukin+UH0+UH1+Una+Unl+Uxc0+Uxc1+Ucore+Uhub+Ucs+Uzs+Uzo+Uef+UvdW+Uch

  Uele:   band energy
  Ukin:   kinetic energy
  UH0:    electric part of screened Coulomb energy
  UH1:    difference electron-electron Coulomb energy
  Una:    neutral atom potential energy
  Unl:    non-local potential energy
  Uxc0:   exchange-correlation energy for alpha spin
  Uxc1:   exchange-correlation energy for beta spin
  Ucore:  core-core Coulomb energy
  Uhub:   LDA+U energy
  Ucs:    constraint energy for spin orientation
  Uzs:    Zeeman term for spin magnetic moment
  Uzo:    Zeeman term for orbital magnetic moment
  Uef:    electric energy by electric field
  UvdW:   semi-empirical vdW energy
  Uch:    penalty term to create a core hole

  UpV:    pressure times volume
  Enpy:   Enthalpy = Utot + UpV
  (see also PRB 72, 045121(2005) for the energy contributions)



  Chemical potential (Hartree)      -0.117187500000

***********************************************************
***********************************************************
                  SCF history at MD=16                    
***********************************************************
***********************************************************

   SCF=   1  NormRD=  1.000000000000  Uele= -8.113900087198
   SCF=   2  NormRD=  0.000240649640  Uele= -8.113698859040
   SCF=   3  NormRD=  0.000112867103  Uele= -8.113856622381
   SCF=   4  NormRD=  0.000049146941  Uele= -8.113824258846
   SCF=   5  NormRD=  0.000054786569  Uele= -8.113880870229
   SCF=   6  NormRD=  0.000007188989  Uele= -8.113845075195
   SCF=   7  NormRD=  0.000000314052  Uele= -8.113835664981
   SCF=   8  NormRD=  0.000000320310  Uele= -8.113837320398
   SCF=   9  NormRD=  0.000000011717  Uele= -8.113836440707
   SCF=  10  NormRD=  0.000000002008  Uele= -8.113836469730
   SCF=  11  NormRD=  0.000000000317  Uele= -8.113836468025

*******************************************************
        Total energy (Hartree) at MD =16        
*******************************************************

  Uele.         -8.113836468025

  Ukin.         25.726090068873
  UH0.         -46.870211265229
  UH1.           0.098948276674
  Una.         -32.233759266934
  Unl.           6.906494497084
  Uxc0.         -4.586217146382
  Uxc1.         -4.586217146382
  Ucore.        20.601805803517
  Uhub.          0.000000000000
  Ucs.           0.000000000000
  Uzs.           0.000000000000
  Uzo.           0.000000000000
  Uef.           0.000000000000
  UvdW.          0.000000000000
  Uch.           0.000000000000
  Utot.        -34.943066178779

  UpV.           0.000000000000
  Enpy.        -34.943066178779
  Note:

  Utot = Ukin+UH0+UH1+Una+Unl+Uxc0+Uxc1+Ucore+Uhub+Ucs+Uzs+Uzo+Uef+UvdW+Uch

  Uele:   band energy
  Ukin:   kinetic energy
  UH0:    electric part of screened Coulomb energy
  UH1:    difference electron-electron Coulomb energy
  Una:    neutral atom potential energy
  Unl:    non-local potential energy
  Uxc0:   exchange-correlation energy for alpha spin
  Uxc1:   exchange-correlation energy for beta spin
  Ucore:  core-core Coulomb energy
  Uhub:   LDA+U energy
  Ucs:    constraint energy for spin orientation
  Uzs:    Zeeman term for spin magnetic moment
  Uzo:    Zeeman term for orbital magnetic moment
  Uef:    electric energy by electric field
  UvdW:   semi-empirical vdW energy
  Uch:    penalty term to create a core hole

  UpV:    pressure times volume
  Enpy:   Enthalpy = Utot + UpV
  (see also PRB 72, 045121(2005) for the energy contributions)



  Chemical potential (Hartree)      -0.117187500000

***********************************************************
***********************************************************
                  SCF history at MD=17                    
***********************************************************
***********************************************************

   SCF=   1  NormRD=  1.000000000000  Uele= -8.113067705516
   SCF=   2  NormRD=  0.000434692270  Uele= -8.115342172547
   SCF=   3  NormRD=  0.000151351803  Uele= -8.113845361027
   SCF=   4  NormRD=  0.000049258478  Uele= -8.114065254911
   SCF=   5  NormRD=  0.000063006319  Uele= -8.113825659697
   SCF=   6  NormRD=  0.000003981980  Uele= -8.113993565257
   SCF=   7  NormRD=  0.000000700266  Uele= -8.114000215494
   SCF=   8  NormRD=  0.000000354082  Uele= -8.114001309431
   SCF=   9  NormRD=  0.000000013885  Uele= -8.114001323465
   SCF=  10  NormRD=  0.000000002289  Uele= -8.114001338079
   SCF=  11  NormRD=  0.000000000442  Uele= -8.114001340388

*******************************************************
        Total energy (Hartree) at MD =17        
*******************************************************

  Uele.         -8.114001340388

  Ukin.         25.726740365630
  UH0.         -46.895873978474
  UH1.           0.098957668964
  Una.         -32.234848471583
  Unl.           6.906518661266
  Uxc0.         -4.586285930556
  Uxc1.         -4.586285930556
  Ucore.        20.628000539814
  Uhub.          0.000000000000
  Ucs.           0.000000000000
  Uzs.           0.000000000000
  Uzo.           0.000000000000
  Uef.           0.000000000000
  UvdW.          0.000000000000
  Uch.           0.000000000000
  Utot.        -34.943077075495

  UpV.           0.000000000000
  Enpy.        -34.943077075495
  Note:

  Utot = Ukin+UH0+UH1+Una+Unl+Uxc0+Uxc1+Ucore+Uhub+Ucs+Uzs+Uzo+Uef+UvdW+Uch

  Uele:   band energy
  Ukin:   kinetic energy
  UH0:    electric part of screened Coulomb energy
  UH1:    difference electron-electron Coulomb energy
  Una:    neutral atom potential energy
  Unl:    non-local potential energy
  Uxc0:   exchange-correlation energy for alpha spin
  Uxc1:   exchange-correlation energy for beta spin
  Ucore:  core-core Coulomb energy
  Uhub:   LDA+U energy
  Ucs:    constraint energy for spin orientation
  Uzs:    Zeeman term for spin magnetic moment
  Uzo:    Zeeman term for orbital magnetic moment
  Uef:    electric energy by electric field
  UvdW:   semi-empirical vdW energy
  Uch:    penalty term to create a core hole

  UpV:    pressure times volume
  Enpy:   Enthalpy = Utot + UpV
  (see also PRB 72, 045121(2005) for the energy contributions)



  Chemical potential (Hartree)      -0.117187500000

***********************************************************
***********************************************************
                  SCF history at MD=18                    
***********************************************************
***********************************************************

   SCF=   1  NormRD=  1.000000000000  Uele= -8.113657876130
   SCF=   2  NormRD=  0.000206723566  Uele= -8.114586809783
   SCF=   3  NormRD=  0.000054665270  Uele= -8.113993567871
   SCF=   4  NormRD=  0.000015362655  Uele= -8.114074839199
   SCF=   5  NormRD=  0.000014581760  Uele= -8.114013247502
   SCF=   6  NormRD=  0.000001377831  Uele= -8.114054081340
   SCF=   7  NormRD=  0.000000361722  Uele= -8.114051896963
   SCF=   8  NormRD=  0.000000044171  Uele= -8.114051142929
   SCF=   9  NormRD=  0.000000008360  Uele= -8.114051080058
   SCF=  10  NormRD=  0.000000002162  Uele= -8.114051089537

*******************************************************
        Total energy (Hartree) at MD =18        
*******************************************************

  Uele.         -8.114051089537

  Ukin.         25.726398505446
  UH0.         -46.894231905578
  UH1.           0.098947727743
  Una.         -32.234444935707
  Unl.           6.906587823744
  Uxc0.         -4.586261879503
  Uxc1.         -4.586261879503
  Ucore.        20.626188668749
  Uhub.          0.000000000000
  Ucs.           0.000000000000
  Uzs.           0.000000000000
  Uzo.           0.000000000000
  Uef.           0.000000000000
  UvdW.          0.000000000000
  Uch.           0.000000000000
  Utot.        -34.943077874609

  UpV.           0.000000000000
  Enpy.        -34.943077874609
  Note:

  Utot = Ukin+UH0+UH1+Una+Unl+Uxc0+Uxc1+Ucore+Uhub+Ucs+Uzs+Uzo+Uef+UvdW+Uch

  Uele:   band energy
  Ukin:   kinetic energy
  UH0:    electric part of screened Coulomb energy
  UH1:    difference electron-electron Coulomb energy
  Una:    neutral atom potential energy
  Unl:    non-local potential energy
  Uxc0:   exchange-correlation energy for alpha spin
  Uxc1:   exchange-correlation energy for beta spin
  Ucore:  core-core Coulomb energy
  Uhub:   LDA+U energy
  Ucs:    constraint energy for spin orientation
  Uzs:    Zeeman term for spin magnetic moment
  Uzo:    Zeeman term for orbital magnetic moment
  Uef:    electric energy by electric field
  UvdW:   semi-empirical vdW energy
  Uch:    penalty term to create a core hole

  UpV:    pressure times volume
  Enpy:   Enthalpy = Utot + UpV
  (see also PRB 72, 045121(2005) for the energy contributions)



  Chemical potential (Hartree)      -0.117187500000

***********************************************************
***********************************************************
                  SCF history at MD=19                    
***********************************************************
***********************************************************

   SCF=   1  NormRD=  1.000000000000  Uele= -8.114990956204
   SCF=   2  NormRD=  0.000238253675  Uele= -8.114256451224
   SCF=   3  NormRD=  0.000063487339  Uele= -8.114786046949
   SCF=   4  NormRD=  0.000017779934  Uele= -8.114707504803
   SCF=   5  NormRD=  0.000017273880  Uele= -8.114756474762
   SCF=   6  NormRD=  0.000001445450  Uele= -8.114721281577
   SCF=   7  NormRD=  0.000000443143  Uele= -8.114722419384
   SCF=   8  NormRD=  0.000000211351  Uele= -8.114723864270
   SCF=   9  NormRD=  0.000000014465  Uele= -8.114723376671
   SCF=  10  NormRD=  0.000000001191  Uele= -8.114723378971

*******************************************************
        Total energy (Hartree) at MD =19        
*******************************************************

  Uele.         -8.114723378971

  Ukin.         25.725833945530
  UH0.         -46.899373666217
  UH1.           0.098923233695
  Una.         -32.234452774464
  Unl.           6.907029714806
  Uxc0.         -4.586268151323
  Uxc1.         -4.586268151323
  Ucore.        20.631496480104
  Uhub.          0.000000000000
  Ucs.           0.000000000000
  Uzs.           0.000000000000
  Uzo.           0.000000000000
  Uef.           0.000000000000
  UvdW.          0.000000000000
  Uch.           0.000000000000
  Utot.        -34.943079369193

  UpV.           0.000000000000
  Enpy.        -34.943079369193
  Note:

  Utot = Ukin+UH0+UH1+Una+Unl+Uxc0+Uxc1+Ucore+Uhub+Ucs+Uzs+Uzo+Uef+UvdW+Uch

  Uele:   band energy
  Ukin:   kinetic energy
  UH0:    electric part of screened Coulomb energy
  UH1:    difference electron-electron Coulomb energy
  Una:    neutral atom potential energy
  Unl:    non-local potential energy
  Uxc0:   exchange-correlation energy for alpha spin
  Uxc1:   exchange-correlation energy for beta spin
  Ucore:  core-core Coulomb energy
  Uhub:   LDA+U energy
  Ucs:    constraint energy for spin orientation
  Uzs:    Zeeman term for spin magnetic moment
  Uzo:    Zeeman term for orbital magnetic moment
  Uef:    electric energy by electric field
  UvdW:   semi-empirical vdW energy
  Uch:    penalty term to create a core hole

  UpV:    pressure times volume
  Enpy:   Enthalpy = Utot + UpV
  (see also PRB 72, 045121(2005) for the energy contributions)



  Chemical potential (Hartree)      -0.117187500000

***********************************************************
***********************************************************
            Eigenvalues (Hartree) for SCF KS-eq.           
***********************************************************
***********************************************************

   Chemical Potential (Hartree) =  -0.11718750000000
   Number of States             =  16.00000000000000
   HOMO =  8
   Eigenvalues
                Up-spin            Down-spin
          1  -0.94052636433459  -0.94052636433459
          2  -0.92590224132099  -0.92590224132099
          3  -0.49223009446522  -0.49223009446522
          4  -0.47670974518713  -0.47670974518713
          5  -0.35240846141589  -0.35240846141589
          6  -0.33784005704105  -0.33784005704105
          7  -0.27313351617544  -0.27313351617544
          8  -0.25861120954503  -0.25861120954503
          9  -0.00779231856484  -0.00779231856484
         10   0.01158415617232   0.01158415617232
         11   0.07925154042337   0.07925154042337
         12   0.09321756044741   0.09321756044741
         13   0.20580796819639   0.20580796819639
         14   0.22290105466377   0.22290105466377
         15   0.25301865863270   0.25301865863270
         16   0.26560606720903   0.26560606720903
         17   0.30281476023417   0.30281476023417
         18   0.30350689105758   0.30350689105758
         19   0.31261910750221   0.31261910750221
         20   0.31781147079025   0.31781147079025
         21   0.32503082068194   0.32503082068194
         22   0.35457798889488   0.35457798889488
         23   0.45121107988369   0.45121107988369
         24   0.46359874783428   0.46359874783428
         25   0.57526180296561   0.57526180296561
         26   0.59688084852474   0.59688084852474
         27   0.60474093934434   0.60474093934434
         28   0.61073668887937   0.61073668887937
         29   0.69467633259826   0.69467633259826
         30   0.71381791658235   0.71381791658235
         31   0.79548907794157   0.79548907794157
         32   0.81238771048364   0.81238771048364
         33   1.23270301114644   1.23270301114644
         34   1.23808051955671   1.23808051955671
         35   1.64670791805852   1.64670791805852
         36   1.65516656560935   1.65516656560935
         37   1.66581969964228   1.66581969964228
         38   1.66995210520812   1.66995210520812
         39   1.68269635635235   1.68269635635235
         40   1.70320939471247   1.70320939471247
         41   1.87953326099886   1.87953326099886
         42   1.89324973058409   1.89324973058409
         43   1.89482746665686   1.89482746665686
         44   1.91047362897920   1.91047362897920
         45   2.03348374781558   2.03348374781558
         46   2.06475806393374   2.06475806393374

***********************************************************
***********************************************************
              History of geometry optimization             
***********************************************************
***********************************************************

  MD_iter   SD_scaling     |Maximum force|   Maximum step        Utot
                           (Hartree/Bohr)        (Ang)         (Hartree)

    1       1.25981732       0.01723476       0.01148984     -34.94228246
    2       0.62990866       0.00285947       0.00095316     -34.94294256
    3       0.62990866       0.00137010       0.00045670     -34.94295562
    4       0.62990866       0.00077260       0.00025753     -34.94295813
    5       1.57477165       0.00051880       0.00043233     -34.94295900
    6       1.57477165       0.00047429       0.00039524     -34.94295991
    7       1.57477165       0.00041338       0.00034448     -34.94296069
    8       1.57477165       0.00042040       0.00035033     -34.94296155
    9       3.93692912       0.00041668       0.00086808     -34.94296227
   10       3.93692912       0.00048197       0.00100410     -34.94296445
   11       3.93692912       0.00052123       0.00108590     -34.94296735
   12       3.93692912       0.00049067       0.00025965     -34.94297054
   13       3.93692912       0.00050384       0.02215954     -34.94297125
   14       3.93692912       0.00420695       0.01383913     -34.94301162
   15       3.93692912       0.00372477       0.00220015     -34.94304803
   16       3.93692912       0.00048222       0.01715194     -34.94306618
   17       3.93692912       0.00049696       0.00121663     -34.94307708
   18       3.93692912       0.00041802       0.00405081     -34.94307787
   19       3.93692912       0.00002376       0.00000000     -34.94307937

***********************************************************
***********************************************************
                   Mulliken populations                    
***********************************************************
***********************************************************

  Total spin moment (muB)   0.000000000

                    Up spin      Down spin     Sum           Diff
      1    O      3.178175703  3.178175703   6.356351406   0.000000000
      2    H      0.411005131  0.411005131   0.822010261   0.000000000
      3    H      0.411003346  0.411003346   0.822006692   0.000000000
      4    O      3.178607031  3.178607031   6.357214062   0.000000000
      5    H      0.410604605  0.410604605   0.821209210   0.000000000
      6    H      0.410604185  0.410604185   0.821208369   0.000000000

 Sum of MulP: up   =     8.00000 down          =     8.00000
              total=    16.00000 ideal(neutral)=    16.00000


  Decomposed Mulliken populations

    1    O          Up spin      Down spin     Sum           Diff
            multiple
  s           0    0.883602227  0.883602227   1.767204453   0.000000000
   sum over m      0.883602227  0.883602227   1.767204453   0.000000000
  s           1   -0.003133250 -0.003133250  -0.006266500   0.000000000
   sum over m     -0.003133250 -0.003133250  -0.006266500   0.000000000
   sum over m+mul  0.880468977  0.880468977   1.760937954   0.000000000
  px          0    0.642895078  0.642895078   1.285790156   0.000000000
  py          0    0.773753793  0.773753793   1.547507586   0.000000000
  pz          0    0.896750841  0.896750841   1.793501681   0.000000000
   sum over m      2.313399711  2.313399711   4.626799423   0.000000000
  px          1   -0.012299230 -0.012299230  -0.024598460   0.000000000
  py          1   -0.004635884 -0.004635884  -0.009271768   0.000000000
  pz          1   -0.003110117 -0.003110117  -0.006220234   0.000000000
   sum over m     -0.020045231 -0.020045231  -0.040090462   0.000000000
   sum over m+mul  2.293354481  2.293354481   4.586708961   0.000000000
  d3z^2-r^2   0    0.001047193  0.001047193   0.002094386   0.000000000
  dx^2-y^2    0    0.000072364  0.000072364   0.000144727   0.000000000
  dxy         0    0.003096356  0.003096356   0.006192712   0.000000000
  dxz         0    0.000000000  0.000000000   0.000000000   0.000000000
  dyz         0    0.000136333  0.000136333   0.000272667   0.000000000
   sum over m      0.004352246  0.004352246   0.008704491   0.000000000
   sum over m+mul  0.004352246  0.004352246   0.008704491   0.000000000

    2    H          Up spin      Down spin     Sum           Diff
            multiple
  s           0    0.283292960  0.283292960   0.566585919   0.000000000
   sum over m      0.283292960  0.283292960   0.566585919   0.000000000
  s           1    0.028594254  0.028594254   0.057188507   0.000000000
   sum over m      0.028594254  0.028594254   0.057188507   0.000000000
   sum over m+mul  0.311887213  0.311887213   0.623774427   0.000000000
  px          0    0.013197820  0.013197820   0.026395640   0.000000000
  py          0    0.032810586  0.032810586   0.065621173   0.000000000
  pz          0    0.053109511  0.053109511   0.106219021   0.000000000
   sum over m      0.099117917  0.099117917   0.198235834   0.000000000
   sum over m+mul  0.099117917  0.099117917   0.198235834   0.000000000

    3    H          Up spin      Down spin     Sum           Diff
            multiple
  s           0    0.283290406  0.283290406   0.566580812   0.000000000
   sum over m      0.283290406  0.283290406   0.566580812   0.000000000
  s           1    0.028594702  0.028594702   0.057189405   0.000000000
   sum over m      0.028594702  0.028594702   0.057189405   0.000000000
   sum over m+mul  0.311885109  0.311885109   0.623770217   0.000000000
  px          0    0.013197613  0.013197613   0.026395225   0.000000000
  py          0    0.032810709  0.032810709   0.065621418   0.000000000
  pz          0    0.053109915  0.053109915   0.106219831   0.000000000
   sum over m      0.099118237  0.099118237   0.198236475   0.000000000
   sum over m+mul  0.099118237  0.099118237   0.198236475   0.000000000

    4    O          Up spin      Down spin     Sum           Diff
            multiple
  s           0    0.882946618  0.882946618   1.765893235   0.000000000
   sum over m      0.882946618  0.882946618   1.765893235   0.000000000
  s           1   -0.003177492 -0.003177492  -0.006354983   0.000000000
   sum over m     -0.003177492 -0.003177492  -0.006354983   0.000000000
   sum over m+mul  0.879769126  0.879769126   1.759538252   0.000000000
  px          0    0.896926271  0.896926271   1.793852542   0.000000000
  py          0    0.774165331  0.774165331   1.548330661   0.000000000
  pz          0    0.643284590  0.643284590   1.286569179   0.000000000
   sum over m      2.314376192  2.314376192   4.628752383   0.000000000
  px          1   -0.003127360 -0.003127360  -0.006254719   0.000000000
  py          1   -0.004570932 -0.004570932  -0.009141863   0.000000000
  pz          1   -0.012193757 -0.012193757  -0.024387515   0.000000000
   sum over m     -0.019892049 -0.019892049  -0.039784097   0.000000000
   sum over m+mul  2.294484143  2.294484143   4.588968286   0.000000000
  d3z^2-r^2   0    0.000230334  0.000230334   0.000460669   0.000000000
  dx^2-y^2    0    0.000887431  0.000887431   0.001774861   0.000000000
  dxy         0    0.000141865  0.000141865   0.000283729   0.000000000
  dxz         0    0.000000000  0.000000000   0.000000000   0.000000000
  dyz         0    0.003094132  0.003094132   0.006188264   0.000000000
   sum over m      0.004353762  0.004353762   0.008707524   0.000000000
   sum over m+mul  0.004353762  0.004353762   0.008707524   0.000000000

    5    H          Up spin      Down spin     Sum           Diff
            multiple
  s           0    0.283221209  0.283221209   0.566442418   0.000000000
   sum over m      0.283221209  0.283221209   0.566442418   0.000000000
  s           1    0.028630133  0.028630133   0.057260267   0.000000000
   sum over m      0.028630133  0.028630133   0.057260267   0.000000000
   sum over m+mul  0.311851343  0.311851343   0.623702685   0.000000000
  px          0    0.053016839  0.053016839   0.106033678   0.000000000
  py          0    0.032690653  0.032690653   0.065381307   0.000000000
  pz          0    0.013045770  0.013045770   0.026091540   0.000000000
   sum over m      0.098753262  0.098753262   0.197506525   0.000000000
   sum over m+mul  0.098753262  0.098753262   0.197506525   0.000000000

    6    H          Up spin      Down spin     Sum           Diff
            multiple
  s           0    0.283220688  0.283220688   0.566441376   0.000000000
   sum over m      0.283220688  0.283220688   0.566441376   0.000000000
  s           1    0.028630214  0.028630214   0.057260427   0.000000000
   sum over m      0.028630214  0.028630214   0.057260427   0.000000000
   sum over m+mul  0.311850902  0.311850902   0.623701803   0.000000000
  px          0    0.053016924  0.053016924   0.106033847   0.000000000
  py          0    0.032690615  0.032690615   0.065381230   0.000000000
  pz          0    0.013045744  0.013045744   0.026091489   0.000000000
   sum over m      0.098753283  0.098753283   0.197506566   0.000000000
   sum over m+mul  0.098753283  0.098753283   0.197506566   0.000000000

***********************************************************
***********************************************************
                    Dipole moment (Debye)                  
***********************************************************
***********************************************************

 Absolute D        3.74429744

                      Dx                Dy                Dz
 Total              0.00001022        3.74429744       -0.00000022
 Core              -0.00004850      205.06415432       -0.00000269
 Electron           0.00005871     -201.31985688        0.00000247
 Back ground        0.00000000       -0.00000000        0.00000000

***********************************************************
***********************************************************
       xyz-coordinates (Ang) and forces (Hartree/Bohr)  
***********************************************************
***********************************************************

<coordinates.forces
  6
    1     O    -0.00000   0.04968   0.00000   0.000003287594 -0.000023758029 -0.000000012433
    2     H     0.76130   0.65260  -0.00000   0.000000273103 -0.000009115481  0.000000000723
    3     H    -0.76130   0.65260   0.00000  -0.000003478440 -0.000006595474  0.000000001345
    4     O    -0.00000   4.98628  -0.00000   0.000000073353  0.000002839375  0.000000619974
    5     H    -0.00000   5.58610   0.76338  -0.000000002028 -0.000008727578  0.000011331049
    6     H     0.00000   5.58610  -0.76338  -0.000000001749 -0.000008252623 -0.000011937701
coordinates.forces>

***********************************************************
***********************************************************
       Fractional coordinates of the final structure       
***********************************************************
***********************************************************

     1      O     0.99999981745136   0.00334092519685   0.00000000528629
     2      H     0.07679857168840   0.04388871576505   0.99999999725816
     3      H     0.92320175370160   0.04388884542954   0.00000000419778
     4      O     0.99999995742854   0.33533747870979   0.99999998731722
     5      H     0.99999999750253   0.37567669568288   0.07700781771735
     6      H     0.00000000928944   0.37567662012933   0.92299216875407

***********************************************************
***********************************************************
               Computational Time (second)                 
***********************************************************
***********************************************************

   Elapsed.Time.        37.490

                               Min_ID   Min_Time       Max_ID   Max_Time
   Total Computational Time =    12       37.488          0       37.490
   readfile                 =     4        1.239          0        1.239
   truncation               =     6        1.527          3        1.753
   MD_pac                   =     0        0.105         27        0.139
   OutData                  =     3        0.000          0        0.001
   HWF                      =     0        0.000          0        0.000
   DFT                      =     3       34.310          6       34.537

*** In DFT ***

   Set_OLP_Kin              =    13        0.875          0        1.633
   Set_Nonlocal             =     0        0.946         13        1.705
   Set_ProExpn_VNA          =    13        3.679          0        3.907
   Set_Hamiltonian          =    12       11.566         10       11.567
   Poisson                  =     6        0.811         21        0.814
   Diagonalization          =    14        0.622          0        0.630
   Mixing_DM                =    23        0.020          8        0.021
   Force                    =     3        2.203         13        2.203
   Total_Energy             =     5        1.728          0        1.752
   Set_Aden_Grid            =     0        0.338          6        0.571
   Set_Orbitals_Grid        =     8        0.000          0        1.373
   Set_Density_Grid         =    26        2.517         16        4.677
   RestartFileDFT           =     4        3.312         27        5.082
   Mulliken_Charge          =    14        0.060          0        0.062
   FFT(2D)_Density          =     0        0.000          0        0.000
   Others                   =     0        0.526         26        3.859
