***********************************************************
***********************************************************

  This calculation was performed by OpenMX Ver. 4.0
  using 28 MPI processes and 1 OpenMP threads.

  Wed Apr  8 14:43:47 2026

***********************************************************
***********************************************************

#
# File Name      
#

System.CurrrentDirectory         ./    # default=./
System.Name                     Methane_BFGS
level.of.stdout                   1    # default=1 (1-3)
level.of.fileout                  0    # default=1 (0-2)

#
# Definition of Atomic Species
#

Species.Number       2
<Definition.of.Atomic.Species
 H   H6.0-s2          H_PBE19
 C   C6.0-s2p2        C_PBE19
Definition.of.Atomic.Species>

#
# Atoms
#

Atoms.Number         5
Atoms.SpeciesAndCoordinates.Unit   Ang # Ang|AU
<Atoms.SpeciesAndCoordinates
 1  C      0.200000    0.000000   -0.300000     2.0  2.0 
 2  H     -0.889981   -0.629312    0.000000     0.5  0.5
 3  H      0.000000    0.629312   -0.889981     0.5  0.5
 4  H      0.000000    0.629312    0.889981     0.5  0.5
 5  H      0.889981   -0.629312    0.000000     0.5  0.5
Atoms.SpeciesAndCoordinates>
Atoms.UnitVectors.Unit             Ang # Ang|AU
#<Atoms.UnitVectors                     
#  10.0   0.0   0.0  
#   0.0  10.0   0.0  
#   0.0   0.0  10.0  
#Atoms.UnitVectors>

#
# SCF or Electronic System
#

scf.XcType                 GGA-PBE     # LDA|LSDA-CA|LSDA-PW|GGA-PBE
scf.SpinPolarization        off        # On|Off|NC
scf.ElectronicTemperature  200.0        # default=300 (K)
scf.energycutoff           150.0       # default=150 (Ry)
scf.maxIter                 100        # default=40
scf.EigenvalueSolver        cluster    # DC|GDC|Cluster|Band
scf.Kgrid                  1 1 1       # means n1 x n2 x n3
scf.Mixing.Type           rmm-diis     # Simple|Rmm-Diis|Gr-Pulay|Kerker|Rmm-Diisk
scf.Init.Mixing.Weight     0.010       # default=0.30 
scf.Min.Mixing.Weight      0.001       # default=0.001 
scf.Max.Mixing.Weight      0.100       # default=0.40 
scf.Mixing.History          10         # default=5
scf.Mixing.StartPulay       10         # default=6
scf.criterion             1.0e-9       # default=1.0e-6 (Hartree) 

#
# MD or Geometry Optimization
#

MD.Type                    BFGS        # Nomd|Opt|DIIS|NVE|NVT_VS|NVT_NH
MD.Opt.DIIS.History          3         # default=3
MD.Opt.StartDIIS             8         # default=5
MD.Opt.EveryDIIS           10000       # default=10
MD.maxIter                  200        # default=1xsx
MD.TimeStep                1.0         # default=0.5 (fs)
MD.Opt.criterion          1.0e-4       # default=1.0e-4 (Hartree/bohr)


***********************************************************
***********************************************************

  Required cutoff energy (Ryd) for 3D-grids = 150.0000
      Used cutoff energy (Ryd) for 3D-grids = 150.0010, 150.0010, 150.0010
  Num. of grids of a-, b-, and c-axes = 70, 63, 70

  Num.Grid1.    70
  Num.Grid2.    63
  Num.Grid3.    70


  Cell_Volume =   5210.087487992290 (Bohr^3)
  GridVol     =      0.016877510489 (Bohr^3)
  Cell vectors (bohr) of the grid cell (gtv)
    gtv_a =  0.256509111003,  0.000000000000,  0.000000000000
    gtv_b =  0.000000000000,  0.256509111003,  0.000000000000
    gtv_c =  0.000000000000,  0.000000000000,  0.256509111003
    |gtv_a| =  0.256509111003
    |gtv_b| =  0.256509111003
    |gtv_c| =  0.256509111003

***********************************************************
***********************************************************


***********************************************************
***********************************************************
                  SCF history at MD= 1                    
***********************************************************
***********************************************************

   SCF=   1  NormRD=  1.000000000000  Uele= -3.836077117218
   SCF=   2  NormRD=  0.110914901937  Uele= -3.832526050797
   SCF=   3  NormRD=  0.110108128511  Uele= -3.797591868130
   SCF=   4  NormRD=  0.102579302746  Uele= -3.763160389321
   SCF=   5  NormRD=  0.095066456241  Uele= -3.730079764317
   SCF=   6  NormRD=  0.105572872319  Uele= -3.420210904416
   SCF=   7  NormRD=  0.108476264744  Uele= -3.430312084767
   SCF=   8  NormRD=  0.103666991546  Uele= -3.427293320708
   SCF=   9  NormRD=  0.083183760232  Uele= -3.414530661235
   SCF=  10  NormRD=  0.068051217763  Uele= -3.406298746998
   SCF=  11  NormRD=  0.056632257453  Uele= -3.401172111010
   SCF=  12  NormRD=  0.015811046845  Uele= -3.418311993547
   SCF=  13  NormRD=  0.000968688585  Uele= -3.407075101972
   SCF=  14  NormRD=  0.000544325902  Uele= -3.407135333621
   SCF=  15  NormRD=  0.000030328421  Uele= -3.407680551143
   SCF=  16  NormRD=  0.000004154236  Uele= -3.407674821144
   SCF=  17  NormRD=  0.000001647175  Uele= -3.407674971252
   SCF=  18  NormRD=  0.000000132821  Uele= -3.407676769519
   SCF=  19  NormRD=  0.000000013498  Uele= -3.407676726953
   SCF=  20  NormRD=  0.000000000519  Uele= -3.407676739015
   SCF=  21  NormRD=  0.000000000113  Uele= -3.407676738707

*******************************************************
        Total energy (Hartree) at MD = 1        
*******************************************************

  Uele.         -3.407676738707

  Ukin.          6.560125291028
  UH0.         -14.538502991463
  UH1.           0.049171942585
  Una.          -6.210387569701
  Unl.          -0.143654832439
  Uxc0.         -1.666735490397
  Uxc1.         -1.666735490397
  Ucore.         9.523493893109
  Uhub.          0.000000000000
  Ucs.           0.000000000000
  Uzs.           0.000000000000
  Uzo.           0.000000000000
  Uef.           0.000000000000
  UvdW.          0.000000000000
  Uch.           0.000000000000
  Utot.         -8.093225247675

  UpV.           0.000000000000
  Enpy.         -8.093225247675
  Note:

  Utot = Ukin+UH0+UH1+Una+Unl+Uxc0+Uxc1+Ucore+Uhub+Ucs+Uzs+Uzo+Uef+UvdW+Uch

  Uele:   band energy
  Ukin:   kinetic energy
  UH0:    electric part of screened Coulomb energy
  UH1:    difference electron-electron Coulomb energy
  Una:    neutral atom potential energy
  Unl:    non-local potential energy
  Uxc0:   exchange-correlation energy for alpha spin
  Uxc1:   exchange-correlation energy for beta spin
  Ucore:  core-core Coulomb energy
  Uhub:   LDA+U energy
  Ucs:    constraint energy for spin orientation
  Uzs:    Zeeman term for spin magnetic moment
  Uzo:    Zeeman term for orbital magnetic moment
  Uef:    electric energy by electric field
  UvdW:   semi-empirical vdW energy
  Uch:    penalty term to create a core hole

  UpV:    pressure times volume
  Enpy:   Enthalpy = Utot + UpV
  (see also PRB 72, 045121(2005) for the energy contributions)



  Chemical potential (Hartree)      -0.117187500000

***********************************************************
***********************************************************
                  SCF history at MD= 2                    
***********************************************************
***********************************************************

   SCF=   1  NormRD=  1.000000000000  Uele= -3.290054600893
   SCF=   2  NormRD=  0.096648617514  Uele= -3.430586092836
   SCF=   3  NormRD=  0.073691012616  Uele= -3.405103342896
   SCF=   4  NormRD=  0.056611792093  Uele= -3.386344287852
   SCF=   5  NormRD=  0.004861331484  Uele= -3.337169774761
   SCF=   6  NormRD=  0.000323513318  Uele= -3.332451165352
   SCF=   7  NormRD=  0.000071641434  Uele= -3.332606181706
   SCF=   8  NormRD=  0.000017690659  Uele= -3.332542942606
   SCF=   9  NormRD=  0.000003152269  Uele= -3.332555098788
   SCF=  10  NormRD=  0.000000181120  Uele= -3.332558876375
   SCF=  11  NormRD=  0.000000021380  Uele= -3.332559012382
   SCF=  12  NormRD=  0.000000004750  Uele= -3.332559025175
   SCF=  13  NormRD=  0.000000000608  Uele= -3.332559021537
   SCF=  14  NormRD=  0.000000000019  Uele= -3.332559021622

*******************************************************
        Total energy (Hartree) at MD = 2        
*******************************************************

  Uele.         -3.332559021622

  Ukin.          6.378878747205
  UH0.         -14.440775895820
  UH1.           0.044750750639
  Una.          -5.923279171047
  Unl.          -0.158100236153
  Uxc0.         -1.647275251173
  Uxc1.         -1.647275251173
  Ucore.         9.211126860322
  Uhub.          0.000000000000
  Ucs.           0.000000000000
  Uzs.           0.000000000000
  Uzo.           0.000000000000
  Uef.           0.000000000000
  UvdW.          0.000000000000
  Uch.           0.000000000000
  Utot.         -8.181949447199

  UpV.           0.000000000000
  Enpy.         -8.181949447199
  Note:

  Utot = Ukin+UH0+UH1+Una+Unl+Uxc0+Uxc1+Ucore+Uhub+Ucs+Uzs+Uzo+Uef+UvdW+Uch

  Uele:   band energy
  Ukin:   kinetic energy
  UH0:    electric part of screened Coulomb energy
  UH1:    difference electron-electron Coulomb energy
  Una:    neutral atom potential energy
  Unl:    non-local potential energy
  Uxc0:   exchange-correlation energy for alpha spin
  Uxc1:   exchange-correlation energy for beta spin
  Ucore:  core-core Coulomb energy
  Uhub:   LDA+U energy
  Ucs:    constraint energy for spin orientation
  Uzs:    Zeeman term for spin magnetic moment
  Uzo:    Zeeman term for orbital magnetic moment
  Uef:    electric energy by electric field
  UvdW:   semi-empirical vdW energy
  Uch:    penalty term to create a core hole

  UpV:    pressure times volume
  Enpy:   Enthalpy = Utot + UpV
  (see also PRB 72, 045121(2005) for the energy contributions)



  Chemical potential (Hartree)       0.000000000000

***********************************************************
***********************************************************
                  SCF history at MD= 3                    
***********************************************************
***********************************************************

   SCF=   1  NormRD=  1.000000000000  Uele= -3.348915406206
   SCF=   2  NormRD=  0.017136918312  Uele= -3.319350070385
   SCF=   3  NormRD=  0.013651833495  Uele= -3.323220892264
   SCF=   4  NormRD=  0.010981540844  Uele= -3.326113783979
   SCF=   5  NormRD=  0.002251781698  Uele= -3.332567501883
   SCF=   6  NormRD=  0.000107924295  Uele= -3.334767639885
   SCF=   7  NormRD=  0.000018130939  Uele= -3.334848072720
   SCF=   8  NormRD=  0.000004141439  Uele= -3.334858945488
   SCF=   9  NormRD=  0.000000809875  Uele= -3.334861954101
   SCF=  10  NormRD=  0.000000024333  Uele= -3.334862931930
   SCF=  11  NormRD=  0.000000003789  Uele= -3.334862910570
   SCF=  12  NormRD=  0.000000000455  Uele= -3.334862907562
   SCF=  13  NormRD=  0.000000000014  Uele= -3.334862907156

*******************************************************
        Total energy (Hartree) at MD = 3        
*******************************************************

  Uele.         -3.334862907156

  Ukin.          6.393698272805
  UH0.         -14.471597384055
  UH1.           0.044460274395
  Una.          -5.942080926330
  Unl.          -0.161633498069
  Uxc0.         -1.650682556640
  Uxc1.         -1.650682556640
  Ucore.         9.243710844208
  Uhub.          0.000000000000
  Ucs.           0.000000000000
  Uzs.           0.000000000000
  Uzo.           0.000000000000
  Uef.           0.000000000000
  UvdW.          0.000000000000
  Uch.           0.000000000000
  Utot.         -8.194807530325

  UpV.           0.000000000000
  Enpy.         -8.194807530325
  Note:

  Utot = Ukin+UH0+UH1+Una+Unl+Uxc0+Uxc1+Ucore+Uhub+Ucs+Uzs+Uzo+Uef+UvdW+Uch

  Uele:   band energy
  Ukin:   kinetic energy
  UH0:    electric part of screened Coulomb energy
  UH1:    difference electron-electron Coulomb energy
  Una:    neutral atom potential energy
  Unl:    non-local potential energy
  Uxc0:   exchange-correlation energy for alpha spin
  Uxc1:   exchange-correlation energy for beta spin
  Ucore:  core-core Coulomb energy
  Uhub:   LDA+U energy
  Ucs:    constraint energy for spin orientation
  Uzs:    Zeeman term for spin magnetic moment
  Uzo:    Zeeman term for orbital magnetic moment
  Uef:    electric energy by electric field
  UvdW:   semi-empirical vdW energy
  Uch:    penalty term to create a core hole

  UpV:    pressure times volume
  Enpy:   Enthalpy = Utot + UpV
  (see also PRB 72, 045121(2005) for the energy contributions)



  Chemical potential (Hartree)       0.000000000000

***********************************************************
***********************************************************
                  SCF history at MD= 4                    
***********************************************************
***********************************************************

   SCF=   1  NormRD=  1.000000000000  Uele= -3.358236984039
   SCF=   2  NormRD=  0.017546451041  Uele= -3.321276724851
   SCF=   3  NormRD=  0.013200521524  Uele= -3.326426128642
   SCF=   4  NormRD=  0.009962677802  Uele= -3.330278723805
   SCF=   5  NormRD=  0.000916709799  Uele= -3.341597823256
   SCF=   6  NormRD=  0.000049702890  Uele= -3.341891933821
   SCF=   7  NormRD=  0.000012382617  Uele= -3.341887286973
   SCF=   8  NormRD=  0.000002508316  Uele= -3.341896710509
   SCF=   9  NormRD=  0.000000441042  Uele= -3.341898915012
   SCF=  10  NormRD=  0.000000018339  Uele= -3.341899478848
   SCF=  11  NormRD=  0.000000000790  Uele= -3.341899452384
   SCF=  12  NormRD=  0.000000000058  Uele= -3.341899451894

*******************************************************
        Total energy (Hartree) at MD = 4        
*******************************************************

  Uele.         -3.341899451894

  Ukin.          6.421168256123
  UH0.         -14.503681037438
  UH1.           0.044703026165
  Una.          -5.981354297503
  Unl.          -0.163759171633
  Uxc0.         -1.655142330251
  Uxc1.         -1.655142330251
  Ucore.         9.294458412033
  Uhub.          0.000000000000
  Ucs.           0.000000000000
  Uzs.           0.000000000000
  Uzo.           0.000000000000
  Uef.           0.000000000000
  UvdW.          0.000000000000
  Uch.           0.000000000000
  Utot.         -8.198749472754

  UpV.           0.000000000000
  Enpy.         -8.198749472754
  Note:

  Utot = Ukin+UH0+UH1+Una+Unl+Uxc0+Uxc1+Ucore+Uhub+Ucs+Uzs+Uzo+Uef+UvdW+Uch

  Uele:   band energy
  Ukin:   kinetic energy
  UH0:    electric part of screened Coulomb energy
  UH1:    difference electron-electron Coulomb energy
  Una:    neutral atom potential energy
  Unl:    non-local potential energy
  Uxc0:   exchange-correlation energy for alpha spin
  Uxc1:   exchange-correlation energy for beta spin
  Ucore:  core-core Coulomb energy
  Uhub:   LDA+U energy
  Ucs:    constraint energy for spin orientation
  Uzs:    Zeeman term for spin magnetic moment
  Uzo:    Zeeman term for orbital magnetic moment
  Uef:    electric energy by electric field
  UvdW:   semi-empirical vdW energy
  Uch:    penalty term to create a core hole

  UpV:    pressure times volume
  Enpy:   Enthalpy = Utot + UpV
  (see also PRB 72, 045121(2005) for the energy contributions)



  Chemical potential (Hartree)       0.000000000000

***********************************************************
***********************************************************
                  SCF history at MD= 5                    
***********************************************************
***********************************************************

   SCF=   1  NormRD=  1.000000000000  Uele= -3.348675456789
   SCF=   2  NormRD=  0.000469371591  Uele= -3.348429884978
   SCF=   3  NormRD=  0.000399766827  Uele= -3.348462765015
   SCF=   4  NormRD=  0.000341130783  Uele= -3.348487395771
   SCF=   5  NormRD=  0.000083443610  Uele= -3.348463258085
   SCF=   6  NormRD=  0.000007202189  Uele= -3.348566721436
   SCF=   7  NormRD=  0.000000494567  Uele= -3.348561261406
   SCF=   8  NormRD=  0.000000087354  Uele= -3.348561578262
   SCF=   9  NormRD=  0.000000019083  Uele= -3.348561623413
   SCF=  10  NormRD=  0.000000000360  Uele= -3.348561644522
   SCF=  11  NormRD=  0.000000000063  Uele= -3.348561643945

*******************************************************
        Total energy (Hartree) at MD = 5        
*******************************************************

  Uele.         -3.348561643945

  Ukin.          6.446146546811
  UH0.         -14.530839624933
  UH1.           0.044998533024
  Una.          -6.017542848959
  Unl.          -0.165275176575
  Uxc0.         -1.659047429942
  Uxc1.         -1.659047429942
  Ucore.         9.339939378457
  Uhub.          0.000000000000
  Ucs.           0.000000000000
  Uzs.           0.000000000000
  Uzo.           0.000000000000
  Uef.           0.000000000000
  UvdW.          0.000000000000
  Uch.           0.000000000000
  Utot.         -8.200668052058

  UpV.           0.000000000000
  Enpy.         -8.200668052058
  Note:

  Utot = Ukin+UH0+UH1+Una+Unl+Uxc0+Uxc1+Ucore+Uhub+Ucs+Uzs+Uzo+Uef+UvdW+Uch

  Uele:   band energy
  Ukin:   kinetic energy
  UH0:    electric part of screened Coulomb energy
  UH1:    difference electron-electron Coulomb energy
  Una:    neutral atom potential energy
  Unl:    non-local potential energy
  Uxc0:   exchange-correlation energy for alpha spin
  Uxc1:   exchange-correlation energy for beta spin
  Ucore:  core-core Coulomb energy
  Uhub:   LDA+U energy
  Ucs:    constraint energy for spin orientation
  Uzs:    Zeeman term for spin magnetic moment
  Uzo:    Zeeman term for orbital magnetic moment
  Uef:    electric energy by electric field
  UvdW:   semi-empirical vdW energy
  Uch:    penalty term to create a core hole

  UpV:    pressure times volume
  Enpy:   Enthalpy = Utot + UpV
  (see also PRB 72, 045121(2005) for the energy contributions)



  Chemical potential (Hartree)       0.000000000000

***********************************************************
***********************************************************
                  SCF history at MD= 6                    
***********************************************************
***********************************************************

   SCF=   1  NormRD=  1.000000000000  Uele= -3.361062995828
   SCF=   2  NormRD=  0.001250332963  Uele= -3.364189782521
   SCF=   3  NormRD=  0.000959581351  Uele= -3.363824462031
   SCF=   4  NormRD=  0.000741473857  Uele= -3.363548875720
   SCF=   5  NormRD=  0.000103400728  Uele= -3.362723226712
   SCF=   6  NormRD=  0.000011647683  Uele= -3.362655614820
   SCF=   7  NormRD=  0.000000430940  Uele= -3.362671101186
   SCF=   8  NormRD=  0.000000119552  Uele= -3.362670992111
   SCF=   9  NormRD=  0.000000017359  Uele= -3.362670860907
   SCF=  10  NormRD=  0.000000000999  Uele= -3.362670842162
   SCF=  11  NormRD=  0.000000000037  Uele= -3.362670843559
   SCF=  12  NormRD=  0.000000000006  Uele= -3.362670843584

*******************************************************
        Total energy (Hartree) at MD = 6        
*******************************************************

  Uele.         -3.362670843584

  Ukin.          6.498531491188
  UH0.         -14.585856192167
  UH1.           0.045719479128
  Una.          -6.094004991843
  Unl.          -0.168030722736
  Uxc0.         -1.667088070367
  Uxc1.         -1.667088070367
  Ucore.         9.434836373238
  Uhub.          0.000000000000
  Ucs.           0.000000000000
  Uzs.           0.000000000000
  Uzo.           0.000000000000
  Uef.           0.000000000000
  UvdW.          0.000000000000
  Uch.           0.000000000000
  Utot.         -8.202980703925

  UpV.           0.000000000000
  Enpy.         -8.202980703925
  Note:

  Utot = Ukin+UH0+UH1+Una+Unl+Uxc0+Uxc1+Ucore+Uhub+Ucs+Uzs+Uzo+Uef+UvdW+Uch

  Uele:   band energy
  Ukin:   kinetic energy
  UH0:    electric part of screened Coulomb energy
  UH1:    difference electron-electron Coulomb energy
  Una:    neutral atom potential energy
  Unl:    non-local potential energy
  Uxc0:   exchange-correlation energy for alpha spin
  Uxc1:   exchange-correlation energy for beta spin
  Ucore:  core-core Coulomb energy
  Uhub:   LDA+U energy
  Ucs:    constraint energy for spin orientation
  Uzs:    Zeeman term for spin magnetic moment
  Uzo:    Zeeman term for orbital magnetic moment
  Uef:    electric energy by electric field
  UvdW:   semi-empirical vdW energy
  Uch:    penalty term to create a core hole

  UpV:    pressure times volume
  Enpy:   Enthalpy = Utot + UpV
  (see also PRB 72, 045121(2005) for the energy contributions)



  Chemical potential (Hartree)       0.000000000000

***********************************************************
***********************************************************
                  SCF history at MD= 7                    
***********************************************************
***********************************************************

   SCF=   1  NormRD=  1.000000000000  Uele= -3.384255646108
   SCF=   2  NormRD=  0.015280131386  Uele= -3.351050485673
   SCF=   3  NormRD=  0.011533242147  Uele= -3.355639846490
   SCF=   4  NormRD=  0.008721995260  Uele= -3.359096522596
   SCF=   5  NormRD=  0.000330098753  Uele= -3.369657817800
   SCF=   6  NormRD=  0.000030991017  Uele= -3.369782874550
   SCF=   7  NormRD=  0.000008781134  Uele= -3.369763740117
   SCF=   8  NormRD=  0.000001921933  Uele= -3.369769343349
   SCF=   9  NormRD=  0.000000041289  Uele= -3.369771868901
   SCF=  10  NormRD=  0.000000006324  Uele= -3.369771827279
   SCF=  11  NormRD=  0.000000000684  Uele= -3.369771824920
   SCF=  12  NormRD=  0.000000000024  Uele= -3.369771825628

*******************************************************
        Total energy (Hartree) at MD = 7        
*******************************************************

  Uele.         -3.369771825628

  Ukin.          6.524643177618
  UH0.         -14.613245905439
  UH1.           0.046096868437
  Una.          -6.132390840337
  Unl.          -0.169266490994
  Uxc0.         -1.671101833795
  Uxc1.         -1.671101833795
  Ucore.         9.482379476301
  Uhub.          0.000000000000
  Ucs.           0.000000000000
  Uzs.           0.000000000000
  Uzo.           0.000000000000
  Uef.           0.000000000000
  UvdW.          0.000000000000
  Uch.           0.000000000000
  Utot.         -8.203987382005

  UpV.           0.000000000000
  Enpy.         -8.203987382005
  Note:

  Utot = Ukin+UH0+UH1+Una+Unl+Uxc0+Uxc1+Ucore+Uhub+Ucs+Uzs+Uzo+Uef+UvdW+Uch

  Uele:   band energy
  Ukin:   kinetic energy
  UH0:    electric part of screened Coulomb energy
  UH1:    difference electron-electron Coulomb energy
  Una:    neutral atom potential energy
  Unl:    non-local potential energy
  Uxc0:   exchange-correlation energy for alpha spin
  Uxc1:   exchange-correlation energy for beta spin
  Ucore:  core-core Coulomb energy
  Uhub:   LDA+U energy
  Ucs:    constraint energy for spin orientation
  Uzs:    Zeeman term for spin magnetic moment
  Uzo:    Zeeman term for orbital magnetic moment
  Uef:    electric energy by electric field
  UvdW:   semi-empirical vdW energy
  Uch:    penalty term to create a core hole

  UpV:    pressure times volume
  Enpy:   Enthalpy = Utot + UpV
  (see also PRB 72, 045121(2005) for the energy contributions)



  Chemical potential (Hartree)       0.000000000000

***********************************************************
***********************************************************
                  SCF history at MD= 8                    
***********************************************************
***********************************************************

   SCF=   1  NormRD=  1.000000000000  Uele= -3.381099244458
   SCF=   2  NormRD=  0.008116926204  Uele= -3.363717381727
   SCF=   3  NormRD=  0.006193312825  Uele= -3.366094251835
   SCF=   4  NormRD=  0.004748731248  Uele= -3.367885670828
   SCF=   5  NormRD=  0.000337626384  Uele= -3.373163561888
   SCF=   6  NormRD=  0.000014103859  Uele= -3.373448005848
   SCF=   7  NormRD=  0.000004416213  Uele= -3.373435625657
   SCF=   8  NormRD=  0.000000952244  Uele= -3.373438301371
   SCF=   9  NormRD=  0.000000013897  Uele= -3.373439568905
   SCF=  10  NormRD=  0.000000003275  Uele= -3.373439548815
   SCF=  11  NormRD=  0.000000000612  Uele= -3.373439549424

*******************************************************
        Total energy (Hartree) at MD = 8        
*******************************************************

  Uele.         -3.373439549424

  Ukin.          6.538321859638
  UH0.         -14.627273075506
  UH1.           0.046314575748
  Una.          -6.152647469644
  Unl.          -0.169874221112
  Uxc0.         -1.673213863690
  Uxc1.         -1.673213863690
  Ucore.         9.507027250803
  Uhub.          0.000000000000
  Ucs.           0.000000000000
  Uzs.           0.000000000000
  Uzo.           0.000000000000
  Uef.           0.000000000000
  UvdW.          0.000000000000
  Uch.           0.000000000000
  Utot.         -8.204558807452

  UpV.           0.000000000000
  Enpy.         -8.204558807452
  Note:

  Utot = Ukin+UH0+UH1+Una+Unl+Uxc0+Uxc1+Ucore+Uhub+Ucs+Uzs+Uzo+Uef+UvdW+Uch

  Uele:   band energy
  Ukin:   kinetic energy
  UH0:    electric part of screened Coulomb energy
  UH1:    difference electron-electron Coulomb energy
  Una:    neutral atom potential energy
  Unl:    non-local potential energy
  Uxc0:   exchange-correlation energy for alpha spin
  Uxc1:   exchange-correlation energy for beta spin
  Ucore:  core-core Coulomb energy
  Uhub:   LDA+U energy
  Ucs:    constraint energy for spin orientation
  Uzs:    Zeeman term for spin magnetic moment
  Uzo:    Zeeman term for orbital magnetic moment
  Uef:    electric energy by electric field
  UvdW:   semi-empirical vdW energy
  Uch:    penalty term to create a core hole

  UpV:    pressure times volume
  Enpy:   Enthalpy = Utot + UpV
  (see also PRB 72, 045121(2005) for the energy contributions)



  Chemical potential (Hartree)       0.000000000000

***********************************************************
***********************************************************
                  SCF history at MD= 9                    
***********************************************************
***********************************************************

   SCF=   1  NormRD=  1.000000000000  Uele= -3.372327341238
   SCF=   2  NormRD=  0.001823385792  Uele= -3.376985614919
   SCF=   3  NormRD=  0.001364502871  Uele= -3.376402398726
   SCF=   4  NormRD=  0.001020362119  Uele= -3.375961896229
   SCF=   5  NormRD=  0.000035009444  Uele= -3.374510153609
   SCF=   6  NormRD=  0.000001993735  Uele= -3.374566341905
   SCF=   7  NormRD=  0.000000974971  Uele= -3.374567974705
   SCF=   8  NormRD=  0.000000062888  Uele= -3.374566944949
   SCF=   9  NormRD=  0.000000002525  Uele= -3.374566872779
   SCF=  10  NormRD=  0.000000000471  Uele= -3.374566870920
   SCF=  11  NormRD=  0.000000000016  Uele= -3.374566870412

*******************************************************
        Total energy (Hartree) at MD = 9        
*******************************************************

  Uele.         -3.374566870412

  Ukin.          6.542526868712
  UH0.         -14.631534659857
  UH1.           0.046384959813
  Una.          -6.158938058434
  Unl.          -0.170042286648
  Uxc0.         -1.673872197461
  Uxc1.         -1.673872197461
  Ucore.         9.514554535127
  Uhub.          0.000000000000
  Ucs.           0.000000000000
  Uzs.           0.000000000000
  Uzo.           0.000000000000
  Uef.           0.000000000000
  UvdW.          0.000000000000
  Uch.           0.000000000000
  Utot.         -8.204793036206

  UpV.           0.000000000000
  Enpy.         -8.204793036206
  Note:

  Utot = Ukin+UH0+UH1+Una+Unl+Uxc0+Uxc1+Ucore+Uhub+Ucs+Uzs+Uzo+Uef+UvdW+Uch

  Uele:   band energy
  Ukin:   kinetic energy
  UH0:    electric part of screened Coulomb energy
  UH1:    difference electron-electron Coulomb energy
  Una:    neutral atom potential energy
  Unl:    non-local potential energy
  Uxc0:   exchange-correlation energy for alpha spin
  Uxc1:   exchange-correlation energy for beta spin
  Ucore:  core-core Coulomb energy
  Uhub:   LDA+U energy
  Ucs:    constraint energy for spin orientation
  Uzs:    Zeeman term for spin magnetic moment
  Uzo:    Zeeman term for orbital magnetic moment
  Uef:    electric energy by electric field
  UvdW:   semi-empirical vdW energy
  Uch:    penalty term to create a core hole

  UpV:    pressure times volume
  Enpy:   Enthalpy = Utot + UpV
  (see also PRB 72, 045121(2005) for the energy contributions)



  Chemical potential (Hartree)       0.000000000000

***********************************************************
***********************************************************
                  SCF history at MD=10                    
***********************************************************
***********************************************************

   SCF=   1  NormRD=  1.000000000000  Uele= -3.391226840239
   SCF=   2  NormRD=  0.013736643819  Uele= -3.366375859555
   SCF=   3  NormRD=  0.011084628006  Uele= -3.369654095364
   SCF=   4  NormRD=  0.009052973247  Uele= -3.372131433341
   SCF=   5  NormRD=  0.002335068283  Uele= -3.377245576338
   SCF=   6  NormRD=  0.000055382277  Uele= -3.379934060403
   SCF=   7  NormRD=  0.000012845774  Uele= -3.379913203825
   SCF=   8  NormRD=  0.000001885755  Uele= -3.379916996560
   SCF=   9  NormRD=  0.000000023487  Uele= -3.379919211897
   SCF=  10  NormRD=  0.000000002844  Uele= -3.379919226915
   SCF=  11  NormRD=  0.000000000361  Uele= -3.379919230147
   SCF=  12  NormRD=  0.000000000016  Uele= -3.379919230615

*******************************************************
        Total energy (Hartree) at MD =10        
*******************************************************

  Uele.         -3.379919230615

  Ukin.          6.562748813891
  UH0.         -14.652090812949
  UH1.           0.046724545381
  Una.          -6.188962461371
  Unl.          -0.170912815295
  Uxc0.         -1.676990179381
  Uxc1.         -1.676990179381
  Ucore.         9.550903178382
  Uhub.          0.000000000000
  Ucs.           0.000000000000
  Uzs.           0.000000000000
  Uzo.           0.000000000000
  Uef.           0.000000000000
  UvdW.          0.000000000000
  Uch.           0.000000000000
  Utot.         -8.205569910723

  UpV.           0.000000000000
  Enpy.         -8.205569910723
  Note:

  Utot = Ukin+UH0+UH1+Una+Unl+Uxc0+Uxc1+Ucore+Uhub+Ucs+Uzs+Uzo+Uef+UvdW+Uch

  Uele:   band energy
  Ukin:   kinetic energy
  UH0:    electric part of screened Coulomb energy
  UH1:    difference electron-electron Coulomb energy
  Una:    neutral atom potential energy
  Unl:    non-local potential energy
  Uxc0:   exchange-correlation energy for alpha spin
  Uxc1:   exchange-correlation energy for beta spin
  Ucore:  core-core Coulomb energy
  Uhub:   LDA+U energy
  Ucs:    constraint energy for spin orientation
  Uzs:    Zeeman term for spin magnetic moment
  Uzo:    Zeeman term for orbital magnetic moment
  Uef:    electric energy by electric field
  UvdW:   semi-empirical vdW energy
  Uch:    penalty term to create a core hole

  UpV:    pressure times volume
  Enpy:   Enthalpy = Utot + UpV
  (see also PRB 72, 045121(2005) for the energy contributions)



  Chemical potential (Hartree)       0.000000000000

***********************************************************
***********************************************************
                  SCF history at MD=11                    
***********************************************************
***********************************************************

   SCF=   1  NormRD=  1.000000000000  Uele= -3.371950087342
   SCF=   2  NormRD=  0.005675319984  Uele= -3.384517972642
   SCF=   3  NormRD=  0.004273097040  Uele= -3.382762826707
   SCF=   4  NormRD=  0.003218759448  Uele= -3.381439017465
   SCF=   5  NormRD=  0.000057011371  Uele= -3.377287858675
   SCF=   6  NormRD=  0.000007956632  Uele= -3.377325481948
   SCF=   7  NormRD=  0.000002157003  Uele= -3.377321031608
   SCF=   8  NormRD=  0.000000302169  Uele= -3.377319042965
   SCF=   9  NormRD=  0.000000007967  Uele= -3.377318620844
   SCF=  10  NormRD=  0.000000000371  Uele= -3.377318633311
   SCF=  11  NormRD=  0.000000000028  Uele= -3.377318633536

*******************************************************
        Total energy (Hartree) at MD =11        
*******************************************************

  Uele.         -3.377318633536

  Ukin.          6.552860608677
  UH0.         -14.641815342567
  UH1.           0.046570799041
  Una.          -6.174622875676
  Unl.          -0.170388678384
  Uxc0.         -1.675524021113
  Uxc1.         -1.675524021113
  Ucore.         9.532855717649
  Uhub.          0.000000000000
  Ucs.           0.000000000000
  Uzs.           0.000000000000
  Uzo.           0.000000000000
  Uef.           0.000000000000
  UvdW.          0.000000000000
  Uch.           0.000000000000
  Utot.         -8.205587813487

  UpV.           0.000000000000
  Enpy.         -8.205587813487
  Note:

  Utot = Ukin+UH0+UH1+Una+Unl+Uxc0+Uxc1+Ucore+Uhub+Ucs+Uzs+Uzo+Uef+UvdW+Uch

  Uele:   band energy
  Ukin:   kinetic energy
  UH0:    electric part of screened Coulomb energy
  UH1:    difference electron-electron Coulomb energy
  Una:    neutral atom potential energy
  Unl:    non-local potential energy
  Uxc0:   exchange-correlation energy for alpha spin
  Uxc1:   exchange-correlation energy for beta spin
  Ucore:  core-core Coulomb energy
  Uhub:   LDA+U energy
  Ucs:    constraint energy for spin orientation
  Uzs:    Zeeman term for spin magnetic moment
  Uzo:    Zeeman term for orbital magnetic moment
  Uef:    electric energy by electric field
  UvdW:   semi-empirical vdW energy
  Uch:    penalty term to create a core hole

  UpV:    pressure times volume
  Enpy:   Enthalpy = Utot + UpV
  (see also PRB 72, 045121(2005) for the energy contributions)



  Chemical potential (Hartree)       0.000000000000

***********************************************************
***********************************************************
                  SCF history at MD=12                    
***********************************************************
***********************************************************

   SCF=   1  NormRD=  1.000000000000  Uele= -3.376583981706
   SCF=   2  NormRD=  0.000149130655  Uele= -3.376845621224
   SCF=   3  NormRD=  0.000117912949  Uele= -3.376809148330
   SCF=   4  NormRD=  0.000093940513  Uele= -3.376781630989
   SCF=   5  NormRD=  0.000022228087  Uele= -3.376718343719
   SCF=   6  NormRD=  0.000000378923  Uele= -3.376695862420
   SCF=   7  NormRD=  0.000000111614  Uele= -3.376695964334
   SCF=   8  NormRD=  0.000000012389  Uele= -3.376695840498
   SCF=   9  NormRD=  0.000000000214  Uele= -3.376695825485
   SCF=  10  NormRD=  0.000000000041  Uele= -3.376695825408

*******************************************************
        Total energy (Hartree) at MD =12        
*******************************************************

  Uele.         -3.376695825408

  Ukin.          6.550496724641
  UH0.         -14.639354228143
  UH1.           0.046534471938
  Una.          -6.171196215999
  Unl.          -0.170263062953
  Uxc0.         -1.675173254639
  Uxc1.         -1.675173254639
  Ucore.         9.528539708252
  Uhub.          0.000000000000
  Ucs.           0.000000000000
  Uzs.           0.000000000000
  Uzo.           0.000000000000
  Uef.           0.000000000000
  UvdW.          0.000000000000
  Uch.           0.000000000000
  Utot.         -8.205589111542

  UpV.           0.000000000000
  Enpy.         -8.205589111542
  Note:

  Utot = Ukin+UH0+UH1+Una+Unl+Uxc0+Uxc1+Ucore+Uhub+Ucs+Uzs+Uzo+Uef+UvdW+Uch

  Uele:   band energy
  Ukin:   kinetic energy
  UH0:    electric part of screened Coulomb energy
  UH1:    difference electron-electron Coulomb energy
  Una:    neutral atom potential energy
  Unl:    non-local potential energy
  Uxc0:   exchange-correlation energy for alpha spin
  Uxc1:   exchange-correlation energy for beta spin
  Ucore:  core-core Coulomb energy
  Uhub:   LDA+U energy
  Ucs:    constraint energy for spin orientation
  Uzs:    Zeeman term for spin magnetic moment
  Uzo:    Zeeman term for orbital magnetic moment
  Uef:    electric energy by electric field
  UvdW:   semi-empirical vdW energy
  Uch:    penalty term to create a core hole

  UpV:    pressure times volume
  Enpy:   Enthalpy = Utot + UpV
  (see also PRB 72, 045121(2005) for the energy contributions)



  Chemical potential (Hartree)       0.000000000000

***********************************************************
***********************************************************
                  SCF history at MD=13                    
***********************************************************
***********************************************************

   SCF=   1  NormRD=  1.000000000000  Uele= -3.377979416177
   SCF=   2  NormRD=  0.001201500894  Uele= -3.374988241036
   SCF=   3  NormRD=  0.000900571380  Uele= -3.375370381422
   SCF=   4  NormRD=  0.000674608186  Uele= -3.375659109003
   SCF=   5  NormRD=  0.000017179794  Uele= -3.376602203253
   SCF=   6  NormRD=  0.000002021673  Uele= -3.376569801104
   SCF=   7  NormRD=  0.000000162694  Uele= -3.376571826252
   SCF=   8  NormRD=  0.000000008093  Uele= -3.376571968803
   SCF=   9  NormRD=  0.000000000104  Uele= -3.376571977824
   SCF=  10  NormRD=  0.000000000007  Uele= -3.376571977908

*******************************************************
        Total energy (Hartree) at MD =13        
*******************************************************

  Uele.         -3.376571977908

  Ukin.          6.550028757143
  UH0.         -14.638866815128
  UH1.           0.046527322093
  Una.          -6.170518381764
  Unl.          -0.170238015115
  Uxc0.         -1.675103845260
  Uxc1.         -1.675103845260
  Ucore.         9.527685323366
  Uhub.          0.000000000000
  Ucs.           0.000000000000
  Uzs.           0.000000000000
  Uzo.           0.000000000000
  Uef.           0.000000000000
  UvdW.          0.000000000000
  Uch.           0.000000000000
  Utot.         -8.205589499925

  UpV.           0.000000000000
  Enpy.         -8.205589499925
  Note:

  Utot = Ukin+UH0+UH1+Una+Unl+Uxc0+Uxc1+Ucore+Uhub+Ucs+Uzs+Uzo+Uef+UvdW+Uch

  Uele:   band energy
  Ukin:   kinetic energy
  UH0:    electric part of screened Coulomb energy
  UH1:    difference electron-electron Coulomb energy
  Una:    neutral atom potential energy
  Unl:    non-local potential energy
  Uxc0:   exchange-correlation energy for alpha spin
  Uxc1:   exchange-correlation energy for beta spin
  Ucore:  core-core Coulomb energy
  Uhub:   LDA+U energy
  Ucs:    constraint energy for spin orientation
  Uzs:    Zeeman term for spin magnetic moment
  Uzo:    Zeeman term for orbital magnetic moment
  Uef:    electric energy by electric field
  UvdW:   semi-empirical vdW energy
  Uch:    penalty term to create a core hole

  UpV:    pressure times volume
  Enpy:   Enthalpy = Utot + UpV
  (see also PRB 72, 045121(2005) for the energy contributions)



  Chemical potential (Hartree)       0.000000000000

***********************************************************
***********************************************************
                  SCF history at MD=14                    
***********************************************************
***********************************************************

   SCF=   1  NormRD=  1.000000000000  Uele= -3.376645420268
   SCF=   2  NormRD=  0.000072178204  Uele= -3.376513748535
   SCF=   3  NormRD=  0.000057514884  Uele= -3.376530483880
   SCF=   4  NormRD=  0.000046159159  Uele= -3.376543128724
   SCF=   5  NormRD=  0.000012280159  Uele= -3.376570846383
   SCF=   6  NormRD=  0.000000420117  Uele= -3.376583531727
   SCF=   7  NormRD=  0.000000059206  Uele= -3.376583076898
   SCF=   8  NormRD=  0.000000007678  Uele= -3.376583126503
   SCF=   9  NormRD=  0.000000000095  Uele= -3.376583136149
   SCF=  10  NormRD=  0.000000000015  Uele= -3.376583136065

*******************************************************
        Total energy (Hartree) at MD =14        
*******************************************************

  Uele.         -3.376583136065

  Ukin.          6.550079103976
  UH0.         -14.638919288933
  UH1.           0.046528165151
  Una.          -6.170592645540
  Unl.          -0.170240186672
  Uxc0.         -1.675111442629
  Uxc1.         -1.675111442629
  Ucore.         9.527777471898
  Uhub.          0.000000000000
  Ucs.           0.000000000000
  Uzs.           0.000000000000
  Uzo.           0.000000000000
  Uef.           0.000000000000
  UvdW.          0.000000000000
  Uch.           0.000000000000
  Utot.         -8.205590265379

  UpV.           0.000000000000
  Enpy.         -8.205590265379
  Note:

  Utot = Ukin+UH0+UH1+Una+Unl+Uxc0+Uxc1+Ucore+Uhub+Ucs+Uzs+Uzo+Uef+UvdW+Uch

  Uele:   band energy
  Ukin:   kinetic energy
  UH0:    electric part of screened Coulomb energy
  UH1:    difference electron-electron Coulomb energy
  Una:    neutral atom potential energy
  Unl:    non-local potential energy
  Uxc0:   exchange-correlation energy for alpha spin
  Uxc1:   exchange-correlation energy for beta spin
  Ucore:  core-core Coulomb energy
  Uhub:   LDA+U energy
  Ucs:    constraint energy for spin orientation
  Uzs:    Zeeman term for spin magnetic moment
  Uzo:    Zeeman term for orbital magnetic moment
  Uef:    electric energy by electric field
  UvdW:   semi-empirical vdW energy
  Uch:    penalty term to create a core hole

  UpV:    pressure times volume
  Enpy:   Enthalpy = Utot + UpV
  (see also PRB 72, 045121(2005) for the energy contributions)



  Chemical potential (Hartree)       0.000000000000

***********************************************************
***********************************************************
                  SCF history at MD=15                    
***********************************************************
***********************************************************

   SCF=   1  NormRD=  1.000000000000  Uele= -3.376701203448
   SCF=   2  NormRD=  0.000050097181  Uele= -3.376819854494
   SCF=   3  NormRD=  0.000038141793  Uele= -3.376804723866
   SCF=   4  NormRD=  0.000029151763  Uele= -3.376793291529
   SCF=   5  NormRD=  0.000002728688  Uele= -3.376758103708
   SCF=   6  NormRD=  0.000000251950  Uele= -3.376756935375
   SCF=   7  NormRD=  0.000000044374  Uele= -3.376757157791
   SCF=   8  NormRD=  0.000000006266  Uele= -3.376757136429
   SCF=   9  NormRD=  0.000000000072  Uele= -3.376757128432
   SCF=  10  NormRD=  0.000000000006  Uele= -3.376757128523

*******************************************************
        Total energy (Hartree) at MD =15        
*******************************************************

  Uele.         -3.376757128523

  Ukin.          6.550745695688
  UH0.         -14.639613629334
  UH1.           0.046538418484
  Una.          -6.171559283491
  Unl.          -0.170275470136
  Uxc0.         -1.675210423162
  Uxc1.         -1.675210423162
  Ucore.         9.528994672260
  Uhub.          0.000000000000
  Ucs.           0.000000000000
  Uzs.           0.000000000000
  Uzo.           0.000000000000
  Uef.           0.000000000000
  UvdW.          0.000000000000
  Uch.           0.000000000000
  Utot.         -8.205590442853

  UpV.           0.000000000000
  Enpy.         -8.205590442853
  Note:

  Utot = Ukin+UH0+UH1+Una+Unl+Uxc0+Uxc1+Ucore+Uhub+Ucs+Uzs+Uzo+Uef+UvdW+Uch

  Uele:   band energy
  Ukin:   kinetic energy
  UH0:    electric part of screened Coulomb energy
  UH1:    difference electron-electron Coulomb energy
  Una:    neutral atom potential energy
  Unl:    non-local potential energy
  Uxc0:   exchange-correlation energy for alpha spin
  Uxc1:   exchange-correlation energy for beta spin
  Ucore:  core-core Coulomb energy
  Uhub:   LDA+U energy
  Ucs:    constraint energy for spin orientation
  Uzs:    Zeeman term for spin magnetic moment
  Uzo:    Zeeman term for orbital magnetic moment
  Uef:    electric energy by electric field
  UvdW:   semi-empirical vdW energy
  Uch:    penalty term to create a core hole

  UpV:    pressure times volume
  Enpy:   Enthalpy = Utot + UpV
  (see also PRB 72, 045121(2005) for the energy contributions)



  Chemical potential (Hartree)       0.000000000000

***********************************************************
***********************************************************
            Eigenvalues (Hartree) for SCF KS-eq.           
***********************************************************
***********************************************************

   Chemical Potential (Hartree) =   0.00000000000000
   Number of States             =   8.00000000000000
   HOMO =  4
   Eigenvalues
                Up-spin            Down-spin
          1  -0.63285513657642  -0.63285513657642
          2  -0.35188937775710  -0.35188937775710
          3  -0.35181828488136  -0.35181828488136
          4  -0.35181576504658  -0.35181576504658
          5   0.15949502468001   0.15949502468001
          6   0.19406733013933   0.19406733013933
          7   0.19406960936201   0.19406960936201
          8   0.19415486174608   0.19415486174608
          9   0.40362512796905   0.40362512796905
         10   0.40366353851972   0.40366353851972
         11   0.40366476233203   0.40366476233203
         12   0.87963430151579   0.87963430151579
         13   1.42060253036278   1.42060253036278
         14   1.42064551768866   1.42064551768866
         15   1.42064944162137   1.42064944162137
         16   2.20043663255958   2.20043663255958

***********************************************************
***********************************************************
              History of geometry optimization             
***********************************************************
***********************************************************

  MD_iter   SD_scaling     |Maximum force|   Maximum step        Utot
                           (Hartree/Bohr)        (Ang)         (Hartree)

    1       1.25981733       0.31797903       0.21198602      -8.09322525
    2       0.62990866       0.13838384       0.04612795      -8.18194945
    3       0.62990866       0.06556070       0.02185357      -8.19480753
    4       0.62990866       0.03886086       0.01295362      -8.19874947
    5       1.57477166       0.03013769       0.02511474      -8.20066805
    6       1.57477166       0.01761899       0.01468249      -8.20298070
    7       1.57477166       0.01250636       0.01042197      -8.20398738
    8       1.57477166       0.00715321       0.00378532      -8.20455881
    9       1.57477166       0.00611423       0.02583144      -8.20479304
   10       1.57477166       0.00151671       0.00242836      -8.20556991
   11       1.57477166       0.00048887       0.00049355      -8.20558781
   12       1.57477166       0.00025411       0.00025437      -8.20558911
   13       1.57477166       0.00019976       0.00068823      -8.20558950
   14       1.57477166       0.00015894       0.00042148      -8.20559027
   15       1.57477166       0.00000709       0.00000000      -8.20559044

***********************************************************
***********************************************************
                   Mulliken populations                    
***********************************************************
***********************************************************

  Total spin moment (muB)   0.000000000

                    Up spin      Down spin     Sum           Diff
      1    C      2.169927910  2.169927910   4.339855821   0.000000000
      2    H      0.457518482  0.457518482   0.915036964   0.000000000
      3    H      0.457518021  0.457518021   0.915036041   0.000000000
      4    H      0.457518047  0.457518047   0.915036094   0.000000000
      5    H      0.457517540  0.457517540   0.915035080   0.000000000

 Sum of MulP: up   =     4.00000 down          =     4.00000
              total=     8.00000 ideal(neutral)=     8.00000


  Decomposed Mulliken populations

    1    C          Up spin      Down spin     Sum           Diff
            multiple
  s           0    0.579625306  0.579625306   1.159250611   0.000000000
   sum over m      0.579625306  0.579625306   1.159250611   0.000000000
  s           1   -0.004945525 -0.004945525  -0.009891050   0.000000000
   sum over m     -0.004945525 -0.004945525  -0.009891050   0.000000000
   sum over m+mul  0.574679781  0.574679781   1.149359561   0.000000000
  px          0    0.540518585  0.540518585   1.081037170   0.000000000
  py          0    0.540535646  0.540535646   1.081071292   0.000000000
  pz          0    0.540518156  0.540518156   1.081036313   0.000000000
   sum over m      1.621572387  1.621572387   3.243144774   0.000000000
  px          1   -0.008774438 -0.008774438  -0.017548876   0.000000000
  py          1   -0.008775229 -0.008775229  -0.017550458   0.000000000
  pz          1   -0.008774590 -0.008774590  -0.017549181   0.000000000
   sum over m     -0.026324257 -0.026324257  -0.052648514   0.000000000
   sum over m+mul  1.595248130  1.595248130   3.190496260   0.000000000

    2    H          Up spin      Down spin     Sum           Diff
            multiple
  s           0    0.452705987  0.452705987   0.905411974   0.000000000
   sum over m      0.452705987  0.452705987   0.905411974   0.000000000
  s           1    0.004812495  0.004812495   0.009624990   0.000000000
   sum over m      0.004812495  0.004812495   0.009624990   0.000000000
   sum over m+mul  0.457518482  0.457518482   0.915036964   0.000000000

    3    H          Up spin      Down spin     Sum           Diff
            multiple
  s           0    0.452705155  0.452705155   0.905410309   0.000000000
   sum over m      0.452705155  0.452705155   0.905410309   0.000000000
  s           1    0.004812866  0.004812866   0.009625732   0.000000000
   sum over m      0.004812866  0.004812866   0.009625732   0.000000000
   sum over m+mul  0.457518021  0.457518021   0.915036041   0.000000000

    4    H          Up spin      Down spin     Sum           Diff
            multiple
  s           0    0.452705552  0.452705552   0.905411104   0.000000000
   sum over m      0.452705552  0.452705552   0.905411104   0.000000000
  s           1    0.004812495  0.004812495   0.009624990   0.000000000
   sum over m      0.004812495  0.004812495   0.009624990   0.000000000
   sum over m+mul  0.457518047  0.457518047   0.915036094   0.000000000

    5    H          Up spin      Down spin     Sum           Diff
            multiple
  s           0    0.452704594  0.452704594   0.905409188   0.000000000
   sum over m      0.452704594  0.452704594   0.905409188   0.000000000
  s           1    0.004812946  0.004812946   0.009625892   0.000000000
   sum over m      0.004812946  0.004812946   0.009625892   0.000000000
   sum over m+mul  0.457517540  0.457517540   0.915035080   0.000000000

***********************************************************
***********************************************************
                    Dipole moment (Debye)                  
***********************************************************
***********************************************************

 Absolute D        0.00002220

                      Dx                Dy                Dz
 Total              0.00000409       -0.00001175       -0.00001839
 Core               1.53416690       -0.00107403       -2.30346532
 Electron          -1.53416281        0.00106227        2.30344694
 Back ground       -0.00000000        0.00000000        0.00000000

***********************************************************
***********************************************************
       xyz-coordinates (Ang) and forces (Hartree/Bohr)  
***********************************************************
***********************************************************

<coordinates.forces
  5
    1     C     0.03993  -0.00003  -0.05994  -0.000000891797 -0.000000537025  0.000003038642
    2     H    -0.84966  -0.63434  -0.06117   0.000001019708 -0.000002109412  0.000001074641
    3     H     0.03536   0.63557  -0.94860  -0.000002871037  0.000006532545 -0.000002512137
    4     H     0.03965   0.62613   0.83542   0.000000348810 -0.000001552425  0.000002150683
    5     H     0.93435  -0.62747  -0.06543   0.000007094174 -0.000001542404 -0.000002186496
coordinates.forces>

***********************************************************
***********************************************************
       Fractional coordinates of the final structure       
***********************************************************
***********************************************************

     1      C     0.00420207053702   0.99999697756958   0.99369116594219
     2      H     0.91057776761274   0.92582149653421   0.99356213919823
     3      H     0.00372179145290   0.07432198527110   0.90016514609565
     4      H     0.00417280944691   0.07321795487721   0.08792280455312
     5      H     0.09833482989505   0.92662450496934   0.99311349281824

***********************************************************
***********************************************************
               Computational Time (second)                 
***********************************************************
***********************************************************

   Elapsed.Time.        15.791

                               Min_ID   Min_Time       Max_ID   Max_Time
   Total Computational Time =    12       15.790          0       15.791
   readfile                 =    24        1.127          0        1.128
   truncation               =     9        0.572          1        0.677
   MD_pac                   =     0        0.077         14        0.108
   OutData                  =     3        0.000          0        0.001
   HWF                      =     0        0.000          0        0.000
   DFT                      =     1       13.844          9       13.948

*** In DFT ***

   Set_OLP_Kin              =     5        0.683          1        0.873
   Set_Nonlocal             =     1        0.446          5        0.636
   Set_ProExpn_VNA          =    26        2.193         12        2.285
   Set_Hamiltonian          =    12        3.469          7        3.470
   Poisson                  =     6        0.306         25        0.310
   Diagonalization          =    22        0.388          7        0.395
   Mixing_DM                =    15        0.019         10        0.019
   Force                    =    10        0.793         15        0.794
   Total_Energy             =    11        1.140          0        1.156
   Set_Aden_Grid            =    12        0.084          8        0.174
   Set_Orbitals_Grid        =    11        0.000          1        0.632
   Set_Density_Grid         =    26        0.731         14        1.201
   RestartFileDFT           =     1        1.544         27        2.223
   Mulliken_Charge          =    22        0.034          0        0.035
   FFT(2D)_Density          =     0        0.000          0        0.000
   Others                   =     0        0.453         26        1.301
