***********************************************************
***********************************************************

  This calculation was performed by OpenMX Ver. 4.0
  using 28 MPI processes and 1 OpenMP threads.

  Wed Apr  8 14:44:08 2026

***********************************************************
***********************************************************

#
# File Name      
#

System.CurrrentDirectory         ./    # default=./
System.Name                     Methane_DIIS
level.of.stdout                   1    # default=1 (1-3)
level.of.fileout                  0    # default=1 (0-2)

#
# Definition of Atomic Species
#

Species.Number       2
<Definition.of.Atomic.Species
 H   H6.0-s2          H_PBE19
 C   C6.0-s2p2        C_PBE19
Definition.of.Atomic.Species>

#
# Atoms
#

Atoms.Number         5
Atoms.SpeciesAndCoordinates.Unit   Ang # Ang|AU
<Atoms.SpeciesAndCoordinates
 1  C      0.200000    0.000000   -0.300000     2.0  2.0 
 2  H     -0.889981   -0.629312    0.000000     0.5  0.5
 3  H      0.000000    0.629312   -0.889981     0.5  0.5
 4  H      0.000000    0.629312    0.889981     0.5  0.5
 5  H      0.889981   -0.629312    0.000000     0.5  0.5
Atoms.SpeciesAndCoordinates>
Atoms.UnitVectors.Unit             Ang # Ang|AU
#<Atoms.UnitVectors                     
#  10.0   0.0   0.0  
#   0.0  10.0   0.0  
#   0.0   0.0  10.0  
#Atoms.UnitVectors>

#
# SCF or Electronic System
#

scf.XcType                 GGA-PBE     # LDA|LSDA-CA|LSDA-PW|GGA-PBE
scf.SpinPolarization        off        # On|Off|NC
scf.ElectronicTemperature  200.0        # default=300 (K)
scf.energycutoff           150.0       # default=150 (Ry)
scf.maxIter                 100        # default=40
scf.EigenvalueSolver        cluster    # DC|GDC|Cluster|Band
scf.Kgrid                  1 1 1       # means n1 x n2 x n3
scf.Mixing.Type           rmm-diis     # Simple|Rmm-Diis|Gr-Pulay|Kerker|Rmm-Diisk
scf.Init.Mixing.Weight     0.010       # default=0.30 
scf.Min.Mixing.Weight      0.001       # default=0.001 
scf.Max.Mixing.Weight      0.100       # default=0.40 
scf.Mixing.History          10         # default=5
scf.Mixing.StartPulay       10         # default=6
scf.criterion             1.0e-9       # default=1.0e-6 (Hartree) 

#
# MD or Geometry Optimization
#

MD.Type                    DIIS        # Nomd|Opt|DIIS|NVE|NVT_VS|NVT_NH
MD.Opt.DIIS.History          3         # default=3
MD.Opt.StartDIIS             8         # default=5
MD.Opt.EveryDIIS           10000       # default=10
MD.maxIter                  200        # default=1xsx
MD.TimeStep                1.0         # default=0.5 (fs)
MD.Opt.criterion          1.0e-4       # default=1.0e-4 (Hartree/bohr)


***********************************************************
***********************************************************

  Required cutoff energy (Ryd) for 3D-grids = 150.0000
      Used cutoff energy (Ryd) for 3D-grids = 150.0010, 150.0010, 150.0010
  Num. of grids of a-, b-, and c-axes = 70, 63, 70

  Num.Grid1.    70
  Num.Grid2.    63
  Num.Grid3.    70


  Cell_Volume =   5210.087487992290 (Bohr^3)
  GridVol     =      0.016877510489 (Bohr^3)
  Cell vectors (bohr) of the grid cell (gtv)
    gtv_a =  0.256509111003,  0.000000000000,  0.000000000000
    gtv_b =  0.000000000000,  0.256509111003,  0.000000000000
    gtv_c =  0.000000000000,  0.000000000000,  0.256509111003
    |gtv_a| =  0.256509111003
    |gtv_b| =  0.256509111003
    |gtv_c| =  0.256509111003

***********************************************************
***********************************************************


***********************************************************
***********************************************************
                  SCF history at MD= 1                    
***********************************************************
***********************************************************

   SCF=   1  NormRD=  1.000000000000  Uele= -3.836077117218
   SCF=   2  NormRD=  0.110914901937  Uele= -3.832526050797
   SCF=   3  NormRD=  0.110108128511  Uele= -3.797591868130
   SCF=   4  NormRD=  0.102579302746  Uele= -3.763160389321
   SCF=   5  NormRD=  0.095066456241  Uele= -3.730079764317
   SCF=   6  NormRD=  0.105572872319  Uele= -3.420210904416
   SCF=   7  NormRD=  0.108476264744  Uele= -3.430312084767
   SCF=   8  NormRD=  0.103666991546  Uele= -3.427293320708
   SCF=   9  NormRD=  0.083183760232  Uele= -3.414530661235
   SCF=  10  NormRD=  0.068051217763  Uele= -3.406298746998
   SCF=  11  NormRD=  0.056632257453  Uele= -3.401172111010
   SCF=  12  NormRD=  0.015811046845  Uele= -3.418311993547
   SCF=  13  NormRD=  0.000968688585  Uele= -3.407075101972
   SCF=  14  NormRD=  0.000544325902  Uele= -3.407135333621
   SCF=  15  NormRD=  0.000030328421  Uele= -3.407680551143
   SCF=  16  NormRD=  0.000004154236  Uele= -3.407674821144
   SCF=  17  NormRD=  0.000001647175  Uele= -3.407674971252
   SCF=  18  NormRD=  0.000000132821  Uele= -3.407676769519
   SCF=  19  NormRD=  0.000000013498  Uele= -3.407676726953
   SCF=  20  NormRD=  0.000000000519  Uele= -3.407676739015
   SCF=  21  NormRD=  0.000000000113  Uele= -3.407676738707

*******************************************************
        Total energy (Hartree) at MD = 1        
*******************************************************

  Uele.         -3.407676738707

  Ukin.          6.560125291028
  UH0.         -14.538502991463
  UH1.           0.049171942585
  Una.          -6.210387569701
  Unl.          -0.143654832439
  Uxc0.         -1.666735490397
  Uxc1.         -1.666735490397
  Ucore.         9.523493893109
  Uhub.          0.000000000000
  Ucs.           0.000000000000
  Uzs.           0.000000000000
  Uzo.           0.000000000000
  Uef.           0.000000000000
  UvdW.          0.000000000000
  Uch.           0.000000000000
  Utot.         -8.093225247675

  UpV.           0.000000000000
  Enpy.         -8.093225247675
  Note:

  Utot = Ukin+UH0+UH1+Una+Unl+Uxc0+Uxc1+Ucore+Uhub+Ucs+Uzs+Uzo+Uef+UvdW+Uch

  Uele:   band energy
  Ukin:   kinetic energy
  UH0:    electric part of screened Coulomb energy
  UH1:    difference electron-electron Coulomb energy
  Una:    neutral atom potential energy
  Unl:    non-local potential energy
  Uxc0:   exchange-correlation energy for alpha spin
  Uxc1:   exchange-correlation energy for beta spin
  Ucore:  core-core Coulomb energy
  Uhub:   LDA+U energy
  Ucs:    constraint energy for spin orientation
  Uzs:    Zeeman term for spin magnetic moment
  Uzo:    Zeeman term for orbital magnetic moment
  Uef:    electric energy by electric field
  UvdW:   semi-empirical vdW energy
  Uch:    penalty term to create a core hole

  UpV:    pressure times volume
  Enpy:   Enthalpy = Utot + UpV
  (see also PRB 72, 045121(2005) for the energy contributions)



  Chemical potential (Hartree)      -0.117187500000

***********************************************************
***********************************************************
                  SCF history at MD= 2                    
***********************************************************
***********************************************************

   SCF=   1  NormRD=  1.000000000000  Uele= -3.290054600893
   SCF=   2  NormRD=  0.096648617514  Uele= -3.430586092836
   SCF=   3  NormRD=  0.073691012616  Uele= -3.405103342896
   SCF=   4  NormRD=  0.056611792093  Uele= -3.386344287852
   SCF=   5  NormRD=  0.004861331484  Uele= -3.337169774761
   SCF=   6  NormRD=  0.000323513318  Uele= -3.332451165352
   SCF=   7  NormRD=  0.000071641434  Uele= -3.332606181706
   SCF=   8  NormRD=  0.000017690659  Uele= -3.332542942606
   SCF=   9  NormRD=  0.000003152269  Uele= -3.332555098788
   SCF=  10  NormRD=  0.000000181120  Uele= -3.332558876374
   SCF=  11  NormRD=  0.000000021380  Uele= -3.332559012382
   SCF=  12  NormRD=  0.000000004750  Uele= -3.332559025175
   SCF=  13  NormRD=  0.000000000608  Uele= -3.332559021538
   SCF=  14  NormRD=  0.000000000019  Uele= -3.332559021622

*******************************************************
        Total energy (Hartree) at MD = 2        
*******************************************************

  Uele.         -3.332559021622

  Ukin.          6.378878747205
  UH0.         -14.440775895820
  UH1.           0.044750750639
  Una.          -5.923279171047
  Unl.          -0.158100236153
  Uxc0.         -1.647275251173
  Uxc1.         -1.647275251173
  Ucore.         9.211126860322
  Uhub.          0.000000000000
  Ucs.           0.000000000000
  Uzs.           0.000000000000
  Uzo.           0.000000000000
  Uef.           0.000000000000
  UvdW.          0.000000000000
  Uch.           0.000000000000
  Utot.         -8.181949447199

  UpV.           0.000000000000
  Enpy.         -8.181949447199
  Note:

  Utot = Ukin+UH0+UH1+Una+Unl+Uxc0+Uxc1+Ucore+Uhub+Ucs+Uzs+Uzo+Uef+UvdW+Uch

  Uele:   band energy
  Ukin:   kinetic energy
  UH0:    electric part of screened Coulomb energy
  UH1:    difference electron-electron Coulomb energy
  Una:    neutral atom potential energy
  Unl:    non-local potential energy
  Uxc0:   exchange-correlation energy for alpha spin
  Uxc1:   exchange-correlation energy for beta spin
  Ucore:  core-core Coulomb energy
  Uhub:   LDA+U energy
  Ucs:    constraint energy for spin orientation
  Uzs:    Zeeman term for spin magnetic moment
  Uzo:    Zeeman term for orbital magnetic moment
  Uef:    electric energy by electric field
  UvdW:   semi-empirical vdW energy
  Uch:    penalty term to create a core hole

  UpV:    pressure times volume
  Enpy:   Enthalpy = Utot + UpV
  (see also PRB 72, 045121(2005) for the energy contributions)



  Chemical potential (Hartree)       0.000000000000

***********************************************************
***********************************************************
                  SCF history at MD= 3                    
***********************************************************
***********************************************************

   SCF=   1  NormRD=  1.000000000000  Uele= -3.348915406206
   SCF=   2  NormRD=  0.017136918312  Uele= -3.319350070385
   SCF=   3  NormRD=  0.013651833495  Uele= -3.323220892264
   SCF=   4  NormRD=  0.010981540844  Uele= -3.326113783979
   SCF=   5  NormRD=  0.002251781698  Uele= -3.332567501883
   SCF=   6  NormRD=  0.000107924295  Uele= -3.334767639885
   SCF=   7  NormRD=  0.000018130939  Uele= -3.334848072720
   SCF=   8  NormRD=  0.000004141439  Uele= -3.334858945488
   SCF=   9  NormRD=  0.000000809875  Uele= -3.334861954101
   SCF=  10  NormRD=  0.000000024333  Uele= -3.334862931930
   SCF=  11  NormRD=  0.000000003789  Uele= -3.334862910570
   SCF=  12  NormRD=  0.000000000455  Uele= -3.334862907562
   SCF=  13  NormRD=  0.000000000014  Uele= -3.334862907156

*******************************************************
        Total energy (Hartree) at MD = 3        
*******************************************************

  Uele.         -3.334862907156

  Ukin.          6.393698272805
  UH0.         -14.471597384055
  UH1.           0.044460274395
  Una.          -5.942080926330
  Unl.          -0.161633498069
  Uxc0.         -1.650682556640
  Uxc1.         -1.650682556640
  Ucore.         9.243710844208
  Uhub.          0.000000000000
  Ucs.           0.000000000000
  Uzs.           0.000000000000
  Uzo.           0.000000000000
  Uef.           0.000000000000
  UvdW.          0.000000000000
  Uch.           0.000000000000
  Utot.         -8.194807530325

  UpV.           0.000000000000
  Enpy.         -8.194807530325
  Note:

  Utot = Ukin+UH0+UH1+Una+Unl+Uxc0+Uxc1+Ucore+Uhub+Ucs+Uzs+Uzo+Uef+UvdW+Uch

  Uele:   band energy
  Ukin:   kinetic energy
  UH0:    electric part of screened Coulomb energy
  UH1:    difference electron-electron Coulomb energy
  Una:    neutral atom potential energy
  Unl:    non-local potential energy
  Uxc0:   exchange-correlation energy for alpha spin
  Uxc1:   exchange-correlation energy for beta spin
  Ucore:  core-core Coulomb energy
  Uhub:   LDA+U energy
  Ucs:    constraint energy for spin orientation
  Uzs:    Zeeman term for spin magnetic moment
  Uzo:    Zeeman term for orbital magnetic moment
  Uef:    electric energy by electric field
  UvdW:   semi-empirical vdW energy
  Uch:    penalty term to create a core hole

  UpV:    pressure times volume
  Enpy:   Enthalpy = Utot + UpV
  (see also PRB 72, 045121(2005) for the energy contributions)



  Chemical potential (Hartree)       0.000000000000

***********************************************************
***********************************************************
                  SCF history at MD= 4                    
***********************************************************
***********************************************************

   SCF=   1  NormRD=  1.000000000000  Uele= -3.358236984039
   SCF=   2  NormRD=  0.017546451041  Uele= -3.321276724851
   SCF=   3  NormRD=  0.013200521524  Uele= -3.326426128642
   SCF=   4  NormRD=  0.009962677802  Uele= -3.330278723805
   SCF=   5  NormRD=  0.000916709799  Uele= -3.341597823256
   SCF=   6  NormRD=  0.000049702890  Uele= -3.341891933821
   SCF=   7  NormRD=  0.000012382617  Uele= -3.341887286973
   SCF=   8  NormRD=  0.000002508316  Uele= -3.341896710509
   SCF=   9  NormRD=  0.000000441042  Uele= -3.341898915012
   SCF=  10  NormRD=  0.000000018339  Uele= -3.341899478848
   SCF=  11  NormRD=  0.000000000790  Uele= -3.341899452384
   SCF=  12  NormRD=  0.000000000058  Uele= -3.341899451894

*******************************************************
        Total energy (Hartree) at MD = 4        
*******************************************************

  Uele.         -3.341899451894

  Ukin.          6.421168256123
  UH0.         -14.503681037438
  UH1.           0.044703026165
  Una.          -5.981354297503
  Unl.          -0.163759171633
  Uxc0.         -1.655142330251
  Uxc1.         -1.655142330251
  Ucore.         9.294458412033
  Uhub.          0.000000000000
  Ucs.           0.000000000000
  Uzs.           0.000000000000
  Uzo.           0.000000000000
  Uef.           0.000000000000
  UvdW.          0.000000000000
  Uch.           0.000000000000
  Utot.         -8.198749472754

  UpV.           0.000000000000
  Enpy.         -8.198749472754
  Note:

  Utot = Ukin+UH0+UH1+Una+Unl+Uxc0+Uxc1+Ucore+Uhub+Ucs+Uzs+Uzo+Uef+UvdW+Uch

  Uele:   band energy
  Ukin:   kinetic energy
  UH0:    electric part of screened Coulomb energy
  UH1:    difference electron-electron Coulomb energy
  Una:    neutral atom potential energy
  Unl:    non-local potential energy
  Uxc0:   exchange-correlation energy for alpha spin
  Uxc1:   exchange-correlation energy for beta spin
  Ucore:  core-core Coulomb energy
  Uhub:   LDA+U energy
  Ucs:    constraint energy for spin orientation
  Uzs:    Zeeman term for spin magnetic moment
  Uzo:    Zeeman term for orbital magnetic moment
  Uef:    electric energy by electric field
  UvdW:   semi-empirical vdW energy
  Uch:    penalty term to create a core hole

  UpV:    pressure times volume
  Enpy:   Enthalpy = Utot + UpV
  (see also PRB 72, 045121(2005) for the energy contributions)



  Chemical potential (Hartree)       0.000000000000

***********************************************************
***********************************************************
                  SCF history at MD= 5                    
***********************************************************
***********************************************************

   SCF=   1  NormRD=  1.000000000000  Uele= -3.348675456815
   SCF=   2  NormRD=  0.000469371588  Uele= -3.348429884981
   SCF=   3  NormRD=  0.000399766825  Uele= -3.348462765017
   SCF=   4  NormRD=  0.000341130782  Uele= -3.348487395772
   SCF=   5  NormRD=  0.000083443606  Uele= -3.348463258090
   SCF=   6  NormRD=  0.000007202190  Uele= -3.348566721436
   SCF=   7  NormRD=  0.000000494567  Uele= -3.348561261406
   SCF=   8  NormRD=  0.000000087354  Uele= -3.348561578261
   SCF=   9  NormRD=  0.000000019083  Uele= -3.348561623413
   SCF=  10  NormRD=  0.000000000360  Uele= -3.348561644522
   SCF=  11  NormRD=  0.000000000063  Uele= -3.348561643945

*******************************************************
        Total energy (Hartree) at MD = 5        
*******************************************************

  Uele.         -3.348561643945

  Ukin.          6.446146546811
  UH0.         -14.530839624933
  UH1.           0.044998533024
  Una.          -6.017542848959
  Unl.          -0.165275176575
  Uxc0.         -1.659047429942
  Uxc1.         -1.659047429942
  Ucore.         9.339939378457
  Uhub.          0.000000000000
  Ucs.           0.000000000000
  Uzs.           0.000000000000
  Uzo.           0.000000000000
  Uef.           0.000000000000
  UvdW.          0.000000000000
  Uch.           0.000000000000
  Utot.         -8.200668052058

  UpV.           0.000000000000
  Enpy.         -8.200668052058
  Note:

  Utot = Ukin+UH0+UH1+Una+Unl+Uxc0+Uxc1+Ucore+Uhub+Ucs+Uzs+Uzo+Uef+UvdW+Uch

  Uele:   band energy
  Ukin:   kinetic energy
  UH0:    electric part of screened Coulomb energy
  UH1:    difference electron-electron Coulomb energy
  Una:    neutral atom potential energy
  Unl:    non-local potential energy
  Uxc0:   exchange-correlation energy for alpha spin
  Uxc1:   exchange-correlation energy for beta spin
  Ucore:  core-core Coulomb energy
  Uhub:   LDA+U energy
  Ucs:    constraint energy for spin orientation
  Uzs:    Zeeman term for spin magnetic moment
  Uzo:    Zeeman term for orbital magnetic moment
  Uef:    electric energy by electric field
  UvdW:   semi-empirical vdW energy
  Uch:    penalty term to create a core hole

  UpV:    pressure times volume
  Enpy:   Enthalpy = Utot + UpV
  (see also PRB 72, 045121(2005) for the energy contributions)



  Chemical potential (Hartree)       0.000000000000

***********************************************************
***********************************************************
                  SCF history at MD= 6                    
***********************************************************
***********************************************************

   SCF=   1  NormRD=  1.000000000000  Uele= -3.361062995779
   SCF=   2  NormRD=  0.001250332951  Uele= -3.364189782515
   SCF=   3  NormRD=  0.000959581341  Uele= -3.363824462028
   SCF=   4  NormRD=  0.000741473850  Uele= -3.363548875718
   SCF=   5  NormRD=  0.000103400728  Uele= -3.362723226710
   SCF=   6  NormRD=  0.000011647683  Uele= -3.362655614819
   SCF=   7  NormRD=  0.000000430940  Uele= -3.362671101186
   SCF=   8  NormRD=  0.000000119552  Uele= -3.362670992111
   SCF=   9  NormRD=  0.000000017359  Uele= -3.362670860907
   SCF=  10  NormRD=  0.000000000999  Uele= -3.362670842162
   SCF=  11  NormRD=  0.000000000037  Uele= -3.362670843559
   SCF=  12  NormRD=  0.000000000006  Uele= -3.362670843584

*******************************************************
        Total energy (Hartree) at MD = 6        
*******************************************************

  Uele.         -3.362670843584

  Ukin.          6.498531491188
  UH0.         -14.585856192167
  UH1.           0.045719479128
  Una.          -6.094004991843
  Unl.          -0.168030722736
  Uxc0.         -1.667088070367
  Uxc1.         -1.667088070367
  Ucore.         9.434836373238
  Uhub.          0.000000000000
  Ucs.           0.000000000000
  Uzs.           0.000000000000
  Uzo.           0.000000000000
  Uef.           0.000000000000
  UvdW.          0.000000000000
  Uch.           0.000000000000
  Utot.         -8.202980703925

  UpV.           0.000000000000
  Enpy.         -8.202980703925
  Note:

  Utot = Ukin+UH0+UH1+Una+Unl+Uxc0+Uxc1+Ucore+Uhub+Ucs+Uzs+Uzo+Uef+UvdW+Uch

  Uele:   band energy
  Ukin:   kinetic energy
  UH0:    electric part of screened Coulomb energy
  UH1:    difference electron-electron Coulomb energy
  Una:    neutral atom potential energy
  Unl:    non-local potential energy
  Uxc0:   exchange-correlation energy for alpha spin
  Uxc1:   exchange-correlation energy for beta spin
  Ucore:  core-core Coulomb energy
  Uhub:   LDA+U energy
  Ucs:    constraint energy for spin orientation
  Uzs:    Zeeman term for spin magnetic moment
  Uzo:    Zeeman term for orbital magnetic moment
  Uef:    electric energy by electric field
  UvdW:   semi-empirical vdW energy
  Uch:    penalty term to create a core hole

  UpV:    pressure times volume
  Enpy:   Enthalpy = Utot + UpV
  (see also PRB 72, 045121(2005) for the energy contributions)



  Chemical potential (Hartree)       0.000000000000

***********************************************************
***********************************************************
                  SCF history at MD= 7                    
***********************************************************
***********************************************************

   SCF=   1  NormRD=  1.000000000000  Uele= -3.384255646108
   SCF=   2  NormRD=  0.015280131386  Uele= -3.351050485673
   SCF=   3  NormRD=  0.011533242147  Uele= -3.355639846490
   SCF=   4  NormRD=  0.008721995259  Uele= -3.359096522596
   SCF=   5  NormRD=  0.000330098752  Uele= -3.369657817800
   SCF=   6  NormRD=  0.000030991017  Uele= -3.369782874550
   SCF=   7  NormRD=  0.000008781134  Uele= -3.369763740116
   SCF=   8  NormRD=  0.000001921933  Uele= -3.369769343349
   SCF=   9  NormRD=  0.000000041289  Uele= -3.369771868901
   SCF=  10  NormRD=  0.000000006324  Uele= -3.369771827279
   SCF=  11  NormRD=  0.000000000684  Uele= -3.369771824920
   SCF=  12  NormRD=  0.000000000024  Uele= -3.369771825628

*******************************************************
        Total energy (Hartree) at MD = 7        
*******************************************************

  Uele.         -3.369771825628

  Ukin.          6.524643177618
  UH0.         -14.613245905439
  UH1.           0.046096868437
  Una.          -6.132390840337
  Unl.          -0.169266490994
  Uxc0.         -1.671101833795
  Uxc1.         -1.671101833795
  Ucore.         9.482379476301
  Uhub.          0.000000000000
  Ucs.           0.000000000000
  Uzs.           0.000000000000
  Uzo.           0.000000000000
  Uef.           0.000000000000
  UvdW.          0.000000000000
  Uch.           0.000000000000
  Utot.         -8.203987382005

  UpV.           0.000000000000
  Enpy.         -8.203987382005
  Note:

  Utot = Ukin+UH0+UH1+Una+Unl+Uxc0+Uxc1+Ucore+Uhub+Ucs+Uzs+Uzo+Uef+UvdW+Uch

  Uele:   band energy
  Ukin:   kinetic energy
  UH0:    electric part of screened Coulomb energy
  UH1:    difference electron-electron Coulomb energy
  Una:    neutral atom potential energy
  Unl:    non-local potential energy
  Uxc0:   exchange-correlation energy for alpha spin
  Uxc1:   exchange-correlation energy for beta spin
  Ucore:  core-core Coulomb energy
  Uhub:   LDA+U energy
  Ucs:    constraint energy for spin orientation
  Uzs:    Zeeman term for spin magnetic moment
  Uzo:    Zeeman term for orbital magnetic moment
  Uef:    electric energy by electric field
  UvdW:   semi-empirical vdW energy
  Uch:    penalty term to create a core hole

  UpV:    pressure times volume
  Enpy:   Enthalpy = Utot + UpV
  (see also PRB 72, 045121(2005) for the energy contributions)



  Chemical potential (Hartree)       0.000000000000

***********************************************************
***********************************************************
                  SCF history at MD= 8                    
***********************************************************
***********************************************************

   SCF=   1  NormRD=  1.000000000000  Uele= -3.381099244458
   SCF=   2  NormRD=  0.008116926205  Uele= -3.363717381726
   SCF=   3  NormRD=  0.006193312825  Uele= -3.366094251834
   SCF=   4  NormRD=  0.004748731249  Uele= -3.367885670827
   SCF=   5  NormRD=  0.000337626384  Uele= -3.373163561887
   SCF=   6  NormRD=  0.000014103859  Uele= -3.373448005847
   SCF=   7  NormRD=  0.000004416213  Uele= -3.373435625656
   SCF=   8  NormRD=  0.000000952244  Uele= -3.373438301370
   SCF=   9  NormRD=  0.000000013897  Uele= -3.373439568904
   SCF=  10  NormRD=  0.000000003275  Uele= -3.373439548814
   SCF=  11  NormRD=  0.000000000612  Uele= -3.373439549423

*******************************************************
        Total energy (Hartree) at MD = 8        
*******************************************************

  Uele.         -3.373439549423

  Ukin.          6.538321859638
  UH0.         -14.627273075506
  UH1.           0.046314575748
  Una.          -6.152647469644
  Unl.          -0.169874221112
  Uxc0.         -1.673213863690
  Uxc1.         -1.673213863690
  Ucore.         9.507027250804
  Uhub.          0.000000000000
  Ucs.           0.000000000000
  Uzs.           0.000000000000
  Uzo.           0.000000000000
  Uef.           0.000000000000
  UvdW.          0.000000000000
  Uch.           0.000000000000
  Utot.         -8.204558807452

  UpV.           0.000000000000
  Enpy.         -8.204558807452
  Note:

  Utot = Ukin+UH0+UH1+Una+Unl+Uxc0+Uxc1+Ucore+Uhub+Ucs+Uzs+Uzo+Uef+UvdW+Uch

  Uele:   band energy
  Ukin:   kinetic energy
  UH0:    electric part of screened Coulomb energy
  UH1:    difference electron-electron Coulomb energy
  Una:    neutral atom potential energy
  Unl:    non-local potential energy
  Uxc0:   exchange-correlation energy for alpha spin
  Uxc1:   exchange-correlation energy for beta spin
  Ucore:  core-core Coulomb energy
  Uhub:   LDA+U energy
  Ucs:    constraint energy for spin orientation
  Uzs:    Zeeman term for spin magnetic moment
  Uzo:    Zeeman term for orbital magnetic moment
  Uef:    electric energy by electric field
  UvdW:   semi-empirical vdW energy
  Uch:    penalty term to create a core hole

  UpV:    pressure times volume
  Enpy:   Enthalpy = Utot + UpV
  (see also PRB 72, 045121(2005) for the energy contributions)



  Chemical potential (Hartree)       0.000000000000

***********************************************************
***********************************************************
                  SCF history at MD= 9                    
***********************************************************
***********************************************************

   SCF=   1  NormRD=  1.000000000000  Uele= -3.373115962679
   SCF=   2  NormRD=  0.000547145737  Uele= -3.374504377978
   SCF=   3  NormRD=  0.000409414652  Uele= -3.374329754852
   SCF=   4  NormRD=  0.000306136836  Uele= -3.374197891397
   SCF=   5  NormRD=  0.000010080963  Uele= -3.373764358133
   SCF=   6  NormRD=  0.000000602823  Uele= -3.373780939529
   SCF=   7  NormRD=  0.000000294109  Uele= -3.373781207590
   SCF=   8  NormRD=  0.000000021356  Uele= -3.373780900627
   SCF=   9  NormRD=  0.000000000831  Uele= -3.373780876172
   SCF=  10  NormRD=  0.000000000173  Uele= -3.373780875552

*******************************************************
        Total energy (Hartree) at MD = 9        
*******************************************************

  Uele.         -3.373780875552

  Ukin.          6.539593372503
  UH0.         -14.628561075306
  UH1.           0.046335856559
  Una.          -6.154551463510
  Unl.          -0.169924526735
  Uxc0.         -1.673413252378
  Uxc1.         -1.673413252378
  Ucore.         9.509302060735
  Uhub.          0.000000000000
  Ucs.           0.000000000000
  Uzs.           0.000000000000
  Uzo.           0.000000000000
  Uef.           0.000000000000
  UvdW.          0.000000000000
  Uch.           0.000000000000
  Utot.         -8.204632280511

  UpV.           0.000000000000
  Enpy.         -8.204632280511
  Note:

  Utot = Ukin+UH0+UH1+Una+Unl+Uxc0+Uxc1+Ucore+Uhub+Ucs+Uzs+Uzo+Uef+UvdW+Uch

  Uele:   band energy
  Ukin:   kinetic energy
  UH0:    electric part of screened Coulomb energy
  UH1:    difference electron-electron Coulomb energy
  Una:    neutral atom potential energy
  Unl:    non-local potential energy
  Uxc0:   exchange-correlation energy for alpha spin
  Uxc1:   exchange-correlation energy for beta spin
  Ucore:  core-core Coulomb energy
  Uhub:   LDA+U energy
  Ucs:    constraint energy for spin orientation
  Uzs:    Zeeman term for spin magnetic moment
  Uzo:    Zeeman term for orbital magnetic moment
  Uef:    electric energy by electric field
  UvdW:   semi-empirical vdW energy
  Uch:    penalty term to create a core hole

  UpV:    pressure times volume
  Enpy:   Enthalpy = Utot + UpV
  (see also PRB 72, 045121(2005) for the energy contributions)



  Chemical potential (Hartree)       0.000000000000

***********************************************************
***********************************************************
                  SCF history at MD=10                    
***********************************************************
***********************************************************

   SCF=   1  NormRD=  1.000000000000  Uele= -3.394237300080
   SCF=   2  NormRD=  0.015709243425  Uele= -3.363476292433
   SCF=   3  NormRD=  0.012443164600  Uele= -3.367565498617
   SCF=   4  NormRD=  0.009966882673  Uele= -3.370655576182
   SCF=   5  NormRD=  0.001938387242  Uele= -3.378228434485
   SCF=   6  NormRD=  0.000056248090  Uele= -3.380369342957
   SCF=   7  NormRD=  0.000013494583  Uele= -3.380347233920
   SCF=   8  NormRD=  0.000002294000  Uele= -3.380352170748
   SCF=   9  NormRD=  0.000000019329  Uele= -3.380354982554
   SCF=  10  NormRD=  0.000000004384  Uele= -3.380354980029
   SCF=  11  NormRD=  0.000000000633  Uele= -3.380354984592
   SCF=  12  NormRD=  0.000000000023  Uele= -3.380354985427

*******************************************************
        Total energy (Hartree) at MD =10        
*******************************************************

  Uele.         -3.380354985427

  Ukin.          6.564399489909
  UH0.         -14.653819347554
  UH1.           0.046749435695
  Una.          -6.191336843928
  Unl.          -0.171005852737
  Uxc0.         -1.677231620321
  Uxc1.         -1.677231620321
  Ucore.         9.553932699903
  Uhub.          0.000000000000
  Ucs.           0.000000000000
  Uzs.           0.000000000000
  Uzo.           0.000000000000
  Uef.           0.000000000000
  UvdW.          0.000000000000
  Uch.           0.000000000000
  Utot.         -8.205543659354

  UpV.           0.000000000000
  Enpy.         -8.205543659354
  Note:

  Utot = Ukin+UH0+UH1+Una+Unl+Uxc0+Uxc1+Ucore+Uhub+Ucs+Uzs+Uzo+Uef+UvdW+Uch

  Uele:   band energy
  Ukin:   kinetic energy
  UH0:    electric part of screened Coulomb energy
  UH1:    difference electron-electron Coulomb energy
  Una:    neutral atom potential energy
  Unl:    non-local potential energy
  Uxc0:   exchange-correlation energy for alpha spin
  Uxc1:   exchange-correlation energy for beta spin
  Ucore:  core-core Coulomb energy
  Uhub:   LDA+U energy
  Ucs:    constraint energy for spin orientation
  Uzs:    Zeeman term for spin magnetic moment
  Uzo:    Zeeman term for orbital magnetic moment
  Uef:    electric energy by electric field
  UvdW:   semi-empirical vdW energy
  Uch:    penalty term to create a core hole

  UpV:    pressure times volume
  Enpy:   Enthalpy = Utot + UpV
  (see also PRB 72, 045121(2005) for the energy contributions)



  Chemical potential (Hartree)       0.000000000000

***********************************************************
***********************************************************
                  SCF history at MD=11                    
***********************************************************
***********************************************************

   SCF=   1  NormRD=  1.000000000000  Uele= -3.373903976349
   SCF=   2  NormRD=  0.004803682459  Uele= -3.384104273018
   SCF=   3  NormRD=  0.003666811033  Uele= -3.382676844782
   SCF=   4  NormRD=  0.002812135456  Uele= -3.381599986228
   SCF=   5  NormRD=  0.000192234517  Uele= -3.378394943808
   SCF=   6  NormRD=  0.000007112217  Uele= -3.378252285569
   SCF=   7  NormRD=  0.000001703507  Uele= -3.378247996764
   SCF=   8  NormRD=  0.000000272004  Uele= -3.378246966815
   SCF=   9  NormRD=  0.000000013505  Uele= -3.378246620764
   SCF=  10  NormRD=  0.000000000227  Uele= -3.378246641327
   SCF=  11  NormRD=  0.000000000036  Uele= -3.378246640895

*******************************************************
        Total energy (Hartree) at MD =11        
*******************************************************

  Uele.         -3.378246640895

  Ukin.          6.556385376461
  UH0.         -14.645480454175
  UH1.           0.046625314345
  Una.          -6.179733362199
  Unl.          -0.170575864889
  Uxc0.         -1.676046885551
  Uxc1.         -1.676046885551
  Ucore.         9.539288774589
  Uhub.          0.000000000000
  Ucs.           0.000000000000
  Uzs.           0.000000000000
  Uzo.           0.000000000000
  Uef.           0.000000000000
  UvdW.          0.000000000000
  Uch.           0.000000000000
  Utot.         -8.205583986971

  UpV.           0.000000000000
  Enpy.         -8.205583986971
  Note:

  Utot = Ukin+UH0+UH1+Una+Unl+Uxc0+Uxc1+Ucore+Uhub+Ucs+Uzs+Uzo+Uef+UvdW+Uch

  Uele:   band energy
  Ukin:   kinetic energy
  UH0:    electric part of screened Coulomb energy
  UH1:    difference electron-electron Coulomb energy
  Una:    neutral atom potential energy
  Unl:    non-local potential energy
  Uxc0:   exchange-correlation energy for alpha spin
  Uxc1:   exchange-correlation energy for beta spin
  Ucore:  core-core Coulomb energy
  Uhub:   LDA+U energy
  Ucs:    constraint energy for spin orientation
  Uzs:    Zeeman term for spin magnetic moment
  Uzo:    Zeeman term for orbital magnetic moment
  Uef:    electric energy by electric field
  UvdW:   semi-empirical vdW energy
  Uch:    penalty term to create a core hole

  UpV:    pressure times volume
  Enpy:   Enthalpy = Utot + UpV
  (see also PRB 72, 045121(2005) for the energy contributions)



  Chemical potential (Hartree)       0.000000000000

***********************************************************
***********************************************************
                  SCF history at MD=12                    
***********************************************************
***********************************************************

   SCF=   1  NormRD=  1.000000000000  Uele= -3.376579422803
   SCF=   2  NormRD=  0.000625088031  Uele= -3.378085528251
   SCF=   3  NormRD=  0.000469523255  Uele= -3.377888868881
   SCF=   4  NormRD=  0.000352618636  Uele= -3.377740327161
   SCF=   5  NormRD=  0.000008843148  Uele= -3.377262068829
   SCF=   6  NormRD=  0.000000811109  Uele= -3.377271712190
   SCF=   7  NormRD=  0.000000508259  Uele= -3.377272816965
   SCF=   8  NormRD=  0.000000008347  Uele= -3.377272186207
   SCF=   9  NormRD=  0.000000000595  Uele= -3.377272178111
   SCF=  10  NormRD=  0.000000000025  Uele= -3.377272177670

*******************************************************
        Total energy (Hartree) at MD =12        
*******************************************************

  Uele.         -3.377272177670

  Ukin.          6.552682086029
  UH0.         -14.641628443183
  UH1.           0.046568061652
  Una.          -6.174363711309
  Unl.          -0.170379370809
  Uxc0.         -1.675497473064
  Uxc1.         -1.675497473064
  Ucore.         9.532528789019
  Uhub.          0.000000000000
  Ucs.           0.000000000000
  Uzs.           0.000000000000
  Uzo.           0.000000000000
  Uef.           0.000000000000
  UvdW.          0.000000000000
  Uch.           0.000000000000
  Utot.         -8.205587534728

  UpV.           0.000000000000
  Enpy.         -8.205587534728
  Note:

  Utot = Ukin+UH0+UH1+Una+Unl+Uxc0+Uxc1+Ucore+Uhub+Ucs+Uzs+Uzo+Uef+UvdW+Uch

  Uele:   band energy
  Ukin:   kinetic energy
  UH0:    electric part of screened Coulomb energy
  UH1:    difference electron-electron Coulomb energy
  Una:    neutral atom potential energy
  Unl:    non-local potential energy
  Uxc0:   exchange-correlation energy for alpha spin
  Uxc1:   exchange-correlation energy for beta spin
  Ucore:  core-core Coulomb energy
  Uhub:   LDA+U energy
  Ucs:    constraint energy for spin orientation
  Uzs:    Zeeman term for spin magnetic moment
  Uzo:    Zeeman term for orbital magnetic moment
  Uef:    electric energy by electric field
  UvdW:   semi-empirical vdW energy
  Uch:    penalty term to create a core hole

  UpV:    pressure times volume
  Enpy:   Enthalpy = Utot + UpV
  (see also PRB 72, 045121(2005) for the energy contributions)



  Chemical potential (Hartree)       0.000000000000

***********************************************************
***********************************************************
                  SCF history at MD=13                    
***********************************************************
***********************************************************

   SCF=   1  NormRD=  1.000000000000  Uele= -3.377293829196
   SCF=   2  NormRD=  0.000434441968  Uele= -3.376206987524
   SCF=   3  NormRD=  0.000325748311  Uele= -3.376345169148
   SCF=   4  NormRD=  0.000244130763  Uele= -3.376449582549
   SCF=   5  NormRD=  0.000007841890  Uele= -3.376790792126
   SCF=   6  NormRD=  0.000000653700  Uele= -3.376781141379
   SCF=   7  NormRD=  0.000000284285  Uele= -3.376779678109
   SCF=   8  NormRD=  0.000000004767  Uele= -3.376780008435
   SCF=   9  NormRD=  0.000000000292  Uele= -3.376780012635
   SCF=  10  NormRD=  0.000000000039  Uele= -3.376780012885

*******************************************************
        Total energy (Hartree) at MD =13        
*******************************************************

  Uele.         -3.376780012885

  Ukin.          6.550812987968
  UH0.         -14.639683116871
  UH1.           0.046539291516
  Una.          -6.171653417231
  Unl.          -0.170280312380
  Uxc0.         -1.675220010116
  Uxc1.         -1.675220010116
  Ucore.         9.529116717983
  Uhub.          0.000000000000
  Ucs.           0.000000000000
  Uzs.           0.000000000000
  Uzo.           0.000000000000
  Uef.           0.000000000000
  UvdW.          0.000000000000
  Uch.           0.000000000000
  Utot.         -8.205587869247

  UpV.           0.000000000000
  Enpy.         -8.205587869247
  Note:

  Utot = Ukin+UH0+UH1+Una+Unl+Uxc0+Uxc1+Ucore+Uhub+Ucs+Uzs+Uzo+Uef+UvdW+Uch

  Uele:   band energy
  Ukin:   kinetic energy
  UH0:    electric part of screened Coulomb energy
  UH1:    difference electron-electron Coulomb energy
  Una:    neutral atom potential energy
  Unl:    non-local potential energy
  Uxc0:   exchange-correlation energy for alpha spin
  Uxc1:   exchange-correlation energy for beta spin
  Ucore:  core-core Coulomb energy
  Uhub:   LDA+U energy
  Ucs:    constraint energy for spin orientation
  Uzs:    Zeeman term for spin magnetic moment
  Uzo:    Zeeman term for orbital magnetic moment
  Uef:    electric energy by electric field
  UvdW:   semi-empirical vdW energy
  Uch:    penalty term to create a core hole

  UpV:    pressure times volume
  Enpy:   Enthalpy = Utot + UpV
  (see also PRB 72, 045121(2005) for the energy contributions)



  Chemical potential (Hartree)       0.000000000000

***********************************************************
***********************************************************
                  SCF history at MD=14                    
***********************************************************
***********************************************************

   SCF=   1  NormRD=  1.000000000000  Uele= -3.377334644037
   SCF=   2  NormRD=  0.000517650109  Uele= -3.376045781532
   SCF=   3  NormRD=  0.000388058731  Uele= -3.376210388169
   SCF=   4  NormRD=  0.000290745648  Uele= -3.376334758605
   SCF=   5  NormRD=  0.000007820770  Uele= -3.376740883207
   SCF=   6  NormRD=  0.000000614796  Uele= -3.376728142125
   SCF=   7  NormRD=  0.000000320436  Uele= -3.376727673199
   SCF=   8  NormRD=  0.000000004743  Uele= -3.376728036093
   SCF=   9  NormRD=  0.000000000412  Uele= -3.376728040693
   SCF=  10  NormRD=  0.000000000026  Uele= -3.376728041101

*******************************************************
        Total energy (Hartree) at MD =14        
*******************************************************

  Uele.         -3.376728041101

  Ukin.          6.550616056262
  UH0.         -14.639478451046
  UH1.           0.046536257511
  Una.          -6.171367905120
  Unl.          -0.170269845846
  Uxc0.         -1.675190777585
  Uxc1.         -1.675190777585
  Ucore.         9.528757519575
  Uhub.          0.000000000000
  Ucs.           0.000000000000
  Uzs.           0.000000000000
  Uzo.           0.000000000000
  Uef.           0.000000000000
  UvdW.          0.000000000000
  Uch.           0.000000000000
  Utot.         -8.205587923833

  UpV.           0.000000000000
  Enpy.         -8.205587923833
  Note:

  Utot = Ukin+UH0+UH1+Una+Unl+Uxc0+Uxc1+Ucore+Uhub+Ucs+Uzs+Uzo+Uef+UvdW+Uch

  Uele:   band energy
  Ukin:   kinetic energy
  UH0:    electric part of screened Coulomb energy
  UH1:    difference electron-electron Coulomb energy
  Una:    neutral atom potential energy
  Unl:    non-local potential energy
  Uxc0:   exchange-correlation energy for alpha spin
  Uxc1:   exchange-correlation energy for beta spin
  Ucore:  core-core Coulomb energy
  Uhub:   LDA+U energy
  Ucs:    constraint energy for spin orientation
  Uzs:    Zeeman term for spin magnetic moment
  Uzo:    Zeeman term for orbital magnetic moment
  Uef:    electric energy by electric field
  UvdW:   semi-empirical vdW energy
  Uch:    penalty term to create a core hole

  UpV:    pressure times volume
  Enpy:   Enthalpy = Utot + UpV
  (see also PRB 72, 045121(2005) for the energy contributions)



  Chemical potential (Hartree)       0.000000000000

***********************************************************
***********************************************************
                  SCF history at MD=15                    
***********************************************************
***********************************************************

   SCF=   1  NormRD=  1.000000000000  Uele= -3.376658282487
   SCF=   2  NormRD=  0.000205312475  Uele= -3.377168508796
   SCF=   3  NormRD=  0.000153952006  Uele= -3.377103267272
   SCF=   4  NormRD=  0.000115381364  Uele= -3.377053973674
   SCF=   5  NormRD=  0.000003254022  Uele= -3.376893159726
   SCF=   6  NormRD=  0.000000249119  Uele= -3.376897843428
   SCF=   7  NormRD=  0.000000136415  Uele= -3.376898265605
   SCF=   8  NormRD=  0.000000002125  Uele= -3.376898105528
   SCF=   9  NormRD=  0.000000000123  Uele= -3.376898103600
   SCF=  10  NormRD=  0.000000000014  Uele= -3.376898103493

*******************************************************
        Total energy (Hartree) at MD =15        
*******************************************************

  Uele.         -3.376898103493

  Ukin.          6.551263452238
  UH0.         -14.640152804715
  UH1.           0.046546219399
  Una.          -6.172307087978
  Unl.          -0.170304013850
  Uxc0.         -1.675286967270
  Uxc1.         -1.675286967270
  Ucore.         9.529939747671
  Uhub.          0.000000000000
  Ucs.           0.000000000000
  Uzs.           0.000000000000
  Uzo.           0.000000000000
  Uef.           0.000000000000
  UvdW.          0.000000000000
  Uch.           0.000000000000
  Utot.         -8.205588421773

  UpV.           0.000000000000
  Enpy.         -8.205588421773
  Note:

  Utot = Ukin+UH0+UH1+Una+Unl+Uxc0+Uxc1+Ucore+Uhub+Ucs+Uzs+Uzo+Uef+UvdW+Uch

  Uele:   band energy
  Ukin:   kinetic energy
  UH0:    electric part of screened Coulomb energy
  UH1:    difference electron-electron Coulomb energy
  Una:    neutral atom potential energy
  Unl:    non-local potential energy
  Uxc0:   exchange-correlation energy for alpha spin
  Uxc1:   exchange-correlation energy for beta spin
  Ucore:  core-core Coulomb energy
  Uhub:   LDA+U energy
  Ucs:    constraint energy for spin orientation
  Uzs:    Zeeman term for spin magnetic moment
  Uzo:    Zeeman term for orbital magnetic moment
  Uef:    electric energy by electric field
  UvdW:   semi-empirical vdW energy
  Uch:    penalty term to create a core hole

  UpV:    pressure times volume
  Enpy:   Enthalpy = Utot + UpV
  (see also PRB 72, 045121(2005) for the energy contributions)



  Chemical potential (Hartree)       0.000000000000

***********************************************************
***********************************************************
                  SCF history at MD=16                    
***********************************************************
***********************************************************

   SCF=   1  NormRD=  1.000000000000  Uele= -3.376763973605
   SCF=   2  NormRD=  0.000157816037  Uele= -3.377157032961
   SCF=   3  NormRD=  0.000118337863  Uele= -3.377106866997
   SCF=   4  NormRD=  0.000088690870  Uele= -3.377068962175
   SCF=   5  NormRD=  0.000002609809  Uele= -3.376945231101
   SCF=   6  NormRD=  0.000000199414  Uele= -3.376948782524
   SCF=   7  NormRD=  0.000000103434  Uele= -3.376949184860
   SCF=   8  NormRD=  0.000000002196  Uele= -3.376949065521
   SCF=   9  NormRD=  0.000000000151  Uele= -3.376949063378
   SCF=  10  NormRD=  0.000000000012  Uele= -3.376949063248

*******************************************************
        Total energy (Hartree) at MD =16        
*******************************************************

  Uele.         -3.376949063248

  Ukin.          6.551457981166
  UH0.         -14.640355317687
  UH1.           0.046549227127
  Una.          -6.172589568472
  Unl.          -0.170314187198
  Uxc0.         -1.675315896759
  Uxc1.         -1.675315896759
  Ucore.         9.530294924488
  Uhub.          0.000000000000
  Ucs.           0.000000000000
  Uzs.           0.000000000000
  Uzo.           0.000000000000
  Uef.           0.000000000000
  UvdW.          0.000000000000
  Uch.           0.000000000000
  Utot.         -8.205588734093

  UpV.           0.000000000000
  Enpy.         -8.205588734093
  Note:

  Utot = Ukin+UH0+UH1+Una+Unl+Uxc0+Uxc1+Ucore+Uhub+Ucs+Uzs+Uzo+Uef+UvdW+Uch

  Uele:   band energy
  Ukin:   kinetic energy
  UH0:    electric part of screened Coulomb energy
  UH1:    difference electron-electron Coulomb energy
  Una:    neutral atom potential energy
  Unl:    non-local potential energy
  Uxc0:   exchange-correlation energy for alpha spin
  Uxc1:   exchange-correlation energy for beta spin
  Ucore:  core-core Coulomb energy
  Uhub:   LDA+U energy
  Ucs:    constraint energy for spin orientation
  Uzs:    Zeeman term for spin magnetic moment
  Uzo:    Zeeman term for orbital magnetic moment
  Uef:    electric energy by electric field
  UvdW:   semi-empirical vdW energy
  Uch:    penalty term to create a core hole

  UpV:    pressure times volume
  Enpy:   Enthalpy = Utot + UpV
  (see also PRB 72, 045121(2005) for the energy contributions)



  Chemical potential (Hartree)       0.000000000000

***********************************************************
***********************************************************
                  SCF history at MD=17                    
***********************************************************
***********************************************************

   SCF=   1  NormRD=  1.000000000000  Uele= -3.376739220229
   SCF=   2  NormRD=  0.000221634810  Uele= -3.377292578524
   SCF=   3  NormRD=  0.000166136869  Uele= -3.377222015818
   SCF=   4  NormRD=  0.000124462855  Uele= -3.377168698120
   SCF=   5  NormRD=  0.000003329122  Uele= -3.376994349359
   SCF=   6  NormRD=  0.000000308245  Uele= -3.377000220391
   SCF=   7  NormRD=  0.000000114927  Uele= -3.377000142321
   SCF=   8  NormRD=  0.000000004912  Uele= -3.377000019734
   SCF=   9  NormRD=  0.000000000245  Uele= -3.377000013849
   SCF=  10  NormRD=  0.000000000009  Uele= -3.377000013617

*******************************************************
        Total energy (Hartree) at MD =17        
*******************************************************

  Uele.         -3.377000013617

  Ukin.          6.551657092043
  UH0.         -14.640562478801
  UH1.           0.046552356828
  Una.          -6.172879606702
  Unl.          -0.170324270313
  Uxc0.         -1.675345625546
  Uxc1.         -1.675345625546
  Ucore.         9.530658431329
  Uhub.          0.000000000000
  Ucs.           0.000000000000
  Uzs.           0.000000000000
  Uzo.           0.000000000000
  Uef.           0.000000000000
  UvdW.          0.000000000000
  Uch.           0.000000000000
  Utot.         -8.205589726709

  UpV.           0.000000000000
  Enpy.         -8.205589726709
  Note:

  Utot = Ukin+UH0+UH1+Una+Unl+Uxc0+Uxc1+Ucore+Uhub+Ucs+Uzs+Uzo+Uef+UvdW+Uch

  Uele:   band energy
  Ukin:   kinetic energy
  UH0:    electric part of screened Coulomb energy
  UH1:    difference electron-electron Coulomb energy
  Una:    neutral atom potential energy
  Unl:    non-local potential energy
  Uxc0:   exchange-correlation energy for alpha spin
  Uxc1:   exchange-correlation energy for beta spin
  Ucore:  core-core Coulomb energy
  Uhub:   LDA+U energy
  Ucs:    constraint energy for spin orientation
  Uzs:    Zeeman term for spin magnetic moment
  Uzo:    Zeeman term for orbital magnetic moment
  Uef:    electric energy by electric field
  UvdW:   semi-empirical vdW energy
  Uch:    penalty term to create a core hole

  UpV:    pressure times volume
  Enpy:   Enthalpy = Utot + UpV
  (see also PRB 72, 045121(2005) for the energy contributions)



  Chemical potential (Hartree)       0.000000000000

***********************************************************
***********************************************************
                  SCF history at MD=18                    
***********************************************************
***********************************************************

   SCF=   1  NormRD=  1.000000000000  Uele= -3.376617314247
   SCF=   2  NormRD=  0.000249434493  Uele= -3.377239184147
   SCF=   3  NormRD=  0.000186990268  Uele= -3.377159810164
   SCF=   4  NormRD=  0.000140100723  Uele= -3.377099836741
   SCF=   5  NormRD=  0.000003618428  Uele= -3.376903864593
   SCF=   6  NormRD=  0.000000385755  Uele= -3.376910530928
   SCF=   7  NormRD=  0.000000070564  Uele= -3.376910219501
   SCF=   8  NormRD=  0.000000005060  Uele= -3.376910143550
   SCF=   9  NormRD=  0.000000000296  Uele= -3.376910137718
   SCF=  10  NormRD=  0.000000000009  Uele= -3.376910137443

*******************************************************
        Total energy (Hartree) at MD =18        
*******************************************************

  Uele.         -3.376910137443

  Ukin.          6.551317539874
  UH0.         -14.640208996219
  UH1.           0.046547152409
  Una.          -6.172387640534
  Unl.          -0.170306136433
  Uxc0.         -1.675295254063
  Uxc1.         -1.675295254063
  Ucore.         9.530038555256
  Uhub.          0.000000000000
  Ucs.           0.000000000000
  Uzs.           0.000000000000
  Uzo.           0.000000000000
  Uef.           0.000000000000
  UvdW.          0.000000000000
  Uch.           0.000000000000
  Utot.         -8.205590033774

  UpV.           0.000000000000
  Enpy.         -8.205590033774
  Note:

  Utot = Ukin+UH0+UH1+Una+Unl+Uxc0+Uxc1+Ucore+Uhub+Ucs+Uzs+Uzo+Uef+UvdW+Uch

  Uele:   band energy
  Ukin:   kinetic energy
  UH0:    electric part of screened Coulomb energy
  UH1:    difference electron-electron Coulomb energy
  Una:    neutral atom potential energy
  Unl:    non-local potential energy
  Uxc0:   exchange-correlation energy for alpha spin
  Uxc1:   exchange-correlation energy for beta spin
  Ucore:  core-core Coulomb energy
  Uhub:   LDA+U energy
  Ucs:    constraint energy for spin orientation
  Uzs:    Zeeman term for spin magnetic moment
  Uzo:    Zeeman term for orbital magnetic moment
  Uef:    electric energy by electric field
  UvdW:   semi-empirical vdW energy
  Uch:    penalty term to create a core hole

  UpV:    pressure times volume
  Enpy:   Enthalpy = Utot + UpV
  (see also PRB 72, 045121(2005) for the energy contributions)



  Chemical potential (Hartree)       0.000000000000

***********************************************************
***********************************************************
                  SCF history at MD=19                    
***********************************************************
***********************************************************

   SCF=   1  NormRD=  1.000000000000  Uele= -3.376981514650
   SCF=   2  NormRD=  0.000220894101  Uele= -3.376430843757
   SCF=   3  NormRD=  0.000165574729  Uele= -3.376501133669
   SCF=   4  NormRD=  0.000124035738  Uele= -3.376554242028
   SCF=   5  NormRD=  0.000003303512  Uele= -3.376727790742
   SCF=   6  NormRD=  0.000000287328  Uele= -3.376722080335
   SCF=   7  NormRD=  0.000000129328  Uele= -3.376722050009
   SCF=   8  NormRD=  0.000000001611  Uele= -3.376722196051
   SCF=   9  NormRD=  0.000000000118  Uele= -3.376722197663
   SCF=  10  NormRD=  0.000000000011  Uele= -3.376722197779

*******************************************************
        Total energy (Hartree) at MD =19        
*******************************************************

  Uele.         -3.376722197779

  Ukin.          6.550605708288
  UH0.         -14.639467826219
  UH1.           0.046536229981
  Una.          -6.171355850692
  Unl.          -0.170268252445
  Uxc0.         -1.675189605032
  Uxc1.         -1.675189605032
  Ucore.         9.528738991428
  Uhub.          0.000000000000
  Ucs.           0.000000000000
  Uzs.           0.000000000000
  Uzo.           0.000000000000
  Uef.           0.000000000000
  UvdW.          0.000000000000
  Uch.           0.000000000000
  Utot.         -8.205590209723

  UpV.           0.000000000000
  Enpy.         -8.205590209723
  Note:

  Utot = Ukin+UH0+UH1+Una+Unl+Uxc0+Uxc1+Ucore+Uhub+Ucs+Uzs+Uzo+Uef+UvdW+Uch

  Uele:   band energy
  Ukin:   kinetic energy
  UH0:    electric part of screened Coulomb energy
  UH1:    difference electron-electron Coulomb energy
  Una:    neutral atom potential energy
  Unl:    non-local potential energy
  Uxc0:   exchange-correlation energy for alpha spin
  Uxc1:   exchange-correlation energy for beta spin
  Ucore:  core-core Coulomb energy
  Uhub:   LDA+U energy
  Ucs:    constraint energy for spin orientation
  Uzs:    Zeeman term for spin magnetic moment
  Uzo:    Zeeman term for orbital magnetic moment
  Uef:    electric energy by electric field
  UvdW:   semi-empirical vdW energy
  Uch:    penalty term to create a core hole

  UpV:    pressure times volume
  Enpy:   Enthalpy = Utot + UpV
  (see also PRB 72, 045121(2005) for the energy contributions)



  Chemical potential (Hartree)       0.000000000000

***********************************************************
***********************************************************
                  SCF history at MD=20                    
***********************************************************
***********************************************************

   SCF=   1  NormRD=  1.000000000000  Uele= -3.376841798584
   SCF=   2  NormRD=  0.000123497457  Uele= -3.376533852818
   SCF=   3  NormRD=  0.000092564061  Uele= -3.376573157745
   SCF=   4  NormRD=  0.000069336579  Uele= -3.376602854794
   SCF=   5  NormRD=  0.000001788584  Uele= -3.376699913827
   SCF=   6  NormRD=  0.000000203323  Uele= -3.376696553760
   SCF=   7  NormRD=  0.000000021450  Uele= -3.376696750084
   SCF=   8  NormRD=  0.000000000781  Uele= -3.376696770176
   SCF=   9  NormRD=  0.000000000007  Uele= -3.376696771053

*******************************************************
        Total energy (Hartree) at MD =20        
*******************************************************

  Uele.         -3.376696771053

  Ukin.          6.550509540956
  UH0.         -14.639367671872
  UH1.           0.046534758576
  Una.          -6.171216508061
  Unl.          -0.170263102903
  Uxc0.         -1.675175337257
  Uxc1.         -1.675175337257
  Ucore.         9.528563412890
  Uhub.          0.000000000000
  Ucs.           0.000000000000
  Uzs.           0.000000000000
  Uzo.           0.000000000000
  Uef.           0.000000000000
  UvdW.          0.000000000000
  Uch.           0.000000000000
  Utot.         -8.205590244928

  UpV.           0.000000000000
  Enpy.         -8.205590244928
  Note:

  Utot = Ukin+UH0+UH1+Una+Unl+Uxc0+Uxc1+Ucore+Uhub+Ucs+Uzs+Uzo+Uef+UvdW+Uch

  Uele:   band energy
  Ukin:   kinetic energy
  UH0:    electric part of screened Coulomb energy
  UH1:    difference electron-electron Coulomb energy
  Una:    neutral atom potential energy
  Unl:    non-local potential energy
  Uxc0:   exchange-correlation energy for alpha spin
  Uxc1:   exchange-correlation energy for beta spin
  Ucore:  core-core Coulomb energy
  Uhub:   LDA+U energy
  Ucs:    constraint energy for spin orientation
  Uzs:    Zeeman term for spin magnetic moment
  Uzo:    Zeeman term for orbital magnetic moment
  Uef:    electric energy by electric field
  UvdW:   semi-empirical vdW energy
  Uch:    penalty term to create a core hole

  UpV:    pressure times volume
  Enpy:   Enthalpy = Utot + UpV
  (see also PRB 72, 045121(2005) for the energy contributions)



  Chemical potential (Hartree)       0.000000000000

***********************************************************
***********************************************************
                  SCF history at MD=21                    
***********************************************************
***********************************************************

   SCF=   1  NormRD=  1.000000000000  Uele= -3.376787355400
   SCF=   2  NormRD=  0.000067939119  Uele= -3.376618370592
   SCF=   3  NormRD=  0.000050941349  Uele= -3.376639959719
   SCF=   4  NormRD=  0.000038176892  Uele= -3.376656271258
   SCF=   5  NormRD=  0.000001096838  Uele= -3.376709488306
   SCF=   6  NormRD=  0.000000081815  Uele= -3.376707959590
   SCF=   7  NormRD=  0.000000044130  Uele= -3.376707797851
   SCF=   8  NormRD=  0.000000000772  Uele= -3.376707848228
   SCF=   9  NormRD=  0.000000000061  Uele= -3.376707848973

*******************************************************
        Total energy (Hartree) at MD =21        
*******************************************************

  Uele.         -3.376707848973

  Ukin.          6.550551918848
  UH0.         -14.639411800724
  UH1.           0.046535410544
  Una.          -6.171277981050
  Unl.          -0.170265348961
  Uxc0.         -1.675181632314
  Uxc1.         -1.675181632314
  Ucore.         9.528640793675
  Uhub.          0.000000000000
  Ucs.           0.000000000000
  Uzs.           0.000000000000
  Uzo.           0.000000000000
  Uef.           0.000000000000
  UvdW.          0.000000000000
  Uch.           0.000000000000
  Utot.         -8.205590272297

  UpV.           0.000000000000
  Enpy.         -8.205590272297
  Note:

  Utot = Ukin+UH0+UH1+Una+Unl+Uxc0+Uxc1+Ucore+Uhub+Ucs+Uzs+Uzo+Uef+UvdW+Uch

  Uele:   band energy
  Ukin:   kinetic energy
  UH0:    electric part of screened Coulomb energy
  UH1:    difference electron-electron Coulomb energy
  Una:    neutral atom potential energy
  Unl:    non-local potential energy
  Uxc0:   exchange-correlation energy for alpha spin
  Uxc1:   exchange-correlation energy for beta spin
  Ucore:  core-core Coulomb energy
  Uhub:   LDA+U energy
  Ucs:    constraint energy for spin orientation
  Uzs:    Zeeman term for spin magnetic moment
  Uzo:    Zeeman term for orbital magnetic moment
  Uef:    electric energy by electric field
  UvdW:   semi-empirical vdW energy
  Uch:    penalty term to create a core hole

  UpV:    pressure times volume
  Enpy:   Enthalpy = Utot + UpV
  (see also PRB 72, 045121(2005) for the energy contributions)



  Chemical potential (Hartree)       0.000000000000

***********************************************************
***********************************************************
            Eigenvalues (Hartree) for SCF KS-eq.           
***********************************************************
***********************************************************

   Chemical Potential (Hartree) =   0.00000000000000
   Number of States             =   8.00000000000000
   HOMO =  4
   Eigenvalues
                Up-spin            Down-spin
          1  -0.63284493062696  -0.63284493062696
          2  -0.35197917692492  -0.35197917692492
          3  -0.35189538201271  -0.35189538201271
          4  -0.35163443492167  -0.35163443492167
          5   0.15947615465163   0.15947615465163
          6   0.19385145124808   0.19385145124808
          7   0.19413668251174   0.19413668251174
          8   0.19423275297795   0.19423275297795
          9   0.40362295549449   0.40362295549449
         10   0.40365904142300   0.40365904142300
         11   0.40369962636904   0.40369962636904
         12   0.87960567872623   0.87960567872623
         13   1.42048150208534   1.42048150208534
         14   1.42056450376346   1.42056450376346
         15   1.42068613009788   1.42068613009788
         16   2.20032511831973   2.20032511831973

***********************************************************
***********************************************************
              History of geometry optimization             
***********************************************************
***********************************************************

  MD_iter   SD_scaling     |Maximum force|   Maximum step        Utot
                           (Hartree/Bohr)        (Ang)         (Hartree)

    1       1.25981733       0.31797903       0.21198602      -8.09322525
    2       0.62990866       0.13838384       0.04612795      -8.18194945
    3       0.62990866       0.06556070       0.02185357      -8.19480753
    4       0.62990866       0.03886086       0.01295362      -8.19874947
    5       1.57477166       0.03013769       0.02511474      -8.20066805
    6       1.57477166       0.01761899       0.01468249      -8.20298070
    7       1.57477166       0.01250636       0.01042197      -8.20398738
    8       1.57477166       0.00715321       0.00113560      -8.20455881
    9       1.57477166       0.00684125       0.02564834      -8.20463228
   10       1.57477166       0.00178889       0.00414205      -8.20554366
   11       1.57477166       0.00098133       0.00073351      -8.20558399
   12       1.57477166       0.00060378       0.00059266      -8.20558753
   13       1.57477166       0.00035932       0.00016467      -8.20558787
   14       1.57477166       0.00037541       0.00025436      -8.20558792
   15       1.57477166       0.00033980       0.00016077      -8.20558842
   16       1.57477166       0.00030803       0.00079022      -8.20558873
   17       1.57477166       0.00018977       0.00025907      -8.20558973
   18       1.57477166       0.00014047       0.00021835      -8.20559003
   19       1.57477166       0.00012266       0.00005463      -8.20559021
   20       1.57477166       0.00011024       0.00008268      -8.20559024
   21       1.57477166       0.00009146       0.00000000      -8.20559027

***********************************************************
***********************************************************
                   Mulliken populations                    
***********************************************************
***********************************************************

  Total spin moment (muB)   0.000000000

                    Up spin      Down spin     Sum           Diff
      1    C      2.169924268  2.169924268   4.339848536   0.000000000
      2    H      0.457519189  0.457519189   0.915038379   0.000000000
      3    H      0.457519244  0.457519244   0.915038489   0.000000000
      4    H      0.457519105  0.457519105   0.915038210   0.000000000
      5    H      0.457518194  0.457518194   0.915036388   0.000000000

 Sum of MulP: up   =     4.00000 down          =     4.00000
              total=     8.00000 ideal(neutral)=     8.00000


  Decomposed Mulliken populations

    1    C          Up spin      Down spin     Sum           Diff
            multiple
  s           0    0.579643611  0.579643611   1.159287221   0.000000000
   sum over m      0.579643611  0.579643611   1.159287221   0.000000000
  s           1   -0.004947030 -0.004947030  -0.009894061   0.000000000
   sum over m     -0.004947030 -0.004947030  -0.009894061   0.000000000
   sum over m+mul  0.574696580  0.574696580   1.149393161   0.000000000
  px          0    0.540530067  0.540530067   1.081060133   0.000000000
  py          0    0.540497305  0.540497305   1.080994610   0.000000000
  pz          0    0.540530288  0.540530288   1.081060576   0.000000000
   sum over m      1.621557660  1.621557660   3.243115320   0.000000000
  px          1   -0.008774708 -0.008774708  -0.017549417   0.000000000
  py          1   -0.008780256 -0.008780256  -0.017560512   0.000000000
  pz          1   -0.008775008 -0.008775008  -0.017550016   0.000000000
   sum over m     -0.026329972 -0.026329972  -0.052659945   0.000000000
   sum over m+mul  1.595227687  1.595227687   3.190455375   0.000000000

    2    H          Up spin      Down spin     Sum           Diff
            multiple
  s           0    0.452708820  0.452708820   0.905417641   0.000000000
   sum over m      0.452708820  0.452708820   0.905417641   0.000000000
  s           1    0.004810369  0.004810369   0.009620738   0.000000000
   sum over m      0.004810369  0.004810369   0.009620738   0.000000000
   sum over m+mul  0.457519189  0.457519189   0.915038379   0.000000000

    3    H          Up spin      Down spin     Sum           Diff
            multiple
  s           0    0.452708248  0.452708248   0.905416497   0.000000000
   sum over m      0.452708248  0.452708248   0.905416497   0.000000000
  s           1    0.004810996  0.004810996   0.009621992   0.000000000
   sum over m      0.004810996  0.004810996   0.009621992   0.000000000
   sum over m+mul  0.457519244  0.457519244   0.915038489   0.000000000

    4    H          Up spin      Down spin     Sum           Diff
            multiple
  s           0    0.452709139  0.452709139   0.905418279   0.000000000
   sum over m      0.452709139  0.452709139   0.905418279   0.000000000
  s           1    0.004809965  0.004809965   0.009619931   0.000000000
   sum over m      0.004809965  0.004809965   0.009619931   0.000000000
   sum over m+mul  0.457519105  0.457519105   0.915038210   0.000000000

    5    H          Up spin      Down spin     Sum           Diff
            multiple
  s           0    0.452706923  0.452706923   0.905413847   0.000000000
   sum over m      0.452706923  0.452706923   0.905413847   0.000000000
  s           1    0.004811270  0.004811270   0.009622541   0.000000000
   sum over m      0.004811270  0.004811270   0.009622541   0.000000000
   sum over m+mul  0.457518194  0.457518194   0.915036388   0.000000000

***********************************************************
***********************************************************
                    Dipole moment (Debye)                  
***********************************************************
***********************************************************

 Absolute D        0.00017598

                      Dx                Dy                Dz
 Total              0.00008212       -0.00000643       -0.00015551
 Core               1.53398166       -0.00144588       -2.30298344
 Electron          -1.53389954        0.00143945        2.30282793
 Back ground       -0.00000000        0.00000000        0.00000000

***********************************************************
***********************************************************
       xyz-coordinates (Ang) and forces (Hartree/Bohr)  
***********************************************************
***********************************************************

<coordinates.forces
  5
    1     C     0.03991  -0.00004  -0.05991   0.000000007181  0.000004463395  0.000000021465
    2     H    -0.84955  -0.63462  -0.06168  -0.000002007746  0.000059201469  0.000091461010
    3     H     0.03494   0.63576  -0.94845   0.000071579493 -0.000035828987 -0.000018780969
    4     H     0.04013   0.62643   0.83531  -0.000084631886 -0.000071517471 -0.000000948179
    5     H     0.93421  -0.62771  -0.06502   0.000020195453  0.000044428556 -0.000071815457
coordinates.forces>

***********************************************************
***********************************************************
       Fractional coordinates of the final structure       
***********************************************************
***********************************************************

     1      C     0.00420012539775   0.99999543641556   0.99369507989718
     2      H     0.91058953731261   0.92578879496882   0.99350877055475
     3      H     0.00367751296060   0.07434419319653   0.90018138990621
     4      H     0.00422373375927   0.07325309508851   0.08791154665524
     5      H     0.09832013614399   0.92659697005008   0.99315677832121

***********************************************************
***********************************************************
               Computational Time (second)                 
***********************************************************
***********************************************************

   Elapsed.Time.        21.093

                               Min_ID   Min_Time       Max_ID   Max_Time
   Total Computational Time =    12       21.091          0       21.093
   readfile                 =    24        1.122          0        1.122
   truncation               =     9        0.797          1        0.943
   MD_pac                   =     0        0.098         26        0.130
   OutData                  =     2        0.000          0        0.001
   HWF                      =     0        0.000          0        0.000
   DFT                      =     1       18.828          9       18.973

*** In DFT ***

   Set_OLP_Kin              =     5        0.956          1        1.224
   Set_Nonlocal             =     1        0.622          5        0.890
   Set_ProExpn_VNA          =    26        3.068         12        3.203
   Set_Hamiltonian          =    12        4.573         10        4.574
   Poisson                  =     6        0.400         17        0.405
   Diagonalization          =    22        0.500          7        0.512
   Mixing_DM                =    23        0.023          8        0.024
   Force                    =     0        1.122         15        1.122
   Total_Energy             =    11        1.609          0        1.643
   Set_Aden_Grid            =    12        0.113         10        0.244
   Set_Orbitals_Grid        =     5        0.000          1        0.884
   Set_Density_Grid         =    26        0.968         16        1.589
   RestartFileDFT           =     1        2.192         27        3.106
   Mulliken_Charge          =    22        0.055          0        0.056
   FFT(2D)_Density          =     0        0.000          0        0.000
   Others                   =     0        0.432         25        1.754
