***********************************************************
***********************************************************

  This calculation was performed by OpenMX Ver. 4.0
  using 28 MPI processes and 1 OpenMP threads.

  Wed Apr  8 14:44:22 2026

***********************************************************
***********************************************************

#
# File Name      
#

System.CurrrentDirectory         ./    # default=./
System.Name                     Methane_EF
level.of.stdout                   1    # default=1 (1-3)
level.of.fileout                  0    # default=1 (0-2)

#
# Definition of Atomic Species
#

Species.Number       2
<Definition.of.Atomic.Species
 H   H6.0-s2          H_PBE19
 C   C6.0-s2p2        C_PBE19
Definition.of.Atomic.Species>

#
# Atoms
#

Atoms.Number         5
Atoms.SpeciesAndCoordinates.Unit   Ang # Ang|AU
<Atoms.SpeciesAndCoordinates
 1  C      0.200000    0.000000   -0.300000     2.0  2.0 
 2  H     -0.889981   -0.629312    0.000000     0.5  0.5
 3  H      0.000000    0.629312   -0.889981     0.5  0.5
 4  H      0.000000    0.629312    0.889981     0.5  0.5
 5  H      0.889981   -0.629312    0.000000     0.5  0.5
Atoms.SpeciesAndCoordinates>
Atoms.UnitVectors.Unit             Ang # Ang|AU
#<Atoms.UnitVectors                     
#  10.0   0.0   0.0  
#   0.0  10.0   0.0  
#   0.0   0.0  10.0  
#Atoms.UnitVectors>

#
# SCF or Electronic System
#

scf.XcType                 GGA-PBE     # LDA|LSDA-CA|LSDA-PW|GGA-PBE
scf.SpinPolarization        off        # On|Off|NC
scf.ElectronicTemperature  200.0        # default=300 (K)
scf.energycutoff           150.0       # default=150 (Ry)
scf.maxIter                 100        # default=40
scf.EigenvalueSolver        cluster    # DC|GDC|Cluster|Band
scf.Kgrid                  1 1 1       # means n1 x n2 x n3
scf.Mixing.Type           rmm-diis     # Simple|Rmm-Diis|Gr-Pulay|Kerker|Rmm-Diisk
scf.Init.Mixing.Weight     0.010       # default=0.30 
scf.Min.Mixing.Weight      0.001       # default=0.001 
scf.Max.Mixing.Weight      0.100       # default=0.40 
scf.Mixing.History          10         # default=5
scf.Mixing.StartPulay       10         # default=6
scf.criterion             1.0e-9       # default=1.0e-6 (Hartree) 

#
# MD or Geometry Optimization
#

MD.Type                     EF         # Nomd|Opt|DIIS|NVE|NVT_VS|NVT_NH
MD.Opt.DIIS.History          3         # default=3
MD.Opt.StartDIIS             8         # default=5
MD.Opt.EveryDIIS           10000       # default=10
MD.maxIter                  200        # default=1xsx
MD.TimeStep                1.0         # default=0.5 (fs)
MD.Opt.criterion          1.0e-4       # default=1.0e-4 (Hartree/bohr)


***********************************************************
***********************************************************

  Required cutoff energy (Ryd) for 3D-grids = 150.0000
      Used cutoff energy (Ryd) for 3D-grids = 150.0010, 150.0010, 150.0010
  Num. of grids of a-, b-, and c-axes = 70, 63, 70

  Num.Grid1.    70
  Num.Grid2.    63
  Num.Grid3.    70


  Cell_Volume =   5210.087487992290 (Bohr^3)
  GridVol     =      0.016877510489 (Bohr^3)
  Cell vectors (bohr) of the grid cell (gtv)
    gtv_a =  0.256509111003,  0.000000000000,  0.000000000000
    gtv_b =  0.000000000000,  0.256509111003,  0.000000000000
    gtv_c =  0.000000000000,  0.000000000000,  0.256509111003
    |gtv_a| =  0.256509111003
    |gtv_b| =  0.256509111003
    |gtv_c| =  0.256509111003

***********************************************************
***********************************************************


***********************************************************
***********************************************************
                  SCF history at MD= 1                    
***********************************************************
***********************************************************

   SCF=   1  NormRD=  1.000000000000  Uele= -3.836077117218
   SCF=   2  NormRD=  0.110914901937  Uele= -3.832526050797
   SCF=   3  NormRD=  0.110108128511  Uele= -3.797591868130
   SCF=   4  NormRD=  0.102579302746  Uele= -3.763160389321
   SCF=   5  NormRD=  0.095066456241  Uele= -3.730079764317
   SCF=   6  NormRD=  0.105572872319  Uele= -3.420210904416
   SCF=   7  NormRD=  0.108476264744  Uele= -3.430312084767
   SCF=   8  NormRD=  0.103666991546  Uele= -3.427293320708
   SCF=   9  NormRD=  0.083183760232  Uele= -3.414530661235
   SCF=  10  NormRD=  0.068051217763  Uele= -3.406298746998
   SCF=  11  NormRD=  0.056632257453  Uele= -3.401172111010
   SCF=  12  NormRD=  0.015811046845  Uele= -3.418311993547
   SCF=  13  NormRD=  0.000968688585  Uele= -3.407075101972
   SCF=  14  NormRD=  0.000544325902  Uele= -3.407135333621
   SCF=  15  NormRD=  0.000030328421  Uele= -3.407680551143
   SCF=  16  NormRD=  0.000004154236  Uele= -3.407674821144
   SCF=  17  NormRD=  0.000001647175  Uele= -3.407674971252
   SCF=  18  NormRD=  0.000000132821  Uele= -3.407676769519
   SCF=  19  NormRD=  0.000000013498  Uele= -3.407676726953
   SCF=  20  NormRD=  0.000000000519  Uele= -3.407676739015
   SCF=  21  NormRD=  0.000000000113  Uele= -3.407676738707

*******************************************************
        Total energy (Hartree) at MD = 1        
*******************************************************

  Uele.         -3.407676738707

  Ukin.          6.560125291028
  UH0.         -14.538502991463
  UH1.           0.049171942585
  Una.          -6.210387569701
  Unl.          -0.143654832439
  Uxc0.         -1.666735490397
  Uxc1.         -1.666735490397
  Ucore.         9.523493893109
  Uhub.          0.000000000000
  Ucs.           0.000000000000
  Uzs.           0.000000000000
  Uzo.           0.000000000000
  Uef.           0.000000000000
  UvdW.          0.000000000000
  Uch.           0.000000000000
  Utot.         -8.093225247675

  UpV.           0.000000000000
  Enpy.         -8.093225247675
  Note:

  Utot = Ukin+UH0+UH1+Una+Unl+Uxc0+Uxc1+Ucore+Uhub+Ucs+Uzs+Uzo+Uef+UvdW+Uch

  Uele:   band energy
  Ukin:   kinetic energy
  UH0:    electric part of screened Coulomb energy
  UH1:    difference electron-electron Coulomb energy
  Una:    neutral atom potential energy
  Unl:    non-local potential energy
  Uxc0:   exchange-correlation energy for alpha spin
  Uxc1:   exchange-correlation energy for beta spin
  Ucore:  core-core Coulomb energy
  Uhub:   LDA+U energy
  Ucs:    constraint energy for spin orientation
  Uzs:    Zeeman term for spin magnetic moment
  Uzo:    Zeeman term for orbital magnetic moment
  Uef:    electric energy by electric field
  UvdW:   semi-empirical vdW energy
  Uch:    penalty term to create a core hole

  UpV:    pressure times volume
  Enpy:   Enthalpy = Utot + UpV
  (see also PRB 72, 045121(2005) for the energy contributions)



  Chemical potential (Hartree)      -0.117187500000

***********************************************************
***********************************************************
                  SCF history at MD= 2                    
***********************************************************
***********************************************************

   SCF=   1  NormRD=  1.000000000000  Uele= -3.290054600893
   SCF=   2  NormRD=  0.096648617514  Uele= -3.430586092836
   SCF=   3  NormRD=  0.073691012616  Uele= -3.405103342896
   SCF=   4  NormRD=  0.056611792093  Uele= -3.386344287852
   SCF=   5  NormRD=  0.004861331484  Uele= -3.337169774761
   SCF=   6  NormRD=  0.000323513318  Uele= -3.332451165352
   SCF=   7  NormRD=  0.000071641434  Uele= -3.332606181706
   SCF=   8  NormRD=  0.000017690659  Uele= -3.332542942606
   SCF=   9  NormRD=  0.000003152269  Uele= -3.332555098788
   SCF=  10  NormRD=  0.000000181120  Uele= -3.332558876374
   SCF=  11  NormRD=  0.000000021380  Uele= -3.332559012382
   SCF=  12  NormRD=  0.000000004750  Uele= -3.332559025175
   SCF=  13  NormRD=  0.000000000608  Uele= -3.332559021537
   SCF=  14  NormRD=  0.000000000019  Uele= -3.332559021622

*******************************************************
        Total energy (Hartree) at MD = 2        
*******************************************************

  Uele.         -3.332559021622

  Ukin.          6.378878747205
  UH0.         -14.440775895820
  UH1.           0.044750750639
  Una.          -5.923279171047
  Unl.          -0.158100236153
  Uxc0.         -1.647275251173
  Uxc1.         -1.647275251173
  Ucore.         9.211126860322
  Uhub.          0.000000000000
  Ucs.           0.000000000000
  Uzs.           0.000000000000
  Uzo.           0.000000000000
  Uef.           0.000000000000
  UvdW.          0.000000000000
  Uch.           0.000000000000
  Utot.         -8.181949447199

  UpV.           0.000000000000
  Enpy.         -8.181949447199
  Note:

  Utot = Ukin+UH0+UH1+Una+Unl+Uxc0+Uxc1+Ucore+Uhub+Ucs+Uzs+Uzo+Uef+UvdW+Uch

  Uele:   band energy
  Ukin:   kinetic energy
  UH0:    electric part of screened Coulomb energy
  UH1:    difference electron-electron Coulomb energy
  Una:    neutral atom potential energy
  Unl:    non-local potential energy
  Uxc0:   exchange-correlation energy for alpha spin
  Uxc1:   exchange-correlation energy for beta spin
  Ucore:  core-core Coulomb energy
  Uhub:   LDA+U energy
  Ucs:    constraint energy for spin orientation
  Uzs:    Zeeman term for spin magnetic moment
  Uzo:    Zeeman term for orbital magnetic moment
  Uef:    electric energy by electric field
  UvdW:   semi-empirical vdW energy
  Uch:    penalty term to create a core hole

  UpV:    pressure times volume
  Enpy:   Enthalpy = Utot + UpV
  (see also PRB 72, 045121(2005) for the energy contributions)



  Chemical potential (Hartree)       0.000000000000

***********************************************************
***********************************************************
                  SCF history at MD= 3                    
***********************************************************
***********************************************************

   SCF=   1  NormRD=  1.000000000000  Uele= -3.348915406206
   SCF=   2  NormRD=  0.017136918312  Uele= -3.319350070385
   SCF=   3  NormRD=  0.013651833495  Uele= -3.323220892264
   SCF=   4  NormRD=  0.010981540844  Uele= -3.326113783979
   SCF=   5  NormRD=  0.002251781698  Uele= -3.332567501883
   SCF=   6  NormRD=  0.000107924295  Uele= -3.334767639885
   SCF=   7  NormRD=  0.000018130939  Uele= -3.334848072720
   SCF=   8  NormRD=  0.000004141439  Uele= -3.334858945488
   SCF=   9  NormRD=  0.000000809875  Uele= -3.334861954101
   SCF=  10  NormRD=  0.000000024333  Uele= -3.334862931930
   SCF=  11  NormRD=  0.000000003789  Uele= -3.334862910570
   SCF=  12  NormRD=  0.000000000455  Uele= -3.334862907562
   SCF=  13  NormRD=  0.000000000014  Uele= -3.334862907156

*******************************************************
        Total energy (Hartree) at MD = 3        
*******************************************************

  Uele.         -3.334862907156

  Ukin.          6.393698272805
  UH0.         -14.471597384056
  UH1.           0.044460274395
  Una.          -5.942080926330
  Unl.          -0.161633498069
  Uxc0.         -1.650682556640
  Uxc1.         -1.650682556640
  Ucore.         9.243710844208
  Uhub.          0.000000000000
  Ucs.           0.000000000000
  Uzs.           0.000000000000
  Uzo.           0.000000000000
  Uef.           0.000000000000
  UvdW.          0.000000000000
  Uch.           0.000000000000
  Utot.         -8.194807530325

  UpV.           0.000000000000
  Enpy.         -8.194807530325
  Note:

  Utot = Ukin+UH0+UH1+Una+Unl+Uxc0+Uxc1+Ucore+Uhub+Ucs+Uzs+Uzo+Uef+UvdW+Uch

  Uele:   band energy
  Ukin:   kinetic energy
  UH0:    electric part of screened Coulomb energy
  UH1:    difference electron-electron Coulomb energy
  Una:    neutral atom potential energy
  Unl:    non-local potential energy
  Uxc0:   exchange-correlation energy for alpha spin
  Uxc1:   exchange-correlation energy for beta spin
  Ucore:  core-core Coulomb energy
  Uhub:   LDA+U energy
  Ucs:    constraint energy for spin orientation
  Uzs:    Zeeman term for spin magnetic moment
  Uzo:    Zeeman term for orbital magnetic moment
  Uef:    electric energy by electric field
  UvdW:   semi-empirical vdW energy
  Uch:    penalty term to create a core hole

  UpV:    pressure times volume
  Enpy:   Enthalpy = Utot + UpV
  (see also PRB 72, 045121(2005) for the energy contributions)



  Chemical potential (Hartree)       0.000000000000

***********************************************************
***********************************************************
                  SCF history at MD= 4                    
***********************************************************
***********************************************************

   SCF=   1  NormRD=  1.000000000000  Uele= -3.358236984039
   SCF=   2  NormRD=  0.017546451041  Uele= -3.321276724851
   SCF=   3  NormRD=  0.013200521524  Uele= -3.326426128642
   SCF=   4  NormRD=  0.009962677802  Uele= -3.330278723805
   SCF=   5  NormRD=  0.000916709799  Uele= -3.341597823256
   SCF=   6  NormRD=  0.000049702890  Uele= -3.341891933821
   SCF=   7  NormRD=  0.000012382617  Uele= -3.341887286973
   SCF=   8  NormRD=  0.000002508316  Uele= -3.341896710509
   SCF=   9  NormRD=  0.000000441042  Uele= -3.341898915012
   SCF=  10  NormRD=  0.000000018339  Uele= -3.341899478848
   SCF=  11  NormRD=  0.000000000790  Uele= -3.341899452384
   SCF=  12  NormRD=  0.000000000058  Uele= -3.341899451894

*******************************************************
        Total energy (Hartree) at MD = 4        
*******************************************************

  Uele.         -3.341899451894

  Ukin.          6.421168256123
  UH0.         -14.503681037438
  UH1.           0.044703026165
  Una.          -5.981354297503
  Unl.          -0.163759171633
  Uxc0.         -1.655142330251
  Uxc1.         -1.655142330251
  Ucore.         9.294458412033
  Uhub.          0.000000000000
  Ucs.           0.000000000000
  Uzs.           0.000000000000
  Uzo.           0.000000000000
  Uef.           0.000000000000
  UvdW.          0.000000000000
  Uch.           0.000000000000
  Utot.         -8.198749472754

  UpV.           0.000000000000
  Enpy.         -8.198749472754
  Note:

  Utot = Ukin+UH0+UH1+Una+Unl+Uxc0+Uxc1+Ucore+Uhub+Ucs+Uzs+Uzo+Uef+UvdW+Uch

  Uele:   band energy
  Ukin:   kinetic energy
  UH0:    electric part of screened Coulomb energy
  UH1:    difference electron-electron Coulomb energy
  Una:    neutral atom potential energy
  Unl:    non-local potential energy
  Uxc0:   exchange-correlation energy for alpha spin
  Uxc1:   exchange-correlation energy for beta spin
  Ucore:  core-core Coulomb energy
  Uhub:   LDA+U energy
  Ucs:    constraint energy for spin orientation
  Uzs:    Zeeman term for spin magnetic moment
  Uzo:    Zeeman term for orbital magnetic moment
  Uef:    electric energy by electric field
  UvdW:   semi-empirical vdW energy
  Uch:    penalty term to create a core hole

  UpV:    pressure times volume
  Enpy:   Enthalpy = Utot + UpV
  (see also PRB 72, 045121(2005) for the energy contributions)



  Chemical potential (Hartree)       0.000000000000

***********************************************************
***********************************************************
                  SCF history at MD= 5                    
***********************************************************
***********************************************************

   SCF=   1  NormRD=  1.000000000000  Uele= -3.348675456802
   SCF=   2  NormRD=  0.000469371590  Uele= -3.348429884979
   SCF=   3  NormRD=  0.000399766826  Uele= -3.348462765015
   SCF=   4  NormRD=  0.000341130782  Uele= -3.348487395771
   SCF=   5  NormRD=  0.000083443608  Uele= -3.348463258087
   SCF=   6  NormRD=  0.000007202190  Uele= -3.348566721436
   SCF=   7  NormRD=  0.000000494567  Uele= -3.348561261406
   SCF=   8  NormRD=  0.000000087354  Uele= -3.348561578261
   SCF=   9  NormRD=  0.000000019083  Uele= -3.348561623413
   SCF=  10  NormRD=  0.000000000360  Uele= -3.348561644522
   SCF=  11  NormRD=  0.000000000063  Uele= -3.348561643945

*******************************************************
        Total energy (Hartree) at MD = 5        
*******************************************************

  Uele.         -3.348561643945

  Ukin.          6.446146546811
  UH0.         -14.530839624933
  UH1.           0.044998533024
  Una.          -6.017542848959
  Unl.          -0.165275176575
  Uxc0.         -1.659047429942
  Uxc1.         -1.659047429942
  Ucore.         9.339939378457
  Uhub.          0.000000000000
  Ucs.           0.000000000000
  Uzs.           0.000000000000
  Uzo.           0.000000000000
  Uef.           0.000000000000
  UvdW.          0.000000000000
  Uch.           0.000000000000
  Utot.         -8.200668052058

  UpV.           0.000000000000
  Enpy.         -8.200668052058
  Note:

  Utot = Ukin+UH0+UH1+Una+Unl+Uxc0+Uxc1+Ucore+Uhub+Ucs+Uzs+Uzo+Uef+UvdW+Uch

  Uele:   band energy
  Ukin:   kinetic energy
  UH0:    electric part of screened Coulomb energy
  UH1:    difference electron-electron Coulomb energy
  Una:    neutral atom potential energy
  Unl:    non-local potential energy
  Uxc0:   exchange-correlation energy for alpha spin
  Uxc1:   exchange-correlation energy for beta spin
  Ucore:  core-core Coulomb energy
  Uhub:   LDA+U energy
  Ucs:    constraint energy for spin orientation
  Uzs:    Zeeman term for spin magnetic moment
  Uzo:    Zeeman term for orbital magnetic moment
  Uef:    electric energy by electric field
  UvdW:   semi-empirical vdW energy
  Uch:    penalty term to create a core hole

  UpV:    pressure times volume
  Enpy:   Enthalpy = Utot + UpV
  (see also PRB 72, 045121(2005) for the energy contributions)



  Chemical potential (Hartree)       0.000000000000

***********************************************************
***********************************************************
                  SCF history at MD= 6                    
***********************************************************
***********************************************************

   SCF=   1  NormRD=  1.000000000000  Uele= -3.361062995804
   SCF=   2  NormRD=  0.001250332970  Uele= -3.364189782534
   SCF=   3  NormRD=  0.000959581356  Uele= -3.363824462041
   SCF=   4  NormRD=  0.000741473860  Uele= -3.363548875728
   SCF=   5  NormRD=  0.000103400728  Uele= -3.362723226711
   SCF=   6  NormRD=  0.000011647683  Uele= -3.362655614820
   SCF=   7  NormRD=  0.000000430940  Uele= -3.362671101186
   SCF=   8  NormRD=  0.000000119552  Uele= -3.362670992111
   SCF=   9  NormRD=  0.000000017359  Uele= -3.362670860907
   SCF=  10  NormRD=  0.000000000999  Uele= -3.362670842162
   SCF=  11  NormRD=  0.000000000037  Uele= -3.362670843559
   SCF=  12  NormRD=  0.000000000006  Uele= -3.362670843584

*******************************************************
        Total energy (Hartree) at MD = 6        
*******************************************************

  Uele.         -3.362670843584

  Ukin.          6.498531491188
  UH0.         -14.585856192167
  UH1.           0.045719479128
  Una.          -6.094004991843
  Unl.          -0.168030722736
  Uxc0.         -1.667088070367
  Uxc1.         -1.667088070367
  Ucore.         9.434836373238
  Uhub.          0.000000000000
  Ucs.           0.000000000000
  Uzs.           0.000000000000
  Uzo.           0.000000000000
  Uef.           0.000000000000
  UvdW.          0.000000000000
  Uch.           0.000000000000
  Utot.         -8.202980703925

  UpV.           0.000000000000
  Enpy.         -8.202980703925
  Note:

  Utot = Ukin+UH0+UH1+Una+Unl+Uxc0+Uxc1+Ucore+Uhub+Ucs+Uzs+Uzo+Uef+UvdW+Uch

  Uele:   band energy
  Ukin:   kinetic energy
  UH0:    electric part of screened Coulomb energy
  UH1:    difference electron-electron Coulomb energy
  Una:    neutral atom potential energy
  Unl:    non-local potential energy
  Uxc0:   exchange-correlation energy for alpha spin
  Uxc1:   exchange-correlation energy for beta spin
  Ucore:  core-core Coulomb energy
  Uhub:   LDA+U energy
  Ucs:    constraint energy for spin orientation
  Uzs:    Zeeman term for spin magnetic moment
  Uzo:    Zeeman term for orbital magnetic moment
  Uef:    electric energy by electric field
  UvdW:   semi-empirical vdW energy
  Uch:    penalty term to create a core hole

  UpV:    pressure times volume
  Enpy:   Enthalpy = Utot + UpV
  (see also PRB 72, 045121(2005) for the energy contributions)



  Chemical potential (Hartree)       0.000000000000

***********************************************************
***********************************************************
                  SCF history at MD= 7                    
***********************************************************
***********************************************************

   SCF=   1  NormRD=  1.000000000000  Uele= -3.384255646108
   SCF=   2  NormRD=  0.015280131386  Uele= -3.351050485673
   SCF=   3  NormRD=  0.011533242147  Uele= -3.355639846490
   SCF=   4  NormRD=  0.008721995260  Uele= -3.359096522596
   SCF=   5  NormRD=  0.000330098752  Uele= -3.369657817800
   SCF=   6  NormRD=  0.000030991017  Uele= -3.369782874550
   SCF=   7  NormRD=  0.000008781134  Uele= -3.369763740117
   SCF=   8  NormRD=  0.000001921933  Uele= -3.369769343349
   SCF=   9  NormRD=  0.000000041289  Uele= -3.369771868901
   SCF=  10  NormRD=  0.000000006324  Uele= -3.369771827279
   SCF=  11  NormRD=  0.000000000684  Uele= -3.369771824920
   SCF=  12  NormRD=  0.000000000024  Uele= -3.369771825628

*******************************************************
        Total energy (Hartree) at MD = 7        
*******************************************************

  Uele.         -3.369771825628

  Ukin.          6.524643177618
  UH0.         -14.613245905439
  UH1.           0.046096868437
  Una.          -6.132390840337
  Unl.          -0.169266490994
  Uxc0.         -1.671101833795
  Uxc1.         -1.671101833795
  Ucore.         9.482379476301
  Uhub.          0.000000000000
  Ucs.           0.000000000000
  Uzs.           0.000000000000
  Uzo.           0.000000000000
  Uef.           0.000000000000
  UvdW.          0.000000000000
  Uch.           0.000000000000
  Utot.         -8.203987382005

  UpV.           0.000000000000
  Enpy.         -8.203987382005
  Note:

  Utot = Ukin+UH0+UH1+Una+Unl+Uxc0+Uxc1+Ucore+Uhub+Ucs+Uzs+Uzo+Uef+UvdW+Uch

  Uele:   band energy
  Ukin:   kinetic energy
  UH0:    electric part of screened Coulomb energy
  UH1:    difference electron-electron Coulomb energy
  Una:    neutral atom potential energy
  Unl:    non-local potential energy
  Uxc0:   exchange-correlation energy for alpha spin
  Uxc1:   exchange-correlation energy for beta spin
  Ucore:  core-core Coulomb energy
  Uhub:   LDA+U energy
  Ucs:    constraint energy for spin orientation
  Uzs:    Zeeman term for spin magnetic moment
  Uzo:    Zeeman term for orbital magnetic moment
  Uef:    electric energy by electric field
  UvdW:   semi-empirical vdW energy
  Uch:    penalty term to create a core hole

  UpV:    pressure times volume
  Enpy:   Enthalpy = Utot + UpV
  (see also PRB 72, 045121(2005) for the energy contributions)



  Chemical potential (Hartree)       0.000000000000

***********************************************************
***********************************************************
                  SCF history at MD= 8                    
***********************************************************
***********************************************************

   SCF=   1  NormRD=  1.000000000000  Uele= -3.381099244458
   SCF=   2  NormRD=  0.008116926204  Uele= -3.363717381728
   SCF=   3  NormRD=  0.006193312825  Uele= -3.366094251835
   SCF=   4  NormRD=  0.004748731248  Uele= -3.367885670828
   SCF=   5  NormRD=  0.000337626384  Uele= -3.373163561889
   SCF=   6  NormRD=  0.000014103859  Uele= -3.373448005848
   SCF=   7  NormRD=  0.000004416213  Uele= -3.373435625657
   SCF=   8  NormRD=  0.000000952244  Uele= -3.373438301371
   SCF=   9  NormRD=  0.000000013897  Uele= -3.373439568905
   SCF=  10  NormRD=  0.000000003275  Uele= -3.373439548815
   SCF=  11  NormRD=  0.000000000612  Uele= -3.373439549424

*******************************************************
        Total energy (Hartree) at MD = 8        
*******************************************************

  Uele.         -3.373439549424

  Ukin.          6.538321859638
  UH0.         -14.627273075506
  UH1.           0.046314575748
  Una.          -6.152647469644
  Unl.          -0.169874221112
  Uxc0.         -1.673213863690
  Uxc1.         -1.673213863690
  Ucore.         9.507027250803
  Uhub.          0.000000000000
  Ucs.           0.000000000000
  Uzs.           0.000000000000
  Uzo.           0.000000000000
  Uef.           0.000000000000
  UvdW.          0.000000000000
  Uch.           0.000000000000
  Utot.         -8.204558807452

  UpV.           0.000000000000
  Enpy.         -8.204558807452
  Note:

  Utot = Ukin+UH0+UH1+Una+Unl+Uxc0+Uxc1+Ucore+Uhub+Ucs+Uzs+Uzo+Uef+UvdW+Uch

  Uele:   band energy
  Ukin:   kinetic energy
  UH0:    electric part of screened Coulomb energy
  UH1:    difference electron-electron Coulomb energy
  Una:    neutral atom potential energy
  Unl:    non-local potential energy
  Uxc0:   exchange-correlation energy for alpha spin
  Uxc1:   exchange-correlation energy for beta spin
  Ucore:  core-core Coulomb energy
  Uhub:   LDA+U energy
  Ucs:    constraint energy for spin orientation
  Uzs:    Zeeman term for spin magnetic moment
  Uzo:    Zeeman term for orbital magnetic moment
  Uef:    electric energy by electric field
  UvdW:   semi-empirical vdW energy
  Uch:    penalty term to create a core hole

  UpV:    pressure times volume
  Enpy:   Enthalpy = Utot + UpV
  (see also PRB 72, 045121(2005) for the energy contributions)



  Chemical potential (Hartree)       0.000000000000

***********************************************************
***********************************************************
                  SCF history at MD= 9                    
***********************************************************
***********************************************************

   SCF=   1  NormRD=  1.000000000000  Uele= -3.376797741540
   SCF=   2  NormRD=  0.016733913613  Uele= -3.375743382031
   SCF=   3  NormRD=  0.014684837522  Uele= -3.375490708804
   SCF=   4  NormRD=  0.012889738526  Uele= -3.375307094679
   SCF=   5  NormRD=  0.000767031536  Uele= -3.375857734685
   SCF=   6  NormRD=  0.000155241218  Uele= -3.374738464532
   SCF=   7  NormRD=  0.000012953490  Uele= -3.374930850560
   SCF=   8  NormRD=  0.000001751652  Uele= -3.374927350274
   SCF=   9  NormRD=  0.000000058401  Uele= -3.374926864340
   SCF=  10  NormRD=  0.000000005412  Uele= -3.374926949496
   SCF=  11  NormRD=  0.000000000894  Uele= -3.374926951675
   SCF=  12  NormRD=  0.000000000120  Uele= -3.374926950808

*******************************************************
        Total energy (Hartree) at MD = 9        
*******************************************************

  Uele.         -3.374926950808

  Ukin.          6.543274161878
  UH0.         -14.632228245731
  UH1.           0.046398483205
  Una.          -6.160440410260
  Unl.          -0.169893753991
  Uxc0.         -1.674032562181
  Uxc1.         -1.674032562181
  Ucore.         9.515959234920
  Uhub.          0.000000000000
  Ucs.           0.000000000000
  Uzs.           0.000000000000
  Uzo.           0.000000000000
  Uef.           0.000000000000
  UvdW.          0.000000000000
  Uch.           0.000000000000
  Utot.         -8.204995654342

  UpV.           0.000000000000
  Enpy.         -8.204995654342
  Note:

  Utot = Ukin+UH0+UH1+Una+Unl+Uxc0+Uxc1+Ucore+Uhub+Ucs+Uzs+Uzo+Uef+UvdW+Uch

  Uele:   band energy
  Ukin:   kinetic energy
  UH0:    electric part of screened Coulomb energy
  UH1:    difference electron-electron Coulomb energy
  Una:    neutral atom potential energy
  Unl:    non-local potential energy
  Uxc0:   exchange-correlation energy for alpha spin
  Uxc1:   exchange-correlation energy for beta spin
  Ucore:  core-core Coulomb energy
  Uhub:   LDA+U energy
  Ucs:    constraint energy for spin orientation
  Uzs:    Zeeman term for spin magnetic moment
  Uzo:    Zeeman term for orbital magnetic moment
  Uef:    electric energy by electric field
  UvdW:   semi-empirical vdW energy
  Uch:    penalty term to create a core hole

  UpV:    pressure times volume
  Enpy:   Enthalpy = Utot + UpV
  (see also PRB 72, 045121(2005) for the energy contributions)



  Chemical potential (Hartree)       0.000000000000

***********************************************************
***********************************************************
                  SCF history at MD=10                    
***********************************************************
***********************************************************

   SCF=   1  NormRD=  1.000000000000  Uele= -3.384826824661
   SCF=   2  NormRD=  0.007818449054  Uele= -3.369339226472
   SCF=   3  NormRD=  0.006115690187  Uele= -3.371431148193
   SCF=   4  NormRD=  0.004823872937  Uele= -3.373010585039
   SCF=   5  NormRD=  0.000858292415  Uele= -3.377109411986
   SCF=   6  NormRD=  0.000062948365  Uele= -3.377961979681
   SCF=   7  NormRD=  0.000005530811  Uele= -3.377946599011
   SCF=   8  NormRD=  0.000000614118  Uele= -3.377949630418
   SCF=   9  NormRD=  0.000000013739  Uele= -3.377950490070
   SCF=  10  NormRD=  0.000000003068  Uele= -3.377950482877
   SCF=  11  NormRD=  0.000000000105  Uele= -3.377950478805
   SCF=  12  NormRD=  0.000000000007  Uele= -3.377950478937

*******************************************************
        Total energy (Hartree) at MD =10        
*******************************************************

  Uele.         -3.377950478937

  Ukin.          6.555391204320
  UH0.         -14.644437085339
  UH1.           0.046609470429
  Una.          -6.178193414136
  Unl.          -0.170553215072
  Uxc0.         -1.675878640760
  Uxc1.         -1.675878640760
  Ucore.         9.537495331477
  Uhub.          0.000000000000
  Ucs.           0.000000000000
  Uzs.           0.000000000000
  Uzo.           0.000000000000
  Uef.           0.000000000000
  UvdW.          0.000000000000
  Uch.           0.000000000000
  Utot.         -8.205444989842

  UpV.           0.000000000000
  Enpy.         -8.205444989842
  Note:

  Utot = Ukin+UH0+UH1+Una+Unl+Uxc0+Uxc1+Ucore+Uhub+Ucs+Uzs+Uzo+Uef+UvdW+Uch

  Uele:   band energy
  Ukin:   kinetic energy
  UH0:    electric part of screened Coulomb energy
  UH1:    difference electron-electron Coulomb energy
  Una:    neutral atom potential energy
  Unl:    non-local potential energy
  Uxc0:   exchange-correlation energy for alpha spin
  Uxc1:   exchange-correlation energy for beta spin
  Ucore:  core-core Coulomb energy
  Uhub:   LDA+U energy
  Ucs:    constraint energy for spin orientation
  Uzs:    Zeeman term for spin magnetic moment
  Uzo:    Zeeman term for orbital magnetic moment
  Uef:    electric energy by electric field
  UvdW:   semi-empirical vdW energy
  Uch:    penalty term to create a core hole

  UpV:    pressure times volume
  Enpy:   Enthalpy = Utot + UpV
  (see also PRB 72, 045121(2005) for the energy contributions)



  Chemical potential (Hartree)       0.000000000000

***********************************************************
***********************************************************
                  SCF history at MD=11                    
***********************************************************
***********************************************************

   SCF=   1  NormRD=  1.000000000000  Uele= -3.378517639328
   SCF=   2  NormRD=  0.000826336583  Uele= -3.375748985251
   SCF=   3  NormRD=  0.000629493163  Uele= -3.376019569139
   SCF=   4  NormRD=  0.000483004314  Uele= -3.376225115844
   SCF=   5  NormRD=  0.000046786033  Uele= -3.376933781675
   SCF=   6  NormRD=  0.000011356205  Uele= -3.376922017449
   SCF=   7  NormRD=  0.000000501715  Uele= -3.376909231504
   SCF=   8  NormRD=  0.000000045152  Uele= -3.376908804855
   SCF=   9  NormRD=  0.000000008003  Uele= -3.376908874561
   SCF=  10  NormRD=  0.000000000748  Uele= -3.376908865446
   SCF=  11  NormRD=  0.000000000012  Uele= -3.376908864687

*******************************************************
        Total energy (Hartree) at MD =11        
*******************************************************

  Uele.         -3.376908864687

  Ukin.          6.551320222355
  UH0.         -14.640211925918
  UH1.           0.046547234979
  Una.          -6.172392174243
  Unl.          -0.170305970162
  Uxc0.         -1.675295693016
  Uxc1.         -1.675295693016
  Ucore.         9.530043742810
  Uhub.          0.000000000000
  Ucs.           0.000000000000
  Uzs.           0.000000000000
  Uzo.           0.000000000000
  Uef.           0.000000000000
  UvdW.          0.000000000000
  Uch.           0.000000000000
  Utot.         -8.205590256212

  UpV.           0.000000000000
  Enpy.         -8.205590256212
  Note:

  Utot = Ukin+UH0+UH1+Una+Unl+Uxc0+Uxc1+Ucore+Uhub+Ucs+Uzs+Uzo+Uef+UvdW+Uch

  Uele:   band energy
  Ukin:   kinetic energy
  UH0:    electric part of screened Coulomb energy
  UH1:    difference electron-electron Coulomb energy
  Una:    neutral atom potential energy
  Unl:    non-local potential energy
  Uxc0:   exchange-correlation energy for alpha spin
  Uxc1:   exchange-correlation energy for beta spin
  Ucore:  core-core Coulomb energy
  Uhub:   LDA+U energy
  Ucs:    constraint energy for spin orientation
  Uzs:    Zeeman term for spin magnetic moment
  Uzo:    Zeeman term for orbital magnetic moment
  Uef:    electric energy by electric field
  UvdW:   semi-empirical vdW energy
  Uch:    penalty term to create a core hole

  UpV:    pressure times volume
  Enpy:   Enthalpy = Utot + UpV
  (see also PRB 72, 045121(2005) for the energy contributions)



  Chemical potential (Hartree)       0.000000000000

***********************************************************
***********************************************************
                  SCF history at MD=12                    
***********************************************************
***********************************************************

   SCF=   1  NormRD=  1.000000000000  Uele= -3.376186276149
   SCF=   2  NormRD=  0.000499601391  Uele= -3.377307442492
   SCF=   3  NormRD=  0.000386768303  Uele= -3.377164166752
   SCF=   4  NormRD=  0.000301843987  Uele= -3.377055917804
   SCF=   5  NormRD=  0.000037587463  Uele= -3.376747072726
   SCF=   6  NormRD=  0.000003093352  Uele= -3.376713471437
   SCF=   7  NormRD=  0.000000377176  Uele= -3.376713950210
   SCF=   8  NormRD=  0.000000048313  Uele= -3.376713703127
   SCF=   9  NormRD=  0.000000000983  Uele= -3.376713637261
   SCF=  10  NormRD=  0.000000000149  Uele= -3.376713637868

*******************************************************
        Total energy (Hartree) at MD =12        
*******************************************************

  Uele.         -3.376713637868

  Ukin.          6.550580454477
  UH0.         -14.639441571142
  UH1.           0.046535877359
  Una.          -6.171319677918
  Unl.          -0.170266672466
  Uxc0.         -1.675185863803
  Uxc1.         -1.675185863803
  Ucore.         9.528693113444
  Uhub.          0.000000000000
  Ucs.           0.000000000000
  Uzs.           0.000000000000
  Uzo.           0.000000000000
  Uef.           0.000000000000
  UvdW.          0.000000000000
  Uch.           0.000000000000
  Utot.         -8.205590203852

  UpV.           0.000000000000
  Enpy.         -8.205590203852
  Note:

  Utot = Ukin+UH0+UH1+Una+Unl+Uxc0+Uxc1+Ucore+Uhub+Ucs+Uzs+Uzo+Uef+UvdW+Uch

  Uele:   band energy
  Ukin:   kinetic energy
  UH0:    electric part of screened Coulomb energy
  UH1:    difference electron-electron Coulomb energy
  Una:    neutral atom potential energy
  Unl:    non-local potential energy
  Uxc0:   exchange-correlation energy for alpha spin
  Uxc1:   exchange-correlation energy for beta spin
  Ucore:  core-core Coulomb energy
  Uhub:   LDA+U energy
  Ucs:    constraint energy for spin orientation
  Uzs:    Zeeman term for spin magnetic moment
  Uzo:    Zeeman term for orbital magnetic moment
  Uef:    electric energy by electric field
  UvdW:   semi-empirical vdW energy
  Uch:    penalty term to create a core hole

  UpV:    pressure times volume
  Enpy:   Enthalpy = Utot + UpV
  (see also PRB 72, 045121(2005) for the energy contributions)



  Chemical potential (Hartree)       0.000000000000

***********************************************************
***********************************************************
                  SCF history at MD=13                    
***********************************************************
***********************************************************

   SCF=   1  NormRD=  1.000000000000  Uele= -3.376504090002
   SCF=   2  NormRD=  0.000197822147  Uele= -3.376989001771
   SCF=   3  NormRD=  0.000148684588  Uele= -3.376926690286
   SCF=   4  NormRD=  0.000111777216  Uele= -3.376879615953
   SCF=   5  NormRD=  0.000004046461  Uele= -3.376727649175
   SCF=   6  NormRD=  0.000000405491  Uele= -3.376730590612
   SCF=   7  NormRD=  0.000000149319  Uele= -3.376731084873
   SCF=   8  NormRD=  0.000000014147  Uele= -3.376730920473
   SCF=   9  NormRD=  0.000000000312  Uele= -3.376730901753
   SCF=  10  NormRD=  0.000000000051  Uele= -3.376730901582

*******************************************************
        Total energy (Hartree) at MD =13        
*******************************************************

  Uele.         -3.376730901582

  Ukin.          6.550646538868
  UH0.         -14.639510394689
  UH1.           0.046536896976
  Una.          -6.171415547119
  Unl.          -0.170270181770
  Uxc0.         -1.675195703866
  Uxc1.         -1.675195703866
  Ucore.         9.528813669762
  Uhub.          0.000000000000
  Ucs.           0.000000000000
  Uzs.           0.000000000000
  Uzo.           0.000000000000
  Uef.           0.000000000000
  UvdW.          0.000000000000
  Uch.           0.000000000000
  Utot.         -8.205590425702

  UpV.           0.000000000000
  Enpy.         -8.205590425702
  Note:

  Utot = Ukin+UH0+UH1+Una+Unl+Uxc0+Uxc1+Ucore+Uhub+Ucs+Uzs+Uzo+Uef+UvdW+Uch

  Uele:   band energy
  Ukin:   kinetic energy
  UH0:    electric part of screened Coulomb energy
  UH1:    difference electron-electron Coulomb energy
  Una:    neutral atom potential energy
  Unl:    non-local potential energy
  Uxc0:   exchange-correlation energy for alpha spin
  Uxc1:   exchange-correlation energy for beta spin
  Ucore:  core-core Coulomb energy
  Uhub:   LDA+U energy
  Ucs:    constraint energy for spin orientation
  Uzs:    Zeeman term for spin magnetic moment
  Uzo:    Zeeman term for orbital magnetic moment
  Uef:    electric energy by electric field
  UvdW:   semi-empirical vdW energy
  Uch:    penalty term to create a core hole

  UpV:    pressure times volume
  Enpy:   Enthalpy = Utot + UpV
  (see also PRB 72, 045121(2005) for the energy contributions)



  Chemical potential (Hartree)       0.000000000000

***********************************************************
***********************************************************
            Eigenvalues (Hartree) for SCF KS-eq.           
***********************************************************
***********************************************************

   Chemical Potential (Hartree) =   0.00000000000000
   Number of States             =   8.00000000000000
   HOMO =  4
   Eigenvalues
                Up-spin            Down-spin
          1  -0.63284977258361  -0.63284977258361
          2  -0.35188678536610  -0.35188678536610
          3  -0.35182807535986  -0.35182807535986
          4  -0.35180081748163  -0.35180081748163
          5   0.15948556698363   0.15948556698363
          6   0.19404169743058   0.19404169743058
          7   0.19407145990905   0.19407145990905
          8   0.19414268704273   0.19414268704273
          9   0.40362821047169   0.40362821047169
         10   0.40366711730518   0.40366711730518
         11   0.40367272467642   0.40367272467642
         12   0.87962023034890   0.87962023034890
         13   1.42057662148452   1.42057662148452
         14   1.42061291690076   1.42061291690076
         15   1.42062376463632   1.42062376463632
         16   2.20038099934074   2.20038099934074

***********************************************************
***********************************************************
              History of geometry optimization             
***********************************************************
***********************************************************

  MD_iter   SD_scaling     |Maximum force|   Maximum step        Utot
                           (Hartree/Bohr)        (Ang)         (Hartree)

    1       1.25981733       0.31797903       0.21198602      -8.09322525
    2       0.62990866       0.13838384       0.04612795      -8.18194945
    3       0.62990866       0.06556070       0.02185357      -8.19480753
    4       0.62990866       0.03886086       0.01295362      -8.19874947
    5       1.57477166       0.03013769       0.02511474      -8.20066805
    6       1.57477166       0.01761899       0.01468249      -8.20298070
    7       1.57477166       0.01250636       0.01042197      -8.20398738
    8       1.57477166       0.00715321       0.04809902      -8.20455881
    9       1.57477166       0.01603778       0.01536680      -8.20499565
   10       1.57477166       0.00325015       0.01100281      -8.20544499
   11       1.57477166       0.00031398       0.00085836      -8.20559026
   12       1.57477166       0.00041529       0.00044598      -8.20559020
   13       1.57477166       0.00005405       0.00000000      -8.20559043

***********************************************************
***********************************************************
                   Mulliken populations                    
***********************************************************
***********************************************************

  Total spin moment (muB)   0.000000000

                    Up spin      Down spin     Sum           Diff
      1    C      2.169925899  2.169925899   4.339851797   0.000000000
      2    H      0.457517654  0.457517654   0.915035308   0.000000000
      3    H      0.457522800  0.457522800   0.915045600   0.000000000
      4    H      0.457515582  0.457515582   0.915031164   0.000000000
      5    H      0.457518065  0.457518065   0.915036131   0.000000000

 Sum of MulP: up   =     4.00000 down          =     4.00000
              total=     8.00000 ideal(neutral)=     8.00000


  Decomposed Mulliken populations

    1    C          Up spin      Down spin     Sum           Diff
            multiple
  s           0    0.579634744  0.579634744   1.159269488   0.000000000
   sum over m      0.579634744  0.579634744   1.159269488   0.000000000
  s           1   -0.004946292 -0.004946292  -0.009892584   0.000000000
   sum over m     -0.004946292 -0.004946292  -0.009892584   0.000000000
   sum over m+mul  0.574688452  0.574688452   1.149376904   0.000000000
  px          0    0.540514094  0.540514094   1.081028189   0.000000000
  py          0    0.540535217  0.540535217   1.081070434   0.000000000
  pz          0    0.540515325  0.540515325   1.081030649   0.000000000
   sum over m      1.621564636  1.621564636   3.243129272   0.000000000
  px          1   -0.008775486 -0.008775486  -0.017550972   0.000000000
  py          1   -0.008776010 -0.008776010  -0.017552019   0.000000000
  pz          1   -0.008775693 -0.008775693  -0.017551386   0.000000000
   sum over m     -0.026327189 -0.026327189  -0.052654378   0.000000000
   sum over m+mul  1.595237447  1.595237447   3.190474894   0.000000000

    2    H          Up spin      Down spin     Sum           Diff
            multiple
  s           0    0.452705619  0.452705619   0.905411238   0.000000000
   sum over m      0.452705619  0.452705619   0.905411238   0.000000000
  s           1    0.004812035  0.004812035   0.009624069   0.000000000
   sum over m      0.004812035  0.004812035   0.009624069   0.000000000
   sum over m+mul  0.457517654  0.457517654   0.915035308   0.000000000

    3    H          Up spin      Down spin     Sum           Diff
            multiple
  s           0    0.452713182  0.452713182   0.905426363   0.000000000
   sum over m      0.452713182  0.452713182   0.905426363   0.000000000
  s           1    0.004809618  0.004809618   0.009619237   0.000000000
   sum over m      0.004809618  0.004809618   0.009619237   0.000000000
   sum over m+mul  0.457522800  0.457522800   0.915045600   0.000000000

    4    H          Up spin      Down spin     Sum           Diff
            multiple
  s           0    0.452702621  0.452702621   0.905405241   0.000000000
   sum over m      0.452702621  0.452702621   0.905405241   0.000000000
  s           1    0.004812961  0.004812961   0.009625923   0.000000000
   sum over m      0.004812961  0.004812961   0.009625923   0.000000000
   sum over m+mul  0.457515582  0.457515582   0.915031164   0.000000000

    5    H          Up spin      Down spin     Sum           Diff
            multiple
  s           0    0.452706070  0.452706070   0.905412140   0.000000000
   sum over m      0.452706070  0.452706070   0.905412140   0.000000000
  s           1    0.004811996  0.004811996   0.009623991   0.000000000
   sum over m      0.004811996  0.004811996   0.009623991   0.000000000
   sum over m+mul  0.457518065  0.457518065   0.915036131   0.000000000

***********************************************************
***********************************************************
                    Dipole moment (Debye)                  
***********************************************************
***********************************************************

 Absolute D        0.00016877

                      Dx                Dy                Dz
 Total              0.00006569        0.00003603       -0.00015123
 Core               1.53348928       -0.00209064       -2.30110779
 Electron          -1.53342359        0.00212668        2.30095656
 Back ground       -0.00000000        0.00000000        0.00000000

***********************************************************
***********************************************************
       xyz-coordinates (Ang) and forces (Hartree/Bohr)  
***********************************************************
***********************************************************

<coordinates.forces
  5
    1     C     0.03989  -0.00007  -0.05983   0.000010343458  0.000014056904 -0.000054054515
    2     H    -0.84970  -0.63441  -0.06117   0.000015097450  0.000003198735  0.000009917345
    3     H     0.03537   0.63553  -0.94855  -0.000013302059 -0.000001253558  0.000021365866
    4     H     0.03961   0.62614   0.83549   0.000000196584 -0.000011336453  0.000003460877
    5     H     0.93440  -0.62742  -0.06551  -0.000006519328 -0.000004258772  0.000017068478
coordinates.forces>

***********************************************************
***********************************************************
       Fractional coordinates of the final structure       
***********************************************************
***********************************************************

     1      C     0.00419856934084   0.99999205643799   0.99370281877515
     2      H     0.91057425535250   0.92581305380668   0.99356210604154
     3      H     0.00372249281050   0.07431710643255   0.90017051470572
     4      H     0.00416897655039   0.07321956211767   0.08793037575079
     5      H     0.09834063097943   0.92663115346708   0.99310563133715

***********************************************************
***********************************************************
               Computational Time (second)                 
***********************************************************
***********************************************************

   Elapsed.Time.        13.839

                               Min_ID   Min_Time       Max_ID   Max_Time
   Total Computational Time =    12       13.838          0       13.839
   readfile                 =    20        1.132          0        1.132
   truncation               =     9        0.497          1        0.583
   MD_pac                   =     0        0.074         23        0.092
   OutData                  =    15        0.000          0        0.001
   HWF                      =     0        0.000          0        0.000
   DFT                      =     1       12.003          9       12.089

*** In DFT ***

   Set_OLP_Kin              =     5        0.593          1        0.727
   Set_Nonlocal             =     1        0.419          5        0.553
   Set_ProExpn_VNA          =    26        1.901         12        1.980
   Set_Hamiltonian          =    12        3.087          7        3.088
   Poisson                  =     0        0.274         17        0.277
   Diagonalization          =    14        0.346          7        0.353
   Mixing_DM                =    23        0.018          0        0.018
   Force                    =     1        0.673         14        0.673
   Total_Energy             =    11        0.987          0        1.000
   Set_Aden_Grid            =    12        0.072         10        0.151
   Set_Orbitals_Grid        =     5        0.000          1        0.528
   Set_Density_Grid         =    26        0.650         14        1.042
   RestartFileDFT           =     4        1.343         27        1.931
   Mulliken_Charge          =    22        0.030          0        0.031
   FFT(2D)_Density          =     0        0.000          0        0.000
   Others                   =     0        0.312         25        1.075
