***********************************************************
***********************************************************

  This calculation was performed by OpenMX Ver. 4.0 GPU
  using 48 MPI processes and 1 OpenMP threads.

  Thu Aug 27 09:56:00 2026

***********************************************************
***********************************************************

#
#      File Name      
#

System.CurrrentDirectory         ./    # default=./
System.Name                      Benzene
level.of.stdout                   1    # default=1 (1-3)
level.of.fileout                  1    # default=1 (0-2)

#
# Definition of Atomic Species
#

Species.Number       2
<Definition.of.Atomic.Species
 H   H5.0-s1        H_CA19
 C   C5.0-s1p1      C_CA19
Definition.of.Atomic.Species>

#
# Atoms
#

Atoms.Number        12
Atoms.SpeciesAndCoordinates.Unit   Ang # Ang|AU
<Atoms.SpeciesAndCoordinates           
  1  C      0.570331    1.275019    0.0000000  2.0 2.0
  2  C      1.389391    0.143589    0.0000000  2.0 2.0
  3  C      0.819041   -1.131441    0.0000000  2.0 2.0
  4  C     -0.570339   -1.275021    0.0000000  2.0 2.0
  5  C     -1.389389   -0.143591    0.0000000  2.0 2.0
  6  C     -0.819039    1.131439    0.0000000  2.0 2.0
  7  H      1.020761    2.281989    0.0000000  0.5 0.5
  8  H      2.486651    0.256999    0.0000000  0.5 0.5
  9  H      1.465881   -2.025001    0.0000000  0.5 0.5
 10  H     -1.020759   -2.281991    0.0000000  0.5 0.5
 11  H     -2.486649   -0.257001    0.0000000  0.5 0.5
 12  H     -1.465879    2.025009    0.0000000  0.5 0.5
Atoms.SpeciesAndCoordinates>
Atoms.UnitVectors.Unit             Ang #  Ang|AU
<Atoms.UnitVectors                     
  13.0   0.0   0.0
   0.0  13.0   0.0
   0.0   0.0   7.0
Atoms.UnitVectors>

#
# SCF or Electronic System
#

scf.XcType                LSDA-CA      # LDA|LSDA-CA|LSDA-PW|GGA-PBE
scf.SpinPolarization       Off         # On|Off|NC
scf.ElectronicTemperature  300.0       # default=300 (K)
scf.energycutoff           200.0       # default=150 (Ry)
scf.maxIter                100         # default=40
scf.EigenvalueSolver       cluster     # DC|GDC|Cluster|Band
scf.Kgrid                  1 1 1       # means 4x4x4
scf.Mixing.Type           rmm-diis     # Simple|Rmm-Diis|Gr-Pulay|Kerker|Rmm-Diisk
scf.Init.Mixing.Weight     0.30        # default=0.30 
scf.Min.Mixing.Weight      0.001       # default=0.001 
scf.Max.Mixing.Weight      0.400       # default=0.40 
scf.Mixing.History          7          # default=5
scf.Mixing.StartPulay       5          # default=6
scf.criterion             1.0e-9       # default=1.0e-6 (Hartree) 
scf.eigen.lib             gpusolver

#
# MD or Geometry Optimization
#

MD.Type                     nomd       # Nomd|Opt|NVE|NVT_VS|NVT_NH
MD.maxIter                   1         # default=1
MD.TimeStep                1.0         # default=0.5 (fs)
MD.Opt.criterion          1.0e-4       # default=1.0e-4 (Hartree/bohr)


***********************************************************
***********************************************************

  Required cutoff energy (Ryd) for 3D-grids = 200.0000
      Used cutoff energy (Ryd) for 3D-grids = 205.1405, 205.1405, 203.0526
  Num. of grids of a-, b-, and c-axes = 112, 112, 60

  Num.Grid1.   112
  Num.Grid2.   112
  Num.Grid3.    60


  Cell_Volume =   7983.277982894211 (Bohr^3)
  GridVol     =      0.010607033885 (Bohr^3)
  Cell vectors (bohr) of the grid cell (gtv)
    gtv_a =  0.219343195103,  0.000000000000,  0.000000000000
    gtv_b =  0.000000000000,  0.219343195103,  0.000000000000
    gtv_c =  0.000000000000,  0.000000000000,  0.220468032001
    |gtv_a| =  0.219343195103
    |gtv_b| =  0.219343195103
    |gtv_c| =  0.220468032001

***********************************************************
***********************************************************


***********************************************************
***********************************************************
                  SCF history at MD= 1                    
***********************************************************
***********************************************************

   SCF=   1  NormRD=  1.000000000000  Uele= -11.807087965685
   SCF=   2  NormRD=  0.523118969931  Uele= -14.556381177317
   SCF=   3  NormRD=  0.825361511879  Uele= -16.534575355705
   SCF=   4  NormRD=  1.080286295040  Uele= -18.429049734614
   SCF=   5  NormRD=  0.996314131726  Uele= -18.221518823461
   SCF=   6  NormRD=  0.918809867422  Uele= -18.030072587906
   SCF=   7  NormRD=  0.025955610886  Uele= -15.738793724120
   SCF=   8  NormRD=  0.009338477089  Uele= -15.772400431632
   SCF=   9  NormRD=  0.003667268896  Uele= -15.764203128270
   SCF=  10  NormRD=  0.001959366098  Uele= -15.762560492339
   SCF=  11  NormRD=  0.001606997789  Uele= -15.762262860200
   SCF=  12  NormRD=  0.000867094488  Uele= -15.761637225737
   SCF=  13  NormRD=  0.000012740951  Uele= -15.760915440905
   SCF=  14  NormRD=  0.000000143810  Uele= -15.760905953215
   SCF=  15  NormRD=  0.000000064719  Uele= -15.760906421273
   SCF=  16  NormRD=  0.000000025689  Uele= -15.760906287007
   SCF=  17  NormRD=  0.000000001888  Uele= -15.760906278143
   SCF=  18  NormRD=  0.000000001590  Uele= -15.760906280145
   SCF=  19  NormRD=  0.000000000319  Uele= -15.760906280438

*******************************************************
        Total energy (Hartree) at MD = 1        
*******************************************************

  Uele.        -15.760906280438

  Ukin.         24.572738781360
  UH0.        -131.905756072661
  UH1.           0.377895405455
  Una.         -18.783571420154
  Unl.          -1.949464098543
  Uxc0.         -6.373621479257
  Uxc1.         -6.373621479257
  Ucore.       102.688243958898
  Uhub.          0.000000000000
  Ucs.           0.000000000000
  Uzs.           0.000000000000
  Uzo.           0.000000000000
  Uef.           0.000000000000
  UvdW.          0.000000000000
  Uch.           0.000000000000
  Utot.        -37.747156404158

  UpV.           0.000000000000
  Enpy.        -37.747156404158
  Note:

  Utot = Ukin+UH0+UH1+Una+Unl+Uxc0+Uxc1+Ucore+Uhub+Ucs+Uzs+Uzo+Uef+UvdW+Uch

  Uele:   band energy
  Ukin:   kinetic energy
  UH0:    electric part of screened Coulomb energy
  UH1:    difference electron-electron Coulomb energy
  Una:    neutral atom potential energy
  Unl:    non-local potential energy
  Uxc0:   exchange-correlation energy for alpha spin
  Uxc1:   exchange-correlation energy for beta spin
  Ucore:  core-core Coulomb energy
  Uhub:   LDA+U energy
  Ucs:    constraint energy for spin orientation
  Uzs:    Zeeman term for spin magnetic moment
  Uzo:    Zeeman term for orbital magnetic moment
  Uef:    electric energy by electric field
  UvdW:   semi-empirical vdW energy
  Uch:    penalty term to create a core hole

  UpV:    pressure times volume
  Enpy:   Enthalpy = Utot + UpV
  (see also PRB 72, 045121(2005) for the energy contributions)



  Chemical potential (Hartree)      -0.209884643555

***********************************************************
***********************************************************
            Eigenvalues (Hartree) for SCF KS-eq.           
***********************************************************
***********************************************************

   Chemical Potential (Hartree) =  -0.20988464355469
   Number of States             =  30.00000000000000
   HOMO = 15
   Eigenvalues
                Up-spin            Down-spin
          1  -0.87457456118779  -0.87457456118779
          2  -0.77168545873425  -0.77168545873425
          3  -0.77168274989707  -0.77168274989707
          4  -0.62412931414069  -0.62412931414069
          5  -0.62412215875511  -0.62412215875511
          6  -0.53717187617817  -0.53717187617817
          7  -0.49215305904828  -0.49215305904828
          8  -0.47467684893896  -0.47467684893896
          9  -0.45825769180626  -0.45825769180626
         10  -0.45825640820829  -0.45825640820829
         11  -0.40056978550924  -0.40056978550924
         12  -0.39024611084742  -0.39024611084742
         13  -0.39022919941441  -0.39022919941441
         14  -0.30635002291958  -0.30635002291958
         15  -0.30634789463321  -0.30634789463321
         16  -0.11342907157114  -0.11342907157114
         17  -0.11342358438501  -0.11342358438501
         18   0.03323271959112   0.03323271959112
         19   0.09891774798911   0.09891774798911
         20   0.16157788153403   0.16157788153403
         21   0.16159241391737   0.16159241391737
         22   0.23738072315415   0.23738072315415
         23   0.24737559353707   0.24737559353707
         24   0.24737950921782   0.24737950921782
         25   0.34446113605043   0.34446113605043
         26   0.34448304939420   0.34448304939420
         27   0.38210315769453   0.38210315769453
         28   0.38212412662902   0.38212412662902
         29   0.53699760296954   0.53699760296954
         30   0.58683574232799   0.58683574232799

***********************************************************
***********************************************************
                   Mulliken populations                    
***********************************************************
***********************************************************

  Total spin moment (muB)   0.000000000

                    Up spin      Down spin     Sum           Diff
      1    C      2.140047997  2.140047997   4.280095993   0.000000000
      2    C      2.140042601  2.140042601   4.280085202   0.000000000
      3    C      2.140036109  2.140036109   4.280072217   0.000000000
      4    C      2.140048544  2.140048544   4.280097088   0.000000000
      5    C      2.140043254  2.140043254   4.280086508   0.000000000
      6    C      2.140035939  2.140035939   4.280071878   0.000000000
      7    H      0.359949117  0.359949117   0.719898235   0.000000000
      8    H      0.359960648  0.359960648   0.719921297   0.000000000
      9    H      0.359963218  0.359963218   0.719926436   0.000000000
     10    H      0.359948746  0.359948746   0.719897492   0.000000000
     11    H      0.359960376  0.359960376   0.719920752   0.000000000
     12    H      0.359963451  0.359963451   0.719926903   0.000000000

 Sum of MulP: up   =    15.00000 down          =    15.00000
              total=    30.00000 ideal(neutral)=    30.00000


  Decomposed Mulliken populations

    1    C          Up spin      Down spin     Sum           Diff
            multiple
  s           0    0.541876496  0.541876496   1.083752991   0.000000000
   sum over m      0.541876496  0.541876496   1.083752991   0.000000000
   sum over m+mul  0.541876496  0.541876496   1.083752991   0.000000000
  px          0    0.521833261  0.521833261   1.043666523   0.000000000
  py          0    0.576341640  0.576341640   1.152683279   0.000000000
  pz          0    0.499996600  0.499996600   0.999993200   0.000000000
   sum over m      1.598171501  1.598171501   3.196343002   0.000000000
   sum over m+mul  1.598171501  1.598171501   3.196343002   0.000000000

    2    C          Up spin      Down spin     Sum           Diff
            multiple
  s           0    0.541879215  0.541879215   1.083758430   0.000000000
   sum over m      0.541879215  0.541879215   1.083758430   0.000000000
   sum over m+mul  0.541879215  0.541879215   1.083758430   0.000000000
  px          0    0.589102412  0.589102412   1.178204823   0.000000000
  py          0    0.509057000  0.509057000   1.018113999   0.000000000
  pz          0    0.500003975  0.500003975   1.000007950   0.000000000
   sum over m      1.598163386  1.598163386   3.196326772   0.000000000
   sum over m+mul  1.598163386  1.598163386   3.196326772   0.000000000

    3    C          Up spin      Down spin     Sum           Diff
            multiple
  s           0    0.541875986  0.541875986   1.083751972   0.000000000
   sum over m      0.541875986  0.541875986   1.083751972   0.000000000
   sum over m+mul  0.541875986  0.541875986   1.083751972   0.000000000
  px          0    0.536319944  0.536319944   1.072639889   0.000000000
  py          0    0.561841098  0.561841098   1.123682196   0.000000000
  pz          0    0.499999080  0.499999080   0.999998161   0.000000000
   sum over m      1.598160123  1.598160123   3.196320245   0.000000000
   sum over m+mul  1.598160123  1.598160123   3.196320245   0.000000000

    4    C          Up spin      Down spin     Sum           Diff
            multiple
  s           0    0.541877170  0.541877170   1.083754339   0.000000000
   sum over m      0.541877170  0.541877170   1.083754339   0.000000000
   sum over m+mul  0.541877170  0.541877170   1.083754339   0.000000000
  px          0    0.521831950  0.521831950   1.043663899   0.000000000
  py          0    0.576342598  0.576342598   1.152685196   0.000000000
  pz          0    0.499996827  0.499996827   0.999993654   0.000000000
   sum over m      1.598171374  1.598171374   3.196342749   0.000000000
   sum over m+mul  1.598171374  1.598171374   3.196342749   0.000000000

    5    C          Up spin      Down spin     Sum           Diff
            multiple
  s           0    0.541878049  0.541878049   1.083756098   0.000000000
   sum over m      0.541878049  0.541878049   1.083756098   0.000000000
   sum over m+mul  0.541878049  0.541878049   1.083756098   0.000000000
  px          0    0.589103125  0.589103125   1.178206250   0.000000000
  py          0    0.509057848  0.509057848   1.018115696   0.000000000
  pz          0    0.500004231  0.500004231   1.000008463   0.000000000
   sum over m      1.598165205  1.598165205   3.196330410   0.000000000
   sum over m+mul  1.598165205  1.598165205   3.196330410   0.000000000

    6    C          Up spin      Down spin     Sum           Diff
            multiple
  s           0    0.541874813  0.541874813   1.083749627   0.000000000
   sum over m      0.541874813  0.541874813   1.083749627   0.000000000
   sum over m+mul  0.541874813  0.541874813   1.083749627   0.000000000
  px          0    0.536320502  0.536320502   1.072641003   0.000000000
  py          0    0.561841338  0.561841338   1.123682675   0.000000000
  pz          0    0.499999286  0.499999286   0.999998573   0.000000000
   sum over m      1.598161126  1.598161126   3.196322251   0.000000000
   sum over m+mul  1.598161126  1.598161126   3.196322251   0.000000000

    7    H          Up spin      Down spin     Sum           Diff
            multiple
  s           0    0.359949117  0.359949117   0.719898235   0.000000000
   sum over m      0.359949117  0.359949117   0.719898235   0.000000000
   sum over m+mul  0.359949117  0.359949117   0.719898235   0.000000000

    8    H          Up spin      Down spin     Sum           Diff
            multiple
  s           0    0.359960648  0.359960648   0.719921297   0.000000000
   sum over m      0.359960648  0.359960648   0.719921297   0.000000000
   sum over m+mul  0.359960648  0.359960648   0.719921297   0.000000000

    9    H          Up spin      Down spin     Sum           Diff
            multiple
  s           0    0.359963218  0.359963218   0.719926436   0.000000000
   sum over m      0.359963218  0.359963218   0.719926436   0.000000000
   sum over m+mul  0.359963218  0.359963218   0.719926436   0.000000000

   10    H          Up spin      Down spin     Sum           Diff
            multiple
  s           0    0.359948746  0.359948746   0.719897492   0.000000000
   sum over m      0.359948746  0.359948746   0.719897492   0.000000000
   sum over m+mul  0.359948746  0.359948746   0.719897492   0.000000000

   11    H          Up spin      Down spin     Sum           Diff
            multiple
  s           0    0.359960376  0.359960376   0.719920752   0.000000000
   sum over m      0.359960376  0.359960376   0.719920752   0.000000000
   sum over m+mul  0.359960376  0.359960376   0.719920752   0.000000000

   12    H          Up spin      Down spin     Sum           Diff
            multiple
  s           0    0.359963451  0.359963451   0.719926903   0.000000000
   sum over m      0.359963451  0.359963451   0.719926903   0.000000000
   sum over m+mul  0.359963451  0.359963451   0.719926903   0.000000000

***********************************************************
***********************************************************
                    Dipole moment (Debye)                  
***********************************************************
***********************************************************

 Absolute D        0.00001883

                      Dx                Dy                Dz
 Total              0.00001166        0.00001478        0.00000000
 Core              -0.00004803       -0.00009606        0.00000000
 Electron           0.00005969        0.00011085        0.00000000
 Back ground       -0.00000000        0.00000000       -0.00000000

***********************************************************
***********************************************************
       xyz-coordinates (Ang) and forces (Hartree/Bohr)  
***********************************************************
***********************************************************

<coordinates.forces
  12
    1     C     0.57033   1.27502   0.00000   0.000385420144  0.000938282214 -0.000000000000
    2     C     1.38939   0.14359   0.00000   0.001095362556  0.000271998562  0.000000000000
    3     C     0.81904  -1.13144   0.00000   0.000662283023 -0.000741206226  0.000000000000
    4     C    -0.57034  -1.27502   0.00000  -0.000370778019 -0.000937175360 -0.000000000000
    5     C    -1.38939  -0.14359   0.00000  -0.001100161156 -0.000269937811 -0.000000000000
    6     C    -0.81904   1.13144   0.00000  -0.000674608611  0.000747358562  0.000000000000
    7     H     1.02076   2.28199   0.00000   0.026528036100  0.059377632456  0.000000000000
    8     H     2.48665   0.25700   0.00000   0.064669584671  0.006693733206 -0.000000000000
    9     H     1.46588  -2.02500   0.00000   0.038103991889 -0.052660289551 -0.000000000000
   10     H    -1.02076  -2.28199   0.00000  -0.026529665141 -0.059381022479 -0.000000000000
   11     H    -2.48665  -0.25700   0.00000  -0.064669618869 -0.006693384022 -0.000000000000
   12     H    -1.46588   2.02501   0.00000  -0.038099940936  0.052654044347 -0.000000000000
coordinates.forces>

***********************************************************
***********************************************************
       Fractional coordinates of the final structure       
***********************************************************
***********************************************************

     1      C     0.04387161538462   0.09807838461538   0.00000000000000
     2      C     0.10687623076923   0.01104530769231   0.00000000000000
     3      C     0.06300315384615   0.91296607692308   0.00000000000000
     4      C     0.95612776923077   0.90192146153846   0.00000000000000
     5      C     0.89312392307692   0.98895453846154   0.00000000000000
     6      C     0.93699700000000   0.08703376923077   0.00000000000000
     7      H     0.07852007692308   0.17553761538462   0.00000000000000
     8      H     0.19128084615385   0.01976915384615   0.00000000000000
     9      H     0.11276007692308   0.84423069230769   0.00000000000000
    10      H     0.92148007692308   0.82446223076923   0.00000000000000
    11      H     0.80871930769231   0.98023069230769   0.00000000000000
    12      H     0.88724007692308   0.15576992307692   0.00000000000000

***********************************************************
***********************************************************
               Computational Time (second)                 
***********************************************************
***********************************************************

   Elapsed.Time.        13.632

                               Min_ID   Min_Time       Max_ID   Max_Time
   Total Computational Time =    45       13.254          0       13.632
   readfile                 =    23        2.364          3        2.365
   truncation               =    19        0.113          2        0.116
   MD_pac                   =     0        0.001          2        0.002
   OutData                  =    44        1.243          0        1.617
   HWF                      =     0        0.000          0        0.000
   DFT                      =    10        9.526         37        9.528

*** In DFT ***

   Set_OLP_Kin              =    26        0.115          6        0.124
   Set_Nonlocal             =     6        0.030         26        0.039
   Set_ProExpn_VNA          =    25        0.178          1        0.209
   Set_Hamiltonian          =    46        0.090         35        0.090
   Poisson                  =     1        0.050         35        0.050
   Diagonalization          =     1        0.224         26        0.224
   Mixing_DM                =    26        0.005         16        0.005
   Force                    =    21        0.026          3        0.026
   Total_Energy             =    22        0.085          0        0.086
   Set_Aden_Grid            =     1        0.008         24        0.038
   Set_Orbitals_Grid        =    26        0.000         10        0.033
   Set_Density_Grid         =    46        0.005         23        0.089
   RestartFileDFT           =    47        0.018         37        0.043
   Mulliken_Charge          =    14        0.004         23        0.004
   FFT(2D)_Density          =     0        0.000          0        0.000
   Others                   =     2        8.519         45        8.640
