***********************************************************
***********************************************************

  This calculation was performed by OpenMX Ver. 4.0 GPU
  using 48 MPI processes and 1 OpenMP threads.

  Thu Aug 27 09:56:59 2026

***********************************************************
***********************************************************

#
#      File Name      
#

System.CurrrentDirectory         ./    # default=./
System.Name                      Graphite4
level.of.stdout                   1    # default=1 (1-3)
level.of.fileout                  1    # default=1 (0-2)

#
# Definition of Atomic Species
#

Species.Number       1
<Definition.of.Atomic.Species
 C   C5.0-s2p2   C_PBE19
Definition.of.Atomic.Species>

#
# Atoms
#

Atoms.Number         4
Atoms.SpeciesAndCoordinates.Unit   Ang # Ang|AU
<Atoms.SpeciesAndCoordinates           # Unit=Ang.
 1  C  0.000000000  0.000000000  0.000000000  2.0 2.0
 2  C  2.840000000  0.000000000  0.000000000  2.0 2.0
 3  C  0.710000000  1.229756000  0.000000000  2.0 2.0
 4  C  2.130000000  1.229756000  0.000000000  2.0 2.0
Atoms.SpeciesAndCoordinates>
Atoms.UnitVectors.Unit             Ang #  Ang|AU
<Atoms.UnitVectors                     # unit=Ang.
4.26000000000000 0.00000000000000  0.00000000000000
0.00000000000000 2.45951214674781  0.00000000000000
0.00000000000000 0.00000000000000 10.00000000000000
Atoms.UnitVectors>

#
# SCF or Electronic System
#

scf.XcType                 GGA-PBE     # LDA|LSDA-CA|LSDA-PW|GGA-PBE
scf.SpinPolarization       Off         # On|Off|NC
scf.ElectronicTemperature  300.0       # default=300 (K)
scf.energycutoff           150.0       # default=150 (Ry)
scf.maxIter                100         # default=40
scf.EigenvalueSolver       band        # DC|GDC|Cluster|Band
scf.Kgrid                 5 5 1        # means 4x4x4
scf.Mixing.Type           rmm-diis     # Simple|Rmm-Diis|Gr-Pulay|Kerker|Rmm-Diisk
scf.Init.Mixing.Weight     0.010       # default=0.30 
scf.Min.Mixing.Weight      0.001       # default=0.001 
scf.Max.Mixing.Weight      0.002       # default=0.40 
scf.Mixing.History          7          # default=5
scf.Mixing.StartPulay       5          # default=6
scf.criterion             1.0e-9       # default=1.0e-6 (Hartree) 
scf.eigen.lib             gpusolver

#
# MD or Geometry Optimization
#

MD.Type                     nomd       # Nomd|Opt|NVE|NVT_VS|NVT_NH
MD.maxIter                   1         # default=1
MD.TimeStep                0.5         # default=0.5 (fs)
MD.Opt.criterion          1.0e-4       # default=1.0e-4 (Hartree/bohr)


***********************************************************
***********************************************************

  Required cutoff energy (Ryd) for 3D-grids = 150.0000
      Used cutoff energy (Ryd) for 3D-grids = 155.9491, 148.0298, 155.4621
  Num. of grids of a-, b-, and c-axes = 32, 18, 75

  Num.Grid1.    32
  Num.Grid2.    18
  Num.Grid3.    75


  Cell_Volume =    707.058061397437 (Bohr^3)
  GridVol     =      0.016367084755 (Bohr^3)
  Cell vectors (bohr) of the grid cell (gtv)
    gtv_a =  0.251569772230,  0.000000000000,  0.000000000000
    gtv_b =  0.000000000000,  0.258211334607,  0.000000000000
    gtv_c =  0.000000000000,  0.000000000000,  0.251963465144
    |gtv_a| =  0.251569772230
    |gtv_b| =  0.258211334607
    |gtv_c| =  0.251963465144

***********************************************************
***********************************************************


***********************************************************
***********************************************************
                  SCF history at MD= 1                    
***********************************************************
***********************************************************

   SCF=   1  NormRD=  1.000000000000  Uele= -6.143694477600
   SCF=   2  NormRD=  0.412689208674  Uele= -6.147300920618
   SCF=   3  NormRD=  0.176574023531  Uele= -7.961858557451
   SCF=   4  NormRD=  0.176226297764  Uele= -7.961937875048
   SCF=   5  NormRD=  0.175738676352  Uele= -7.960369050664
   SCF=   6  NormRD=  0.175252404397  Uele= -7.958804561692
   SCF=   7  NormRD=  0.002281735721  Uele= -7.394319307772
   SCF=   8  NormRD=  0.000508820004  Uele= -7.397202485730
   SCF=   9  NormRD=  0.000137288267  Uele= -7.395840175302
   SCF=  10  NormRD=  0.000031717347  Uele= -7.395619425569
   SCF=  11  NormRD=  0.000000207229  Uele= -7.395545773675
   SCF=  12  NormRD=  0.000000001971  Uele= -7.395546242185
   SCF=  13  NormRD=  0.000000000967  Uele= -7.395546237262
   SCF=  14  NormRD=  0.000000000043  Uele= -7.395546237300

*******************************************************
        Total energy (Hartree) at MD = 1        
*******************************************************

  Uele.         -7.395546237300

  Ukin.         16.946667358114
  UH0.        -205.149225762336
  UH1.           0.050889699766
  Una.         -11.516265779794
  Unl.          -2.244593394861
  Uxc0.         -3.886833831807
  Uxc1.         -3.886833831807
  Ucore.       186.366267826204
  Uhub.          0.000000000000
  Ucs.           0.000000000000
  Uzs.           0.000000000000
  Uzo.           0.000000000000
  Uef.           0.000000000000
  UvdW.          0.000000000000
  Uch.           0.000000000000
  Utot.        -23.319927716521

  UpV.           0.000000000000
  Enpy.        -23.319927716521
  Note:

  Utot = Ukin+UH0+UH1+Una+Unl+Uxc0+Uxc1+Ucore+Uhub+Ucs+Uzs+Uzo+Uef+UvdW+Uch

  Uele:   band energy
  Ukin:   kinetic energy
  UH0:    electric part of screened Coulomb energy
  UH1:    difference electron-electron Coulomb energy
  Una:    neutral atom potential energy
  Unl:    non-local potential energy
  Uxc0:   exchange-correlation energy for alpha spin
  Uxc1:   exchange-correlation energy for beta spin
  Ucore:  core-core Coulomb energy
  Uhub:   LDA+U energy
  Ucs:    constraint energy for spin orientation
  Uzs:    Zeeman term for spin magnetic moment
  Uzo:    Zeeman term for orbital magnetic moment
  Uef:    electric energy by electric field
  UvdW:   semi-empirical vdW energy
  Uch:    penalty term to create a core hole

  UpV:    pressure times volume
  Enpy:   Enthalpy = Utot + UpV
  (see also PRB 72, 045121(2005) for the energy contributions)



  Chemical potential (Hartree)      -0.114281124552

***********************************************************
***********************************************************
           Eigenvalues (Hartree) of SCF KS-eq.           
***********************************************************
***********************************************************

   Chemical Potential (Hartree) =  -0.11428112455178
   Number of States             =  16.00000000000000
   Eigenvalues
              Up-spin           Down-spin

   kloop=0
   k1=   0.00000 k2=  -0.00000 k3=   0.00000

    1   -0.84627653506677  -0.84627653506677
    2   -0.65266980203578  -0.65266980203578
    3   -0.61643268952481  -0.61643268952481
    4   -0.40324119876913  -0.40324119876913
    5   -0.36604834613978  -0.36604834613978
    6   -0.23511744082218  -0.23511744082218
    7   -0.23495562646013  -0.23495562646013
    8   -0.20640374438146  -0.20640374438146
    9   -0.03749365205345  -0.03749365205345
   10    0.25350814672512   0.25350814672512
   11    0.25555860909465   0.25555860909465
   12    0.25568815892293   0.25568815892293
   13    0.31527672071810   0.31527672071810
   14    0.41690837477444   0.41690837477444
   15    0.50899464591398   0.50899464591398
   16    0.54582305332925   0.54582305332925
   17    0.60140593535396   0.60140593535396
   18    0.63006901088504   0.63006901088504
   19    0.63033761502913   0.63033761502913
   20    0.66144945096890   0.66144945096890
   21    0.73640733541424   0.73640733541424
   22    1.06094945348151   1.06094945348151
   23    1.23590670533240   1.23590670533240
   24    1.98729161149266   1.98729161149266
   25    1.98846964595485   1.98846964595485
   26    2.15887250844766   2.15887250844766
   27    2.34302802070162   2.34302802070162
   28    2.34333724273307   2.34333724273307
   29    3.83503307973649   3.83503307973649
   30    4.01170161953364   4.01170161953364
   31    4.25176815758215   4.25176815758215
   32    9.17177355190106   9.17177355190106

   kloop=1
   k1=   0.00000 k2=   0.20000 k3=   0.00000

    1   -0.82050189174083  -0.82050189174083
    2   -0.63039358643515  -0.63039358643515
    3   -0.59542589538674  -0.59542589538674
    4   -0.45430828780900  -0.45430828780900
    5   -0.37148040065322  -0.37148040065322
    6   -0.32104750801002  -0.32104750801002
    7   -0.28994467708120  -0.28994467708120
    8   -0.17310628812279  -0.17310628812279
    9   -0.05877600394215  -0.05877600394215
   10    0.24551505739288   0.24551505739288
   11    0.28534696485762   0.28534696485762
   12    0.34897166478289   0.34897166478289
   13    0.36152314067892   0.36152314067892
   14    0.45340838176899   0.45340838176899
   15    0.51326471060723   0.51326471060723
   16    0.52524860646261   0.52524860646261
   17    0.54971177642231   0.54971177642231
   18    0.58104352641240   0.58104352641240
   19    0.74896826916121   0.74896826916121
   20    0.75567601759462   0.75567601759462
   21    0.76544538171560   0.76544538171560
   22    1.07637744225773   1.07637744225773
   23    1.16425506562885   1.16425506562885
   24    1.24741903443411   1.24741903443411
   25    1.57642710216163   1.57642710216163
   26    1.60647399755089   1.60647399755089
   27    2.29287908947685   2.29287908947685
   28    2.81269597072100   2.81269597072100
   29    3.60509886271325   3.60509886271325
   30    4.08911633985362   4.08911633985362
   31    4.88942773070011   4.88942773070011
   32    8.01755916521757   8.01755916521757

   kloop=2
   k1=   0.00000 k2=   0.40000 k3=   0.00000

    1   -0.74404880132866  -0.74404880132866
    2   -0.62630416567528  -0.62630416567528
    3   -0.56412882133708  -0.56412882133708
    4   -0.50403115865160  -0.50403115865160
    5   -0.45662280897874  -0.45662280897874
    6   -0.40286638180537  -0.40286638180537
    7   -0.28029968734985  -0.28029968734985
    8   -0.15374708747854  -0.15374708747854
    9   -0.07471644650901  -0.07471644650901
   10    0.07954045693559   0.07954045693559
   11    0.35891345339514   0.35891345339514
   12    0.40160903601937   0.40160903601937
   13    0.44301556664648   0.44301556664648
   14    0.45506923641007   0.45506923641007
   15    0.55825037722766   0.55825037722766
   16    0.58765516345128   0.58765516345128
   17    0.59529581397433   0.59529581397433
   18    0.65058386346071   0.65058386346071
   19    0.75096883281667   0.75096883281667
   20    0.79431187646743   0.79431187646743
   21    0.81709373116281   0.81709373116281
   22    0.96730555899743   0.96730555899743
   23    1.01778810790679   1.01778810790679
   24    1.09417994891651   1.09417994891651
   25    1.21706798431117   1.21706798431117
   26    1.42212808726068   1.42212808726068
   27    2.71340538003292   2.71340538003292
   28    3.25067587499034   3.25067587499034
   29    3.34072708283053   3.34072708283053
   30    3.64104197561722   3.64104197561722
   31    6.33017857074744   6.33017857074744
   32    7.89351833196550   7.89351833196550

   kloop=3
   k1=   0.20000 k2=  -0.00000 k3=   0.00000

    1   -0.83770877407583  -0.83770877407583
    2   -0.71093737596226  -0.71093737596226
    3   -0.54513871427083  -0.54513871427083
    4   -0.39260244862915  -0.39260244862915
    5   -0.35710633330099  -0.35710633330099
    6   -0.26984972933691  -0.26984972933691
    7   -0.25372791654395  -0.25372791654395
    8   -0.24742674026717  -0.24742674026717
    9    0.01845585671609   0.01845585671609
   10    0.25549432166707   0.25549432166707
   11    0.26337429166368   0.26337429166368
   12    0.29191066008074   0.29191066008074
   13    0.30068183684451   0.30068183684451
   14    0.42142837564060   0.42142837564060
   15    0.51400235127572   0.51400235127572
   16    0.54624777366617   0.54624777366617
   17    0.57432928801975   0.57432928801975
   18    0.59785224416636   0.59785224416636
   19    0.61874856014115   0.61874856014115
   20    0.62111096967889   0.62111096967889
   21    0.80646178063773   0.80646178063773
   22    1.05270352283782   1.05270352283782
   23    1.26335352826614   1.26335352826614
   24    1.45093000189415   1.45093000189415
   25    1.65918631165523   1.65918631165523
   26    2.22921965644478   2.22921965644478
   27    2.32310103715925   2.32310103715925
   28    2.49542742875879   2.49542742875879
   29    3.55632553816931   3.55632553816931
   30    3.80259162478616   3.80259162478616
   31    4.28154426862451   4.28154426862451
   32    8.65166416081948   8.65166416081948

   kloop=4
   k1=   0.20000 k2=   0.20000 k3=   0.00000

    1   -0.81190088212865  -0.81190088212865
    2   -0.68678819183725  -0.68678819183725
    3   -0.53022240575424  -0.53022240575424
    4   -0.44301406102281  -0.44301406102281
    5   -0.36109926012061  -0.36109926012061
    6   -0.35206933211128  -0.35206933211128
    7   -0.29317501431359  -0.29317501431359
    8   -0.21733479642665  -0.21733479642665
    9   -0.00630751832690  -0.00630751832690
   10    0.22256158115377   0.22256158115377
   11    0.26772432331328   0.26772432331328
   12    0.36550022381105   0.36550022381105
   13    0.40436779293347   0.40436779293347
   14    0.45598434124772   0.45598434124772
   15    0.46297965512581   0.46297965512581
   16    0.52994019414643   0.52994019414643
   17    0.55652175258352   0.55652175258352
   18    0.59526021712703   0.59526021712703
   19    0.66400567653339   0.66400567653339
   20    0.73450171929493   0.73450171929493
   21    0.85327384733620   0.85327384733620
   22    1.03773097953472   1.03773097953472
   23    1.13050464517471   1.13050464517471
   24    1.32000133534224   1.32000133534224
   25    1.39375452347793   1.39375452347793
   26    1.45424688703762   1.45424688703762
   27    2.26423647106692   2.26423647106692
   28    2.88870759748344   2.88870759748344
   29    3.50003016798123   3.50003016798123
   30    4.14305958447678   4.14305958447678
   31    6.47167834378188   6.47167834378188
   32    7.35442122652233   7.35442122652233

   kloop=5
   k1=   0.20000 k2=   0.40000 k3=   0.00000

    1   -0.73567151922853  -0.73567151922853
    2   -0.63014580118799  -0.63014580118799
    3   -0.59576711602804  -0.59576711602804
    4   -0.49517178081618  -0.49517178081618
    5   -0.45419923945561  -0.45419923945561
    6   -0.37214047107504  -0.37214047107504
    7   -0.27190183057787  -0.27190183057787
    8   -0.17309284446897  -0.17309284446897
    9   -0.05877367905749  -0.05877367905749
   10    0.06104700434656   0.06104700434656
   11    0.29161834728786   0.29161834728786
   12    0.36169710780143   0.36169710780143
   13    0.48868249747528   0.48868249747528
   14    0.51314202911004   0.51314202911004
   15    0.58110588698987   0.58110588698987
   16    0.59209318086349   0.59209318086349
   17    0.59947197325591   0.59947197325591
   18    0.63582095085882   0.63582095085882
   19    0.74912612913084   0.74912612913084
   20    0.75549066999552   0.75549066999552
   21    0.76537870229249   0.76537870229249
   22    0.89566928665771   0.89566928665771
   23    1.03339215225299   1.03339215225299
   24    1.07610596576556   1.07610596576556
   25    1.24762226463119   1.24762226463119
   26    1.34769279863927   1.34769279863927
   27    2.42841512345308   2.42841512345308
   28    2.81439223190093   2.81439223190093
   29    3.60421351733343   3.60421351733343
   30    3.75442988048982   3.75442988048982
   31    7.44157120654530   7.44157120654530
   32    8.01831601952576   8.01831601952576

   kloop=6
   k1=   0.20000 k2=   0.60000 k3=   0.00000

    1   -0.73567151922751  -0.73567151922751
    2   -0.63014580118819  -0.63014580118819
    3   -0.59576711602824  -0.59576711602824
    4   -0.49517178081759  -0.49517178081759
    5   -0.45419923945493  -0.45419923945493
    6   -0.37214047107590  -0.37214047107590
    7   -0.27190183057678  -0.27190183057678
    8   -0.17309284446928  -0.17309284446928
    9   -0.05877367905725  -0.05877367905725
   10    0.06104700434488   0.06104700434488
   11    0.29161834728847   0.29161834728847
   12    0.36169710780078   0.36169710780078
   13    0.48868249747563   0.48868249747563
   14    0.51314202911054   0.51314202911054
   15    0.58110588699017   0.58110588699017
   16    0.59209318086442   0.59209318086442
   17    0.59947197325671   0.59947197325671
   18    0.63582095086066   0.63582095086066
   19    0.74912612912999   0.74912612912999
   20    0.75549066999535   0.75549066999535
   21    0.76537870229186   0.76537870229186
   22    0.89566928665572   0.89566928665572
   23    1.03339215225355   1.03339215225355
   24    1.07610596576610   1.07610596576610
   25    1.24762226463129   1.24762226463129
   26    1.34769279863802   1.34769279863802
   27    2.42841512347798   2.42841512347798
   28    2.81439223190332   2.81439223190332
   29    3.60421351729066   3.60421351729066
   30    3.75442988066467   3.75442988066467
   31    7.44157120702363   7.44157120702363
   32    8.01831601996772   8.01831601996772

   kloop=7
   k1=   0.20000 k2=   0.80000 k3=   0.00000

    1   -0.81190088212810  -0.81190088212810
    2   -0.68678819183684  -0.68678819183684
    3   -0.53022240575397  -0.53022240575397
    4   -0.44301406102407  -0.44301406102407
    5   -0.36109926012001  -0.36109926012001
    6   -0.35206933211269  -0.35206933211269
    7   -0.29317501431426  -0.29317501431426
    8   -0.21733479642610  -0.21733479642610
    9   -0.00630751832747  -0.00630751832747
   10    0.22256158115237   0.22256158115237
   11    0.26772432331342   0.26772432331342
   12    0.36550022381285   0.36550022381285
   13    0.40436779293525   0.40436779293525
   14    0.45598434124849   0.45598434124849
   15    0.46297965512451   0.46297965512451
   16    0.52994019414673   0.52994019414673
   17    0.55652175258387   0.55652175258387
   18    0.59526021712720   0.59526021712720
   19    0.66400567653447   0.66400567653447
   20    0.73450171929601   0.73450171929601
   21    0.85327384733666   0.85327384733666
   22    1.03773097953561   1.03773097953561
   23    1.13050464517243   1.13050464517243
   24    1.32000133534145   1.32000133534145
   25    1.39375452346831   1.39375452346831
   26    1.45424688703685   1.45424688703685
   27    2.26423647106991   2.26423647106991
   28    2.88870759754837   2.88870759754837
   29    3.50003016800500   3.50003016800500
   30    4.14305958469614   4.14305958469614
   31    6.47167834412383   6.47167834412383
   32    7.35442122694673   7.35442122694673

   kloop=8
   k1=   0.40000 k2=  -0.00000 k3=   0.00000

    1   -0.81189779016454  -0.81189779016454
    2   -0.76923824238872  -0.76923824238872
    3   -0.44955499861060  -0.44955499861060
    4   -0.36110276938513  -0.36110276938513
    5   -0.35197996753328  -0.35197996753328
    6   -0.33141237909592  -0.33141237909592
    7   -0.31053384274946  -0.31053384274946
    8   -0.29326929317049  -0.29326929317049
    9    0.12172973971318   0.12172973971318
   10    0.22255533264347   0.22255533264347
   11    0.26138965584837   0.26138965584837
   12    0.26747483005616   0.26747483005616
   13    0.40442185062416   0.40442185062416
   14    0.45604826514974   0.45604826514974
   15    0.51635744461515   0.51635744461515
   16    0.52231525644361   0.52231525644361
   17    0.52994611184686   0.52994611184686
   18    0.55654889228351   0.55654889228351
   19    0.55782097023671   0.55782097023671
   20    0.58638847994763   0.58638847994763
   21    0.98663133946272   0.98663133946272
   22    1.05632442109992   1.05632442109992
   23    1.13057071577288   1.13057071577288
   24    1.33643074430819   1.33643074430819
   25    1.39371852683898   1.39371852683898
   26    1.45430303699395   1.45430303699395
   27    2.26364470477222   2.26364470477222
   28    2.28773269641039   2.28773269641039
   29    3.88764202695382   3.88764202695382
   30    4.14259173203685   4.14259173203685
   31    6.47692805838582   6.47692805838582
   32    8.09080995050873   8.09080995050873

   kloop=9
   k1=   0.40000 k2=   0.20000 k3=   0.00000

    1   -0.78623985025158  -0.78623985025158
    2   -0.74405941834296  -0.74405941834296
    3   -0.45642022493836  -0.45642022493836
    4   -0.40307828790565  -0.40307828790565
    5   -0.40182226877679  -0.40182226877679
    6   -0.33741308704926  -0.33741308704926
    7   -0.33015517496996  -0.33015517496996
    8   -0.28030539163677  -0.28030539163677
    9    0.07953388198774   0.07953388198774
   10    0.16141296938995   0.16141296938995
   11    0.29753610751258   0.29753610751258
   12    0.35907988678617   0.35907988678617
   13    0.40127182152070   0.40127182152070
   14    0.41055836004559   0.41055836004559
   15    0.54072899182280   0.54072899182280
   16    0.55075256442930   0.55075256442930
   17    0.56882297265506   0.56882297265506
   18    0.58764528409872   0.58764528409872
   19    0.59535389288487   0.59535389288487
   20    0.65075889074040   0.65075889074040
   21    0.96719734694890   0.96719734694890
   22    1.01799843952048   1.01799843952048
   23    1.05187999836795   1.05187999836795
   24    1.12598448396356   1.12598448396356
   25    1.42194874787631   1.42194874787631
   26    1.45672125133644   1.45672125133644
   27    2.36288348368777   2.36288348368777
   28    2.71362173216803   2.71362173216803
   29    3.64046071580529   3.64046071580529
   30    3.98118110991335   3.98118110991335
   31    6.27499625136094   6.27499625136094
   32    6.32790929599011   6.32790929599011

   kloop=10
   k1=   0.40000 k2=   0.40000 k3=   0.00000

    1   -0.71090534085299  -0.71090534085299
    2   -0.67146247927971  -0.67146247927971
    3   -0.58345459779715  -0.58345459779715
    4   -0.54524666240076  -0.54524666240076
    5   -0.39023843743310  -0.39023843743310
    6   -0.35702100594824  -0.35702100594824
    7   -0.24741307671059  -0.24741307671059
    8   -0.21099341325082  -0.21099341325082
    9   -0.02503089985890  -0.02503089985890
   10    0.01847655744357   0.01847655744357
   11    0.25585582212863   0.25585582212863
   12    0.28676775901482   0.28676775901482
   13    0.55133484721282   0.55133484721282
   14    0.57421063588924   0.57421063588924
   15    0.59788537287878   0.59788537287878
   16    0.61509331086792   0.61509331086792
   17    0.61873362693033   0.61873362693033
   18    0.62106849650415   0.62106849650415
   19    0.64797037708795   0.64797037708795
   20    0.69710559310630   0.69710559310630
   21    0.76711600163823   0.76711600163823
   22    0.80634729840749   0.80634729840749
   23    1.05253830926516   1.05253830926516
   24    1.05541801830019   1.05541801830019
   25    1.26339813138996   1.26339813138996
   26    1.26941958415621   1.26941958415621
   27    2.23037575373642   2.23037575373642
   28    2.35419285863396   2.35419285863396
   29    3.76632790078871   3.76632790078871
   30    3.80301091712516   3.80301091712516
   31    8.42458154449083   8.42458154449083
   32    8.64375063746230   8.64375063746230

   kloop=11
   k1=   0.40000 k2=   0.60000 k3=   0.00000

    1   -0.71090534085196  -0.71090534085196
    2   -0.67146247927887  -0.67146247927887
    3   -0.58345459779839  -0.58345459779839
    4   -0.54524666240221  -0.54524666240221
    5   -0.39023843743278  -0.39023843743278
    6   -0.35702100594847  -0.35702100594847
    7   -0.24741307670964  -0.24741307670964
    8   -0.21099341325030  -0.21099341325030
    9   -0.02503089985972  -0.02503089985972
   10    0.01847655744218   0.01847655744218
   11    0.25585582212872   0.25585582212872
   12    0.28676775901419   0.28676775901419
   13    0.55133484721407   0.55133484721407
   14    0.57421063588987   0.57421063588987
   15    0.59788537287930   0.59788537287930
   16    0.61509331086813   0.61509331086813
   17    0.61873362693098   0.61873362693098
   18    0.62106849650542   0.62106849650542
   19    0.64797037708828   0.64797037708828
   20    0.69710559310596   0.69710559310596
   21    0.76711600163666   0.76711600163666
   22    0.80634729840592   0.80634729840592
   23    1.05253830926547   1.05253830926547
   24    1.05541801830100   1.05541801830100
   25    1.26339813138942   1.26339813138942
   26    1.26941958415502   1.26941958415502
   27    2.23037575377265   2.23037575377265
   28    2.35419285858964   2.35419285858964
   29    3.76632790068361   3.76632790068361
   30    3.80301091731356   3.80301091731356
   31    8.42458154416560   8.42458154416560
   32    8.64375063871726   8.64375063871726

   kloop=12
   k1=   0.40000 k2=   0.80000 k3=   0.00000

    1   -0.78623985025101  -0.78623985025101
    2   -0.74405941834251  -0.74405941834251
    3   -0.45642022493893  -0.45642022493893
    4   -0.40307828790628  -0.40307828790628
    5   -0.40182226877814  -0.40182226877814
    6   -0.33741308704945  -0.33741308704945
    7   -0.33015517496936  -0.33015517496936
    8   -0.28030539163621  -0.28030539163621
    9    0.07953388198686   0.07953388198686
   10    0.16141296938874   0.16141296938874
   11    0.29753610751225   0.29753610751225
   12    0.35907988678669   0.35907988678669
   13    0.40127182152059   0.40127182152059
   14    0.41055836004745   0.41055836004745
   15    0.54072899182357   0.54072899182357
   16    0.55075256442958   0.55075256442958
   17    0.56882297265561   0.56882297265561
   18    0.58764528409915   0.58764528409915
   19    0.59535389288550   0.59535389288550
   20    0.65075889074145   0.65075889074145
   21    0.96719734694798   0.96719734694798
   22    1.01799843952070   1.01799843952070
   23    1.05187999836730   1.05187999836730
   24    1.12598448395919   1.12598448395919
   25    1.42194874787397   1.42194874787397
   26    1.45672125133816   1.45672125133816
   27    2.36288348369369   2.36288348369369
   28    2.71362173223426   2.71362173223426
   29    3.64046071562420   3.64046071562420
   30    3.98118111013863   3.98118111013863
   31    6.27499625158167   6.27499625158167
   32    6.32790929624354   6.32790929624354

***********************************************************
***********************************************************
                   Mulliken populations                    
***********************************************************
***********************************************************

  Total spin moment (muB)   0.000000000

                    Up spin      Down spin     Sum           Diff
      1    C      2.000000000  2.000000000   4.000000000   0.000000000
      2    C      2.000000000  2.000000000   4.000000000   0.000000000
      3    C      2.000000000  2.000000000   4.000000000   0.000000000
      4    C      2.000000000  2.000000000   4.000000000   0.000000000

 Sum of MulP: up   =     8.00000 down          =     8.00000
              total=    16.00000 ideal(neutral)=    16.00000


  Decomposed Mulliken populations

    1    C          Up spin      Down spin     Sum           Diff
            multiple
  s           0    0.558981208  0.558981208   1.117962416   0.000000000
   sum over m      0.558981208  0.558981208   1.117962416   0.000000000
  s           1    0.009486469  0.009486469   0.018972938   0.000000000
   sum over m      0.009486469  0.009486469   0.018972938   0.000000000
   sum over m+mul  0.568467677  0.568467677   1.136935354   0.000000000
  px          0    0.450270813  0.450270813   0.900541626   0.000000000
  py          0    0.450738644  0.450738644   0.901477288   0.000000000
  pz          0    0.507998782  0.507998782   1.015997564   0.000000000
   sum over m      1.409008239  1.409008239   2.818016479   0.000000000
  px          1    0.015045503  0.015045503   0.030091005   0.000000000
  py          1    0.015477363  0.015477363   0.030954726   0.000000000
  pz          1   -0.007998782 -0.007998782  -0.015997564   0.000000000
   sum over m      0.022524084  0.022524084   0.045048167   0.000000000
   sum over m+mul  1.431532323  1.431532323   2.863064646   0.000000000

    2    C          Up spin      Down spin     Sum           Diff
            multiple
  s           0    0.558981208  0.558981208   1.117962416   0.000000000
   sum over m      0.558981208  0.558981208   1.117962416   0.000000000
  s           1    0.009486469  0.009486469   0.018972938   0.000000000
   sum over m      0.009486469  0.009486469   0.018972938   0.000000000
   sum over m+mul  0.568467677  0.568467677   1.136935354   0.000000000
  px          0    0.450270813  0.450270813   0.900541627   0.000000000
  py          0    0.450738644  0.450738644   0.901477288   0.000000000
  pz          0    0.507998782  0.507998782   1.015997564   0.000000000
   sum over m      1.409008239  1.409008239   2.818016479   0.000000000
  px          1    0.015045503  0.015045503   0.030091006   0.000000000
  py          1    0.015477363  0.015477363   0.030954726   0.000000000
  pz          1   -0.007998782 -0.007998782  -0.015997564   0.000000000
   sum over m      0.022524084  0.022524084   0.045048167   0.000000000
   sum over m+mul  1.431532323  1.431532323   2.863064646   0.000000000

    3    C          Up spin      Down spin     Sum           Diff
            multiple
  s           0    0.558981208  0.558981208   1.117962416   0.000000000
   sum over m      0.558981208  0.558981208   1.117962416   0.000000000
  s           1    0.009486469  0.009486469   0.018972938   0.000000000
   sum over m      0.009486469  0.009486469   0.018972938   0.000000000
   sum over m+mul  0.568467677  0.568467677   1.136935354   0.000000000
  px          0    0.450270813  0.450270813   0.900541627   0.000000000
  py          0    0.450738644  0.450738644   0.901477288   0.000000000
  pz          0    0.507998782  0.507998782   1.015997564   0.000000000
   sum over m      1.409008239  1.409008239   2.818016479   0.000000000
  px          1    0.015045503  0.015045503   0.030091006   0.000000000
  py          1    0.015477363  0.015477363   0.030954726   0.000000000
  pz          1   -0.007998782 -0.007998782  -0.015997564   0.000000000
   sum over m      0.022524084  0.022524084   0.045048167   0.000000000
   sum over m+mul  1.431532323  1.431532323   2.863064646   0.000000000

    4    C          Up spin      Down spin     Sum           Diff
            multiple
  s           0    0.558981208  0.558981208   1.117962416   0.000000000
   sum over m      0.558981208  0.558981208   1.117962416   0.000000000
  s           1    0.009486469  0.009486469   0.018972938   0.000000000
   sum over m      0.009486469  0.009486469   0.018972938   0.000000000
   sum over m+mul  0.568467677  0.568467677   1.136935354   0.000000000
  px          0    0.450270813  0.450270813   0.900541626   0.000000000
  py          0    0.450738644  0.450738644   0.901477288   0.000000000
  pz          0    0.507998782  0.507998782   1.015997564   0.000000000
   sum over m      1.409008239  1.409008239   2.818016479   0.000000000
  px          1    0.015045503  0.015045503   0.030091005   0.000000000
  py          1    0.015477363  0.015477363   0.030954726   0.000000000
  pz          1   -0.007998782 -0.007998782  -0.015997564   0.000000000
   sum over m      0.022524084  0.022524084   0.045048167   0.000000000
   sum over m+mul  1.431532323  1.431532323   2.863064646   0.000000000

***********************************************************
***********************************************************
                    Dipole moment (Debye)                  
***********************************************************
***********************************************************

 Absolute D        0.00004516

                      Dx                Dy                Dz
 Total             -0.00004144       -0.00001794        0.00000000
 Core             109.12885846       47.25417904        0.00000000
 Electron        -109.12889990      -47.25419698        0.00000000
 Back ground       -0.00000000       -0.00000000        0.00000000

***********************************************************
***********************************************************
       xyz-coordinates (Ang) and forces (Hartree/Bohr)  
***********************************************************
***********************************************************

<coordinates.forces
  4
    1     C     0.00000   0.00000   0.00000  -0.003738461969 -0.000000068172 -0.000000000000
    2     C     2.84000   0.00000   0.00000   0.003738461969 -0.000000068172 -0.000000000000
    3     C     0.71000   1.22976   0.00000   0.003738461969  0.000000068172  0.000000000000
    4     C     2.13000   1.22976   0.00000  -0.003738461969  0.000000068172  0.000000000000
coordinates.forces>

***********************************************************
***********************************************************
       Fractional coordinates of the final structure       
***********************************************************
***********************************************************

     1      C     0.00000000000000   0.00000000000000   0.00000000000000
     2      C     0.66666666666667   0.00000000000000   0.00000000000000
     3      C     0.16666666666667   0.49999997016729   0.00000000000000
     4      C     0.50000000000000   0.49999997016729   0.00000000000000

***********************************************************
***********************************************************
               Computational Time (second)                 
***********************************************************
***********************************************************

   Elapsed.Time.         4.161

                               Min_ID   Min_Time       Max_ID   Max_Time
   Total Computational Time =     1        4.097          0        4.161
   readfile                 =     6        2.273          0        2.273
   truncation               =    24        0.124          1        0.126
   MD_pac                   =     0        0.001          4        0.002
   OutData                  =     1        0.262          0        0.325
   HWF                      =     0        0.000          0        0.000
   DFT                      =     1        1.432         24        1.434

*** In DFT ***

   Set_OLP_Kin              =    39        0.050          2        0.120
   Set_Nonlocal             =     2        0.109         39        0.179
   Set_ProExpn_VNA          =    13        0.221          0        0.386
   Set_Hamiltonian          =    42        0.094         44        0.094
   Poisson                  =    29        0.007         21        0.008
   Diagonalization          =     0        0.075          2        0.091
   Mixing_DM                =    13        0.002         43        0.002
   Force                    =     0        0.063          5        0.063
   Total_Energy             =    22        0.191          0        0.192
   Set_Aden_Grid            =     0        0.004         47        0.169
   Set_Orbitals_Grid        =     5        0.000          1        0.030
   Set_Density_Grid         =    18        0.169          1        0.186
   RestartFileDFT           =    20        0.021          0        0.044
   Mulliken_Charge          =     2        0.030         20        0.046
   FFT(2D)_Density          =     0        0.000          0        0.000
   Others                   =     0        0.075         20        0.146
