***********************************************************
***********************************************************

  This calculation was performed by OpenMX Ver. 4.0 GPU
  using 48 MPI processes and 1 OpenMP threads.

  Thu Aug 27 09:57:35 2026

***********************************************************
***********************************************************

#
# File Name
#

System.CurrrentDirectory         ./    # default=./
System.Name                      Ndia2
level.of.stdout                   1    # default=1 (1-3)
level.of.fileout                  1    # default=1 (0-2)

#
# Definition of Atomic Species
#

Species.Number       1
<Definition.of.Atomic.Species
 C   C5.0-s1p1  C_CA19
Definition.of.Atomic.Species>

#
# Atoms
#

Atoms.Number         2
Atoms.SpeciesAndCoordinates.Unit   Ang # Ang|AU
<Atoms.SpeciesAndCoordinates           
 1  C  0.100 -0.020  0.010   2.0 2.0
 2  C  0.890  0.890  0.890   2.0 2.0
Atoms.SpeciesAndCoordinates>
Atoms.UnitVectors.Unit             Ang # Ang|AU
<Atoms.UnitVectors                     
   1.7800  1.7800  0.0000
   1.7800  0.0000  1.7800
   0.0000  1.7800  1.7800
Atoms.UnitVectors>

#
# SCF or Electronic System
#

scf.XcType                  LDA        # LDA|LSDA-CA|LSDA-PW|GGA-PBE
scf.SpinPolarization        off        # On|Off|NC
scf.ElectronicTemperature  300.0       # default=300 (K)
scf.energycutoff           100.0       # default=150 (Ry)
scf.maxIter                  100       # default=40
scf.EigenvalueSolver       band        # DC|GDC|Cluster|Band
scf.Kgrid                  7 7 7       # means n1 x n2 x n3
scf.Mixing.Type           rmm-diisk    # Simple|Rmm-Diis|Gr-Pulay|Kerker|Rmm-Diisk
scf.Init.Mixing.Weight     0.30        # default=0.30 
scf.Min.Mixing.Weight      0.001       # default=0.001 
scf.Max.Mixing.Weight      0.700       # default=0.40 
scf.Mixing.History          7          # default=5
scf.Mixing.StartPulay       5          # default=6
scf.criterion             1.0e-10      # default=1.0e-6 (Hartree) 
scf.eigen.lib             gpusolver
scf.lapack.dste            dstevx      # dstegr|dstedc|dstevx, default=dstevx
  
#
# MD or Geometry Optimization
#

MD.Type                     nomd       # Nomd|Opt|NVE|NVT_VS|NVT_NH
MD.maxIter                    1        # default=1
MD.TimeStep                   1        # default=0.5 (fs)
MD.Opt.criterion         1.0e-5        # default=1.0e-4 (Hartree/bohr)


***********************************************************
***********************************************************

  Required cutoff energy (Ryd) for 3D-grids = 100.0000
      Used cutoff energy (Ryd) for 3D-grids = 94.2076, 94.2076, 94.2076
  Num. of grids of a-, b-, and c-axes = 12, 12, 12

  Num.Grid1.    12
  Num.Grid2.    12
  Num.Grid3.    12


  Cell_Volume =     76.117849485348 (Bohr^3)
  GridVol     =      0.044049681415 (Bohr^3)
  Cell vectors (bohr) of the grid cell (gtv)
    gtv_a =  0.280309354973,  0.280309354973,  0.000000000000
    gtv_b =  0.280309354973,  0.000000000000,  0.280309354973
    gtv_c =  0.000000000000,  0.280309354973,  0.280309354973
    |gtv_a| =  0.396417291462
    |gtv_b| =  0.396417291462
    |gtv_c| =  0.396417291462

***********************************************************
***********************************************************


***********************************************************
***********************************************************
                  SCF history at MD= 1                    
***********************************************************
***********************************************************

   SCF=   1  NormRD=  1.000000000000  Uele= -2.927912048641
   SCF=   2  NormRD=  0.560499689141  Uele= -2.927912048641
   SCF=   3  NormRD=  0.320256449469  Uele= -3.089023038460
   SCF=   4  NormRD=  0.116372375627  Uele= -3.221907668179
   SCF=   5  NormRD=  0.036543511638  Uele= -3.273408455204
   SCF=   6  NormRD=  0.000068677206  Uele= -3.297211503417
   SCF=   7  NormRD=  0.000021961135  Uele= -3.297172412677
   SCF=   8  NormRD=  0.000000798655  Uele= -3.297188290697
   SCF=   9  NormRD=  0.000000009447  Uele= -3.297188915558
   SCF=  10  NormRD=  0.000000000836  Uele= -3.297188908543
   SCF=  11  NormRD=  0.000000000120  Uele= -3.297188908024
   SCF=  12  NormRD=  0.000000000005  Uele= -3.297188907918
   SCF=  13  NormRD=  0.000000000005  Uele= -3.297188907918

*******************************************************
        Total energy (Hartree) at MD = 1        
*******************************************************

  Uele.         -3.297188907918

  Ukin.          7.708091045017
  UH0.        -267.084357403855
  UH1.           0.071892331123
  Una.          -5.252376331910
  Unl.          -0.788715778916
  Uxc0.         -1.905513004151
  Uxc1.         -1.905513004151
  Ucore.       257.584823537260
  Uhub.          0.000000000000
  Ucs.           0.000000000000
  Uzs.           0.000000000000
  Uzo.           0.000000000000
  Uef.           0.000000000000
  UvdW.          0.000000000000
  Uch.           0.000000000000
  Utot.        -11.571668609583

  UpV.           0.000000000000
  Enpy.        -11.571668609583
  Note:

  Utot = Ukin+UH0+UH1+Una+Unl+Uxc0+Uxc1+Ucore+Uhub+Ucs+Uzs+Uzo+Uef+UvdW+Uch

  Uele:   band energy
  Ukin:   kinetic energy
  UH0:    electric part of screened Coulomb energy
  UH1:    difference electron-electron Coulomb energy
  Una:    neutral atom potential energy
  Unl:    non-local potential energy
  Uxc0:   exchange-correlation energy for alpha spin
  Uxc1:   exchange-correlation energy for beta spin
  Ucore:  core-core Coulomb energy
  Uhub:   LDA+U energy
  Ucs:    constraint energy for spin orientation
  Uzs:    Zeeman term for spin magnetic moment
  Uzo:    Zeeman term for orbital magnetic moment
  Uef:    electric energy by electric field
  UvdW:   semi-empirical vdW energy
  Uch:    penalty term to create a core hole

  UpV:    pressure times volume
  Enpy:   Enthalpy = Utot + UpV
  (see also PRB 72, 045121(2005) for the energy contributions)



  Chemical potential (Hartree)       0.029420852661

***********************************************************
***********************************************************
           Eigenvalues (Hartree) of SCF KS-eq.           
***********************************************************
***********************************************************

   Chemical Potential (Hartree) =   0.02942085266113
   Number of States             =   8.00000000000000
   Eigenvalues
              Up-spin           Down-spin

   kloop=0
   k1=   0.00000 k2=  -0.00000 k3=   0.00000

    1   -0.86428822360865  -0.86428822360865
    2   -0.15684128665978  -0.15684128665978
    3   -0.08914338632300  -0.08914338632300
    4   -0.02477226079545  -0.02477226079545
    5    0.08361789958167   0.08361789958167
    6    0.14133951989896   0.14133951989896
    7    0.21985157252579   0.21985157252579
    8    0.49729701134019   0.49729701134019

   kloop=1
   k1=   0.00000 k2=  -0.00000 k3=   0.14286

    1   -0.84273589480959  -0.84273589480959
    2   -0.23406263454828  -0.23406263454828
    3   -0.13488112254997  -0.13488112254997
    4   -0.07582798399133  -0.07582798399133
    5    0.14390514734396   0.14390514734396
    6    0.19574370466685   0.19574370466685
    7    0.28717295132636   0.28717295132636
    8    0.52585919943397   0.52585919943397

   kloop=2
   k1=   0.00000 k2=  -0.00000 k3=   0.28571

    1   -0.78035835485203  -0.78035835485203
    2   -0.38369454532457  -0.38369454532457
    3   -0.18836993298007  -0.18836993298007
    4   -0.13111972926328  -0.13111972926328
    5    0.21032354207687   0.21032354207687
    6    0.27574812667098   0.27574812667098
    7    0.36651739039799   0.36651739039799
    8    0.59760504331647   0.59760504331647

   kloop=3
   k1=   0.00000 k2=  -0.00000 k3=   0.42857

    1   -0.68711624739572  -0.68711624739572
    2   -0.52739603572368  -0.52739603572368
    3   -0.21644433707010  -0.21644433707010
    4   -0.15888850234423  -0.15888850234423
    5    0.23641373904024   0.23641373904024
    6    0.31392332646617   0.31392332646617
    7    0.40618401685675   0.40618401685675
    8    0.65269974773573   0.65269974773573

   kloop=4
   k1=   0.00000 k2=   0.14286 k3=   0.00000

    1   -0.84322626040658  -0.84322626040658
    2   -0.18209408224446  -0.18209408224446
    3   -0.17543773700902  -0.17543773700902
    4   -0.10289604342627  -0.10289604342627
    5    0.15258718594477   0.15258718594477
    6    0.21287537074316   0.21287537074316
    7    0.25894516950190   0.25894516950190
    8    0.50786112057743   0.50786112057743

   kloop=5
   k1=   0.00000 k2=   0.14286 k3=   0.14286

    1   -0.83583625779274  -0.83583625779274
    2   -0.21450595118793  -0.21450595118793
    3   -0.16848320547591  -0.16848320547591
    4   -0.11305305806119  -0.11305305806119
    5    0.11444217383636   0.11444217383636
    6    0.25805421945468   0.25805421945468
    7    0.30614969385656   0.30614969385656
    8    0.51135254884605   0.51135254884605

   kloop=6
   k1=   0.00000 k2=   0.14286 k3=   0.28571

    1   -0.78680446694525  -0.78680446694525
    2   -0.33273577772273  -0.33273577772273
    3   -0.22200105824887  -0.22200105824887
    4   -0.14713226412407  -0.14713226412407
    5    0.15164391503877   0.15164391503877
    6    0.32928461330334   0.32928461330334
    7    0.40239618823287   0.40239618823287
    8    0.55689800608754   0.55689800608754

   kloop=7
   k1=   0.00000 k2=   0.14286 k3=   0.42857

    1   -0.70212587771707  -0.70212587771707
    2   -0.47423021779084  -0.47423021779084
    3   -0.24711761280562  -0.24711761280562
    4   -0.20232022114176  -0.20232022114176
    5    0.21956355435255   0.21956355435255
    6    0.35871201008259   0.35871201008259
    7    0.44630326125085   0.44630326125085
    8    0.62592234997482   0.62592234997482

   kloop=8
   k1=   0.00000 k2=   0.14286 k3=   0.57143

    1   -0.64377036399832  -0.64377036399832
    2   -0.54715246218448  -0.54715246218448
    3   -0.25778536206585  -0.25778536206585
    4   -0.21784903875778  -0.21784903875778
    5    0.25720481555357   0.25720481555357
    6    0.36717089501398   0.36717089501398
    7    0.43387914565690   0.43387914565690
    8    0.64466007378153   0.64466007378153

   kloop=9
   k1=   0.00000 k2=   0.14286 k3=   0.71429

    1   -0.73480270462945  -0.73480270462945
    2   -0.42233600948760  -0.42233600948760
    3   -0.25835730257298  -0.25835730257298
    4   -0.18369993370952  -0.18369993370952
    5    0.25634191796049   0.25634191796049
    6    0.34410127423160   0.34410127423160
    7    0.39176748063681   0.39176748063681
    8    0.59198543165459   0.59198543165459

   kloop=10
   k1=   0.00000 k2=   0.14286 k3=   0.85714

    1   -0.80822698729972  -0.80822698729972
    2   -0.27625458810240  -0.27625458810240
    3   -0.23000673672817  -0.23000673672817
    4   -0.12886102129836  -0.12886102129836
    5    0.19384618894193   0.19384618894193
    6    0.27670905851151   0.27670905851151
    7    0.33381859722069   0.33381859722069
    8    0.53135443960738   0.53135443960738

   kloop=11
   k1=   0.00000 k2=   0.28571 k3=   0.00000

    1   -0.78256385357100  -0.78256385357100
    2   -0.35409456981799  -0.35409456981799
    3   -0.21134915401622  -0.21134915401622
    4   -0.14683773737931  -0.14683773737931
    5    0.20185961026511   0.20185961026511
    6    0.29653650370406   0.29653650370406
    7    0.32410663859365   0.32410663859365
    8    0.53118223654245   0.53118223654245

   kloop=12
   k1=   0.00000 k2=   0.28571 k3=   0.14286

    1   -0.78835707262006  -0.78835707262006
    2   -0.28808890658027  -0.28808890658027
    3   -0.23941170554431  -0.23941170554431
    4   -0.19167564017076  -0.19167564017076
    5    0.18170958272804   0.18170958272804
    6    0.33221764748548   0.33221764748548
    7    0.36326555967454   0.36326555967454
    8    0.50107362484269   0.50107362484269

   kloop=13
   k1=   0.00000 k2=   0.28571 k3=   0.28571

    1   -0.75323004882478  -0.75323004882478
    2   -0.32066514367163  -0.32066514367163
    3   -0.25772457326317  -0.25772457326317
    4   -0.23554296226846  -0.23554296226846
    5    0.12800732713304   0.12800732713304
    6    0.37550119654020   0.37550119654020
    7    0.46873679526176   0.46873679526176
    8    0.50655917419047   0.50655917419047

   kloop=14
   k1=   0.00000 k2=   0.28571 k3=   0.42857

    1   -0.68107057595996  -0.68107057595996
    2   -0.42577858404936  -0.42577858404936
    3   -0.29418365875417  -0.29418365875417
    4   -0.27354883804438  -0.27354883804438
    5    0.18230246093471   0.18230246093471
    6    0.36622972961601   0.36622972961601
    7    0.52386216114399   0.52386216114399
    8    0.57726354112115   0.57726354112115

   kloop=15
   k1=   0.00000 k2=   0.28571 k3=   0.57143

    1   -0.59369852950350  -0.59369852950350
    2   -0.52326890722579  -0.52326890722579
    3   -0.35899033217281  -0.35899033217281
    4   -0.26934181535621  -0.26934181535621
    5    0.24276937415561   0.24276937415561
    6    0.41038183998468   0.41038183998468
    7    0.50774203906659   0.50774203906659
    8    0.61368972704605   0.61368972704605

   kloop=16
   k1=   0.00000 k2=   0.28571 k3=   0.71429

    1   -0.65823243066754  -0.65823243066754
    2   -0.44366904297054  -0.44366904297054
    3   -0.38483901915937  -0.38483901915937
    4   -0.22930577285763  -0.22930577285763
    5    0.26490635466036   0.26490635466036
    6    0.42298294810495   0.42298294810495
    7    0.46365060086648   0.46365060086648
    8    0.56768138744100   0.56768138744100

   kloop=17
   k1=   0.00000 k2=   0.28571 k3=   0.85714

    1   -0.73704300458962  -0.73704300458962
    2   -0.39705548709725  -0.39705548709725
    3   -0.29325049268413  -0.29325049268413
    4   -0.17138033214906  -0.17138033214906
    5    0.23321407993739   0.23321407993739
    6    0.34284947210147   0.34284947210147
    7    0.41003371893179   0.41003371893179
    8    0.52629940398302   0.52629940398302

   kloop=18
   k1=   0.00000 k2=   0.42857 k3=   0.00000

    1   -0.69692330367844  -0.69692330367844
    2   -0.49820035339735  -0.49820035339735
    3   -0.23217013549324  -0.23217013549324
    4   -0.16980450289027  -0.16980450289027
    5    0.21869629151409   0.21869629151409
    6    0.33413464162252   0.33413464162252
    7    0.35799134966891   0.35799134966891
    8    0.54815620623422   0.54815620623422

   kloop=19
   k1=   0.00000 k2=   0.42857 k3=   0.14286

    1   -0.70838897750285  -0.70838897750285
    2   -0.44225709979449  -0.44225709979449
    3   -0.27132588314902  -0.27132588314902
    4   -0.21476821726924  -0.21476821726924
    5    0.23944647324221   0.23944647324221
    6    0.37329430800526   0.37329430800526
    7    0.40463396451797   0.40463396451797
    8    0.51036095279097   0.51036095279097

   kloop=20
   k1=   0.00000 k2=   0.42857 k3=   0.28571

    1   -0.68465052146453  -0.68465052146453
    2   -0.38664152591109  -0.38664152591109
    3   -0.33631442829665  -0.33631442829665
    4   -0.27392904182654  -0.27392904182654
    5    0.20100477885985   0.20100477885985
    6    0.37801177315506   0.37801177315506
    7    0.49842954582964   0.49842954582964
    8    0.51598109148471   0.51598109148471

   kloop=21
   k1=   0.00000 k2=   0.42857 k3=   0.42857

    1   -0.62545444019317  -0.62545444019317
    2   -0.46966362522148  -0.46966362522148
    3   -0.30375060462036  -0.30375060462036
    4   -0.29672377721680  -0.29672377721680
    5    0.17468238549741   0.17468238549741
    6    0.27698371886264   0.27698371886264
    7    0.57004817789551   0.57004817789551
    8    0.58242207198136   0.58242207198136

   kloop=22
   k1=   0.00000 k2=   0.42857 k3=   0.57143

    1   -0.55147744993228  -0.55147744993228
    2   -0.53604261312020  -0.53604261312020
    3   -0.35617918173251  -0.35617918173251
    4   -0.30007593703002  -0.30007593703002
    5    0.23000379580944   0.23000379580944
    6    0.30408706315439   0.30408706315439
    7    0.56347228333330   0.56347228333330
    8    0.59370203042803   0.59370203042803

   kloop=23
   k1=   0.00000 k2=   0.42857 k3=   0.71429

    1   -0.61086751930853  -0.61086751930853
    2   -0.47789528573034  -0.47789528573034
    3   -0.39423607404018  -0.39423607404018
    4   -0.26472872124997  -0.26472872124997
    5    0.24938534930544   0.24938534930544
    6    0.44796144205958   0.44796144205958
    7    0.47813191492593   0.47813191492593
    8    0.54173948542377   0.54173948542377

   kloop=24
   k1=   0.00000 k2=   0.42857 k3=   0.85714

    1   -0.65956803031198  -0.65956803031198
    2   -0.51085234700601  -0.51085234700601
    3   -0.29324230058508  -0.29324230058508
    4   -0.20591390801459  -0.20591390801459
    5    0.25024380393660   0.25024380393660
    6    0.37048675176641   0.37048675176641
    7    0.42921534135309   0.42921534135309
    8    0.52835987827401   0.52835987827401

   kloop=25
   k1=   0.14286 k2=  -0.00000 k3=   0.00000

    1   -0.84312545507747  -0.84312545507747
    2   -0.19338151914870  -0.19338151914870
    3   -0.17804849552833  -0.17804849552833
    4   -0.08187127274348  -0.08187127274348
    5    0.13302856011041   0.13302856011041
    6    0.22562604850367   0.22562604850367
    7    0.26441663281761   0.26441663281761
    8    0.51105712246149   0.51105712246149

   kloop=26
   k1=   0.14286 k2=  -0.00000 k3=   0.14286

    1   -0.83583531954243  -0.83583531954243
    2   -0.21447047869078  -0.21447047869078
    3   -0.16812356528660  -0.16812356528660
    4   -0.11367710437638  -0.11367710437638
    5    0.11499357923664   0.11499357923664
    6    0.25686342946425   0.25686342946425
    7    0.30714520873369   0.30714520873369
    8    0.51118923006767   0.51118923006767

   kloop=27
   k1=   0.14286 k2=  -0.00000 k3=   0.28571

    1   -0.78690885769856  -0.78690885769856
    2   -0.33126755368116  -0.33126755368116
    3   -0.21792841942332  -0.21792841942332
    4   -0.15568379429957  -0.15568379429957
    5    0.16038492026262   0.16038492026262
    6    0.32384416290036   0.32384416290036
    7    0.40144277371399   0.40144277371399
    8    0.55124757371226   0.55124757371226

   kloop=28
   k1=   0.14286 k2=  -0.00000 k3=   0.42857

    1   -0.70234930750494  -0.70234930750494
    2   -0.47326323095149  -0.47326323095149
    3   -0.24953428660258  -0.24953428660258
    4   -0.20132997344138  -0.20132997344138
    5    0.22486214529298   0.22486214529298
    6    0.36017023814977   0.36017023814977
    7    0.44366016386008   0.44366016386008
    8    0.61830747115153   0.61830747115153

   kloop=29
   k1=   0.14286 k2=  -0.00000 k3=   0.57143

    1   -0.64349848669177  -0.64349848669177
    2   -0.54738669866939  -0.54738669866939
    3   -0.26873174992395  -0.26873174992395
    4   -0.20469160683581  -0.20469160683581
    5    0.24860383867981   0.24860383867981
    6    0.38039559735614   0.38039559735614
    7    0.43297935551825   0.43297935551825
    8    0.64309724158973   0.64309724158973

   kloop=30
   k1=   0.14286 k2=  -0.00000 k3=   0.71429

    1   -0.73448036719868  -0.73448036719868
    2   -0.42353944415011  -0.42353944415011
    3   -0.26855956772132  -0.26855956772132
    4   -0.16749839161153  -0.16749839161153
    5    0.23145412342613   0.23145412342613
    6    0.36752113103553   0.36752113103553
    7    0.39654581524407   0.39654581524407
    8    0.59651273389523   0.59651273389523

   kloop=31
   k1=   0.14286 k2=  -0.00000 k3=   0.85714

    1   -0.80802243491998  -0.80802243491998
    2   -0.28016062620680  -0.28016062620680
    3   -0.23787437965953  -0.23787437965953
    4   -0.10940094104125  -0.10940094104125
    5    0.16796292830846   0.16796292830846
    6    0.29594761719082   0.29594761719082
    7    0.34170235905665   0.34170235905665
    8    0.53733592768649   0.53733592768649

   kloop=32
   k1=   0.14286 k2=   0.14286 k3=   0.00000

    1   -0.83580158369085  -0.83580158369085
    2   -0.21078037613366  -0.21078037613366
    3   -0.15715934217442  -0.15715934217442
    4   -0.13526005071049  -0.13526005071049
    5    0.13357324105026   0.13357324105026
    6    0.23432557652576   0.23432557652576
    7    0.32045534670047   0.32045534670047
    8    0.50778006229524   0.50778006229524

   kloop=33
   k1=   0.14286 k2=   0.14286 k3=   0.14286

    1   -0.84278978421307  -0.84278978421307
    2   -0.23141541631134  -0.23141541631134
    3   -0.13893219063070  -0.13893219063070
    4   -0.07454750149610  -0.07454750149610
    5    0.14146928105718   0.14146928105718
    6    0.19477467206205   0.19477467206205
    7    0.28999511994159   0.28999511994159
    8    0.52348833833960   0.52348833833960

   kloop=34
   k1=   0.14286 k2=   0.14286 k3=   0.28571

    1   -0.80735785522960  -0.80735785522960
    2   -0.30346827998826  -0.30346827998826
    3   -0.22707014389806  -0.22707014389806
    4   -0.08051904486874  -0.08051904486874
    5    0.15190807958770   0.15190807958770
    6    0.26709307432800   0.26709307432800
    7    0.39176743910304   0.39176743910304
    8    0.55763733284285   0.55763733284285

   kloop=35
   k1=   0.14286 k2=   0.14286 k3=   0.42857

    1   -0.73341564807907  -0.73341564807907
    2   -0.42849744343031  -0.42849744343031
    3   -0.27949063510288  -0.27949063510288
    4   -0.14211889693721  -0.14211889693721
    5    0.23013766889312   0.23013766889312
    6    0.31024917488050   0.31024917488050
    7    0.46956964852844   0.46956964852844
    8    0.60852318493015   0.60852318493015

   kloop=36
   k1=   0.14286 k2=   0.14286 k3=   0.57143

    1   -0.64258042582825  -0.64258042582825
    2   -0.54812375740560  -0.54812375740560
    3   -0.28230637481399  -0.28230637481399
    4   -0.18854981845629  -0.18854981845629
    5    0.28444629463577   0.28444629463577
    6    0.32828461211794   0.32828461211794
    7    0.46224536036600   0.46224536036600
    8    0.63786824944523   0.63786824944523

   kloop=37
   k1=   0.14286 k2=   0.14286 k3=   0.71429

    1   -0.70301779332497  -0.70301779332497
    2   -0.46964974559086  -0.46964974559086
    3   -0.25365863696231  -0.25365863696231
    4   -0.20482191276537  -0.20482191276537
    5    0.27798680269481   0.27798680269481
    6    0.33432996988868   0.33432996988868
    7    0.42742772158805   0.42742772158805
    8    0.59724324276995   0.59724324276995

   kloop=38
   k1=   0.14286 k2=   0.14286 k3=   0.85714

    1   -0.78719316077455  -0.78719316077455
    2   -0.32327457782378  -0.32327457782378
    3   -0.20564237891784  -0.20564237891784
    4   -0.18612704885700  -0.18612704885700
    5    0.19362208195891   0.19362208195891
    6    0.30998073072376   0.30998073072376
    7    0.39082765835245   0.39082765835245
    8    0.53419408332673   0.53419408332673

   kloop=39
   k1=   0.14286 k2=   0.28571 k3=   0.00000

    1   -0.78789027188876  -0.78789027188876
    2   -0.29477031366453  -0.29477031366453
    3   -0.24562659393952  -0.24562659393952
    4   -0.17526587921345  -0.17526587921345
    5    0.17197511813347   0.17197511813347
    6    0.31927562896550   0.31927562896550
    7    0.39372080998501   0.39372080998501
    8    0.50643519160324   0.50643519160324

   kloop=40
   k1=   0.14286 k2=   0.28571 k3=   0.14286

    1   -0.80833357149274  -0.80833357149274
    2   -0.27233891603666  -0.27233891603666
    3   -0.23202505863002  -0.23202505863002
    4   -0.13206169133609  -0.13206169133609
    5    0.19393935235669   0.19393935235669
    6    0.27564988965083   0.27564988965083
    7    0.33468749831515   0.33468749831515
    8    0.52786578418858   0.52786578418858

   kloop=41
   k1=   0.14286 k2=   0.28571 k3=   0.28571

    1   -0.78702196435288  -0.78702196435288
    2   -0.32916805035692  -0.32916805035692
    3   -0.22094667192943  -0.22094667192943
    4   -0.15466713747780  -0.15466713747780
    5    0.15780691125420   0.15780691125420
    6    0.32223720401016   0.32223720401016
    7    0.40579923487055   0.40579923487055
    8    0.54639803930439   0.54639803930439

   kloop=42
   k1=   0.14286 k2=   0.28571 k3=   0.42857

    1   -0.72626830920188  -0.72626830920188
    2   -0.39285191920028  -0.39285191920028
    3   -0.30931823743427  -0.30931823743427
    4   -0.19138908595559  -0.19138908595559
    5    0.20622906885898   0.20622906885898
    6    0.35540313441035   0.35540313441035
    7    0.51564340943208   0.51564340943208
    8    0.55955930635062   0.55955930635062

   kloop=43
   k1=   0.14286 k2=   0.28571 k3=   0.57143

    1   -0.63556151844677  -0.63556151844677
    2   -0.49899077366372  -0.49899077366372
    3   -0.34153749324823  -0.34153749324823
    4   -0.24750425244563  -0.24750425244563
    5    0.29711677454522   0.29711677454522
    6    0.36833863540301   0.36833863540301
    7    0.51372317607050   0.51372317607050
    8    0.60557254454671   0.60557254454671

   kloop=44
   k1=   0.14286 k2=   0.28571 k3=   0.71429

    1   -0.63894480065025  -0.63894480065025
    2   -0.48997873173811  -0.48997873173811
    3   -0.33709439945907  -0.33709439945907
    4   -0.26284393324448  -0.26284393324448
    5    0.33925014196064   0.33925014196064
    6    0.36328975859620   0.36328975859620
    7    0.46952957354438   0.46952957354438
    8    0.58577037111893   0.58577037111893

   kloop=45
   k1=   0.14286 k2=   0.28571 k3=   0.85714

    1   -0.72824452452822  -0.72824452452822
    2   -0.36325034503003  -0.36325034503003
    3   -0.31613238735283  -0.31613238735283
    4   -0.22678375357992  -0.22678375357992
    5    0.24420652194545   0.24420652194545
    6    0.36548099388010   0.36548099388010
    7    0.45569049041415   0.45569049041415
    8    0.51664197799915   0.51664197799915

   kloop=46
   k1=   0.14286 k2=   0.42857 k3=   0.00000

    1   -0.70754092745659  -0.70754092745659
    2   -0.44595710654222  -0.44595710654222
    3   -0.26111101575897  -0.26111101575897
    4   -0.22096176263077  -0.22096176263077
    5    0.21948190282302   0.21948190282302
    6    0.36768008409062   0.36768008409062
    7    0.42586439216516   0.42586439216516
    8    0.52439548995759   0.52439548995759

   kloop=47
   k1=   0.14286 k2=   0.42857 k3=   0.14286

    1   -0.73719976407678  -0.73719976407678
    2   -0.39635705043940  -0.39635705043940
    3   -0.29178065979225  -0.29178065979225
    4   -0.17455787302659  -0.17455787302659
    5    0.23138002117058   0.23138002117058
    6    0.35339051719854   0.35339051719854
    7    0.39957208606522   0.39957208606522
    8    0.52504623856304   0.52504623856304

   kloop=48
   k1=   0.14286 k2=   0.42857 k3=   0.28571

    1   -0.72859422461707  -0.72859422461707
    2   -0.36554999982070  -0.36554999982070
    3   -0.31291220334318  -0.31291220334318
    4   -0.22542013006511  -0.22542013006511
    5    0.22154378406258   0.22154378406258
    6    0.40276211783246   0.40276211783246
    7    0.42607454726997   0.42607454726997
    8    0.52651534152703   0.52651534152703

   kloop=49
   k1=   0.14286 k2=   0.42857 k3=   0.42857

    1   -0.68156796958752  -0.68156796958752
    2   -0.42151674019478  -0.42151674019478
    3   -0.30578958582410  -0.30578958582410
    4   -0.26613268901032  -0.26613268901032
    5    0.18283716982053   0.18283716982053
    6    0.37069455768325   0.37069455768325
    7    0.53114632928470   0.53114632928470
    8    0.55727328096930   0.55727328096930

   kloop=50
   k1=   0.14286 k2=   0.42857 k3=   0.57143

    1   -0.60170916112908  -0.60170916112908
    2   -0.48583433893893  -0.48583433893893
    3   -0.35257150939967  -0.35257150939967
    4   -0.31367006258812  -0.31367006258812
    5    0.26347000837377   0.26347000837377
    6    0.36182623876718   0.36182623876718
    7    0.55775813258121   0.55775813258121
    8    0.57472929351181   0.57472929351181

   kloop=51
   k1=   0.14286 k2=   0.42857 k3=   0.71429

    1   -0.56833939594333  -0.56833939594333
    2   -0.49741758905981  -0.49741758905981
    3   -0.40180255736630  -0.40180255736630
    4   -0.32215120891420  -0.32215120891420
    5    0.33495740774536   0.33495740774536
    6    0.42618401881842   0.42618401881842
    7    0.47802250341130   0.47802250341130
    8    0.56868174573499   0.56868174573499

   kloop=52
   k1=   0.14286 k2=   0.42857 k3=   0.85714

    1   -0.64605457248483  -0.64605457248483
    2   -0.46361774014874  -0.46361774014874
    3   -0.34790966676020  -0.34790966676020
    4   -0.27529617613444  -0.27529617613444
    5    0.29796029968151   0.29796029968151
    6    0.38544027396831   0.38544027396831
    7    0.49416875753711   0.49416875753711
    8    0.51676005242256   0.51676005242256

   kloop=53
   k1=   0.14286 k2=   0.57143 k3=   0.00000

    1   -0.66023726844768  -0.66023726844768
    2   -0.51034224789991  -0.51034224789991
    3   -0.25532031160723  -0.25532031160723
    4   -0.24987870349631  -0.24987870349631
    5    0.25226610351094   0.25226610351094
    6    0.37389248496885   0.37389248496885
    7    0.41026917494140   0.41026917494140
    8    0.53590622245700   0.53590622245700

   kloop=54
   k1=   0.14286 k2=   0.57143 k3=   0.14286

    1   -0.65965772798488  -0.65965772798488
    2   -0.51078794602480  -0.51078794602480
    3   -0.29160295250828  -0.29160295250828
    4   -0.20785691127204  -0.20785691127204
    5    0.24492299229812   0.24492299229812
    6    0.38475935147683   0.38475935147683
    7    0.41846228213612   0.41846228213612
    8    0.52916083690437   0.52916083690437

   kloop=55
   k1=   0.14286 k2=   0.57143 k3=   0.28571

    1   -0.64661382433569  -0.64661382433569
    2   -0.45934807796079  -0.45934807796079
    3   -0.36490732576002  -0.36490732576002
    4   -0.25911101470111  -0.25911101470111
    5    0.28124846582215   0.28124846582215
    6    0.43363301207615   0.43363301207615
    7    0.46686992569502   0.46686992569502
    8    0.51618599435231   0.51618599435231

   kloop=56
   k1=   0.14286 k2=   0.57143 k3=   0.42857

    1   -0.60771202178067  -0.60771202178067
    2   -0.46935451557373  -0.46935451557373
    3   -0.34955420920546  -0.34955420920546
    4   -0.33017997690198  -0.33017997690198
    5    0.27372712335559   0.27372712335559
    6    0.35324457591997   0.35324457591997
    7    0.53571205017992   0.53571205017992
    8    0.57208383447830   0.57208383447830

   kloop=57
   k1=   0.14286 k2=   0.57143 k3=   0.57143

    1   -0.54981163978066  -0.54981163978066
    2   -0.53743589504659  -0.53743589504659
    3   -0.36193748797775  -0.36193748797775
    4   -0.29363841671927  -0.29363841671927
    5    0.22062986495086   0.22062986495086
    6    0.31513152848269   0.31513152848269
    7    0.57347733300870   0.57347733300870
    8    0.58357552369833   0.58357552369833

   kloop=58
   k1=   0.14286 k2=   0.57143 k3=   0.71429

    1   -0.61146839520182  -0.61146839520182
    2   -0.45405481157192  -0.45405481157192
    3   -0.34997430918717  -0.34997430918717
    4   -0.34382084504946  -0.34382084504946
    5    0.29447654060681   0.29447654060681
    6    0.35171942604268   0.35171942604268
    7    0.50333721508389   0.50333721508389
    8    0.56107428860584   0.56107428860584

   kloop=59
   k1=   0.14286 k2=   0.57143 k3=   0.85714

    1   -0.64844120453961  -0.64844120453961
    2   -0.45674853640865  -0.45674853640865
    3   -0.33733288218543  -0.33733288218543
    4   -0.29381465321721  -0.29381465321721
    5    0.32168834919223   0.32168834919223
    6    0.36835985829002   0.36835985829002
    7    0.48557140472234   0.48557140472234
    8    0.49935776218547   0.49935776218547

   kloop=60
   k1=   0.14286 k2=   0.71429 k3=   0.00000

    1   -0.73822990569390  -0.73822990569390
    2   -0.39254487908886  -0.39254487908886
    3   -0.26015227249170  -0.26015227249170
    4   -0.22144995967258  -0.22144995967258
    5    0.27700064052372   0.27700064052372
    6    0.33603275499663   0.33603275499663
    7    0.35832701089409   0.35832701089409
    8    0.51952910215944   0.51952910215944

   kloop=61
   k1=   0.14286 k2=   0.71429 k3=   0.14286

    1   -0.70828727754948  -0.70828727754948
    2   -0.44274914146638  -0.44274914146638
    3   -0.27079255698290  -0.27079255698290
    4   -0.21443797639214  -0.21443797639214
    5    0.23300753167218   0.23300753167218
    6    0.38673250494277   0.38673250494277
    7    0.39718951405732   0.39718951405732
    8    0.51176251485682   0.51176251485682

   kloop=62
   k1=   0.14286 k2=   0.71429 k3=   0.28571

    1   -0.64631184341885  -0.64631184341885
    2   -0.46037969367966  -0.46037969367966
    3   -0.36487793897722  -0.36487793897722
    4   -0.25804476192525  -0.25804476192525
    5    0.28063820373156   0.28063820373156
    6    0.43083855818203   0.43083855818203
    7    0.46901615150877   0.46901615150877
    8    0.51980102375516   0.51980102375516

   kloop=63
   k1=   0.14286 k2=   0.71429 k3=   0.42857

    1   -0.56716490957105  -0.56716490957105
    2   -0.50189589165555  -0.50189589165555
    3   -0.39822975735369  -0.39822975735369
    4   -0.32176725812407  -0.32176725812407
    5    0.31711200763515   0.31711200763515
    6    0.40973076916535   0.40973076916535
    7    0.50934923459997   0.50934923459997
    8    0.58016341602161   0.58016341602161

   kloop=64
   k1=   0.14286 k2=   0.71429 k3=   0.57143

    1   -0.60590920092639  -0.60590920092639
    2   -0.47479500741903  -0.47479500741903
    3   -0.35372156791794  -0.35372156791794
    4   -0.32114595345337  -0.32114595345337
    5    0.26432900782201   0.26432900782201
    6    0.35937273195120   0.35937273195120
    7    0.54258672888695   0.54258672888695
    8    0.57808766997992   0.57808766997992

   kloop=65
   k1=   0.14286 k2=   0.71429 k3=   0.71429

    1   -0.68402746382675  -0.68402746382675
    2   -0.39437626472337  -0.39437626472337
    3   -0.33533586082474  -0.33533586082474
    4   -0.26570396628711  -0.26570396628711
    5    0.19216123246152   0.19216123246152
    6    0.38533732870406   0.38533732870406
    7    0.50532960724709   0.50532960724709
    8    0.52166088020501   0.52166088020501

   kloop=66
   k1=   0.14286 k2=   0.71429 k3=   0.85714

    1   -0.73012379701589  -0.73012379701589
    2   -0.33347595300277  -0.33347595300277
    3   -0.31390160548046  -0.31390160548046
    4   -0.26469526416249  -0.26469526416249
    5    0.25773119310667   0.25773119310667
    6    0.35454753449573   0.35454753449573
    7    0.44493773701351   0.44493773701351
    8    0.48201166259396   0.48201166259396

   kloop=67
   k1=   0.14286 k2=   0.85714 k3=   0.00000

    1   -0.80902135200794  -0.80902135200794
    2   -0.23844732327968  -0.23844732327968
    3   -0.22667297214847  -0.22667297214847
    4   -0.18571441698193  -0.18571441698193
    5    0.23628098475180   0.23628098475180
    6    0.27226421479388   0.27226421479388
    7    0.29027184223041   0.29027184223041
    8    0.51092787110217   0.51092787110217

   kloop=68
   k1=   0.14286 k2=   0.85714 k3=   0.14286

    1   -0.78830185179057  -0.78830185179057
    2   -0.28937258907197  -0.28937258907197
    3   -0.24013538629184  -0.24013538629184
    4   -0.18894609520254  -0.18894609520254
    5    0.17899643072835   0.17899643072835
    6    0.33659596378879   0.33659596378879
    7    0.36136793641990   0.36136793641990
    8    0.50256562746223   0.50256562746223

   kloop=69
   k1=   0.14286 k2=   0.85714 k3=   0.28571

    1   -0.72835772962233  -0.72835772962233
    2   -0.36870593066039  -0.36870593066039
    3   -0.31157233370210  -0.31157233370210
    4   -0.22303863136325  -0.22303863136325
    5    0.22200905177248   0.22200905177248
    6    0.40700570268049   0.40700570268049
    7    0.41971123996728   0.41971123996728
    8    0.53331632395036   0.53331632395036

   kloop=70
   k1=   0.14286 k2=   0.85714 k3=   0.42857

    1   -0.63869851040021  -0.63869851040021
    2   -0.49422374918849  -0.49422374918849
    3   -0.31551085631148  -0.31551085631148
    4   -0.28046267143904  -0.28046267143904
    5    0.27824277854632   0.27824277854632
    6    0.40942433058951   0.40942433058951
    7    0.46380770386229   0.46380770386229
    8    0.60803758594772   0.60803758594772

   kloop=71
   k1=   0.14286 k2=   0.85714 k3=   0.57143

    1   -0.63790939293314  -0.63790939293314
    2   -0.49606636774244  -0.49606636774244
    3   -0.32194338236524  -0.32194338236524
    4   -0.27146889453589  -0.27146889453589
    5    0.26935095218554   0.26935095218554
    6    0.41030679847260   0.41030679847260
    7    0.47332664780517   0.47332664780517
    8    0.61343046900639   0.61343046900639

   kloop=72
   k1=   0.14286 k2=   0.85714 k3=   0.71429

    1   -0.72787686157793  -0.72787686157793
    2   -0.37380298387301  -0.37380298387301
    3   -0.31629538622945  -0.31629538622945
    4   -0.20951437011465  -0.20951437011465
    5    0.20687006352891   0.20687006352891
    6    0.40796521088600   0.40796521088600
    7    0.43779765353313   0.43779765353313
    8    0.54363827616705   0.54363827616705

   kloop=73
   k1=   0.14286 k2=   0.85714 k3=   0.85714

    1   -0.78808619105891  -0.78808619105891
    2   -0.29814364551609  -0.29814364551609
    3   -0.24147904600424  -0.24147904600424
    4   -0.17577227311384  -0.17577227311384
    5    0.17042557608514   0.17042557608514
    6    0.34567196279242   0.34567196279242
    7    0.36438473563978   0.36438473563978
    8    0.50973467507403   0.50973467507403

   kloop=74
   k1=   0.28571 k2=  -0.00000 k3=   0.00000

    1   -0.78210547408166  -0.78210547408166
    2   -0.36117236325174  -0.36117236325174
    3   -0.21513071073975  -0.21513071073975
    4   -0.13101689392336  -0.13101689392336
    5    0.18283063834361   0.18283063834361
    6    0.30787233446922   0.30787233446922
    7    0.34065876575242   0.34065876575242
    8    0.54364914371296   0.54364914371296

   kloop=75
   k1=   0.28571 k2=  -0.00000 k3=   0.14286

    1   -0.78813808680016  -0.78813808680016
    2   -0.29675888301230  -0.29675888301230
    3   -0.24127151046545  -0.24127151046545
    4   -0.17829983480377  -0.17829983480377
    5    0.17358268049959   0.17358268049959
    6    0.33783024607516   0.33783024607516
    7    0.37015730697469   0.37015730697469
    8    0.50746753473993   0.50746753473993

   kloop=76
   k1=   0.28571 k2=  -0.00000 k3=   0.28571

    1   -0.75322576767944  -0.75322576767944
    2   -0.32030926479831  -0.32030926479831
    3   -0.25792402608083  -0.25792402608083
    4   -0.23588891724276  -0.23588891724276
    5    0.12843435313494   0.12843435313494
    6    0.37488135404897   0.37488135404897
    7    0.47217525220677   0.47217525220677
    8    0.50345506728627   0.50345506728627

   kloop=77
   k1=   0.28571 k2=  -0.00000 k3=   0.42857

    1   -0.68132045799144  -0.68132045799144
    2   -0.42301732235803  -0.42301732235803
    3   -0.30434988946129  -0.30434988946129
    4   -0.26634085268292  -0.26634085268292
    5    0.18626821241367   0.18626821241367
    6    0.36944006487176   0.36944006487176
    7    0.52321075064847   0.52321075064847
    8    0.56660981723930   0.56660981723930

   kloop=78
   k1=   0.28571 k2=  -0.00000 k3=   0.57143

    1   -0.59348577698786  -0.59348577698786
    2   -0.52228956259748  -0.52228956259748
    3   -0.36799310018493  -0.36799310018493
    4   -0.25971179631723  -0.25971179631723
    5    0.24024182308964   0.24024182308964
    6    0.42474057444921   0.42474057444921
    7    0.50680379402679   0.50680379402679
    8    0.60610825236761   0.60610825236761

   kloop=79
   k1=   0.28571 k2=  -0.00000 k3=   0.71429

    1   -0.65690912001636  -0.65690912001636
    2   -0.44852491300820  -0.44852491300820
    3   -0.38833061862692  -0.38833061862692
    4   -0.21819628799293  -0.21819628799293
    5    0.25064565256923   0.25064565256923
    6    0.43297205817420   0.43297205817420
    7    0.48048938122219   0.48048938122219
    8    0.57247819755461   0.57247819755461

   kloop=80
   k1=   0.28571 k2=  -0.00000 k3=   0.85714

    1   -0.73624998527566  -0.73624998527566
    2   -0.40460316104859  -0.40460316104859
    3   -0.29459642236594  -0.29459642236594
    4   -0.15730284906421  -0.15730284906421
    5    0.21031963764987   0.21031963764987
    6    0.35788668178826   0.35788668178826
    7    0.42718562266885   0.42718562266885
    8    0.54179525308336   0.54179525308336

   kloop=81
   k1=   0.28571 k2=   0.14286 k3=   0.00000

    1   -0.78756503882695  -0.78756503882695
    2   -0.30508692866537  -0.30508692866537
    3   -0.24751485884188  -0.24751485884188
    4   -0.15763599044212  -0.15763599044212
    5    0.15726326803904   0.15726326803904
    6    0.32679458282470   0.32679458282470
    7    0.40393476618533   0.40393476618533
    8    0.51785248598168   0.51785248598168

   kloop=82
   k1=   0.28571 k2=   0.14286 k3=   0.14286

    1   -0.80812861396580  -0.80812861396580
    2   -0.27582738088631  -0.27582738088631
    3   -0.24081813565724  -0.24081813565724
    4   -0.11213817514336  -0.11213817514336
    5    0.16788483373867   0.16788483373867
    6    0.29589918444848   0.29589918444848
    7    0.34180779820767   0.34180779820767
    8    0.53364659764596   0.53364659764596

   kloop=83
   k1=   0.28571 k2=   0.14286 k3=   0.28571

    1   -0.78691405591499  -0.78691405591499
    2   -0.33055999843804  -0.33055999843804
    3   -0.22464312874137  -0.22464312874137
    4   -0.14684753086960  -0.14684753086960
    5    0.15013554944374   0.15013554944374
    6    0.32567408889507   0.32567408889507
    7    0.40851030366293   0.40851030366293
    8    0.55135311082951   0.55135311082951

   kloop=84
   k1=   0.28571 k2=   0.14286 k3=   0.42857

    1   -0.72626496625335  -0.72626496625335
    2   -0.39277752420268  -0.39277752420268
    3   -0.30935133778565  -0.30935133778565
    4   -0.19155003337290  -0.19155003337290
    5    0.20700121399955   0.20700121399955
    6    0.35434594472506   0.35434594472506
    7    0.51807155541091   0.51807155541091
    8    0.55741583138707   0.55741583138707

   kloop=85
   k1=   0.28571 k2=   0.14286 k3=   0.57143

    1   -0.63565653963537  -0.63565653963537
    2   -0.49797848144353  -0.49797848144353
    3   -0.34661853525733  -0.34661853525733
    4   -0.24238715806225  -0.24238715806225
    5    0.29093543319228   0.29093543319228
    6    0.37982813049706   0.37982813049706
    7    0.51812875947938   0.51812875947938
    8    0.59676228642223   0.59676228642223

   kloop=86
   k1=   0.28571 k2=   0.14286 k3=   0.71429

    1   -0.63824693943545  -0.63824693943545
    2   -0.49078732751495  -0.49078732751495
    3   -0.34575926080329  -0.34575926080329
    4   -0.25168060669912  -0.25168060669912
    5    0.30559979737424   0.30559979737424
    6    0.40087488187616   0.40087488187616
    7    0.47683709015382   0.47683709015382
    8    0.58233910612902   0.58233910612902

   kloop=87
   k1=   0.28571 k2=   0.14286 k3=   0.85714

    1   -0.72775673857135  -0.72775673857135
    2   -0.36880180844790  -0.36880180844790
    3   -0.32037433362938  -0.32037433362938
    4   -0.21364130832154  -0.21364130832154
    5    0.22665749107188   0.22665749107188
    6    0.37517807255426   0.37517807255426
    7    0.47256674510807   0.47256674510807
    8    0.52200331975286   0.52200331975286

   kloop=88
   k1=   0.28571 k2=   0.28571 k3=   0.00000

    1   -0.75306760446383  -0.75306760446383
    2   -0.29713149510170  -0.29713149510170
    3   -0.28369662464596  -0.28369662464596
    4   -0.23905856133713  -0.23905856133713
    5    0.13967751764416   0.13967751764416
    6    0.40183464756974   0.40183464756974
    7    0.45163855757370   0.45163855757370
    8    0.49096692366646   0.49096692366646

   kloop=89
   k1=   0.28571 k2=   0.28571 k3=   0.14286

    1   -0.78735844545707  -0.78735844545707
    2   -0.31996662209287  -0.31996662209287
    3   -0.21002376149096  -0.21002376149096
    4   -0.18582760313141  -0.18582760313141
    5    0.19338266192970   0.19338266192970
    6    0.30680462267603   0.30680462267603
    7    0.39530459325224   0.39530459325224
    8    0.52723276309568   0.52723276309568

   kloop=90
   k1=   0.28571 k2=   0.28571 k3=   0.28571

    1   -0.78059400071975  -0.78059400071975
    2   -0.38151739372932  -0.38151739372932
    3   -0.19243694242804  -0.19243694242804
    4   -0.12884510393785  -0.12884510393785
    5    0.20459042228574   0.20459042228574
    6    0.27215063731769   0.27215063731769
    7    0.37409882684809   0.37409882684809
    8    0.58979221732682   0.58979221732682

   kloop=91
   k1=   0.28571 k2=   0.28571 k3=   0.42857

    1   -0.73364958760061  -0.73364958760061
    2   -0.42672742710603  -0.42672742710603
    3   -0.28198845848102  -0.28198845848102
    4   -0.14066101674724  -0.14066101674724
    5    0.22625069074373   0.22625069074373
    6    0.30857841730008   0.30857841730008
    7    0.47680715807896   0.47680715807896
    8    0.60006825837286   0.60006825837286

   kloop=92
   k1=   0.28571 k2=   0.28571 k3=   0.57143

    1   -0.65244119568980  -0.65244119568980
    2   -0.46702403993576  -0.46702403993576
    3   -0.38456257587365  -0.38456257587365
    4   -0.20201301263350  -0.20201301263350
    5    0.30125722047532   0.30125722047532
    6    0.34759644527665   0.34759644527665
    7    0.55013104348954   0.55013104348954
    8    0.58755609542607   0.58755609542607

   kloop=93
   k1=   0.28571 k2=   0.28571 k3=   0.71429

    1   -0.59323996389831  -0.59323996389831
    2   -0.51743720934967  -0.51743720934967
    3   -0.38536316550298  -0.38536316550298
    4   -0.24719415380926  -0.24719415380926
    5    0.29431753690827   0.29431753690827
    6    0.42229629520918   0.42229629520918
    7    0.47788069621843   0.47788069621843
    8    0.59160615751355   0.59160615751355

   kloop=94
   k1=   0.28571 k2=   0.28571 k3=   0.85714

    1   -0.68196531842121  -0.68196531842121
    2   -0.40693102988666  -0.40693102988666
    3   -0.33131996898980  -0.33131996898980
    4   -0.26026627965695  -0.26026627965695
    5    0.21973576954993   0.21973576954993
    6    0.40880961521148   0.40880961521148
    7    0.45072636152440   0.45072636152440
    8    0.55719855409703   0.55719855409703

   kloop=95
   k1=   0.28571 k2=   0.42857 k3=   0.00000

    1   -0.68357211158533  -0.68357211158533
    2   -0.39563127784915  -0.39563127784915
    3   -0.30343209019921  -0.30343209019921
    4   -0.30078183809029  -0.30078183809029
    5    0.19060929619645   0.19060929619645
    6    0.41986410928339   0.41986410928339
    7    0.46173624687650   0.46173624687650
    8    0.53550664574228   0.53550664574228

   kloop=96
   k1=   0.28571 k2=   0.42857 k3=   0.14286

    1   -0.72847861406022  -0.72847861406022
    2   -0.35912350185337  -0.35912350185337
    3   -0.31849813239962  -0.31849813239962
    4   -0.22913036446966  -0.22913036446966
    5    0.24357633371063   0.24357633371063
    6    0.36572346460085   0.36572346460085
    7    0.46056381883211   0.46056381883211
    8    0.50696208503337   0.50696208503337

   kloop=97
   k1=   0.28571 k2=   0.42857 k3=   0.28571

    1   -0.73519383636410  -0.73519383636410
    2   -0.41989929391405  -0.41989929391405
    3   -0.25956866712884  -0.25956866712884
    4   -0.18528074780626  -0.18528074780626
    5    0.25030129668898   0.25030129668898
    6    0.34346490339318   0.34346490339318
    7    0.39791753761849   0.39791753761849
    8    0.58282031597823   0.58282031597823

   kloop=98
   k1=   0.28571 k2=   0.42857 k3=   0.42857

    1   -0.70289424724259  -0.70289424724259
    2   -0.47114791214794  -0.47114791214794
    3   -0.25287456778669  -0.25287456778669
    4   -0.19937945143894  -0.19937945143894
    5    0.21800839756101   0.21800839756101
    6    0.35836907475700   0.35836907475700
    7    0.45240587382723   0.45240587382723
    8    0.60809640171758   0.60809640171758

   kloop=99
   k1=   0.28571 k2=   0.42857 k3=   0.57143

    1   -0.63647652648471  -0.63647652648471
    2   -0.49559392933787  -0.49559392933787
    3   -0.34885516109779  -0.34885516109779
    4   -0.24163609677213  -0.24163609677213
    5    0.28551569614973   0.28551569614973
    6    0.38131216700884   0.38131216700884
    7    0.52876493474890   0.52876493474890
    8    0.58471645228054   0.58471645228054

   kloop=100
   k1=   0.28571 k2=   0.42857 k3=   0.71429

    1   -0.55001242957544  -0.55001242957544
    2   -0.52137705751533  -0.52137705751533
    3   -0.41293182571654  -0.41293182571654
    4   -0.30253171973110  -0.30253171973110
    5    0.35953833024649   0.35953833024649
    6    0.42264286997247   0.42264286997247
    7    0.48119606161974   0.48119606161974
    8    0.57396172976192   0.57396172976192

   kloop=101
   k1=   0.28571 k2=   0.42857 k3=   0.85714

    1   -0.60755427941650  -0.60755427941650
    2   -0.46251722461037  -0.46251722461037
    3   -0.36445992449504  -0.36445992449504
    4   -0.32471956205058  -0.32471956205058
    5    0.29282687204451   0.29282687204451
    6    0.38758439307457   0.38758439307457
    7    0.47442117512271   0.47442117512271
    8    0.57874304809919   0.57874304809919

   kloop=102
   k1=   0.28571 k2=   0.57143 k3=   0.00000

    1   -0.61174353252746  -0.61174353252746
    2   -0.48088856372254  -0.48088856372254
    3   -0.36731604304731  -0.36731604304731
    4   -0.29341499488594  -0.29341499488594
    5    0.23343191186633   0.23343191186633
    6    0.44828509250676   0.44828509250676
    7    0.50347575602487   0.50347575602487
    8    0.52228487051673   0.52228487051673

   kloop=103
   k1=   0.28571 k2=   0.57143 k3=   0.14286

    1   -0.64632980029221  -0.64632980029221
    2   -0.46319699063147  -0.46319699063147
    3   -0.34526699981440  -0.34526699981440
    4   -0.27853428349655  -0.27853428349655
    5    0.29207868179443   0.29207868179443
    6    0.39298709424093   0.39298709424093
    7    0.49548726026743   0.49548726026743
    8    0.51090746389972   0.51090746389972

   kloop=104
   k1=   0.28571 k2=   0.57143 k3=   0.28571

    1   -0.65882454752454  -0.65882454752454
    2   -0.44065147625457  -0.44065147625457
    3   -0.38581140333114  -0.38581140333114
    4   -0.23142047962174  -0.23142047962174
    5    0.25791928651709   0.25791928651709
    6    0.43288236698573   0.43288236698573
    7    0.46403573967089   0.46403573967089
    8    0.55803418233122   0.55803418233122

   kloop=105
   k1=   0.28571 k2=   0.57143 k3=   0.42857

    1   -0.63978175080443  -0.63978175080443
    2   -0.49145147201124  -0.49145147201124
    3   -0.31497260011507  -0.31497260011507
    4   -0.28311717232631  -0.28311717232631
    5    0.27132862297169   0.27132862297169
    6    0.40849933199318   0.40849933199318
    7    0.47376456758498   0.47376456758498
    8    0.59765785997186   0.59765785997186

   kloop=106
   k1=   0.28571 k2=   0.57143 k3=   0.57143

    1   -0.59576150214460  -0.59576150214460
    2   -0.51844211792820  -0.51844211792820
    3   -0.36888102171650  -0.36888102171650
    4   -0.26049029574990  -0.26049029574990
    5    0.23271612716192   0.23271612716192
    6    0.42647779418774   0.42647779418774
    7    0.51738407495384   0.51738407495384
    8    0.59504083219153   0.59504083219153

   kloop=107
   k1=   0.28571 k2=   0.57143 k3=   0.71429

    1   -0.56658231413511  -0.56658231413511
    2   -0.49937724255181  -0.49937724255181
    3   -0.40726707248461  -0.40726707248461
    4   -0.31531349736011  -0.31531349736011
    5    0.31481913820055   0.31481913820055
    6    0.44972361242180   0.44972361242180
    7    0.49339804609616   0.49339804609616
    8    0.55512012033388   0.55512012033388

   kloop=108
   k1=   0.28571 k2=   0.57143 k3=   0.85714

    1   -0.57811779410055  -0.57811779410055
    2   -0.47739353146551  -0.47739353146551
    3   -0.39178377958984  -0.39178377958984
    4   -0.34609991035536  -0.34609991035536
    5    0.32460210502825   0.32460210502825
    6    0.43165402972113   0.43165402972113
    7    0.48383885085465   0.48383885085465
    8    0.54591222863187   0.54591222863187

   kloop=109
   k1=   0.28571 k2=   0.71429 k3=   0.00000

    1   -0.66274615462028  -0.66274615462028
    2   -0.41791302155719  -0.41791302155719
    3   -0.38376304427782  -0.38376304427782
    4   -0.26235684535780  -0.26235684535780
    5    0.26347576173067   0.26347576173067
    6    0.43474087845185   0.43474087845185
    7    0.45713711025560   0.45713711025560
    8    0.51350043423373   0.51350043423373

   kloop=110
   k1=   0.28571 k2=   0.71429 k3=   0.14286

    1   -0.64841432805442  -0.64841432805442
    2   -0.45733435700074  -0.45733435700074
    3   -0.33340342463108  -0.33340342463108
    4   -0.29728584843834  -0.29728584843834
    5    0.31059788168646   0.31059788168646
    6    0.38001745085950   0.38001745085950
    7    0.48611600014016   0.48611600014016
    8    0.49773221623591   0.49773221623591

   kloop=111
   k1=   0.28571 k2=   0.71429 k3=   0.28571

    1   -0.61096618037397  -0.61096618037397
    2   -0.47844291391474  -0.47844291391474
    3   -0.39208973432834  -0.39208973432834
    4   -0.26638053462527  -0.26638053462527
    5    0.24214604488697   0.24214604488697
    6    0.45114628782027   0.45114628782027
    7    0.49019320415499   0.49019320415499
    8    0.53241016252698   0.53241016252698

   kloop=112
   k1=   0.28571 k2=   0.71429 k3=   0.42857

    1   -0.56861637779870  -0.56861637779870
    2   -0.49945672125791  -0.49945672125791
    3   -0.39795198970716  -0.39795198970716
    4   -0.32323544836522  -0.32323544836522
    5    0.31128004355911   0.31128004355911
    6    0.41202821094121   0.41202821094121
    7    0.51875243242643   0.51875243242643
    8    0.57157823793578   0.57157823793578

   kloop=113
   k1=   0.28571 k2=   0.71429 k3=   0.57143

    1   -0.56529115869153  -0.56529115869153
    2   -0.50400942570763  -0.50400942570763
    3   -0.40379514614545  -0.40379514614545
    4   -0.31476110060911  -0.31476110060911
    5    0.30073988264067   0.30073988264067
    6    0.42596077386013   0.42596077386013
    7    0.52865341911147   0.52865341911147
    8    0.56625953107953   0.56625953107953

   kloop=114
   k1=   0.28571 k2=   0.71429 k3=   0.71429

    1   -0.60776765595135  -0.60776765595135
    2   -0.48724273421842  -0.48724273421842
    3   -0.39270599755296  -0.39270599755296
    4   -0.25737480239009  -0.25737480239009
    5    0.23410248126336   0.23410248126336
    6    0.46347708266505   0.46347708266505
    7    0.49762890602181   0.49762890602181
    8    0.53828657631317   0.53828657631317

   kloop=115
   k1=   0.28571 k2=   0.71429 k3=   0.85714

    1   -0.64697163541661  -0.64697163541661
    2   -0.46466988762701  -0.46466988762701
    3   -0.32774350508798  -0.32774350508798
    4   -0.29604759469774  -0.29604759469774
    5    0.29696787138020   0.29696787138020
    6    0.39213718850844   0.39213718850844
    7    0.48279061647310   0.48279061647310
    8    0.51787515975147   0.51787515975147

   kloop=116
   k1=   0.28571 k2=   0.85714 k3=   0.00000

    1   -0.73776104634656  -0.73776104634656
    2   -0.39885168939261  -0.39885168939261
    3   -0.25122712960867  -0.25122712960867
    4   -0.22385955042136  -0.22385955042136
    5    0.26758534415948   0.26758534415948
    6    0.33916772800234   0.33916772800234
    7    0.37031430503008   0.37031430503008
    8    0.53096502439257   0.53096502439257

   kloop=117
   k1=   0.28571 k2=   0.85714 k3=   0.14286

    1   -0.73012089698546  -0.73012089698546
    2   -0.33282088368057  -0.33282088368057
    3   -0.31456199986295  -0.31456199986295
    4   -0.26476036529039  -0.26476036529039
    5    0.25889615291792   0.25889615291792
    6    0.35217008689141   0.35217008689141
    7    0.44901507869269   0.44901507869269
    8    0.47912355043359   0.47912355043359

   kloop=118
   k1=   0.28571 k2=   0.85714 k3=   0.28571

    1   -0.68453236728856  -0.68453236728856
    2   -0.38881268111198  -0.38881268111198
    3   -0.33315588767455  -0.33315588767455
    4   -0.27481147963004  -0.27481147963004
    5    0.19731204310114   0.19731204310114
    6    0.38126786384892   0.38126786384892
    7    0.50613773456127   0.50613773456127
    8    0.50999228222519   0.50999228222519

   kloop=119
   k1=   0.28571 k2=   0.85714 k3=   0.42857

    1   -0.60717870952990  -0.60717870952990
    2   -0.47089202138230  -0.47089202138230
    3   -0.34902189258286  -0.34902189258286
    4   -0.32956860227695  -0.32956860227695
    5    0.27407531933790   0.27407531933790
    6    0.35377119520240   0.35377119520240
    7    0.53310062226596   0.53310062226596
    8    0.57625663691299   0.57625663691299

   kloop=120
   k1=   0.28571 k2=   0.85714 k3=   0.57143

    1   -0.56365575752752  -0.56365575752752
    2   -0.50652493052598  -0.50652493052598
    3   -0.40395379558170  -0.40395379558170
    4   -0.31358167996812  -0.31358167996812
    5    0.30634780936551   0.30634780936551
    6    0.42413586879395   0.42413586879395
    7    0.51737163999117   0.51737163999117
    8    0.57652721003906   0.57652721003906

   kloop=121
   k1=   0.28571 k2=   0.85714 k3=   0.71429

    1   -0.64419336129003  -0.64419336129003
    2   -0.46849242496116  -0.46849242496116
    3   -0.36692468273854  -0.36692468273854
    4   -0.24643567536432  -0.24643567536432
    5    0.26114776560620   0.26114776560620
    6    0.45047288221775   0.45047288221775
    7    0.48861378910261   0.48861378910261
    8    0.52321245424671   0.52321245424671

   kloop=122
   k1=   0.28571 k2=   0.85714 k3=   0.85714

    1   -0.70719948414385  -0.70719948414385
    2   -0.44930352532280  -0.44930352532280
    3   -0.27407563560871  -0.27407563560871
    4   -0.20240357026150  -0.20240357026150
    5    0.21943831497804   0.21943831497804
    6    0.39760875078724   0.39760875078724
    7    0.40936432477687   0.40936432477687
    8    0.52842244357652   0.52842244357652

   kloop=123
   k1=   0.42857 k2=  -0.00000 k3=   0.00000

    1   -0.69494223519507  -0.69494223519507
    2   -0.50499491672829  -0.50499491672829
    3   -0.23712909830956  -0.23712909830956
    4   -0.15566011292373  -0.15566011292373
    5    0.19983960041921   0.19983960041921
    6    0.34223518693288   0.34223518693288
    7    0.38285600543591   0.38285600543591
    8    0.56908533341250   0.56908533341250

   kloop=124
   k1=   0.42857 k2=  -0.00000 k3=   0.14286

    1   -0.70729982057510  -0.70729982057510
    2   -0.44879690254291  -0.44879690254291
    3   -0.27449111515528  -0.27449111515528
    4   -0.20299212132898  -0.20299212132898
    5    0.22526525441706   0.22526525441706
    6    0.38634214397693   0.38634214397693
    7    0.41590491387368   0.41590491387368
    8    0.52631875957806   0.52631875957806

   kloop=125
   k1=   0.42857 k2=  -0.00000 k3=   0.28571

    1   -0.68413820545667  -0.68413820545667
    2   -0.39182332905541  -0.39182332905541
    3   -0.33864707398401  -0.33864707398401
    4   -0.26529284791992  -0.26529284791992
    5    0.19659453805526   0.19659453805526
    6    0.38256468691101   0.38256468691101
    7    0.50570126616501   0.50570126616501
    8    0.51839897266442   0.51839897266442

   kloop=126
   k1=   0.42857 k2=  -0.00000 k3=   0.42857

    1   -0.62546030144900  -0.62546030144900
    2   -0.46945241814831  -0.46945241814831
    3   -0.30476265960431  -0.30476265960431
    4   -0.29607890093869  -0.29607890093869
    5    0.17523919147723   0.17523919147723
    6    0.27731805294649   0.27731805294649
    7    0.57208948922923   0.57208948922923
    8    0.57957995534824   0.57957995534824

   kloop=127
   k1=   0.42857 k2=  -0.00000 k3=   0.57143

    1   -0.54832655231759  -0.54832655231759
    2   -0.53880340471837  -0.53880340471837
    3   -0.36306332850740  -0.36306332850740
    4   -0.29277747568135  -0.29277747568135
    5    0.22838338068032   0.22838338068032
    6    0.30945475318471   0.30945475318471
    7    0.56446947146206   0.56446947146206
    8    0.59138903038969   0.59138903038969

   kloop=128
   k1=   0.42857 k2=  -0.00000 k3=   0.71429

    1   -0.60767826027432  -0.60767826027432
    2   -0.48662600180785  -0.48662600180785
    3   -0.39467097363023  -0.39467097363023
    4   -0.25613118865035  -0.25613118865035
    5    0.24172408269782   0.24172408269782
    6    0.46129018605390   0.46129018605390
    7    0.48583697348658   0.48583697348658
    8    0.54592987710369   0.54592987710369

   kloop=129
   k1=   0.42857 k2=  -0.00000 k3=   0.85714

    1   -0.65641448018802  -0.65641448018802
    2   -0.51905650357153  -0.51905650357153
    3   -0.29587885953648  -0.29587885953648
    4   -0.19421600907760  -0.19421600907760
    5    0.23112735290356   0.23112735290356
    6    0.38696830251351   0.38696830251351
    7    0.44257741468432   0.44257741468432
    8    0.55003652701853   0.55003652701853

   kloop=130
   k1=   0.42857 k2=   0.14286 k3=   0.00000

    1   -0.70622236720365  -0.70622236720365
    2   -0.45348065837642  -0.45348065837642
    3   -0.26412575624100  -0.26412575624100
    4   -0.20803540755431  -0.20803540755431
    5    0.20524453996445   0.20524453996445
    6    0.36824651078160   0.36824651078160
    7    0.44457009491592   0.44457009491592
    8    0.54901862649333   0.54901862649333

   kloop=131
   k1=   0.42857 k2=   0.14286 k3=   0.14286

    1   -0.73640863873050  -0.73640863873050
    2   -0.40386831378445  -0.40386831378445
    3   -0.29358842865231  -0.29358842865231
    4   -0.15999962416437  -0.15999962416437
    5    0.20877847181339   0.20877847181339
    6    0.36852559487942   0.36852559487942
    7    0.41629642271409   0.41629642271409
    8    0.54032325254532   0.54032325254532

   kloop=132
   k1=   0.42857 k2=   0.14286 k3=   0.28571

    1   -0.72810995287545  -0.72810995287545
    2   -0.37045923481951  -0.37045923481951
    3   -0.31818012431746  -0.31818012431746
    4   -0.21165954550769  -0.21165954550769
    5    0.20693621234655   0.20693621234655
    6    0.40523074681261   0.40523074681261
    7    0.44344929055784   0.44344929055784
    8    0.53538316586044   0.53538316586044

   kloop=133
   k1=   0.42857 k2=   0.14286 k3=   0.42857

    1   -0.68130964884470  -0.68130964884470
    2   -0.42407538811415  -0.42407538811415
    3   -0.29614771362092  -0.29614771362092
    4   -0.27329053772119  -0.27329053772119
    5    0.18003137799443   0.18003137799443
    6    0.36714414704420   0.36714414704420
    7    0.53261697501330   0.53261697501330
    8    0.56635514511983   0.56635514511983

   kloop=134
   k1=   0.42857 k2=   0.14286 k3=   0.57143

    1   -0.60172585036090  -0.60172585036090
    2   -0.48564597770783  -0.48564597770783
    3   -0.35281347374868  -0.35281347374868
    4   -0.31368875261847  -0.31368875261847
    5    0.26444578078623   0.26444578078623
    6    0.36146621635981   0.36146621635981
    7    0.56258251583016   0.56258251583016
    8    0.56913688135795   0.56913688135795

   kloop=135
   k1=   0.42857 k2=   0.14286 k3=   0.71429

    1   -0.56511462739528  -0.56511462739528
    2   -0.50170810049298  -0.50170810049298
    3   -0.40741530686131  -0.40741530686131
    4   -0.31419102856280  -0.31419102856280
    5    0.32250735801458   0.32250735801458
    6    0.44711515034424   0.44711515034424
    7    0.48336420766552   0.48336420766552
    8    0.56253161418187   0.56253161418187

   kloop=136
   k1=   0.42857 k2=   0.14286 k3=   0.85714

    1   -0.64384151272376  -0.64384151272376
    2   -0.47270715410437  -0.47270715410437
    3   -0.34636340295096  -0.34636340295096
    4   -0.26760546936114  -0.26760546936114
    5    0.27921632319997   0.27921632319997
    6    0.39432072706162   0.39432072706162
    7    0.52015914846493   0.52015914846493
    8    0.52258615268779   0.52258615268779

   kloop=137
   k1=   0.42857 k2=   0.28571 k3=   0.00000

    1   -0.68280098378779  -0.68280098378779
    2   -0.40455262577351  -0.40455262577351
    3   -0.30277515470370  -0.30277515470370
    4   -0.29137064471337  -0.29137064471337
    5    0.18398474376294   0.18398474376294
    6    0.40453623963257   0.40453623963257
    7    0.49041964250546   0.49041964250546
    8    0.54289391425414   0.54289391425414

   kloop=138
   k1=   0.42857 k2=   0.28571 k3=   0.14286

    1   -0.72799367462738  -0.72799367462738
    2   -0.36487973242275  -0.36487973242275
    3   -0.32293940698717  -0.32293940698717
    4   -0.21551473507442  -0.21551473507442
    5    0.22519623342722   0.22519623342722
    6    0.37832782364433   0.37832782364433
    7    0.47472828348283   0.47472828348283
    8    0.51285720073171   0.51285720073171

   kloop=139
   k1=   0.42857 k2=   0.28571 k3=   0.28571

    1   -0.73487310883377  -0.73487310883377
    2   -0.42106630128121  -0.42106630128121
    3   -0.27009646616516  -0.27009646616516
    4   -0.16870244289147  -0.16870244289147
    5    0.22627915971981   0.22627915971981
    6    0.36715684204243   0.36715684204243
    7    0.40156126475209   0.40156126475209
    8    0.58705216571034   0.58705216571034

   kloop=140
   k1=   0.42857 k2=   0.28571 k3=   0.42857

    1   -0.70266879836054  -0.70266879836054
    2   -0.47210160177214  -0.47210160177214
    3   -0.25043744635219  -0.25043744635219
    4   -0.20054932666364  -0.20054932666364
    5    0.21397618293207   0.21397618293207
    6    0.35571305926129   0.35571305926129
    7    0.45517138879164   0.45517138879164
    8    0.61546600787181   0.61546600787181

   kloop=141
   k1=   0.42857 k2=   0.28571 k3=   0.57143

    1   -0.63638293485058  -0.63638293485058
    2   -0.49656890896231  -0.49656890896231
    3   -0.34384025930074  -0.34384025930074
    4   -0.24684727671419  -0.24684727671419
    5    0.29396912152749   0.29396912152749
    6    0.36723519181892   0.36723519181892
    7    0.52445537007039   0.52445537007039
    8    0.59347206536131   0.59347206536131

   kloop=142
   k1=   0.42857 k2=   0.28571 k3=   0.71429

    1   -0.55013346237166  -0.55013346237166
    2   -0.52116614169757  -0.52116614169757
    3   -0.41301753022548  -0.41301753022548
    4   -0.30255925957196  -0.30255925957196
    5    0.36129017550573   0.36129017550573
    6    0.42047698385348   0.42047698385348
    7    0.48243157306051   0.48243157306051
    8    0.57285746756783   0.57285746756783

   kloop=143
   k1=   0.42857 k2=   0.28571 k3=   0.85714

    1   -0.60631506633031  -0.60631506633031
    2   -0.46668283852907  -0.46668283852907
    3   -0.36607644746494  -0.36607644746494
    4   -0.31923469775504  -0.31923469775504
    5    0.28400337777116   0.28400337777116
    6    0.38892566810914   0.38892566810914
    7    0.48864777537521   0.48864777537521
    8    0.57904030170160   0.57904030170160

   kloop=144
   k1=   0.42857 k2=   0.42857 k3=   0.00000

    1   -0.62559001975839  -0.62559001975839
    2   -0.46182234271286  -0.46182234271286
    3   -0.32466772894662  -0.32466772894662
    4   -0.28860707709959  -0.28860707709959
    5    0.18301130509579   0.18301130509579
    6    0.31352288239820   0.31352288239820
    7    0.51179971968500   0.51179971968500
    8    0.60058111288973   0.60058111288973

   kloop=145
   k1=   0.42857 k2=   0.42857 k3=   0.14286

    1   -0.68232438355661  -0.68232438355661
    2   -0.40276956726390  -0.40276956726390
    3   -0.33591769247898  -0.33591769247898
    4   -0.25988042853624  -0.25988042853624
    5    0.22010514809047   0.22010514809047
    6    0.41068925450388   0.41068925450388
    7    0.44909985444434   0.44909985444434
    8    0.55175237896210   0.55175237896210

   kloop=146
   k1=   0.42857 k2=   0.42857 k3=   0.28571

    1   -0.70366343911879  -0.70366343911879
    2   -0.46703497919159  -0.46703497919159
    3   -0.25739961538958  -0.25739961538958
    4   -0.20344820580069  -0.20344820580069
    5    0.27618997446143   0.27618997446143
    6    0.32904523422156   0.32904523422156
    7    0.43581474283033   0.43581474283033
    8    0.58483397356158   0.58483397356158

   kloop=147
   k1=   0.42857 k2=   0.42857 k3=   0.42857

    1   -0.68816868799586  -0.68816868799586
    2   -0.52490938386466  -0.52490938386466
    3   -0.22012557649380  -0.22012557649380
    4   -0.15614406191940  -0.15614406191940
    5    0.22843702025091   0.22843702025091
    6    0.30970588748737   0.30970588748737
    7    0.41546200061761   0.41546200061761
    8    0.64134785160011   0.64134785160011

   kloop=148
   k1=   0.42857 k2=   0.42857 k3=   0.57143

    1   -0.64448492213413  -0.64448492213413
    2   -0.54468401251476  -0.54468401251476
    3   -0.28530123908848  -0.28530123908848
    4   -0.18686957585493  -0.18686957585493
    5    0.27961887469706   0.27961887469706
    6    0.32508504217007   0.32508504217007
    7    0.47141704613339   0.47141704613339
    8    0.62538887886263   0.62538887886263

   kloop=149
   k1=   0.42857 k2=   0.42857 k3=   0.71429

    1   -0.59536856811349  -0.59536856811349
    2   -0.51304616109537  -0.51304616109537
    3   -0.38816993095863  -0.38816993095863
    4   -0.24675144330962  -0.24675144330962
    5    0.29408459515038   0.29408459515038
    6    0.41995799535082   0.41995799535082
    7    0.48359880738967   0.48359880738967
    8    0.58348230484849   0.58348230484849

   kloop=150
   k1=   0.42857 k2=   0.42857 k3=   0.85714

    1   -0.55416279444177  -0.55416279444177
    2   -0.52639608151995  -0.52639608151995
    3   -0.38094360977161  -0.38094360977161
    4   -0.28402356646807  -0.28402356646807
    5    0.28278167692916   0.28278167692916
    6    0.30802703517770   0.30802703517770
    7    0.50186772854490   0.50186772854490
    8    0.60898064834469   0.60898064834469

   kloop=151
   k1=   0.42857 k2=   0.57143 k3=   0.00000

    1   -0.56521668994447  -0.56521668994447
    2   -0.51547697041518  -0.51547697041518
    3   -0.34630543434447  -0.34630543434447
    4   -0.32165341624760  -0.32165341624760
    5    0.21261069130110   0.21261069130110
    6    0.35364422799588   0.35364422799588
    7    0.52374905070558   0.52374905070558
    8    0.59611347944273   0.59611347944273

   kloop=152
   k1=   0.42857 k2=   0.57143 k3=   0.14286

    1   -0.60809002864464  -0.60809002864464
    2   -0.46045256092163  -0.46045256092163
    3   -0.36589516420327  -0.36589516420327
    4   -0.32501928382850  -0.32501928382850
    5    0.29283948793359   0.29283948793359
    6    0.38838530321518   0.38838530321518
    7    0.47370574104781   0.47370574104781
    8    0.57606570708066   0.57606570708066

   kloop=153
   k1=   0.42857 k2=   0.57143 k3=   0.28571

    1   -0.64005119147424  -0.64005119147424
    2   -0.48661794625292  -0.48661794625292
    3   -0.33954513791483  -0.33954513791483
    4   -0.26303747968029  -0.26303747968029
    5    0.33254274324602   0.33254274324602
    6    0.36536032131522   0.36536032131522
    7    0.47907638934107   0.47907638934107
    8    0.57291058835389   0.57291058835389

   kloop=154
   k1=   0.42857 k2=   0.57143 k3=   0.42857

    1   -0.64574159673192  -0.64574159673192
    2   -0.54367127806879  -0.54367127806879
    3   -0.26017076258862  -0.26017076258862
    4   -0.21712496174069  -0.21712496174069
    5    0.24951347218923   0.24951347218923
    6    0.36446114111504   0.36446114111504
    7    0.44359874085124   0.44359874085124
    8    0.63302054296161   0.63302054296161

   kloop=155
   k1=   0.42857 k2=   0.57143 k3=   0.57143

    1   -0.64548525561041  -0.64548525561041
    2   -0.54389157931903  -0.54389157931903
    3   -0.27080254887678  -0.27080254887678
    4   -0.20416403740702  -0.20416403740702
    5    0.24060203025524   0.24060203025524
    6    0.37774761053613   0.37774761053613
    7    0.44289764978678   0.44289764978678
    8    0.63140661714264   0.63140661714264

   kloop=156
   k1=   0.42857 k2=   0.57143 k3=   0.71429

    1   -0.63937159916628  -0.63937159916628
    2   -0.48740612611187  -0.48740612611187
    3   -0.34819338444700  -0.34819338444700
    4   -0.25180556787696  -0.25180556787696
    5    0.29993490540386   0.29993490540386
    6    0.40344948619954   0.40344948619954
    7    0.48523280649654   0.48523280649654
    8    0.56923452627131   0.56923452627131

   kloop=157
   k1=   0.42857 k2=   0.57143 k3=   0.85714

    1   -0.60686284383138  -0.60686284383138
    2   -0.46477953600589  -0.46477953600589
    3   -0.36730310825638  -0.36730310825638
    4   -0.31954821491559  -0.31954821491559
    5    0.28342072958188   0.28342072958188
    6    0.38966177109611   0.38966177109611
    7    0.48839843549969   0.48839843549969
    8    0.57689223169110   0.57689223169110

   kloop=158
   k1=   0.42857 k2=   0.71429 k3=   0.00000

    1   -0.60879883474920  -0.60879883474920
    2   -0.49064272081539  -0.49064272081539
    3   -0.35871196005254  -0.35871196005254
    4   -0.29445976406733  -0.29445976406733
    5    0.22981850860831   0.22981850860831
    6    0.43163153518517   0.43163153518517
    7    0.52954235728857   0.52954235728857
    8    0.53076079959818   0.53076079959818

   kloop=159
   k1=   0.42857 k2=   0.71429 k3=   0.14286

    1   -0.57813908892620  -0.57813908892620
    2   -0.47724206529762  -0.47724206529762
    3   -0.39195710518531  -0.39195710518531
    4   -0.34607330434395  -0.34607330434395
    5    0.32524697902516   0.32524697902516
    6    0.43129281410367   0.43129281410367
    7    0.48433153900426   0.48433153900426
    8    0.54487523093745   0.54487523093745

   kloop=160
   k1=   0.42857 k2=   0.71429 k3=   0.28571

    1   -0.56973444759048  -0.56973444759048
    2   -0.49483918328221  -0.49483918328221
    3   -0.40177385138904  -0.40177385138904
    4   -0.32357609991197  -0.32357609991197
    5    0.32790158736215   0.32790158736215
    6    0.42927032113723   0.42927032113723
    7    0.48755185180012   0.48755185180012
    8    0.56017383196870   0.56017383196870

   kloop=161
   k1=   0.42857 k2=   0.71429 k3=   0.42857

    1   -0.59600007710467  -0.59600007710467
    2   -0.51934194451547  -0.51934194451547
    3   -0.35972497552902  -0.35972497552902
    4   -0.27050300547512  -0.27050300547512
    5    0.23618868241424   0.23618868241424
    6    0.41195122588634   0.41195122588634
    7    0.51768247032933   0.51768247032933
    8    0.60244045604009   0.60244045604009

   kloop=162
   k1=   0.42857 k2=   0.71429 k3=   0.57143

    1   -0.63901250199179  -0.63901250199179
    2   -0.49324548840802  -0.49324548840802
    3   -0.32210941125696  -0.32210941125696
    4   -0.27346884415331  -0.27346884415331
    5    0.26326562058781   0.26326562058781
    6    0.40947718606642   0.40947718606642
    7    0.48268970856851   0.48268970856851
    8    0.60259974921406   0.60259974921406

   kloop=163
   k1=   0.42857 k2=   0.71429 k3=   0.71429

    1   -0.65751888989439  -0.65751888989439
    2   -0.44553165393012  -0.44553165393012
    3   -0.38954239661071  -0.38954239661071
    4   -0.21989281691053  -0.21989281691053
    5    0.24372336599224   0.24372336599224
    6    0.44481802007115   0.44481802007115
    7    0.47870614261705   0.47870614261705
    8    0.56278922283991   0.56278922283991

   kloop=164
   k1=   0.42857 k2=   0.71429 k3=   0.85714

    1   -0.64413099312522  -0.64413099312522
    2   -0.47228442510264  -0.47228442510264
    3   -0.34422175503031  -0.34422175503031
    4   -0.27025574552415  -0.27025574552415
    5    0.27364268968112   0.27364268968112
    6    0.40184037271660   0.40184037271660
    7    0.51419510507742   0.51419510507742
    8    0.52386967769758   0.52386967769758

   kloop=165
   k1=   0.42857 k2=   0.85714 k3=   0.00000

    1   -0.65732589008499  -0.65732589008499
    2   -0.51833668784851  -0.51833668784851
    3   -0.25550105541428  -0.25550105541428
    4   -0.24297496439905  -0.24297496439905
    5    0.24125368252397   0.24125368252397
    6    0.37192488805506   0.37192488805506
    7    0.43018831354529   0.43018831354529
    8    0.55929699945852   0.55929699945852

   kloop=166
   k1=   0.42857 k2=   0.85714 k3=   0.14286

    1   -0.64699857158171  -0.64699857158171
    2   -0.46406186298969  -0.46406186298969
    3   -0.33181380011702  -0.33181380011702
    4   -0.29254220193007  -0.29254220193007
    5    0.30678388476574   0.30678388476574
    6    0.38083741534767   0.38083741534767
    7    0.48799480908046   0.48799480908046
    8    0.51442453915581   0.51442453915581

   kloop=167
   k1=   0.42857 k2=   0.85714 k3=   0.28571

    1   -0.61147935527841  -0.61147935527841
    2   -0.45374540468579  -0.45374540468579
    3   -0.35159263644184  -0.35159263644184
    4   -0.34257794450426  -0.34257794450426
    5    0.29581526443745   0.29581526443745
    6    0.35118282489734   0.35118282489734
    7    0.50336458094763   0.50336458094763
    8    0.56009731391306   0.56009731391306

   kloop=168
   k1=   0.42857 k2=   0.85714 k3=   0.42857

    1   -0.55337008772950  -0.55337008772950
    2   -0.53390139265143  -0.53390139265143
    3   -0.35531465653407  -0.35531465653407
    4   -0.30127997342032  -0.30127997342032
    5    0.22322663071428   0.22322663071428
    6    0.31043256162850   0.31043256162850
    7    0.57303420986054   0.57303420986054
    8    0.58370205647301   0.58370205647301

   kloop=169
   k1=   0.42857 k2=   0.85714 k3=   0.57143

    1   -0.60648192114068  -0.60648192114068
    2   -0.47291581897450  -0.47291581897450
    3   -0.35491980755500  -0.35491980755500
    4   -0.32153845166153  -0.32153845166153
    5    0.26525322850335   0.26525322850335
    6    0.35856697869428   0.35856697869428
    7    0.54812453972320   0.54812453972320
    8    0.57003025967400   0.57003025967400

   kloop=170
   k1=   0.42857 k2=   0.85714 k3=   0.71429

    1   -0.64450931782903  -0.64450931782903
    2   -0.46742861607961  -0.46742861607961
    3   -0.36711346183829  -0.36711346183829
    4   -0.24738654881585  -0.24738654881585
    5    0.26177304937826   0.26177304937826
    6    0.45474557668902   0.45474557668902
    7    0.48724966039940   0.48724966039940
    8    0.51720984198350   0.51720984198350

   kloop=171
   k1=   0.42857 k2=   0.85714 k3=   0.85714

    1   -0.65651201488501  -0.65651201488501
    2   -0.51898526915605  -0.51898526915605
    3   -0.29463006674836  -0.29463006674836
    4   -0.19567037670166  -0.19567037670166
    5    0.22669042627386   0.22669042627386
    6    0.39986181368436   0.39986181368436
    7    0.43225149544260   0.43225149544260
    8    0.55081151923874   0.55081151923874

***********************************************************
***********************************************************
                   Mulliken populations                    
***********************************************************
***********************************************************

  Total spin moment (muB)   0.000000000

                    Up spin      Down spin     Sum           Diff
      1    C      2.000000000  2.000000000   4.000000000   0.000000000
      2    C      2.000000000  2.000000000   4.000000000   0.000000000

 Sum of MulP: up   =     4.00000 down          =     4.00000
              total=     8.00000 ideal(neutral)=     8.00000


  Decomposed Mulliken populations

    1    C          Up spin      Down spin     Sum           Diff
            multiple
  s           0    0.515216185  0.515216185   1.030432370   0.000000000
   sum over m      0.515216185  0.515216185   1.030432370   0.000000000
   sum over m+mul  0.515216185  0.515216185   1.030432370   0.000000000
  px          0    0.493795144  0.493795144   0.987590287   0.000000000
  py          0    0.495466420  0.495466420   0.990932841   0.000000000
  pz          0    0.495522251  0.495522251   0.991044502   0.000000000
   sum over m      1.484783815  1.484783815   2.969567630   0.000000000
   sum over m+mul  1.484783815  1.484783815   2.969567630   0.000000000

    2    C          Up spin      Down spin     Sum           Diff
            multiple
  s           0    0.515216185  0.515216185   1.030432370   0.000000000
   sum over m      0.515216185  0.515216185   1.030432370   0.000000000
   sum over m+mul  0.515216185  0.515216185   1.030432370   0.000000000
  px          0    0.493795144  0.493795144   0.987590287   0.000000000
  py          0    0.495466420  0.495466420   0.990932841   0.000000000
  pz          0    0.495522251  0.495522251   0.991044502   0.000000000
   sum over m      1.484783815  1.484783815   2.969567630   0.000000000
   sum over m+mul  1.484783815  1.484783815   2.969567630   0.000000000

***********************************************************
***********************************************************
                    Dipole moment (Debye)                  
***********************************************************
***********************************************************

 Absolute D        0.00030219

                      Dx                Dy                Dz
 Total              0.00018746        0.00016473        0.00017041
 Core              19.02069892       16.71515966       17.29154447
 Electron         -19.02051147      -16.71499493      -17.29137406
 Back ground       -0.00000000       -0.00000000       -0.00000000

***********************************************************
***********************************************************
       xyz-coordinates (Ang) and forces (Hartree/Bohr)  
***********************************************************
***********************************************************

<coordinates.forces
  2
    1     C     0.10000  -0.02000   0.01000  -0.091518238606  0.015562256930 -0.002755030835
    2     C     0.89000   0.89000   0.89000   0.091518238606 -0.015562256930  0.002755030834
coordinates.forces>

***********************************************************
***********************************************************
       Fractional coordinates of the final structure       
***********************************************************
***********************************************************

     1      C     0.01966292134831   0.03651685393258   0.96910112359551
     2      C     0.25000000000000   0.25000000000000   0.25000000000000

***********************************************************
***********************************************************
               Computational Time (second)                 
***********************************************************
***********************************************************

   Elapsed.Time.         5.010

                               Min_ID   Min_Time       Max_ID   Max_Time
   Total Computational Time =     2        4.967          0        5.010
   readfile                 =     2        2.290          0        2.290
   truncation               =    45        0.159          1        0.160
   MD_pac                   =     0        0.001         12        0.002
   OutData                  =    32        0.250          0        0.293
   HWF                      =     0        0.000          0        0.000
   DFT                      =     1        2.262         45        2.263

*** In DFT ***

   Set_OLP_Kin              =    16        0.050          0        0.219
   Set_Nonlocal             =     0        0.328         16        0.497
   Set_ProExpn_VNA          =    34        0.402          0        0.888
   Set_Hamiltonian          =     2        0.026         43        0.026
   Poisson                  =     5        0.001         16        0.001
   Diagonalization          =     0        0.059         25        0.059
   Mixing_DM                =    46        0.002         25        0.002
   Force                    =     0        0.085         20        0.085
   Total_Energy             =    21        0.532          0        0.533
   Set_Aden_Grid            =     0        0.002         34        0.488
   Set_Orbitals_Grid        =     5        0.000          0        0.013
   Set_Density_Grid         =    24        0.036          0        0.048
   RestartFileDFT           =    10        0.018         14        0.044
   Mulliken_Charge          =     1        0.001         42        0.001
   FFT(2D)_Density          =     7        0.002         40        0.002
   Others                   =    14        0.026         27        0.053
