gs2dbg[p0] grid:build
gs2dbg[p33] grid:build
gs2dbg[p32] grid:build
gs2dbg[p8] grid:build
gs2dbg[p14] grid:build
gs2dbg[p18] grid:build
gs2dbg[p27] grid:build
gs2dbg[p6] grid:build
gs2dbg[p29] grid:build
gs2dbg[p5] grid:build
gs2dbg[p25] grid:build
gs2dbg[p22] grid:build
gs2dbg[p12] grid:build
gs2dbg[p1] grid:build
gs2dbg[p20] grid:build
gs2dbg[p30] grid:build
gs2dbg[p21] grid:build
gs2dbg[p19] grid:build
gs2dbg[p24] grid:build
gs2dbg[p3] grid:build
gs2dbg[p26] grid:build
gs2dbg[p28] grid:build
gs2dbg[p2] grid:build
gs2dbg[p34] grid:build
gs2dbg[p11] grid:build
gs2dbg[p16] grid:build
gs2dbg[p31] grid:build
gs2dbg[p17] grid:build
gs2dbg[p7] grid:build
gs2dbg[p23] grid:build
gs2dbg[p35] grid:build
gs2dbg[p13] grid:build
gs2dbg[p4] grid:build
gs2dbg[p15] grid:build
gs2dbg[p10] grid:build
gs2dbg[p9] grid:build
gs2dbg[p40] grid:build
gs2dbg[p43] grid:build
gs2dbg[p48] grid:build
gs2dbg[p69] grid:build
gs2dbg[p47] grid:build
gs2dbg[p54] grid:build
gs2dbg[p38] grid:build
gs2dbg[p56] grid:build
gs2dbg[p36] grid:build
gs2dbg[p70] grid:build
gs2dbg[p41] grid:build
gs2dbg[p49] grid:build
gs2dbg[p55] grid:build
gs2dbg[p59] grid:build
gs2dbg[p53] grid:build
gs2dbg[p65] grid:build
gs2dbg[p62] grid:build
gs2dbg[p44] grid:build
gs2dbg[p37] grid:build
gs2dbg[p39] grid:build
gs2dbg[p52] grid:build
gs2dbg[p57] grid:build
gs2dbg[p58] grid:build
gs2dbg[p63] grid:build
gs2dbg[p68] grid:build
gs2dbg[p50] grid:build
gs2dbg[p61] grid:build
gs2dbg[p71] grid:build
gs2dbg[p67] grid:build
gs2dbg[p45] grid:build
gs2dbg[p66] grid:build
gs2dbg[p51] grid:build
gs2dbg[p60] grid:build
gs2dbg[p42] grid:build
gs2dbg[p46] grid:build
gs2dbg[p64] grid:build
gs2dbg[p1] grid:gridmap-done
gs2dbg[p15] grid:gridmap-done
gs2dbg[p32] grid:gridmap-done
gs2dbg[p6] grid:gridmap-done
gs2dbg[p13] grid:gridmap-done
gs2dbg[p35] grid:gridmap-done
gs2dbg[p12] grid:gridmap-done
gs2dbg[p4] grid:gridmap-done
gs2dbg[p23] grid:gridmap-done
gs2dbg[p33] grid:gridmap-done
gs2dbg[p25] grid:gridmap-done
gs2dbg[p25] sub:pre-allreduce
gs2dbg[p21] grid:gridmap-done
gs2dbg[p22] grid:gridmap-done
gs2dbg[p10] grid:gridmap-done
gs2dbg[p5] grid:gridmap-done
gs2dbg[p24] grid:gridmap-done
gs2dbg[p9] grid:gridmap-done
gs2dbg[p3] grid:gridmap-done
gs2dbg[p34] grid:gridmap-done
gs2dbg[p26] grid:gridmap-done
gs2dbg[p26] sub:pre-allreduce
gs2dbg[p30] grid:gridmap-done
gs2dbg[p8] grid:gridmap-done
gs2dbg[p18] grid:gridmap-done
gs2dbg[p18] sub:pre-allreduce
gs2dbg[p31] grid:gridmap-done
gs2dbg[p27] grid:gridmap-done
gs2dbg[p14] grid:gridmap-done
gs2dbg[p17] grid:gridmap-done
gs2dbg[p28] grid:gridmap-done
gs2dbg[p2] grid:gridmap-done
gs2dbg[p2] sub:pre-allreduce
gs2dbg[p29] grid:gridmap-done
gs2dbg[p11] grid:gridmap-done
gs2dbg[p11] sub:pre-allreduce
gs2dbg[p16] grid:gridmap-done
gs2dbg[p19] grid:gridmap-done
gs2dbg[p19] sub:pre-allreduce
gs2dbg[p7] grid:gridmap-done
gs2dbg[p20] grid:gridmap-done
gs2dbg[p35] sub:pre-allreduce
gs2dbg[p15] sub:pre-allreduce
gs2dbg[p6] sub:pre-allreduce
gs2dbg[p34] sub:pre-allreduce
gs2dbg[p27] sub:pre-allreduce
gs2dbg[p31] sub:pre-allreduce
gs2dbg[p4] sub:pre-allreduce
gs2dbg[p23] sub:pre-allreduce
gs2dbg[p17] sub:pre-allreduce
gs2dbg[p10] sub:pre-allreduce
gs2dbg[p32] sub:pre-allreduce
gs2dbg[p21] sub:pre-allreduce
gs2dbg[p8] sub:pre-allreduce
gs2dbg[p24] sub:pre-allreduce
gs2dbg[p1] sub:pre-allreduce
gs2dbg[p9] sub:pre-allreduce
gs2dbg[p16] sub:pre-allreduce
gs2dbg[p33] sub:pre-allreduce
gs2dbg[p7] sub:pre-allreduce
gs2dbg[p3] sub:pre-allreduce
gs2dbg[p20] sub:pre-allreduce
gs2dbg[p30] sub:pre-allreduce
gs2dbg[p5] sub:pre-allreduce
gs2dbg[p29] sub:pre-allreduce
gs2dbg[p12] sub:pre-allreduce
gs2dbg[p14] sub:pre-allreduce
gs2dbg[p13] sub:pre-allreduce
gs2dbg[p28] sub:pre-allreduce
gs2dbg[p22] sub:pre-allreduce
gs2dbg[p47] grid:gridmap-done
gs2dbg[p39] grid:gridmap-done
gs2dbg[p48] grid:gridmap-done
gs2dbg[p70] grid:gridmap-done
gs2dbg[p69] grid:gridmap-done
gs2dbg[p64] grid:gridmap-done
gs2dbg[p40] grid:gridmap-done
gs2dbg[p67] grid:gridmap-done
gs2dbg[p41] grid:gridmap-done
gs2dbg[p71] grid:gridmap-done
gs2dbg[p62] grid:gridmap-done
gs2dbg[p50] grid:gridmap-done
gs2dbg[p57] grid:gridmap-done
gs2dbg[p57] sub:pre-allreduce
gs2dbg[p45] grid:gridmap-done
gs2dbg[p37] grid:gridmap-done
gs2dbg[p37] sub:pre-allreduce
gs2dbg[p43] grid:gridmap-done
gs2dbg[p68] grid:gridmap-done
gs2dbg[p68] sub:pre-allreduce
gs2dbg[p61] grid:gridmap-done
gs2dbg[p61] sub:pre-allreduce
gs2dbg[p66] grid:gridmap-done
gs2dbg[p42] grid:gridmap-done
gs2dbg[p63] grid:gridmap-done
gs2dbg[p52] grid:gridmap-done
gs2dbg[p52] sub:pre-allreduce
gs2dbg[p58] grid:gridmap-done
gs2dbg[p54] grid:gridmap-done
gs2dbg[p54] sub:pre-allreduce
gs2dbg[p60] grid:gridmap-done
gs2dbg[p60] sub:pre-allreduce
gs2dbg[p49] grid:gridmap-done
gs2dbg[p46] grid:gridmap-done
gs2dbg[p46] sub:pre-allreduce
gs2dbg[p56] grid:gridmap-done
gs2dbg[p56] sub:pre-allreduce
gs2dbg[p55] grid:gridmap-done
gs2dbg[p55] sub:pre-allreduce
gs2dbg[p53] grid:gridmap-done
gs2dbg[p53] sub:pre-allreduce
gs2dbg[p51] grid:gridmap-done
gs2dbg[p51] sub:pre-allreduce
gs2dbg[p44] grid:gridmap-done
gs2dbg[p44] sub:pre-allreduce
gs2dbg[p65] grid:gridmap-done
gs2dbg[p65] sub:pre-allreduce
gs2dbg[p38] grid:gridmap-done
gs2dbg[p38] sub:pre-allreduce
gs2dbg[p59] grid:gridmap-done
gs2dbg[p59] sub:pre-allreduce
gs2dbg[p47] sub:pre-allreduce
gs2dbg[p41] sub:pre-allreduce
gs2dbg[p67] sub:pre-allreduce
gs2dbg[p45] sub:pre-allreduce
gs2dbg[p48] sub:pre-allreduce
gs2dbg[p43] sub:pre-allreduce
gs2dbg[p62] sub:pre-allreduce
gs2dbg[p66] sub:pre-allreduce
gs2dbg[p63] sub:pre-allreduce
gs2dbg[p40] sub:pre-allreduce
gs2dbg[p58] sub:pre-allreduce
gs2dbg[p71] sub:pre-allreduce
gs2dbg[p69] sub:pre-allreduce
gs2dbg[p0] grid:gridmap-done
gs2dbg[p70] sub:pre-allreduce
gs2dbg[p39] sub:pre-allreduce
gs2dbg[p50] sub:pre-allreduce
gs2dbg[p0] sub:pre-allreduce
gs2dbg[p64] sub:pre-allreduce
gs2dbg[p42] sub:pre-allreduce
gs2dbg[p49] sub:pre-allreduce
gs2dbg[p36] grid:gridmap-done
gs2dbg[p36] sub:pre-allreduce
gs2dbg[p3] sub:gemr2d-fwd
gs2dbg[p17] sub:gemr2d-fwd
gs2dbg[p4] sub:gemr2d-fwd
gs2dbg[p8] sub:gemr2d-fwd
gs2dbg[p57] sub:gemr2d-fwd
gs2dbg[p5] sub:gemr2d-fwd
gs2dbg[p19] sub:gemr2d-fwd
gs2dbg[p11] sub:gemr2d-fwd
gs2dbg[p42] sub:gemr2d-fwd
gs2dbg[p18] sub:gemr2d-fwd
gs2dbg[p28] sub:gemr2d-fwd
gs2dbg[p1] sub:gemr2d-fwd
gs2dbg[p33] sub:gemr2d-fwd
gs2dbg[p9] sub:gemr2d-fwd
gs2dbg[p24] sub:gemr2d-fwd
gs2dbg[p32] sub:gemr2d-fwd
gs2dbg[p12] sub:gemr2d-fwd
gs2dbg[p25] sub:gemr2d-fwd
gs2dbg[p23] sub:gemr2d-fwd
gs2dbg[p20] sub:gemr2d-fwd
gs2dbg[p15] sub:gemr2d-fwd
gs2dbg[p14] sub:gemr2d-fwd
gs2dbg[p26] sub:gemr2d-fwd
gs2dbg[p30] sub:gemr2d-fwd
gs2dbg[p16] sub:gemr2d-fwd
gs2dbg[p29] sub:gemr2d-fwd
gs2dbg[p7] sub:gemr2d-fwd
gs2dbg[p35] sub:gemr2d-fwd
gs2dbg[p60] sub:gemr2d-fwd
gs2dbg[p13] sub:gemr2d-fwd
gs2dbg[p10] sub:gemr2d-fwd
gs2dbg[p22] sub:gemr2d-fwd
gs2dbg[p0] sub:gemr2d-fwd
gs2dbg[p27] sub:gemr2d-fwd
gs2dbg[p2] sub:gemr2d-fwd
gs2dbg[p21] sub:gemr2d-fwd
gs2dbg[p31] sub:gemr2d-fwd
gs2dbg[p6] sub:gemr2d-fwd
gs2dbg[p63] sub:gemr2d-fwd
gs2dbg[p34] sub:gemr2d-fwd
gs2dbg[p62] sub:gemr2d-fwd
gs2dbg[p69] sub:gemr2d-fwd
gs2dbg[p54] sub:gemr2d-fwd
gs2dbg[p67] sub:gemr2d-fwd
gs2dbg[p65] sub:gemr2d-fwd
gs2dbg[p61] sub:gemr2d-fwd
gs2dbg[p43] sub:gemr2d-fwd
gs2dbg[p44] sub:gemr2d-fwd
gs2dbg[p68] sub:gemr2d-fwd
gs2dbg[p40] sub:gemr2d-fwd
gs2dbg[p59] sub:gemr2d-fwd
gs2dbg[p36] sub:gemr2d-fwd
gs2dbg[p52] sub:gemr2d-fwd
gs2dbg[p56] sub:gemr2d-fwd
gs2dbg[p48] sub:gemr2d-fwd
gs2dbg[p38] sub:gemr2d-fwd
gs2dbg[p45] sub:gemr2d-fwd
gs2dbg[p58] sub:gemr2d-fwd
gs2dbg[p66] sub:gemr2d-fwd
gs2dbg[p64] sub:gemr2d-fwd
gs2dbg[p41] sub:gemr2d-fwd
gs2dbg[p37] sub:gemr2d-fwd
gs2dbg[p50] sub:gemr2d-fwd
gs2dbg[p55] sub:gemr2d-fwd
gs2dbg[p71] sub:gemr2d-fwd
gs2dbg[p51] sub:gemr2d-fwd
gs2dbg[p53] sub:gemr2d-fwd
gs2dbg[p39] sub:gemr2d-fwd
gs2dbg[p49] sub:gemr2d-fwd
gs2dbg[p47] sub:gemr2d-fwd
gs2dbg[p46] sub:gemr2d-fwd
gs2dbg[p70] sub:gemr2d-fwd
--------------------------------------------------------------------------
The user-provided time limit for job execution has been reached:

  Timeout: 420 seconds

The job will now be aborted.  Please check your code and/or
adjust/remove the job execution time limit (as specified by --timeout
command line option or MPIEXEC_TIMEOUT environment variable).
--------------------------------------------------------------------------
