***********************************************************
***********************************************************

  This calculation was performed by OpenMX Ver. 4.0
  using 28 MPI processes and 1 OpenMP threads.

  Sun Apr  5 01:08:49 2026

***********************************************************
***********************************************************

#
#  sialic acid
#

System.CurrrentDirectory         ./    # default=./
System.Name                    SialicAcid
level.of.stdout                   1    # default=1 (1-3)
level.of.fileout                  1    # default=1 (1-3)

#
# Definition of Atomic Species
#

Species.Number       4
<Definition.of.Atomic.Species
 H   H7.0-s2         H_PBE19
 C   C7.0-s2p2d1     C_PBE19
 N   N7.0-s2p2d1     N_PBE19
 O   O7.0-s2p2d1     O_PBE19
Definition.of.Atomic.Species>

#
# Atoms
#

Atoms.Number        40
Atoms.SpeciesAndCoordinates.Unit   Ang # Ang|AU
<Atoms.SpeciesAndCoordinates           # Unit=Ang.
  1    C      2.582389    0.082263    0.275981  2.0 2.0
  2    C      2.373302   -1.138641    1.194045  2.0 2.0
  3    C      1.025279   -1.046303    1.915805  2.0 2.0
  4    O      1.494760    0.417412   -0.551026  3.0 3.0
  5    O      2.737365    1.290409    0.959881  3.0 3.0
  6    C      3.786642   -0.218196   -0.669598  2.0 2.0
  7    C     -0.094548   -0.880994    0.852978  2.0 2.0
  8    O      0.818810   -2.142299    2.769607  3.0 3.0
  9    C      0.189860    0.406427    0.032303  2.0 2.0
 10    O      3.643031   -0.765984   -1.887826  3.0 3.0
 11    N     -1.439593   -0.763227    1.473170  2.5 2.5
 12    C     -0.794830    0.555420   -1.164775  2.0 2.0
 13    C     -2.201474   -1.933622    1.785979  2.0 2.0
 14    C     -0.699037    1.970172   -1.816905  2.0 2.0
 15    O     -0.492165   -0.473838   -2.086758  3.0 3.0
 16    C     -3.380212   -1.734942    2.703342  2.0 2.0
 17    C     -1.692264    2.084875   -3.001286  2.0 2.0
 18    O     -1.043670    2.903447   -0.812168  3.0 3.0
 19    O     -1.330304    3.229879   -3.734910  3.0 3.0
 20    H      2.425174   -2.068894    0.591604  0.5 0.5
 21    H      3.200545   -1.206435    1.928208  0.5 0.5
 22    H      1.026448   -0.193694    2.636486  0.5 0.5
 23    H      3.581516    1.287328    1.392610  0.5 0.5
 24    O      4.952256   -0.033514   -0.388556  3.0 3.0
 25    H     -0.102022   -1.766810    0.166650  0.5 0.5
 26    H      0.735183   -2.921643    2.231726  0.5 0.5
 27    H      0.107549    1.303998    0.694823  0.5 0.5
 28    H      2.725125   -0.850757   -2.119188  0.5 0.5
 29    H     -1.471475   -0.065661    2.186538  0.5 0.5
 30    H     -1.836523    0.400014   -0.786384  0.5 0.5
 31    O     -1.917639   -2.999691    1.261455  3.0 3.0
 32    H      0.345774    2.154635   -2.170503  0.5 0.5
 33    H     -0.997689   -0.290669   -2.871991  0.5 0.5
 34    H     -4.034390   -0.927209    2.348403  0.5 0.5
 35    H     -3.989613   -2.645567    2.777278  0.5 0.5
 36    H     -3.048059   -1.477466    3.718235  0.5 0.5
 37    H     -1.627818    1.184534   -3.650635  0.5 0.5
 38    H     -2.737481    2.157517   -2.640910  0.5 0.5
 39    H     -0.814953    3.755808   -1.157336  0.5 0.5
 40    H     -2.005246    3.361919   -4.386353  0.5 0.5
Atoms.SpeciesAndCoordinates>
Atoms.UnitVectors.Unit             Ang #  Ang|AU
<Atoms.UnitVectors          
  16.0   0.0   0.0
   0.0  14.0   0.0
   0.0   0.0  15.0
Atoms.UnitVectors>

#
# SCF or Electronic System
#

scf.XcType                GGA-PBE      # LDA|LSDA-CA|LSDA-PW
scf.SpinPolarization       off         # On|Off
scf.ElectronicTemperature  900.0       # default=300 (K)
scf.energycutoff           150.0       # default=150 (Ry)
scf.maxIter                100         # default=40
scf.EigenvalueSolver       cluster     # Recursion|Cluster|Band
scf.Kgrid                  1 1 1       # means 4x4x4
scf.Mixing.Type           rmm-diisk    # Simple|Rmm-Diis|Gr-Pulay
scf.Init.Mixing.Weight     0.100       # default=0.30 
scf.Min.Mixing.Weight      0.001       # default=0.001 
scf.Max.Mixing.Weight      0.600       # default=0.40 
scf.Mixing.History          15         # default=5
scf.Mixing.StartPulay       9          # default=6
scf.criterion             1.0e-10      # default=1.0e-6 (Hartree) 

#
# MD or Geometry Optimization
#

MD.Type                     nomd       # Nomd|Opt|NVE|NVT_VS|NVT_NH
MD.maxIter                   1         # default=1
MD.TimeStep                1.0         # default=0.5 (fs)
MD.Opt.criterion          1.0e-4       # default=1.0e-4 (Hartree/bohr)



***********************************************************
***********************************************************

  Required cutoff energy (Ryd) for 3D-grids = 150.0000
      Used cutoff energy (Ryd) for 3D-grids = 155.4621, 155.4621, 154.0833
  Num. of grids of a-, b-, and c-axes = 120, 105, 112

  Num.Grid1.   120
  Num.Grid2.   105
  Num.Grid3.   112


  Cell_Volume =  22674.399004669944 (Bohr^3)
  GridVol     =      0.016067459612 (Bohr^3)
  Cell vectors (bohr) of the grid cell (gtv)
    gtv_a =  0.251963465144,  0.000000000000,  0.000000000000
    gtv_b =  0.000000000000,  0.251963465144,  0.000000000000
    gtv_c =  0.000000000000,  0.000000000000,  0.253088302042
    |gtv_a| =  0.251963465144
    |gtv_b| =  0.251963465144
    |gtv_c| =  0.253088302042

***********************************************************
***********************************************************


***********************************************************
***********************************************************
                  SCF history at MD= 1                    
***********************************************************
***********************************************************

   SCF=   1  NormRD=  1.000000000000  Uele= -68.542792453852
   SCF=   2  NormRD=  5.276639032490  Uele= -68.542792453852
   SCF=   3  NormRD=  5.239215402063  Uele= -68.502141038701
   SCF=   4  NormRD=  2.695885402025  Uele= -65.836118896353
   SCF=   5  NormRD=  1.469898898896  Uele= -64.413880438025
   SCF=   6  NormRD=  0.742609650205  Uele= -63.666348378049
   SCF=   7  NormRD=  0.289924647486  Uele= -62.921233766574
   SCF=   8  NormRD=  0.129312749924  Uele= -62.400857939739
   SCF=   9  NormRD=  0.082753696450  Uele= -62.181825694554
   SCF=  10  NormRD=  0.051883632420  Uele= -61.887438388794
   SCF=  11  NormRD=  0.010350769070  Uele= -61.806174390540
   SCF=  12  NormRD=  0.003528720413  Uele= -61.782730321024
   SCF=  13  NormRD=  0.002166505988  Uele= -61.769968174183
   SCF=  14  NormRD=  0.000808536869  Uele= -61.770172565031
   SCF=  15  NormRD=  0.000199463375  Uele= -61.770333617054
   SCF=  16  NormRD=  0.000059873465  Uele= -61.769800787036
   SCF=  17  NormRD=  0.000021432314  Uele= -61.769605422682
   SCF=  18  NormRD=  0.000005412565  Uele= -61.769649217423
   SCF=  19  NormRD=  0.000002198878  Uele= -61.769656929082
   SCF=  20  NormRD=  0.000000672027  Uele= -61.769655678344
   SCF=  21  NormRD=  0.000000184172  Uele= -61.769655059053
   SCF=  22  NormRD=  0.000000064873  Uele= -61.769655163214
   SCF=  23  NormRD=  0.000000014573  Uele= -61.769655235567
   SCF=  24  NormRD=  0.000000008122  Uele= -61.769655279517
   SCF=  25  NormRD=  0.000000002778  Uele= -61.769655274575
   SCF=  26  NormRD=  0.000000000804  Uele= -61.769655275776
   SCF=  27  NormRD=  0.000000000232  Uele= -61.769655275338
   SCF=  28  NormRD=  0.000000000086  Uele= -61.769655275109
   SCF=  29  NormRD=  0.000000000032  Uele= -61.769655275146

*******************************************************
        Total energy (Hartree) at MD = 1        
*******************************************************

  Uele.        -61.769655275146

  Ukin.        169.635795792632
  UH0.       -1198.310945845791
  UH1.           0.780141754470
  Una.        -184.592450062332
  Unl.          25.678999805919
  Uxc0.        -32.936955525681
  Uxc1.        -32.936955525681
  Ucore.      1020.638740305686
  Uhub.          0.000000000000
  Ucs.           0.000000000000
  Uzs.           0.000000000000
  Uzo.           0.000000000000
  Uef.           0.000000000000
  UvdW.          0.000000000000
  Uch.           0.000000000000
  Utot.       -232.043629300778

  UpV.           0.000000000000
  Enpy.       -232.043629300778
  Note:

  Utot = Ukin+UH0+UH1+Una+Unl+Uxc0+Uxc1+Ucore+Uhub+Ucs+Uzs+Uzo+Uef+UvdW+Uch

  Uele:   band energy
  Ukin:   kinetic energy
  UH0:    electric part of screened Coulomb energy
  UH1:    difference electron-electron Coulomb energy
  Una:    neutral atom potential energy
  Unl:    non-local potential energy
  Uxc0:   exchange-correlation energy for alpha spin
  Uxc1:   exchange-correlation energy for beta spin
  Ucore:  core-core Coulomb energy
  Uhub:   LDA+U energy
  Ucs:    constraint energy for spin orientation
  Uzs:    Zeeman term for spin magnetic moment
  Uzo:    Zeeman term for orbital magnetic moment
  Uef:    electric energy by electric field
  UvdW:   semi-empirical vdW energy
  Uch:    penalty term to create a core hole

  UpV:    pressure times volume
  Enpy:   Enthalpy = Utot + UpV
  (see also PRB 72, 045121(2005) for the energy contributions)



  Chemical potential (Hartree)      -0.131506919861

***********************************************************
***********************************************************
            Eigenvalues (Hartree) for SCF KS-eq.           
***********************************************************
***********************************************************

   Chemical Potential (Hartree) =  -0.13150691986084
   Number of States             = 122.00000000000003
   HOMO = 61
   Eigenvalues
                Up-spin            Down-spin
          1  -1.03771923735519  -1.03771923735519
          2  -1.01327043264147  -1.01327043264147
          3  -0.98041384217393  -0.98041384217393
          4  -0.96890272272632  -0.96890272272632
          5  -0.96766753977965  -0.96766753977965
          6  -0.95747889729724  -0.95747889729724
          7  -0.95632830894412  -0.95632830894412
          8  -0.94768476608661  -0.94768476608661
          9  -0.93342878963074  -0.93342878963074
         10  -0.84723033500011  -0.84723033500011
         11  -0.73820871595006  -0.73820871595006
         12  -0.73318685190590  -0.73318685190590
         13  -0.69876950443895  -0.69876950443895
         14  -0.67960369015053  -0.67960369015053
         15  -0.64510661756296  -0.64510661756296
         16  -0.61911789549902  -0.61911789549902
         17  -0.59392538444400  -0.59392538444400
         18  -0.57502127700835  -0.57502127700835
         19  -0.55679227283773  -0.55679227283773
         20  -0.54871158614067  -0.54871158614067
         21  -0.53888754298408  -0.53888754298408
         22  -0.52569208903642  -0.52569208903642
         23  -0.51523777431227  -0.51523777431227
         24  -0.48943157336930  -0.48943157336930
         25  -0.48532247578069  -0.48532247578069
         26  -0.47368221816095  -0.47368221816095
         27  -0.46373101912399  -0.46373101912399
         28  -0.45013123204511  -0.45013123204511
         29  -0.43609042842453  -0.43609042842453
         30  -0.43350509801541  -0.43350509801541
         31  -0.43270643900861  -0.43270643900861
         32  -0.42478190925314  -0.42478190925314
         33  -0.40748642040842  -0.40748642040842
         34  -0.40547254739437  -0.40547254739437
         35  -0.39480893870556  -0.39480893870556
         36  -0.39315995275059  -0.39315995275059
         37  -0.38940924147890  -0.38940924147890
         38  -0.38065807803402  -0.38065807803402
         39  -0.37638889724179  -0.37638889724179
         40  -0.37171113331470  -0.37171113331470
         41  -0.36687362137030  -0.36687362137030
         42  -0.35910734689987  -0.35910734689987
         43  -0.35712796174100  -0.35712796174100
         44  -0.34270387596001  -0.34270387596001
         45  -0.33092827506624  -0.33092827506624
         46  -0.32873304382291  -0.32873304382291
         47  -0.32759377933489  -0.32759377933489
         48  -0.32206603426135  -0.32206603426135
         49  -0.31325513345714  -0.31325513345714
         50  -0.30597495038492  -0.30597495038492
         51  -0.28996179873555  -0.28996179873555
         52  -0.27930866610573  -0.27930866610573
         53  -0.26696221650396  -0.26696221650396
         54  -0.25931579792655  -0.25931579792655
         55  -0.25381925390070  -0.25381925390070
         56  -0.24736791968476  -0.24736791968476
         57  -0.24332541990536  -0.24332541990536
         58  -0.23305314062724  -0.23305314062724
         59  -0.23257043207802  -0.23257043207802
         60  -0.22414250614143  -0.22414250614143
         61  -0.21377278690500  -0.21377278690500
         62  -0.04946813340365  -0.04946813340365
         63  -0.03403319863314  -0.03403319863314
         64   0.01000891382397   0.01000891382397
         65   0.01590328115000   0.01590328115000
         66   0.03402479345755   0.03402479345755
         67   0.03825333700939   0.03825333700939
         68   0.04146439427712   0.04146439427712
         69   0.05197372256743   0.05197372256743
         70   0.05649629783503   0.05649629783503
         71   0.06798133630732   0.06798133630732
         72   0.07992734839495   0.07992734839495
         73   0.09309283093950   0.09309283093950
         74   0.09725215827065   0.09725215827065
         75   0.10688836792137   0.10688836792137
         76   0.11267230296600   0.11267230296600
         77   0.11886209807838   0.11886209807838
         78   0.12050206968424   0.12050206968424
         79   0.13098764776816   0.13098764776816
         80   0.13579608497075   0.13579608497075
         81   0.14383187796637   0.14383187796637
         82   0.14538563315998   0.14538563315998
         83   0.15125545111086   0.15125545111086
         84   0.15350000563138   0.15350000563138
         85   0.15943475461079   0.15943475461079
         86   0.16140688870920   0.16140688870920
         87   0.17298566528464   0.17298566528464
         88   0.17878013517646   0.17878013517646
         89   0.18494583439928   0.18494583439928
         90   0.19396109552196   0.19396109552196
         91   0.20442432790212   0.20442432790212
         92   0.20533132692882   0.20533132692882
         93   0.21360441759969   0.21360441759969
         94   0.21862829046316   0.21862829046316
         95   0.22816575329590   0.22816575329590
         96   0.23849342429789   0.23849342429789
         97   0.24088988476457   0.24088988476457
         98   0.25371586543030   0.25371586543030
         99   0.25520709564775   0.25520709564775
        100   0.26609453237714   0.26609453237714
        101   0.27032346636490   0.27032346636490
        102   0.28024000634155   0.28024000634155
        103   0.28648953615213   0.28648953615213
        104   0.28988123154708   0.28988123154708
        105   0.29724755156465   0.29724755156465
        106   0.29869216803047   0.29869216803047
        107   0.30581202535776   0.30581202535776
        108   0.31546800907858   0.31546800907858
        109   0.32312204285191   0.32312204285191
        110   0.32610577379785   0.32610577379785
        111   0.33032891388260   0.33032891388260
        112   0.33515093649592   0.33515093649592
        113   0.33788372422522   0.33788372422522
        114   0.34812212640352   0.34812212640352
        115   0.35575289714757   0.35575289714757
        116   0.36411059240350   0.36411059240350
        117   0.37230377215626   0.37230377215626
        118   0.37364730643866   0.37364730643866
        119   0.38163731533536   0.38163731533536
        120   0.39482174611125   0.39482174611125
        121   0.39738920799119   0.39738920799119
        122   0.40324246113455   0.40324246113455
        123   0.41374539621034   0.41374539621034
        124   0.42149726144004   0.42149726144004
        125   0.42313790722276   0.42313790722276
        126   0.43583827453250   0.43583827453250
        127   0.44250284558426   0.44250284558426
        128   0.44545911111986   0.44545911111986
        129   0.44821272212355   0.44821272212355
        130   0.46137503518716   0.46137503518716
        131   0.46739301735855   0.46739301735855
        132   0.47785089845316   0.47785089845316
        133   0.48626760598350   0.48626760598350
        134   0.49316188756800   0.49316188756800
        135   0.50312926387590   0.50312926387590
        136   0.51136210935405   0.51136210935405
        137   0.52899911637713   0.52899911637713
        138   0.54207987400952   0.54207987400952
        139   0.54557072601925   0.54557072601925
        140   0.56043505196970   0.56043505196970
        141   0.57136813418461   0.57136813418461
        142   0.58500924552184   0.58500924552184
        143   0.59001145729379   0.59001145729379
        144   0.60738426310479   0.60738426310479
        145   0.61582205951978   0.61582205951978
        146   0.63098386090652   0.63098386090652
        147   0.64402546245701   0.64402546245701
        148   0.65579414660329   0.65579414660329
        149   0.67298313868137   0.67298313868137
        150   0.68903402387840   0.68903402387840
        151   0.71068023508622   0.71068023508622
        152   0.71847907490916   0.71847907490916
        153   0.73997175638896   0.73997175638896
        154   0.75214476387321   0.75214476387321
        155   0.76254336642462   0.76254336642462
        156   0.76556653867957   0.76556653867957
        157   0.77297969468466   0.77297969468466
        158   0.78986044002319   0.78986044002319
        159   0.79782527527146   0.79782527527146
        160   0.80539703816071   0.80539703816071
        161   0.80893345308507   0.80893345308507
        162   0.82128998240347   0.82128998240347
        163   0.82564996951104   0.82564996951104
        164   0.82938327502074   0.82938327502074
        165   0.83779299452768   0.83779299452768
        166   0.85558409948838   0.85558409948838
        167   0.86336531743034   0.86336531743034
        168   0.87498835308016   0.87498835308016
        169   0.88023734264822   0.88023734264822
        170   0.89242948358351   0.89242948358351
        171   0.89647702355442   0.89647702355442
        172   0.90179626156439   0.90179626156439
        173   0.91523393851895   0.91523393851895
        174   0.92876932825776   0.92876932825776
        175   0.93420201592460   0.93420201592460
        176   0.96133163561563   0.96133163561563
        177   0.97592131344568   0.97592131344568
        178   0.98223904959189   0.98223904959189
        179   1.00669862626636   1.00669862626636
        180   1.01320859855410   1.01320859855410
        181   1.02895165210181   1.02895165210181
        182   1.03644138696856   1.03644138696856
        183   1.04355376327454   1.04355376327454
        184   1.07041679796198   1.07041679796198
        185   1.08276215547208   1.08276215547208
        186   1.09486012910455   1.09486012910455
        187   1.10498860729722   1.10498860729722
        188   1.12027903482006   1.12027903482006
        189   1.14016960630972   1.14016960630972
        190   1.14880416063043   1.14880416063043
        191   1.17400226482191   1.17400226482191
        192   1.18180403306512   1.18180403306512
        193   1.20443729645377   1.20443729645377
        194   1.20733315990697   1.20733315990697
        195   1.23919105734588   1.23919105734588
        196   1.26449169653955   1.26449169653955
        197   1.26654976992811   1.26654976992811
        198   1.27399795211679   1.27399795211679
        199   1.28812233251884   1.28812233251884
        200   1.30581040167391   1.30581040167391
        201   1.31551570457955   1.31551570457955
        202   1.33684005212276   1.33684005212276
        203   1.34531444354219   1.34531444354219
        204   1.36064449184006   1.36064449184006
        205   1.37422637532505   1.37422637532505
        206   1.38421306534076   1.38421306534076
        207   1.40294096986402   1.40294096986402
        208   1.42913601224894   1.42913601224894
        209   1.43705015314824   1.43705015314824
        210   1.44696959919649   1.44696959919649
        211   1.45826455621867   1.45826455621867
        212   1.46004152455042   1.46004152455042
        213   1.47234160044414   1.47234160044414
        214   1.49005594788848   1.49005594788848
        215   1.51386717872620   1.51386717872620
        216   1.52025739659979   1.52025739659979
        217   1.53303688160066   1.53303688160066
        218   1.54447682374488   1.54447682374488
        219   1.54727355896468   1.54727355896468
        220   1.56284837566357   1.56284837566357
        221   1.57043304970434   1.57043304970434
        222   1.58731508439345   1.58731508439345
        223   1.59424001025332   1.59424001025332
        224   1.61498655266012   1.61498655266012
        225   1.62947192148489   1.62947192148489
        226   1.64931248743230   1.64931248743230
        227   1.65204350585791   1.65204350585791
        228   1.66825317276014   1.66825317276014
        229   1.67209041671979   1.67209041671979
        230   1.67810187758780   1.67810187758780
        231   1.69324828124578   1.69324828124578
        232   1.70455257407343   1.70455257407343
        233   1.70634452021413   1.70634452021413
        234   1.70750199736668   1.70750199736668
        235   1.72628737763521   1.72628737763521
        236   1.73187881153807   1.73187881153807
        237   1.73908557385770   1.73908557385770
        238   1.74403451292103   1.74403451292103
        239   1.75146311785430   1.75146311785430
        240   1.76816018342183   1.76816018342183
        241   1.77021064000006   1.77021064000006
        242   1.77916713154813   1.77916713154813
        243   1.78730764128952   1.78730764128952
        244   1.80029890962786   1.80029890962786
        245   1.81303139582177   1.81303139582177
        246   1.82038311512816   1.82038311512816
        247   1.82195054546735   1.82195054546735
        248   1.82684922712007   1.82684922712007
        249   1.84425999540099   1.84425999540099
        250   1.86270342081902   1.86270342081902
        251   1.87552101816934   1.87552101816934
        252   1.88286006340874   1.88286006340874
        253   1.88439359511753   1.88439359511753
        254   1.90341615616037   1.90341615616037
        255   1.90800770092809   1.90800770092809
        256   1.91795530964219   1.91795530964219
        257   1.93796351659175   1.93796351659175
        258   1.94626457682520   1.94626457682520
        259   1.95303694339434   1.95303694339434
        260   1.95751962140930   1.95751962140930
        261   1.97035794858965   1.97035794858965
        262   1.98654401948622   1.98654401948622
        263   1.99828240529298   1.99828240529298
        264   2.00429380511942   2.00429380511942
        265   2.00978372655857   2.00978372655857
        266   2.01475159847460   2.01475159847460
        267   2.02226749969536   2.02226749969536
        268   2.04652613135345   2.04652613135345
        269   2.07404923245024   2.07404923245024
        270   2.08186163393845   2.08186163393845
        271   2.09342173728099   2.09342173728099
        272   2.10439036943175   2.10439036943175
        273   2.11794886441184   2.11794886441184
        274   2.12665198733391   2.12665198733391
        275   2.13583202893440   2.13583202893440
        276   2.16392410931480   2.16392410931480
        277   2.17057874969011   2.17057874969011
        278   2.18826456344881   2.18826456344881
        279   2.19802105889624   2.19802105889624
        280   2.21317320596529   2.21317320596529
        281   2.23232641742278   2.23232641742278
        282   2.25058505576730   2.25058505576730
        283   2.28235570261724   2.28235570261724
        284   2.32101084994715   2.32101084994715
        285   2.34413646823955   2.34413646823955
        286   2.35987293699956   2.35987293699956
        287   2.40533997661092   2.40533997661092
        288   2.42047086321503   2.42047086321503
        289   2.46109635480212   2.46109635480212
        290   2.47739906902953   2.47739906902953
        291   2.54199839734158   2.54199839734158
        292   2.58221166011381   2.58221166011381
        293   2.59988479269989   2.59988479269989
        294   2.62850222689847   2.62850222689847
        295   2.64820625133687   2.64820625133687
        296   2.67231378918468   2.67231378918468
        297   2.70596747341909   2.70596747341909
        298   2.74470073746401   2.74470073746401
        299   2.86823916021657   2.86823916021657
        300   2.99216458633470   2.99216458633470
        301   3.29495861516375   3.29495861516375
        302   3.35538313978549   3.35538313978549
        303   3.79475020272220   3.79475020272220
        304   4.04186654492284   4.04186654492284
        305   4.17827502926936   4.17827502926936
        306   4.30159664016114   4.30159664016114
        307   4.44142255329851   4.44142255329851
        308   4.76814081757176   4.76814081757176
        309   4.97442137665896   4.97442137665896
        310   5.23973001022171   5.23973001022171
        311   5.35149079265956   5.35149079265956

***********************************************************
***********************************************************
                   Mulliken populations                    
***********************************************************
***********************************************************

  Total spin moment (muB)   0.000000000

                    Up spin      Down spin     Sum           Diff
      1    C      1.939004256  1.939004256   3.878008513   0.000000000
      2    C      2.197467867  2.197467867   4.394935733   0.000000000
      3    C      2.034731488  2.034731488   4.069462975   0.000000000
      4    O      3.106963139  3.106963139   6.213926277   0.000000000
      5    O      3.200562995  3.200562995   6.401125991   0.000000000
      6    C      1.878109752  1.878109752   3.756219505   0.000000000
      7    C      1.974771771  1.974771771   3.949543542   0.000000000
      8    O      3.199579372  3.199579372   6.399158744   0.000000000
      9    C      2.057423491  2.057423491   4.114846983   0.000000000
     10    O      3.160511661  3.160511661   6.321023322   0.000000000
     11    N      2.896898006  2.896898006   5.793796012   0.000000000
     12    C      2.056284155  2.056284155   4.112568310   0.000000000
     13    C      1.781202164  1.781202164   3.562404329   0.000000000
     14    C      2.045304583  2.045304583   4.090609167   0.000000000
     15    O      3.209692191  3.209692191   6.419384382   0.000000000
     16    C      2.307390972  2.307390972   4.614781944   0.000000000
     17    C      2.153743069  2.153743069   4.307486138   0.000000000
     18    O      3.208485494  3.208485494   6.416970987   0.000000000
     19    O      3.201743292  3.201743292   6.403486584   0.000000000
     20    H      0.409655944  0.409655944   0.819311889   0.000000000
     21    H      0.397236560  0.397236560   0.794473120   0.000000000
     22    H      0.410488339  0.410488339   0.820976679   0.000000000
     23    H      0.325023496  0.325023496   0.650046992   0.000000000
     24    O      3.150768611  3.150768611   6.301537222   0.000000000
     25    H      0.394676094  0.394676094   0.789352187   0.000000000
     26    H      0.327198906  0.327198906   0.654397812   0.000000000
     27    H      0.391714925  0.391714925   0.783429851   0.000000000
     28    H      0.310550677  0.310550677   0.621101354   0.000000000
     29    H      0.294988101  0.294988101   0.589976201   0.000000000
     30    H      0.404710826  0.404710826   0.809421652   0.000000000
     31    O      3.168678805  3.168678805   6.337357609   0.000000000
     32    H      0.400960945  0.400960945   0.801921890   0.000000000
     33    H      0.330458174  0.330458174   0.660916348   0.000000000
     34    H      0.398089024  0.398089024   0.796178048   0.000000000
     35    H      0.389545372  0.389545372   0.779090744   0.000000000
     36    H      0.401249526  0.401249526   0.802499053   0.000000000
     37    H      0.429055284  0.429055284   0.858110568   0.000000000
     38    H      0.405539377  0.405539377   0.811078755   0.000000000
     39    H      0.321018965  0.321018965   0.642037930   0.000000000
     40    H      0.328522330  0.328522330   0.657044661   0.000000000

 Sum of MulP: up   =    61.00000 down          =    61.00000
              total=   122.00000 ideal(neutral)=   122.00000


  Decomposed Mulliken populations

    1    C          Up spin      Down spin     Sum           Diff
            multiple
  s           0    0.533281841  0.533281841   1.066563681   0.000000000
   sum over m      0.533281841  0.533281841   1.066563681   0.000000000
  s           1    0.007153937  0.007153937   0.014307875   0.000000000
   sum over m      0.007153937  0.007153937   0.014307875   0.000000000
   sum over m+mul  0.540435778  0.540435778   1.080871556   0.000000000
  px          0    0.404865660  0.404865660   0.809731319   0.000000000
  py          0    0.358882069  0.358882069   0.717764139   0.000000000
  pz          0    0.398006019  0.398006019   0.796012038   0.000000000
   sum over m      1.161753748  1.161753748   2.323507496   0.000000000
  px          1    0.031076431  0.031076431   0.062152863   0.000000000
  py          1    0.047004006  0.047004006   0.094008012   0.000000000
  pz          1    0.033602810  0.033602810   0.067205620   0.000000000
   sum over m      0.111683247  0.111683247   0.223366495   0.000000000
   sum over m+mul  1.273436996  1.273436996   2.546873991   0.000000000
  d3z^2-r^2   0    0.020986716  0.020986716   0.041973432   0.000000000
  dx^2-y^2    0    0.025661183  0.025661183   0.051322367   0.000000000
  dxy         0    0.023783413  0.023783413   0.047566825   0.000000000
  dxz         0    0.024941758  0.024941758   0.049883515   0.000000000
  dyz         0    0.029758414  0.029758414   0.059516827   0.000000000
   sum over m      0.125131483  0.125131483   0.250262966   0.000000000
   sum over m+mul  0.125131483  0.125131483   0.250262966   0.000000000

    2    C          Up spin      Down spin     Sum           Diff
            multiple
  s           0    0.555640318  0.555640318   1.111280637   0.000000000
   sum over m      0.555640318  0.555640318   1.111280637   0.000000000
  s           1   -0.001021854 -0.001021854  -0.002043709   0.000000000
   sum over m     -0.001021854 -0.001021854  -0.002043709   0.000000000
   sum over m+mul  0.554618464  0.554618464   1.109236928   0.000000000
  px          0    0.526822808  0.526822808   1.053645617   0.000000000
  py          0    0.517954570  0.517954570   1.035909140   0.000000000
  pz          0    0.531828807  0.531828807   1.063657613   0.000000000
   sum over m      1.576606185  1.576606185   3.153212370   0.000000000
  px          1    0.009848987  0.009848987   0.019697974   0.000000000
  py          1    0.005166267  0.005166267   0.010332534   0.000000000
  pz          1    0.004958394  0.004958394   0.009916788   0.000000000
   sum over m      0.019973648  0.019973648   0.039947296   0.000000000
   sum over m+mul  1.596579833  1.596579833   3.193159666   0.000000000
  d3z^2-r^2   0    0.004658025  0.004658025   0.009316050   0.000000000
  dx^2-y^2    0    0.012176605  0.012176605   0.024353209   0.000000000
  dxy         0    0.005014569  0.005014569   0.010029137   0.000000000
  dxz         0    0.012682622  0.012682622   0.025365244   0.000000000
  dyz         0    0.011737749  0.011737749   0.023475498   0.000000000
   sum over m      0.046269570  0.046269570   0.092539139   0.000000000
   sum over m+mul  0.046269570  0.046269570   0.092539139   0.000000000

    3    C          Up spin      Down spin     Sum           Diff
            multiple
  s           0    0.535441519  0.535441519   1.070883038   0.000000000
   sum over m      0.535441519  0.535441519   1.070883038   0.000000000
  s           1    0.005653462  0.005653462   0.011306923   0.000000000
   sum over m      0.005653462  0.005653462   0.011306923   0.000000000
   sum over m+mul  0.541094980  0.541094980   1.082189961   0.000000000
  px          0    0.465613642  0.465613642   0.931227283   0.000000000
  py          0    0.434125467  0.434125467   0.868250934   0.000000000
  pz          0    0.436594953  0.436594953   0.873189907   0.000000000
   sum over m      1.336334062  1.336334062   2.672668125   0.000000000
  px          1    0.024514300  0.024514300   0.049028599   0.000000000
  py          1    0.014977098  0.014977098   0.029954196   0.000000000
  pz          1    0.030896601  0.030896601   0.061793202   0.000000000
   sum over m      0.070387998  0.070387998   0.140775997   0.000000000
   sum over m+mul  1.406722061  1.406722061   2.813444121   0.000000000
  d3z^2-r^2   0    0.012223124  0.012223124   0.024446248   0.000000000
  dx^2-y^2    0    0.016240601  0.016240601   0.032481203   0.000000000
  dxy         0    0.014405058  0.014405058   0.028810116   0.000000000
  dxz         0    0.020748971  0.020748971   0.041497942   0.000000000
  dyz         0    0.023296692  0.023296692   0.046593384   0.000000000
   sum over m      0.086914446  0.086914446   0.173828893   0.000000000
   sum over m+mul  0.086914446  0.086914446   0.173828893   0.000000000

    4    O          Up spin      Down spin     Sum           Diff
            multiple
  s           0    0.875711418  0.875711418   1.751422837   0.000000000
   sum over m      0.875711418  0.875711418   1.751422837   0.000000000
  s           1   -0.007229577 -0.007229577  -0.014459155   0.000000000
   sum over m     -0.007229577 -0.007229577  -0.014459155   0.000000000
   sum over m+mul  0.868481841  0.868481841   1.736963682   0.000000000
  px          0    0.583968287  0.583968287   1.167936574   0.000000000
  py          0    0.900634816  0.900634816   1.801269631   0.000000000
  pz          0    0.790286232  0.790286232   1.580572464   0.000000000
   sum over m      2.274889335  2.274889335   4.549778670   0.000000000
  px          1   -0.003409407 -0.003409407  -0.006818815   0.000000000
  py          1   -0.014465871 -0.014465871  -0.028931742   0.000000000
  pz          1   -0.011996711 -0.011996711  -0.023993422   0.000000000
   sum over m     -0.029871990 -0.029871990  -0.059743979   0.000000000
   sum over m+mul  2.245017345  2.245017345   4.490034691   0.000000000
  d3z^2-r^2   0   -0.001481190 -0.001481190  -0.002962380   0.000000000
  dx^2-y^2    0   -0.001944582 -0.001944582  -0.003889164   0.000000000
  dxy         0   -0.003305206 -0.003305206  -0.006610412   0.000000000
  dxz         0    0.000636397  0.000636397   0.001272795   0.000000000
  dyz         0   -0.000441467 -0.000441467  -0.000882934   0.000000000
   sum over m     -0.006536048 -0.006536048  -0.013072096   0.000000000
   sum over m+mul -0.006536048 -0.006536048  -0.013072096   0.000000000

    5    O          Up spin      Down spin     Sum           Diff
            multiple
  s           0    0.892148230  0.892148230   1.784296460   0.000000000
   sum over m      0.892148230  0.892148230   1.784296460   0.000000000
  s           1   -0.007531438 -0.007531438  -0.015062876   0.000000000
   sum over m     -0.007531438 -0.007531438  -0.015062876   0.000000000
   sum over m+mul  0.884616792  0.884616792   1.769233585   0.000000000
  px          0    0.754240869  0.754240869   1.508481738   0.000000000
  py          0    0.741828071  0.741828071   1.483656142   0.000000000
  pz          0    0.837468264  0.837468264   1.674936528   0.000000000
   sum over m      2.333537204  2.333537204   4.667074408   0.000000000
  px          1   -0.006759058 -0.006759058  -0.013518115   0.000000000
  py          1   -0.004291479 -0.004291479  -0.008582958   0.000000000
  pz          1   -0.008676301 -0.008676301  -0.017352603   0.000000000
   sum over m     -0.019726838 -0.019726838  -0.039453676   0.000000000
   sum over m+mul  2.313810366  2.313810366   4.627620732   0.000000000
  d3z^2-r^2   0   -0.000912502 -0.000912502  -0.001825004   0.000000000
  dx^2-y^2    0    0.002238697  0.002238697   0.004477393   0.000000000
  dxy         0   -0.000240783 -0.000240783  -0.000481566   0.000000000
  dxz         0   -0.000205096 -0.000205096  -0.000410191   0.000000000
  dyz         0    0.001255521  0.001255521   0.002511042   0.000000000
   sum over m      0.002135837  0.002135837   0.004271674   0.000000000
   sum over m+mul  0.002135837  0.002135837   0.004271674   0.000000000

    6    C          Up spin      Down spin     Sum           Diff
            multiple
  s           0    0.509691870  0.509691870   1.019383740   0.000000000
   sum over m      0.509691870  0.509691870   1.019383740   0.000000000
  s           1    0.020327097  0.020327097   0.040654195   0.000000000
   sum over m      0.020327097  0.020327097   0.040654195   0.000000000
   sum over m+mul  0.530018967  0.530018967   1.060037935   0.000000000
  px          0    0.319747222  0.319747222   0.639494445   0.000000000
  py          0    0.416130879  0.416130879   0.832261757   0.000000000
  pz          0    0.326866346  0.326866346   0.653732692   0.000000000
   sum over m      1.062744447  1.062744447   2.125488893   0.000000000
  px          1    0.102884782  0.102884782   0.205769565   0.000000000
  py          1    0.006203423  0.006203423   0.012406846   0.000000000
  pz          1    0.046001949  0.046001949   0.092003898   0.000000000
   sum over m      0.155090154  0.155090154   0.310180309   0.000000000
   sum over m+mul  1.217834601  1.217834601   2.435669202   0.000000000
  d3z^2-r^2   0    0.028792449  0.028792449   0.057584898   0.000000000
  dx^2-y^2    0    0.018285754  0.018285754   0.036571508   0.000000000
  dxy         0    0.023266587  0.023266587   0.046533174   0.000000000
  dxz         0    0.042144459  0.042144459   0.084288917   0.000000000
  dyz         0    0.017766935  0.017766935   0.035533871   0.000000000
   sum over m      0.130256184  0.130256184   0.260512368   0.000000000
   sum over m+mul  0.130256184  0.130256184   0.260512368   0.000000000

    7    C          Up spin      Down spin     Sum           Diff
            multiple
  s           0    0.499476647  0.499476647   0.998953294   0.000000000
   sum over m      0.499476647  0.499476647   0.998953294   0.000000000
  s           1    0.003197655  0.003197655   0.006395310   0.000000000
   sum over m      0.003197655  0.003197655   0.006395310   0.000000000
   sum over m+mul  0.502674302  0.502674302   1.005348603   0.000000000
  px          0    0.378806544  0.378806544   0.757613088   0.000000000
  py          0    0.510065636  0.510065636   1.020131272   0.000000000
  pz          0    0.472338021  0.472338021   0.944676042   0.000000000
   sum over m      1.361210201  1.361210201   2.722420402   0.000000000
  px          1    0.023229247  0.023229247   0.046458495   0.000000000
  py          1    0.010014095  0.010014095   0.020028191   0.000000000
  pz          1    0.010127315  0.010127315   0.020254631   0.000000000
   sum over m      0.043370658  0.043370658   0.086741316   0.000000000
   sum over m+mul  1.404580859  1.404580859   2.809161718   0.000000000
  d3z^2-r^2   0    0.009989462  0.009989462   0.019978923   0.000000000
  dx^2-y^2    0    0.018378071  0.018378071   0.036756143   0.000000000
  dxy         0    0.009152061  0.009152061   0.018304121   0.000000000
  dxz         0    0.015349354  0.015349354   0.030698709   0.000000000
  dyz         0    0.014647662  0.014647662   0.029295324   0.000000000
   sum over m      0.067516610  0.067516610   0.135033220   0.000000000
   sum over m+mul  0.067516610  0.067516610   0.135033220   0.000000000

    8    O          Up spin      Down spin     Sum           Diff
            multiple
  s           0    0.890034444  0.890034444   1.780068888   0.000000000
   sum over m      0.890034444  0.890034444   1.780068888   0.000000000
  s           1   -0.005604368 -0.005604368  -0.011208735   0.000000000
   sum over m     -0.005604368 -0.005604368  -0.011208735   0.000000000
   sum over m+mul  0.884430076  0.884430076   1.768860153   0.000000000
  px          0    0.942354494  0.942354494   1.884708989   0.000000000
  py          0    0.615278009  0.615278009   1.230556019   0.000000000
  pz          0    0.782443464  0.782443464   1.564886928   0.000000000
   sum over m      2.340075968  2.340075968   4.680151935   0.000000000
  px          1   -0.007881241 -0.007881241  -0.015762481   0.000000000
  py          1   -0.012178179 -0.012178179  -0.024356357   0.000000000
  pz          1   -0.005717057 -0.005717057  -0.011434115   0.000000000
   sum over m     -0.025776477 -0.025776477  -0.051552954   0.000000000
   sum over m+mul  2.314299491  2.314299491   4.628598982   0.000000000
  d3z^2-r^2   0   -0.000479639 -0.000479639  -0.000959278   0.000000000
  dx^2-y^2    0   -0.001541133 -0.001541133  -0.003082265   0.000000000
  dxy         0   -0.001287575 -0.001287575  -0.002575150   0.000000000
  dxz         0    0.000785112  0.000785112   0.001570223   0.000000000
  dyz         0    0.003373040  0.003373040   0.006746079   0.000000000
   sum over m      0.000849805  0.000849805   0.001699609   0.000000000
   sum over m+mul  0.000849805  0.000849805   0.001699609   0.000000000

    9    C          Up spin      Down spin     Sum           Diff
            multiple
  s           0    0.555329738  0.555329738   1.110659476   0.000000000
   sum over m      0.555329738  0.555329738   1.110659476   0.000000000
  s           1    0.009626579  0.009626579   0.019253158   0.000000000
   sum over m      0.009626579  0.009626579   0.019253158   0.000000000
   sum over m+mul  0.564956317  0.564956317   1.129912634   0.000000000
  px          0    0.342986280  0.342986280   0.685972560   0.000000000
  py          0    0.519231139  0.519231139   1.038462278   0.000000000
  pz          0    0.484721175  0.484721175   0.969442350   0.000000000
   sum over m      1.346938594  1.346938594   2.693877189   0.000000000
  px          1    0.026824808  0.026824808   0.053649615   0.000000000
  py          1    0.011403149  0.011403149   0.022806299   0.000000000
  pz          1    0.027811459  0.027811459   0.055622918   0.000000000
   sum over m      0.066039416  0.066039416   0.132078832   0.000000000
   sum over m+mul  1.412978010  1.412978010   2.825956021   0.000000000
  d3z^2-r^2   0    0.010416463  0.010416463   0.020832925   0.000000000
  dx^2-y^2    0    0.016951910  0.016951910   0.033903819   0.000000000
  dxy         0    0.015812222  0.015812222   0.031624443   0.000000000
  dxz         0    0.018002630  0.018002630   0.036005260   0.000000000
  dyz         0    0.018305940  0.018305940   0.036611880   0.000000000
   sum over m      0.079489164  0.079489164   0.158978328   0.000000000
   sum over m+mul  0.079489164  0.079489164   0.158978328   0.000000000

   10    O          Up spin      Down spin     Sum           Diff
            multiple
  s           0    0.892905489  0.892905489   1.785810978   0.000000000
   sum over m      0.892905489  0.892905489   1.785810978   0.000000000
  s           1   -0.007982640 -0.007982640  -0.015965280   0.000000000
   sum over m     -0.007982640 -0.007982640  -0.015965280   0.000000000
   sum over m+mul  0.884922849  0.884922849   1.769845698   0.000000000
  px          0    0.731762304  0.731762304   1.463524608   0.000000000
  py          0    0.844548066  0.844548066   1.689096132   0.000000000
  pz          0    0.713722445  0.713722445   1.427444891   0.000000000
   sum over m      2.290032816  2.290032816   4.580065631   0.000000000
  px          1   -0.004649329 -0.004649329  -0.009298659   0.000000000
  py          1   -0.008045328 -0.008045328  -0.016090656   0.000000000
  pz          1   -0.005259575 -0.005259575  -0.010519150   0.000000000
   sum over m     -0.017954232 -0.017954232  -0.035908464   0.000000000
   sum over m+mul  2.272078584  2.272078584   4.544157167   0.000000000
  d3z^2-r^2   0    0.001717211  0.001717211   0.003434423   0.000000000
  dx^2-y^2    0    0.001344713  0.001344713   0.002689427   0.000000000
  dxy         0   -0.000501128 -0.000501128  -0.001002255   0.000000000
  dxz         0    0.000005203  0.000005203   0.000010406   0.000000000
  dyz         0    0.000944229  0.000944229   0.001888458   0.000000000
   sum over m      0.003510229  0.003510229   0.007020458   0.000000000
   sum over m+mul  0.003510229  0.003510229   0.007020458   0.000000000

   11    N          Up spin      Down spin     Sum           Diff
            multiple
  s           0    0.810520301  0.810520301   1.621040602   0.000000000
   sum over m      0.810520301  0.810520301   1.621040602   0.000000000
  s           1    0.008773789  0.008773789   0.017547578   0.000000000
   sum over m      0.008773789  0.008773789   0.017547578   0.000000000
   sum over m+mul  0.819294090  0.819294090   1.638588180   0.000000000
  px          0    0.644181072  0.644181072   1.288362143   0.000000000
  py          0    0.654954342  0.654954342   1.309908685   0.000000000
  pz          0    0.728511222  0.728511222   1.457022444   0.000000000
   sum over m      2.027646636  2.027646636   4.055293272   0.000000000
  px          1    0.003260269  0.003260269   0.006520539   0.000000000
  py          1    0.002433573  0.002433573   0.004867145   0.000000000
  pz          1   -0.001716153 -0.001716153  -0.003432305   0.000000000
   sum over m      0.003977689  0.003977689   0.007955379   0.000000000
   sum over m+mul  2.031624325  2.031624325   4.063248651   0.000000000
  d3z^2-r^2   0    0.006543928  0.006543928   0.013087855   0.000000000
  dx^2-y^2    0    0.011427936  0.011427936   0.022855872   0.000000000
  dxy         0    0.008871572  0.008871572   0.017743144   0.000000000
  dxz         0    0.006126041  0.006126041   0.012252082   0.000000000
  dyz         0    0.013010114  0.013010114   0.026020228   0.000000000
   sum over m      0.045979591  0.045979591   0.091959181   0.000000000
   sum over m+mul  0.045979591  0.045979591   0.091959181   0.000000000

   12    C          Up spin      Down spin     Sum           Diff
            multiple
  s           0    0.547292815  0.547292815   1.094585631   0.000000000
   sum over m      0.547292815  0.547292815   1.094585631   0.000000000
  s           1    0.009868804  0.009868804   0.019737608   0.000000000
   sum over m      0.009868804  0.009868804   0.019737608   0.000000000
   sum over m+mul  0.557161619  0.557161619   1.114323239   0.000000000
  px          0    0.542772995  0.542772995   1.085545990   0.000000000
  py          0    0.386485927  0.386485927   0.772971854   0.000000000
  pz          0    0.423772244  0.423772244   0.847544488   0.000000000
   sum over m      1.353031166  1.353031166   2.706062331   0.000000000
  px          1    0.011409750  0.011409750   0.022819499   0.000000000
  py          1    0.035829099  0.035829099   0.071658198   0.000000000
  pz          1    0.018521748  0.018521748   0.037043495   0.000000000
   sum over m      0.065760596  0.065760596   0.131521192   0.000000000
   sum over m+mul  1.418791762  1.418791762   2.837583523   0.000000000
  d3z^2-r^2   0    0.014605165  0.014605165   0.029210331   0.000000000
  dx^2-y^2    0    0.020412174  0.020412174   0.040824347   0.000000000
  dxy         0    0.011069797  0.011069797   0.022139595   0.000000000
  dxz         0    0.017292886  0.017292886   0.034585772   0.000000000
  dyz         0    0.016950751  0.016950751   0.033901503   0.000000000
   sum over m      0.080330774  0.080330774   0.160661547   0.000000000
   sum over m+mul  0.080330774  0.080330774   0.160661547   0.000000000

   13    C          Up spin      Down spin     Sum           Diff
            multiple
  s           0    0.460618109  0.460618109   0.921236218   0.000000000
   sum over m      0.460618109  0.460618109   0.921236218   0.000000000
  s           1    0.027158494  0.027158494   0.054316989   0.000000000
   sum over m      0.027158494  0.027158494   0.054316989   0.000000000
   sum over m+mul  0.487776603  0.487776603   0.975553207   0.000000000
  px          0    0.390947278  0.390947278   0.781894556   0.000000000
  py          0    0.272740171  0.272740171   0.545480343   0.000000000
  pz          0    0.388931732  0.388931732   0.777863463   0.000000000
   sum over m      1.052619181  1.052619181   2.105238362   0.000000000
  px          1    0.023310585  0.023310585   0.046621169   0.000000000
  py          1    0.078008528  0.078008528   0.156017056   0.000000000
  pz          1    0.019977113  0.019977113   0.039954225   0.000000000
   sum over m      0.121296225  0.121296225   0.242592451   0.000000000
   sum over m+mul  1.173915406  1.173915406   2.347830812   0.000000000
  d3z^2-r^2   0    0.016752616  0.016752616   0.033505231   0.000000000
  dx^2-y^2    0    0.028956967  0.028956967   0.057913935   0.000000000
  dxy         0    0.035471914  0.035471914   0.070943828   0.000000000
  dxz         0    0.012824858  0.012824858   0.025649716   0.000000000
  dyz         0    0.025503800  0.025503800   0.051007599   0.000000000
   sum over m      0.119510155  0.119510155   0.239020310   0.000000000
   sum over m+mul  0.119510155  0.119510155   0.239020310   0.000000000

   14    C          Up spin      Down spin     Sum           Diff
            multiple
  s           0    0.548984421  0.548984421   1.097968842   0.000000000
   sum over m      0.548984421  0.548984421   1.097968842   0.000000000
  s           1    0.007551354  0.007551354   0.015102708   0.000000000
   sum over m      0.007551354  0.007551354   0.015102708   0.000000000
   sum over m+mul  0.556535775  0.556535775   1.113071550   0.000000000
  px          0    0.516060169  0.516060169   1.032120338   0.000000000
  py          0    0.434962227  0.434962227   0.869924455   0.000000000
  pz          0    0.398640279  0.398640279   0.797280557   0.000000000
   sum over m      1.349662675  1.349662675   2.699325351   0.000000000
  px          1    0.008569317  0.008569317   0.017138634   0.000000000
  py          1    0.013660531  0.013660531   0.027321063   0.000000000
  pz          1    0.036419330  0.036419330   0.072838661   0.000000000
   sum over m      0.058649179  0.058649179   0.117298357   0.000000000
   sum over m+mul  1.408311854  1.408311854   2.816623708   0.000000000
  d3z^2-r^2   0    0.016803485  0.016803485   0.033606969   0.000000000
  dx^2-y^2    0    0.016671029  0.016671029   0.033342058   0.000000000
  dxy         0    0.011824746  0.011824746   0.023649492   0.000000000
  dxz         0    0.018895609  0.018895609   0.037791217   0.000000000
  dyz         0    0.016262086  0.016262086   0.032524172   0.000000000
   sum over m      0.080456954  0.080456954   0.160913908   0.000000000
   sum over m+mul  0.080456954  0.080456954   0.160913908   0.000000000

   15    O          Up spin      Down spin     Sum           Diff
            multiple
  s           0    0.889771011  0.889771011   1.779542021   0.000000000
   sum over m      0.889771011  0.889771011   1.779542021   0.000000000
  s           1   -0.004852322 -0.004852322  -0.009704645   0.000000000
   sum over m     -0.004852322 -0.004852322  -0.009704645   0.000000000
   sum over m+mul  0.884918688  0.884918688   1.769837376   0.000000000
  px          0    0.881252172  0.881252172   1.762504344   0.000000000
  py          0    0.810279911  0.810279911   1.620559822   0.000000000
  pz          0    0.661281856  0.661281856   1.322563712   0.000000000
   sum over m      2.352813939  2.352813939   4.705627878   0.000000000
  px          1   -0.012311283 -0.012311283  -0.024622566   0.000000000
  py          1   -0.004863772 -0.004863772  -0.009727545   0.000000000
  pz          1   -0.011164869 -0.011164869  -0.022329739   0.000000000
   sum over m     -0.028339925 -0.028339925  -0.056679849   0.000000000
   sum over m+mul  2.324474014  2.324474014   4.648948029   0.000000000
  d3z^2-r^2   0   -0.001725654 -0.001725654  -0.003451308   0.000000000
  dx^2-y^2    0    0.000685613  0.000685613   0.001371225   0.000000000
  dxy         0    0.000550515  0.000550515   0.001101030   0.000000000
  dxz         0   -0.000269058 -0.000269058  -0.000538116   0.000000000
  dyz         0    0.001058073  0.001058073   0.002116145   0.000000000
   sum over m      0.000299489  0.000299489   0.000598977   0.000000000
   sum over m+mul  0.000299489  0.000299489   0.000598977   0.000000000

   16    C          Up spin      Down spin     Sum           Diff
            multiple
  s           0    0.591234266  0.591234266   1.182468532   0.000000000
   sum over m      0.591234266  0.591234266   1.182468532   0.000000000
  s           1   -0.002776222 -0.002776222  -0.005552444   0.000000000
   sum over m     -0.002776222 -0.002776222  -0.005552444   0.000000000
   sum over m+mul  0.588458044  0.588458044   1.176916087   0.000000000
  px          0    0.536117410  0.536117410   1.072234820   0.000000000
  py          0    0.597962026  0.597962026   1.195924053   0.000000000
  pz          0    0.549564416  0.549564416   1.099128832   0.000000000
   sum over m      1.683643853  1.683643853   3.367287705   0.000000000
  px          1    0.001774619  0.001774619   0.003549238   0.000000000
  py          1    0.000467714  0.000467714   0.000935427   0.000000000
  pz          1   -0.000792134 -0.000792134  -0.001584269   0.000000000
   sum over m      0.001450198  0.001450198   0.002900397   0.000000000
   sum over m+mul  1.685094051  1.685094051   3.370188102   0.000000000
  d3z^2-r^2   0    0.008521272  0.008521272   0.017042543   0.000000000
  dx^2-y^2    0    0.003593307  0.003593307   0.007186613   0.000000000
  dxy         0    0.010799212  0.010799212   0.021598425   0.000000000
  dxz         0    0.006819258  0.006819258   0.013638517   0.000000000
  dyz         0    0.004105828  0.004105828   0.008211656   0.000000000
   sum over m      0.033838877  0.033838877   0.067677754   0.000000000
   sum over m+mul  0.033838877  0.033838877   0.067677754   0.000000000

   17    C          Up spin      Down spin     Sum           Diff
            multiple
  s           0    0.574247594  0.574247594   1.148495188   0.000000000
   sum over m      0.574247594  0.574247594   1.148495188   0.000000000
  s           1    0.004058889  0.004058889   0.008117777   0.000000000
   sum over m      0.004058889  0.004058889   0.008117777   0.000000000
   sum over m+mul  0.578306482  0.578306482   1.156612965   0.000000000
  px          0    0.551193636  0.551193636   1.102387271   0.000000000
  py          0    0.422826349  0.422826349   0.845652699   0.000000000
  pz          0    0.493254126  0.493254126   0.986508252   0.000000000
   sum over m      1.467274111  1.467274111   2.934548222   0.000000000
  px          1    0.007619230  0.007619230   0.015238460   0.000000000
  py          1    0.017732928  0.017732928   0.035465857   0.000000000
  pz          1    0.009483876  0.009483876   0.018967751   0.000000000
   sum over m      0.034836034  0.034836034   0.069672068   0.000000000
   sum over m+mul  1.502110145  1.502110145   3.004220290   0.000000000
  d3z^2-r^2   0    0.013408872  0.013408872   0.026817744   0.000000000
  dx^2-y^2    0    0.021264442  0.021264442   0.042528884   0.000000000
  dxy         0    0.008830091  0.008830091   0.017660182   0.000000000
  dxz         0    0.012187802  0.012187802   0.024375603   0.000000000
  dyz         0    0.017635235  0.017635235   0.035270470   0.000000000
   sum over m      0.073326442  0.073326442   0.146652883   0.000000000
   sum over m+mul  0.073326442  0.073326442   0.146652883   0.000000000

   18    O          Up spin      Down spin     Sum           Diff
            multiple
  s           0    0.889111486  0.889111486   1.778222972   0.000000000
   sum over m      0.889111486  0.889111486   1.778222972   0.000000000
  s           1   -0.005153814 -0.005153814  -0.010307628   0.000000000
   sum over m     -0.005153814 -0.005153814  -0.010307628   0.000000000
   sum over m+mul  0.883957672  0.883957672   1.767915344   0.000000000
  px          0    0.928990861  0.928990861   1.857981722   0.000000000
  py          0    0.625175510  0.625175510   1.250351019   0.000000000
  pz          0    0.795870102  0.795870102   1.591740204   0.000000000
   sum over m      2.350036473  2.350036473   4.700072945   0.000000000
  px          1   -0.009640507 -0.009640507  -0.019281013   0.000000000
  py          1   -0.008880637 -0.008880637  -0.017761274   0.000000000
  pz          1   -0.006598345 -0.006598345  -0.013196689   0.000000000
   sum over m     -0.025119488 -0.025119488  -0.050238976   0.000000000
   sum over m+mul  2.324916985  2.324916985   4.649833969   0.000000000
  d3z^2-r^2   0    0.000080313  0.000080313   0.000160626   0.000000000
  dx^2-y^2    0   -0.001005788 -0.001005788  -0.002011577   0.000000000
  dxy         0   -0.000949788 -0.000949788  -0.001899575   0.000000000
  dxz         0    0.000035735  0.000035735   0.000071470   0.000000000
  dyz         0    0.001450365  0.001450365   0.002900730   0.000000000
   sum over m     -0.000389163 -0.000389163  -0.000778326   0.000000000
   sum over m+mul -0.000389163 -0.000389163  -0.000778326   0.000000000

   19    O          Up spin      Down spin     Sum           Diff
            multiple
  s           0    0.889808859  0.889808859   1.779617717   0.000000000
   sum over m      0.889808859  0.889808859   1.779617717   0.000000000
  s           1   -0.005790405 -0.005790405  -0.011580811   0.000000000
   sum over m     -0.005790405 -0.005790405  -0.011580811   0.000000000
   sum over m+mul  0.884018453  0.884018453   1.768036906   0.000000000
  px          0    0.816834777  0.816834777   1.633669553   0.000000000
  py          0    0.770286576  0.770286576   1.540573152   0.000000000
  pz          0    0.757464755  0.757464755   1.514929510   0.000000000
   sum over m      2.344586108  2.344586108   4.689172215   0.000000000
  px          1   -0.011327186 -0.011327186  -0.022654373   0.000000000
  py          1   -0.007626290 -0.007626290  -0.015252580   0.000000000
  pz          1   -0.008265167 -0.008265167  -0.016530333   0.000000000
   sum over m     -0.027218643 -0.027218643  -0.054437287   0.000000000
   sum over m+mul  2.317367464  2.317367464   4.634734929   0.000000000
  d3z^2-r^2   0   -0.001081443 -0.001081443  -0.002162885   0.000000000
  dx^2-y^2    0    0.000532626  0.000532626   0.001065252   0.000000000
  dxy         0    0.000077059  0.000077059   0.000154118   0.000000000
  dxz         0    0.000788404  0.000788404   0.001576808   0.000000000
  dyz         0    0.000040728  0.000040728   0.000081457   0.000000000
   sum over m      0.000357374  0.000357374   0.000714749   0.000000000
   sum over m+mul  0.000357374  0.000357374   0.000714749   0.000000000

   20    H          Up spin      Down spin     Sum           Diff
            multiple
  s           0    0.392900333  0.392900333   0.785800666   0.000000000
   sum over m      0.392900333  0.392900333   0.785800666   0.000000000
  s           1    0.016755611  0.016755611   0.033511222   0.000000000
   sum over m      0.016755611  0.016755611   0.033511222   0.000000000
   sum over m+mul  0.409655944  0.409655944   0.819311889   0.000000000

   21    H          Up spin      Down spin     Sum           Diff
            multiple
  s           0    0.379823565  0.379823565   0.759647130   0.000000000
   sum over m      0.379823565  0.379823565   0.759647130   0.000000000
  s           1    0.017412995  0.017412995   0.034825990   0.000000000
   sum over m      0.017412995  0.017412995   0.034825990   0.000000000
   sum over m+mul  0.397236560  0.397236560   0.794473120   0.000000000

   22    H          Up spin      Down spin     Sum           Diff
            multiple
  s           0    0.394338315  0.394338315   0.788676630   0.000000000
   sum over m      0.394338315  0.394338315   0.788676630   0.000000000
  s           1    0.016150024  0.016150024   0.032300048   0.000000000
   sum over m      0.016150024  0.016150024   0.032300048   0.000000000
   sum over m+mul  0.410488339  0.410488339   0.820976679   0.000000000

   23    H          Up spin      Down spin     Sum           Diff
            multiple
  s           0    0.294344557  0.294344557   0.588689115   0.000000000
   sum over m      0.294344557  0.294344557   0.588689115   0.000000000
  s           1    0.030678939  0.030678939   0.061357877   0.000000000
   sum over m      0.030678939  0.030678939   0.061357877   0.000000000
   sum over m+mul  0.325023496  0.325023496   0.650046992   0.000000000

   24    O          Up spin      Down spin     Sum           Diff
            multiple
  s           0    0.906641877  0.906641877   1.813283754   0.000000000
   sum over m      0.906641877  0.906641877   1.813283754   0.000000000
  s           1   -0.001898171 -0.001898171  -0.003796341   0.000000000
   sum over m     -0.001898171 -0.001898171  -0.003796341   0.000000000
   sum over m+mul  0.904743706  0.904743706   1.809487413   0.000000000
  px          0    0.685034056  0.685034056   1.370068111   0.000000000
  py          0    0.711544059  0.711544059   1.423088118   0.000000000
  pz          0    0.850997579  0.850997579   1.701995159   0.000000000
   sum over m      2.247575694  2.247575694   4.495151387   0.000000000
  px          1    0.001267721  0.001267721   0.002535443   0.000000000
  py          1   -0.008204686 -0.008204686  -0.016409373   0.000000000
  pz          1   -0.003287369 -0.003287369  -0.006574739   0.000000000
   sum over m     -0.010224334 -0.010224334  -0.020448668   0.000000000
   sum over m+mul  2.237351360  2.237351360   4.474702719   0.000000000
  d3z^2-r^2   0    0.001136979  0.001136979   0.002273957   0.000000000
  dx^2-y^2    0    0.005022357  0.005022357   0.010044714   0.000000000
  dxy         0    0.000507081  0.000507081   0.001014162   0.000000000
  dxz         0    0.002158185  0.002158185   0.004316370   0.000000000
  dyz         0   -0.000151057 -0.000151057  -0.000302113   0.000000000
   sum over m      0.008673545  0.008673545   0.017347090   0.000000000
   sum over m+mul  0.008673545  0.008673545   0.017347090   0.000000000

   25    H          Up spin      Down spin     Sum           Diff
            multiple
  s           0    0.377163771  0.377163771   0.754327542   0.000000000
   sum over m      0.377163771  0.377163771   0.754327542   0.000000000
  s           1    0.017512322  0.017512322   0.035024645   0.000000000
   sum over m      0.017512322  0.017512322   0.035024645   0.000000000
   sum over m+mul  0.394676094  0.394676094   0.789352187   0.000000000

   26    H          Up spin      Down spin     Sum           Diff
            multiple
  s           0    0.297532457  0.297532457   0.595064914   0.000000000
   sum over m      0.297532457  0.297532457   0.595064914   0.000000000
  s           1    0.029666449  0.029666449   0.059332897   0.000000000
   sum over m      0.029666449  0.029666449   0.059332897   0.000000000
   sum over m+mul  0.327198906  0.327198906   0.654397812   0.000000000

   27    H          Up spin      Down spin     Sum           Diff
            multiple
  s           0    0.375907312  0.375907312   0.751814625   0.000000000
   sum over m      0.375907312  0.375907312   0.751814625   0.000000000
  s           1    0.015807613  0.015807613   0.031615226   0.000000000
   sum over m      0.015807613  0.015807613   0.031615226   0.000000000
   sum over m+mul  0.391714925  0.391714925   0.783429851   0.000000000

   28    H          Up spin      Down spin     Sum           Diff
            multiple
  s           0    0.279719742  0.279719742   0.559439483   0.000000000
   sum over m      0.279719742  0.279719742   0.559439483   0.000000000
  s           1    0.030830935  0.030830935   0.061661871   0.000000000
   sum over m      0.030830935  0.030830935   0.061661871   0.000000000
   sum over m+mul  0.310550677  0.310550677   0.621101354   0.000000000

   29    H          Up spin      Down spin     Sum           Diff
            multiple
  s           0    0.259511917  0.259511917   0.519023833   0.000000000
   sum over m      0.259511917  0.259511917   0.519023833   0.000000000
  s           1    0.035476184  0.035476184   0.070952368   0.000000000
   sum over m      0.035476184  0.035476184   0.070952368   0.000000000
   sum over m+mul  0.294988101  0.294988101   0.589976201   0.000000000

   30    H          Up spin      Down spin     Sum           Diff
            multiple
  s           0    0.390151095  0.390151095   0.780302189   0.000000000
   sum over m      0.390151095  0.390151095   0.780302189   0.000000000
  s           1    0.014559732  0.014559732   0.029119463   0.000000000
   sum over m      0.014559732  0.014559732   0.029119463   0.000000000
   sum over m+mul  0.404710826  0.404710826   0.809421652   0.000000000

   31    O          Up spin      Down spin     Sum           Diff
            multiple
  s           0    0.904087210  0.904087210   1.808174421   0.000000000
   sum over m      0.904087210  0.904087210   1.808174421   0.000000000
  s           1   -0.002514927 -0.002514927  -0.005029854   0.000000000
   sum over m     -0.002514927 -0.002514927  -0.005029854   0.000000000
   sum over m+mul  0.901572284  0.901572284   1.803144567   0.000000000
  px          0    0.823107321  0.823107321   1.646214643   0.000000000
  py          0    0.718410278  0.718410278   1.436820555   0.000000000
  pz          0    0.733439280  0.733439280   1.466878561   0.000000000
   sum over m      2.274956879  2.274956879   4.549913759   0.000000000
  px          1   -0.007225881 -0.007225881  -0.014451761   0.000000000
  py          1    0.000410352  0.000410352   0.000820704   0.000000000
  pz          1   -0.007468310 -0.007468310  -0.014936620   0.000000000
   sum over m     -0.014283839 -0.014283839  -0.028567678   0.000000000
   sum over m+mul  2.260673040  2.260673040   4.521346081   0.000000000
  d3z^2-r^2   0    0.000282617  0.000282617   0.000565233   0.000000000
  dx^2-y^2    0    0.002807464  0.002807464   0.005614928   0.000000000
  dxy         0    0.000761954  0.000761954   0.001523908   0.000000000
  dxz         0   -0.000053259 -0.000053259  -0.000106518   0.000000000
  dyz         0    0.002634705  0.002634705   0.005269409   0.000000000
   sum over m      0.006433481  0.006433481   0.012866961   0.000000000
   sum over m+mul  0.006433481  0.006433481   0.012866961   0.000000000

   32    H          Up spin      Down spin     Sum           Diff
            multiple
  s           0    0.386918784  0.386918784   0.773837567   0.000000000
   sum over m      0.386918784  0.386918784   0.773837567   0.000000000
  s           1    0.014042161  0.014042161   0.028084323   0.000000000
   sum over m      0.014042161  0.014042161   0.028084323   0.000000000
   sum over m+mul  0.400960945  0.400960945   0.801921890   0.000000000

   33    H          Up spin      Down spin     Sum           Diff
            multiple
  s           0    0.297526392  0.297526392   0.595052785   0.000000000
   sum over m      0.297526392  0.297526392   0.595052785   0.000000000
  s           1    0.032931781  0.032931781   0.065863563   0.000000000
   sum over m      0.032931781  0.032931781   0.065863563   0.000000000
   sum over m+mul  0.330458174  0.330458174   0.660916348   0.000000000

   34    H          Up spin      Down spin     Sum           Diff
            multiple
  s           0    0.381909881  0.381909881   0.763819762   0.000000000
   sum over m      0.381909881  0.381909881   0.763819762   0.000000000
  s           1    0.016179143  0.016179143   0.032358286   0.000000000
   sum over m      0.016179143  0.016179143   0.032358286   0.000000000
   sum over m+mul  0.398089024  0.398089024   0.796178048   0.000000000

   35    H          Up spin      Down spin     Sum           Diff
            multiple
  s           0    0.371354692  0.371354692   0.742709384   0.000000000
   sum over m      0.371354692  0.371354692   0.742709384   0.000000000
  s           1    0.018190680  0.018190680   0.036381360   0.000000000
   sum over m      0.018190680  0.018190680   0.036381360   0.000000000
   sum over m+mul  0.389545372  0.389545372   0.779090744   0.000000000

   36    H          Up spin      Down spin     Sum           Diff
            multiple
  s           0    0.385560513  0.385560513   0.771121026   0.000000000
   sum over m      0.385560513  0.385560513   0.771121026   0.000000000
  s           1    0.015689013  0.015689013   0.031378027   0.000000000
   sum over m      0.015689013  0.015689013   0.031378027   0.000000000
   sum over m+mul  0.401249526  0.401249526   0.802499053   0.000000000

   37    H          Up spin      Down spin     Sum           Diff
            multiple
  s           0    0.417442215  0.417442215   0.834884430   0.000000000
   sum over m      0.417442215  0.417442215   0.834884430   0.000000000
  s           1    0.011613069  0.011613069   0.023226138   0.000000000
   sum over m      0.011613069  0.011613069   0.023226138   0.000000000
   sum over m+mul  0.429055284  0.429055284   0.858110568   0.000000000

   38    H          Up spin      Down spin     Sum           Diff
            multiple
  s           0    0.391496914  0.391496914   0.782993828   0.000000000
   sum over m      0.391496914  0.391496914   0.782993828   0.000000000
  s           1    0.014042463  0.014042463   0.028084927   0.000000000
   sum over m      0.014042463  0.014042463   0.028084927   0.000000000
   sum over m+mul  0.405539377  0.405539377   0.811078755   0.000000000

   39    H          Up spin      Down spin     Sum           Diff
            multiple
  s           0    0.290847898  0.290847898   0.581695797   0.000000000
   sum over m      0.290847898  0.290847898   0.581695797   0.000000000
  s           1    0.030171067  0.030171067   0.060342133   0.000000000
   sum over m      0.030171067  0.030171067   0.060342133   0.000000000
   sum over m+mul  0.321018965  0.321018965   0.642037930   0.000000000

   40    H          Up spin      Down spin     Sum           Diff
            multiple
  s           0    0.299692393  0.299692393   0.599384786   0.000000000
   sum over m      0.299692393  0.299692393   0.599384786   0.000000000
  s           1    0.028829937  0.028829937   0.057659875   0.000000000
   sum over m      0.028829937  0.028829937   0.057659875   0.000000000
   sum over m+mul  0.328522330  0.328522330   0.657044661   0.000000000

***********************************************************
***********************************************************
                    Dipole moment (Debye)                  
***********************************************************
***********************************************************

 Absolute D        6.72875689

                      Dx                Dy                Dz
 Total             -6.17466038        2.51759226       -0.90081501
 Core             200.96219539       -7.13000025      -48.68155280
 Electron        -207.13685577        9.64759252       47.78073780
 Back ground       -0.00000000       -0.00000000        0.00000000

***********************************************************
***********************************************************
       xyz-coordinates (Ang) and forces (Hartree/Bohr)  
***********************************************************
***********************************************************

<coordinates.forces
  40
    1     C     2.58239   0.08226   0.27598  -0.006248591071  0.005090742910 -0.015420563929
    2     C     2.37330  -1.13864   1.19404   0.001758807793  0.002601561208  0.000310748393
    3     C     1.02528  -1.04630   1.91580  -0.002541678006  0.007826964666 -0.002332017184
    4     O     1.49476   0.41741  -0.55103  -0.002430455724 -0.028139504118 -0.022375209841
    5     O     2.73737   1.29041   0.95988  -0.006429055011  0.007605938635  0.007538529591
    6     C     3.78664  -0.21820  -0.66960   0.019677994545  0.000678694532 -0.011543091407
    7     C    -0.09455  -0.88099   0.85298  -0.004179592758  0.001754294260  0.002539838820
    8     O     0.81881  -2.14230   2.76961   0.002096437534  0.010419950900  0.024904311762
    9     C     0.18986   0.40643   0.03230  -0.014333941756  0.004089829328 -0.000045248034
   10     O     3.64303  -0.76598  -1.88783   0.000515189518 -0.006152225222 -0.005044990912
   11     N    -1.43959  -0.76323   1.47317  -0.001368326312 -0.028694946167 -0.006386497612
   12     C    -0.79483   0.55542  -1.16477  -0.001607696540  0.011704798495  0.011747246841
   13     C    -2.20147  -1.93362   1.78598   0.017097548521  0.024464795723 -0.009510291728
   14     C    -0.69904   1.97017  -1.81690  -0.006349171584 -0.015839405267 -0.005514037299
   15     O    -0.49217  -0.47384  -2.08676   0.019685813541 -0.013811333392  0.012961169072
   16     C    -3.38021  -1.73494   2.70334  -0.004439087561  0.003092967585  0.003064670630
   17     C    -1.69226   2.08487  -3.00129   0.007188923240 -0.013079211760  0.009199574851
   18     O    -1.04367   2.90345  -0.81217  -0.008028517497 -0.019355896661  0.019941506657
   19     O    -1.33030   3.22988  -3.73491   0.025008877790  0.008912102150  0.013826660891
   20     H     2.42517  -2.06889   0.59160  -0.002380992479  0.003386361214  0.001256168202
   21     H     3.20055  -1.20643   1.92821  -0.003346154500  0.001877375287 -0.003490944962
   22     H     1.02645  -0.19369   2.63649   0.000225675449 -0.000645998726 -0.011696637663
   23     H     3.58152   1.28733   1.39261   0.032647925887  0.001261312686  0.016639603205
   24     O     4.95226  -0.03351  -0.38856   0.013155758462  0.015328034558  0.036364226876
   25     H    -0.10202  -1.76681   0.16665  -0.002277137950  0.009441728853  0.008467506061
   26     H     0.73518  -2.92164   2.23173  -0.005313956970 -0.027049135118 -0.016645950510
   27     H     0.10755   1.30400   0.69482  -0.003572670685 -0.007520696309 -0.005534011077
   28     H     2.72512  -0.85076  -2.11919  -0.039177395773 -0.001109549070 -0.008093180755
   29     H    -1.47148  -0.06566   2.18654  -0.003177162488  0.017394169276  0.014053171950
   30     H    -1.83652   0.40001  -0.78638   0.008355090723  0.006023357026  0.001834766395
   31     O    -1.91764  -2.99969   1.26145  -0.000019136088 -0.021005853933 -0.004745118675
   32     H     0.34577   2.15463  -2.17050  -0.008901826821 -0.004648549661 -0.001238541524
   33     H    -0.99769  -0.29067  -2.87199  -0.013789318120  0.000552925572 -0.021805411498
   34     H    -4.03439  -0.92721   2.34840   0.000893371707  0.002221937578  0.000037818045
   35     H    -3.98961  -2.64557   2.77728   0.004373479058 -0.000551531894 -0.002687730524
   36     H    -3.04806  -1.47747   3.71823   0.001166646899  0.001627006708  0.001016220825
   37     H    -1.62782   1.18453  -3.65063  -0.000454691992  0.000961208581 -0.001074118600
   38     H    -2.73748   2.15752  -2.64091   0.003518692853 -0.001867182999  0.004769847643
   39     H    -0.81495   3.75581  -1.15734   0.006468250638  0.030645134055 -0.010395081718
   40     H    -2.00525   3.36192  -4.38635  -0.021935309969  0.008746799567 -0.024040477482
coordinates.forces>

***********************************************************
***********************************************************
       Fractional coordinates of the final structure       
***********************************************************
***********************************************************

     1      C     0.16139931250000   0.00587592857143   0.01839873333333
     2      C     0.14833137500000   0.91866850000000   0.07960300000000
     3      C     0.06407993750000   0.92526407142857   0.12772033333333
     4      O     0.09342250000000   0.02981514285714   0.96326493333333
     5      O     0.17108531250000   0.09217207142857   0.06399206666667
     6      C     0.23666512500000   0.98441457142857   0.95536013333333
     7      C     0.99409075000000   0.93707185714286   0.05686520000000
     8      O     0.05117562500000   0.84697864285714   0.18464046666667
     9      C     0.01186625000000   0.02903050000000   0.00215353333333
    10      O     0.22768943750000   0.94528685714286   0.87414493333333
    11      N     0.91002543750000   0.94548378571429   0.09821133333333
    12      C     0.95032312500000   0.03967285714286   0.92234833333333
    13      C     0.86240787500000   0.86188414285714   0.11906526666667
    14      C     0.95631018750000   0.14072657142857   0.87887300000000
    15      O     0.96923968750000   0.96615442857143   0.86088280000000
    16      C     0.78873675000000   0.87607557142857   0.18022280000000
    17      C     0.89423350000000   0.14891964285714   0.79991426666667
    18      O     0.93477062500000   0.20738907142857   0.94585546666667
    19      O     0.91685600000000   0.23070564285714   0.75100600000000
    20      H     0.15157337500000   0.85222185714286   0.03944026666667
    21      H     0.20003406250000   0.91382607142857   0.12854720000000
    22      H     0.06415300000000   0.98616471428571   0.17576573333333
    23      H     0.22384475000000   0.09195200000000   0.09284066666667
    24      O     0.30951600000000   0.99760614285714   0.97409626666667
    25      H     0.99362362500000   0.87379928571429   0.01111000000000
    26      H     0.04594893750000   0.79131121428571   0.14878173333333
    27      H     0.00672181250000   0.09314271428571   0.04632153333333
    28      H     0.17032031250000   0.93923164285714   0.85872080000000
    29      H     0.90803281250000   0.99530992857143   0.14576920000000
    30      H     0.88521731250000   0.02857242857143   0.94757440000000
    31      O     0.88014756250000   0.78573635714286   0.08409700000000
    32      H     0.02161087500000   0.15390250000000   0.85529980000000
    33      H     0.93764443750000   0.97923792857143   0.80853393333333
    34      H     0.74785062500000   0.93377078571429   0.15656020000000
    35      H     0.75064918750000   0.81103092857143   0.18515186666667
    36      H     0.80949631250000   0.89446671428571   0.24788233333333
    37      H     0.89826137500000   0.08460957142857   0.75662433333333
    38      H     0.82890743750000   0.15410835714286   0.82393933333333
    39      H     0.94906543750000   0.26827200000000   0.92284426666667
    40      H     0.87467212500000   0.24013707142857   0.70757646666667

***********************************************************
***********************************************************
               Computational Time (second)                 
***********************************************************
***********************************************************

   Elapsed.Time.        25.173

                               Min_ID   Min_Time       Max_ID   Max_Time
   Total Computational Time =    12       24.198          0       25.173
   readfile                 =    14        1.442          0        1.442
   truncation               =    17        0.454          8        0.518
   MD_pac                   =     0        0.003         15        0.004
   OutData                  =    12        3.700          0        4.674
   HWF                      =     0        0.000          0        0.000
   DFT                      =     8       18.532         17       18.595

*** In DFT ***

   Set_OLP_Kin              =    17        0.135         10        0.611
   Set_Nonlocal             =    10        0.724         17        1.199
   Set_ProExpn_VNA          =    26        1.479          8        1.627
   Set_Hamiltonian          =    13        7.523          2        7.523
   Poisson                  =    22        0.157          4        0.159
   Diagonalization          =    22        0.694          0        0.698
   Mixing_DM                =    13        0.882          4        0.882
   Force                    =    12        0.834          7        0.834
   Total_Energy             =     1        0.849          0        0.850
   Set_Aden_Grid            =     8        0.033         26        0.181
   Set_Orbitals_Grid        =    15        0.135          8        0.569
   Set_Density_Grid         =    25        3.377         15        3.548
   RestartFileDFT           =    22        0.065          0        0.278
   Mulliken_Charge          =    20        0.011          9        0.012
   FFT(2D)_Density          =    25        0.144         14        0.144
   Others                   =     8        0.117         20        0.660
