openmx_gemmul8Zgemm: GEMMul8 workspace fallback by free memory reserve policy; need 22308.052 MiB, CUDA free 13185.312 MiB / total 81079.125 MiB, reserve 1536.000 MiB, max-workspace 30%. Falling back to native cuBLAS.
[bnode022:2557535:0:2557535]      cma_ep.c:88   process_vm_readv(pid=2557529 {0x150d22ddf820,524288}-->{0x146c58b6c810,524288}) returned -1: No such process
[bnode022:2557535] *** Process received signal ***
[bnode022:2557535] Signal: Aborted (6)
[bnode022:2557535] Signal code:  (-6)
[bnode022:2557535] [ 0] /lib/x86_64-linux-gnu/libc.so.6(+0x42520)[0x15118fc19520]
[bnode022:2557535] [ 1] /lib/x86_64-linux-gnu/libc.so.6(pthread_kill+0x12c)[0x15118fc6d9fc]
[bnode022:2557535] [ 2] /lib/x86_64-linux-gnu/libc.so.6(raise+0x16)[0x15118fc19476]
[bnode022:2557535] [ 3] /lib/x86_64-linux-gnu/libc.so.6(abort+0xd3)[0x15118fbff7f3]
[bnode022:2557535] [ 4] /system/apps/ubuntu/22.04-202604/nvhpc/26.5/Linux_x86_64/26.5/comm_libs/13.2/hpcx/hpcx-2.50/ucx/mt/lib/libucs.so.0(+0x62db5)[0x1511d5ac7db5]
[bnode022:2557535] [ 5] /system/apps/ubuntu/22.04-202604/nvhpc/26.5/Linux_x86_64/26.5/comm_libs/13.2/hpcx/hpcx-2.50/ucx/mt/lib/libucs.so.0(ucs_log_default_handler+0xf2e)[0x1511d5acdb9e]
[bnode022:2557535] [ 6] /system/apps/ubuntu/22.04-202604/nvhpc/26.5/Linux_x86_64/26.5/comm_libs/13.2/hpcx/hpcx-2.50/ucx/mt/lib/libucs.so.0(ucs_log_dispatch+0xcc)[0x1511d5acdf3c]
[bnode022:2557535] [ 7] /system/apps/ubuntu/22.04-202604/nvhpc/26.5/Linux_x86_64/26.5/comm_libs/13.2/hpcx/hpcx-2.50/ucx/mt/lib/ucx/libuct_cma.so.0(+0x3a43)[0x1511d57b9a43]
[bnode022:2557535] [ 8] /system/apps/ubuntu/22.04-202604/nvhpc/26.5/Linux_x86_64/26.5/comm_libs/13.2/hpcx/hpcx-2.50/ucx/mt/lib/ucx/libuct_cma.so.0(uct_cma_ep_tx+0x168)[0x1511d57b9bf8]
[bnode022:2557535] [ 9] /system/apps/ubuntu/22.04-202604/nvhpc/26.5/Linux_x86_64/26.5/comm_libs/13.2/hpcx/hpcx-2.50/ucx/mt/lib/libuct.so.0(uct_scopy_ep_progress_tx+0x55)[0x1511d629c3d5]
[bnode022:2557535] [10] /system/apps/ubuntu/22.04-202604/nvhpc/26.5/Linux_x86_64/26.5/comm_libs/13.2/hpcx/hpcx-2.50/ucx/mt/lib/libucs.so.0(ucs_arbiter_dispatch_nonempty+0xa3)[0x1511d5ab9653]
[bnode022:2557535] [11] /system/apps/ubuntu/22.04-202604/nvhpc/26.5/Linux_x86_64/26.5/comm_libs/13.2/hpcx/hpcx-2.50/ucx/mt/lib/libuct.so.0(uct_scopy_iface_progress+0x59)[0x1511d629bf49]
[bnode022:2557535] [12] /system/apps/ubuntu/22.04-202604/nvhpc/26.5/Linux_x86_64/26.5/comm_libs/13.2/hpcx/hpcx-2.50/ucx/mt/lib/libucp.so.0(ucp_worker_progress+0x6a)[0x1511d5f48d9a]
[bnode022:2557535] [13] /system/apps/ubuntu/22.04-202604/nvhpc/26.5/Linux_x86_64/26.5/comm_libs/13.2/hpcx/hpcx-2.50/ucc/lib/ucc/libucc_tl_ucp.so(ucc_tl_ucp_reduce_scatter_knomial_progress+0x234)[0x150de5444844]
[bnode022:2557535] [14] /system/apps/ubuntu/22.04-202604/nvhpc/26.5/Linux_x86_64/26.5/comm_libs/13.2/hpcx/hpcx-2.50/ucc/lib/libucc.so.1(+0x154eb)[0x150df7c154eb]
[bnode022:2557535] [15] /system/apps/ubuntu/22.04-202604/nvhpc/26.5/Linux_x86_64/26.5/comm_libs/13.2/hpcx/hpcx-2.50/ucc/lib/libucc.so.1(ucc_context_progress+0x47)[0x150df7c0fd27]
[bnode022:2557535] [16] /system/apps/ubuntu/22.04-202604/nvhpc/26.5/Linux_x86_64/26.5/comm_libs/13.2/hpcx/hpcx-2.50/ompi5/lib/openmpi/mca_coll_ucc.so(mca_coll_ucc_allreduce+0x109)[0x15118c4084b9]
[bnode022:2557535] [17] /system/apps/ubuntu/22.04-202604/nvhpc/26.5/Linux_x86_64/26.5/comm_libs/13.2/hpcx/latest/ompi/lib/libmpi.so.40(PMPI_Allreduce+0x70)[0x1511d529e240]
[bnode022:2557535] [18] ../openmx[0x61981d]
[bnode022:2557535] [19] ../openmx[0x600a79]
[bnode022:2557535] [20] ../openmx[0x4bebbd]
[bnode022:2557535] [21] ../openmx[0x4114b4]
[bnode022:2557535] [22] /lib/x86_64-linux-gnu/libc.so.6(+0x29d90)[0x15118fc00d90]
[bnode022:2557535] [23] /lib/x86_64-linux-gnu/libc.so.6(__libc_start_main+0x80)[0x15118fc00e40]
[bnode022:2557535] [24] ../openmx[0x410065]
[bnode022:2557535] *** End of error message ***
[bnode022:2557539:0:2557539]      cma_ep.c:88   process_vm_readv(pid=2557529 {0x14cd6ffbd820,524288}-->{0x146c5fd4a810,524288}) returned -1: No such process
[bnode022:2557539] *** Process received signal ***
[bnode022:2557539] Signal: Aborted (6)
[bnode022:2557539] Signal code:  (-6)
[bnode022:2557539] [ 0] /lib/x86_64-linux-gnu/libc.so.6(+0x42520)[0x14d1d5a19520]
[bnode022:2557539] [ 1] /lib/x86_64-linux-gnu/libc.so.6(pthread_kill+0x12c)[0x14d1d5a6d9fc]
[bnode022:2557539] [ 2] /lib/x86_64-linux-gnu/libc.so.6(raise+0x16)[0x14d1d5a19476]
[bnode022:2557539] [ 3] /lib/x86_64-linux-gnu/libc.so.6(abort+0xd3)[0x14d1d59ff7f3]
[bnode022:2557539] [ 4] /system/apps/ubuntu/22.04-202604/nvhpc/26.5/Linux_x86_64/26.5/comm_libs/13.2/hpcx/hpcx-2.50/ucx/mt/lib/libucs.so.0(+0x62db5)[0x14d21b8c7db5]
[bnode022:2557539] [ 5] /system/apps/ubuntu/22.04-202604/nvhpc/26.5/Linux_x86_64/26.5/comm_libs/13.2/hpcx/hpcx-2.50/ucx/mt/lib/libucs.so.0(ucs_log_default_handler+0xf2e)[0x14d21b8cdb9e]
[bnode022:2557539] [ 6] /system/apps/ubuntu/22.04-202604/nvhpc/26.5/Linux_x86_64/26.5/comm_libs/13.2/hpcx/hpcx-2.50/ucx/mt/lib/libucs.so.0(ucs_log_dispatch+0xcc)[0x14d21b8cdf3c]
[bnode022:2557539] [ 7] /system/apps/ubuntu/22.04-202604/nvhpc/26.5/Linux_x86_64/26.5/comm_libs/13.2/hpcx/hpcx-2.50/ucx/mt/lib/ucx/libuct_cma.so.0(+0x3a43)[0x14d21b569a43]
[bnode022:2557539] [ 8] /system/apps/ubuntu/22.04-202604/nvhpc/26.5/Linux_x86_64/26.5/comm_libs/13.2/hpcx/hpcx-2.50/ucx/mt/lib/ucx/libuct_cma.so.0(uct_cma_ep_tx+0x168)[0x14d21b569bf8]
[bnode022:2557539] [ 9] /system/apps/ubuntu/22.04-202604/nvhpc/26.5/Linux_x86_64/26.5/comm_libs/13.2/hpcx/hpcx-2.50/ucx/mt/lib/libuct.so.0(uct_scopy_ep_progress_tx+0x55)[0x14d21bccb3d5]
[bnode022:2557539] [10] /system/apps/ubuntu/22.04-202604/nvhpc/26.5/Linux_x86_64/26.5/comm_libs/13.2/hpcx/hpcx-2.50/ucx/mt/lib/libucs.so.0(ucs_arbiter_dispatch_nonempty+0xa3)[0x14d21b8b9653]
[bnode022:2557539] [11] /system/apps/ubuntu/22.04-202604/nvhpc/26.5/Linux_x86_64/26.5/comm_libs/13.2/hpcx/hpcx-2.50/ucx/mt/lib/libuct.so.0(uct_scopy_iface_progress+0x59)[0x14d21bccaf49]
[bnode022:2557539] [12] /system/apps/ubuntu/22.04-202604/nvhpc/26.5/Linux_x86_64/26.5/comm_libs/13.2/hpcx/hpcx-2.50/ucx/mt/lib/libucp.so.0(ucp_worker_progress+0x6a)[0x14d21bd48d9a]
[bnode022:2557539] [13] /system/apps/ubuntu/22.04-202604/nvhpc/26.5/Linux_x86_64/26.5/comm_libs/13.2/hpcx/hpcx-2.50/ucc/lib/ucc/libucc_tl_ucp.so(ucc_tl_ucp_reduce_scatter_knomial_progress+0x234)[0x14ce2b444844]
[bnode022:2557539] [14] /system/apps/ubuntu/22.04-202604/nvhpc/26.5/Linux_x86_64/26.5/comm_libs/13.2/hpcx/hpcx-2.50/ucc/lib/libucc.so.1(+0x154eb)[0x14d045e154eb]
[bnode022:2557539] [15] /system/apps/ubuntu/22.04-202604/nvhpc/26.5/Linux_x86_64/26.5/comm_libs/13.2/hpcx/hpcx-2.50/ucc/lib/libucc.so.1(ucc_context_progress+0x47)[0x14d045e0fd27]
[bnode022:2557539] [16] /system/apps/ubuntu/22.04-202604/nvhpc/26.5/Linux_x86_64/26.5/comm_libs/13.2/hpcx/hpcx-2.50/ompi5/lib/openmpi/mca_coll_ucc.so(+0x2a87)[0x14d046202a87]
[bnode022:2557539] [17] /system/apps/ubuntu/22.04-202604/nvhpc/26.5/Linux_x86_64/26.5/comm_libs/13.2/hpcx/hpcx-2.50/ompi5/lib/libopen-pal.so.80(opal_progress+0x2c)[0x14d1d562339c]
[bnode022:2557539] [18] /system/apps/ubuntu/22.04-202604/nvhpc/26.5/Linux_x86_64/26.5/comm_libs/13.2/hpcx/hpcx-2.50/ompi5/lib/openmpi/mca_coll_ucc.so(mca_coll_ucc_allreduce+0x10e)[0x14d0462084be]
[bnode022:2557539] [19] /system/apps/ubuntu/22.04-202604/nvhpc/26.5/Linux_x86_64/26.5/comm_libs/13.2/hpcx/latest/ompi/lib/libmpi.so.40(PMPI_Allreduce+0x70)[0x14d21b09e240]
[bnode022:2557539] [20] ../openmx[0x61981d]
[bnode022:2557539] [21] ../openmx[0x600a79]
[bnode022:2557539] [22] ../openmx[0x4bebbd]
[bnode022:2557539] [23] ../openmx[0x4114b4]
[bnode022:2557539] [24] /lib/x86_64-linux-gnu/libc.so.6(+0x29d90)[0x14d1d5a00d90]
[bnode022:2557539] [25] /lib/x86_64-linux-gnu/libc.so.6(__libc_start_main+0x80)[0x14d1d5a00e40]
[bnode022:2557539] [26] ../openmx[0x410065]
[bnode022:2557539] *** End of error message ***
[bnode022:2557534:0:2557534]      cma_ep.c:88   process_vm_readv(pid=2557529 {0x150594a97020,524288}-->{0x146c5a824010,524288}) returned -1: No such process
[bnode022:2557534] *** Process received signal ***
[bnode022:2557534] Signal: Aborted (6)
[bnode022:2557534] Signal code:  (-6)
[bnode022:2557534] [ 0] /lib/x86_64-linux-gnu/libc.so.6(+0x42520)[0x150a01819520]
[bnode022:2557534] [ 1] /lib/x86_64-linux-gnu/libc.so.6(pthread_kill+0x12c)[0x150a0186d9fc]
[bnode022:2557534] [ 2] /lib/x86_64-linux-gnu/libc.so.6(raise+0x16)[0x150a01819476]
[bnode022:2557534] [ 3] /lib/x86_64-linux-gnu/libc.so.6(abort+0xd3)[0x150a017ff7f3]
[bnode022:2557534] [ 4] /system/apps/ubuntu/22.04-202604/nvhpc/26.5/Linux_x86_64/26.5/comm_libs/13.2/hpcx/hpcx-2.50/ucx/mt/lib/libucs.so.0(+0x62db5)[0x150a048c7db5]
[bnode022:2557534] [ 5] /system/apps/ubuntu/22.04-202604/nvhpc/26.5/Linux_x86_64/26.5/comm_libs/13.2/hpcx/hpcx-2.50/ucx/mt/lib/libucs.so.0(ucs_log_default_handler+0xf2e)[0x150a048cdb9e]
[bnode022:2557534] [ 6] /system/apps/ubuntu/22.04-202604/nvhpc/26.5/Linux_x86_64/26.5/comm_libs/13.2/hpcx/hpcx-2.50/ucx/mt/lib/libucs.so.0(ucs_log_dispatch+0xcc)[0x150a048cdf3c]
[bnode022:2557534] [ 7] /system/apps/ubuntu/22.04-202604/nvhpc/26.5/Linux_x86_64/26.5/comm_libs/13.2/hpcx/hpcx-2.50/ucx/mt/lib/ucx/libuct_cma.so.0(+0x3a43)[0x150a47358a43]
[bnode022:2557534] [ 8] /system/apps/ubuntu/22.04-202604/nvhpc/26.5/Linux_x86_64/26.5/comm_libs/13.2/hpcx/hpcx-2.50/ucx/mt/lib/ucx/libuct_cma.so.0(uct_cma_ep_tx+0x168)[0x150a47358bf8]
[bnode022:2557534] [ 9] /system/apps/ubuntu/22.04-202604/nvhpc/26.5/Linux_x86_64/26.5/comm_libs/13.2/hpcx/hpcx-2.50/ucx/mt/lib/libuct.so.0(uct_scopy_ep_progress_tx+0x55)[0x150a47ac93d5]
[bnode022:2557534] [10] /system/apps/ubuntu/22.04-202604/nvhpc/26.5/Linux_x86_64/26.5/comm_libs/13.2/hpcx/hpcx-2.50/ucx/mt/lib/libucs.so.0(ucs_arbiter_dispatch_nonempty+0xa3)[0x150a048b9653]
[bnode022:2557534] [11] /system/apps/ubuntu/22.04-202604/nvhpc/26.5/Linux_x86_64/26.5/comm_libs/13.2/hpcx/hpcx-2.50/ucx/mt/lib/libuct.so.0(uct_scopy_iface_progress+0x59)[0x150a47ac8f49]
[bnode022:2557534] [12] /system/apps/ubuntu/22.04-202604/nvhpc/26.5/Linux_x86_64/26.5/comm_libs/13.2/hpcx/hpcx-2.50/ucx/mt/lib/libucp.so.0(ucp_worker_progress+0x6a)[0x150a47748d9a]
[bnode022:2557534] [13] /system/apps/ubuntu/22.04-202604/nvhpc/26.5/Linux_x86_64/26.5/comm_libs/13.2/hpcx/hpcx-2.50/ucc/lib/ucc/libucc_tl_ucp.so(ucc_tl_ucp_reduce_scatter_knomial_progress+0x234)[0x150657044844]
[bnode022:2557534] [14] /system/apps/ubuntu/22.04-202604/nvhpc/26.5/Linux_x86_64/26.5/comm_libs/13.2/hpcx/hpcx-2.50/ucc/lib/libucc.so.1(+0x154eb)[0x150871c154eb]
[bnode022:2557534] [15] /system/apps/ubuntu/22.04-202604/nvhpc/26.5/Linux_x86_64/26.5/comm_libs/13.2/hpcx/hpcx-2.50/ucc/lib/libucc.so.1(ucc_context_progress+0x47)[0x150871c0fd27]
[bnode022:2557534] [16] /system/apps/ubuntu/22.04-202604/nvhpc/26.5/Linux_x86_64/26.5/comm_libs/13.2/hpcx/hpcx-2.50/ompi5/lib/openmpi/mca_coll_ucc.so(+0x2a87)[0x150872002a87]
[bnode022:2557534] [17] /system/apps/ubuntu/22.04-202604/nvhpc/26.5/Linux_x86_64/26.5/comm_libs/13.2/hpcx/hpcx-2.50/ompi5/lib/libopen-pal.so.80(opal_progress+0x2c)[0x150a0142339c]
[bnode022:2557534] [18] /system/apps/ubuntu/22.04-202604/nvhpc/26.5/Linux_x86_64/26.5/comm_libs/13.2/hpcx/hpcx-2.50/ompi5/lib/openmpi/mca_coll_ucc.so(mca_coll_ucc_allreduce+0x10e)[0x1508720084be]
[bnode022:2557534] [19] /system/apps/ubuntu/22.04-202604/nvhpc/26.5/Linux_x86_64/26.5/comm_libs/13.2/hpcx/latest/ompi/lib/libmpi.so.40(PMPI_Allreduce+0x70)[0x150a46e9e240]
[bnode022:2557534] [20] ../openmx[0x61981d]
[bnode022:2557534] [21] ../openmx[0x600a79]
[bnode022:2557534] [22] ../openmx[0x4bebbd]
[bnode022:2557534] [23] ../openmx[0x4114b4]
[bnode022:2557534] [24] /lib/x86_64-linux-gnu/libc.so.6(+0x29d90)[0x150a01800d90]
[bnode022:2557534] [25] /lib/x86_64-linux-gnu/libc.so.6(__libc_start_main+0x80)[0x150a01800e40]
[bnode022:2557534] [26] ../openmx[0x410065]
[bnode022:2557534] *** End of error message ***
[bnode022:2557507:0:2557507]      cma_ep.c:88   process_vm_readv(pid=2557505 {0x14ef1593c020,524288}-->{0x14edae30b810,524288}) returned -1: No such process
[bnode022:2557507] *** Process received signal ***
[bnode022:2557507] Signal: Aborted (6)
[bnode022:2557507] Signal code:  (-6)
[bnode022:2557507] [ 0] /lib/x86_64-linux-gnu/libc.so.6(+0x42520)[0x14f389a19520]
[bnode022:2557507] [ 1] /lib/x86_64-linux-gnu/libc.so.6(pthread_kill+0x12c)[0x14f389a6d9fc]
[bnode022:2557507] [ 2] /lib/x86_64-linux-gnu/libc.so.6(raise+0x16)[0x14f389a19476]
[bnode022:2557507] [ 3] /lib/x86_64-linux-gnu/libc.so.6(abort+0xd3)[0x14f3899ff7f3]
[bnode022:2557507] [ 4] /system/apps/ubuntu/22.04-202604/nvhpc/26.5/Linux_x86_64/26.5/comm_libs/13.2/hpcx/hpcx-2.50/ucx/mt/lib/libucs.so.0(+0x62db5)[0x14f38cac7db5]
[bnode022:2557507] [ 5] /system/apps/ubuntu/22.04-202604/nvhpc/26.5/Linux_x86_64/26.5/comm_libs/13.2/hpcx/hpcx-2.50/ucx/mt/lib/libucs.so.0(ucs_log_default_handler+0xf2e)[0x14f38cacdb9e]
[bnode022:2557507] [ 6] /system/apps/ubuntu/22.04-202604/nvhpc/26.5/Linux_x86_64/26.5/comm_libs/13.2/hpcx/hpcx-2.50/ucx/mt/lib/libucs.so.0(ucs_log_dispatch+0xcc)[0x14f38cacdf3c]
[bnode022:2557507] [ 7] /system/apps/ubuntu/22.04-202604/nvhpc/26.5/Linux_x86_64/26.5/comm_libs/13.2/hpcx/hpcx-2.50/ucx/mt/lib/ucx/libuct_cma.so.0(+0x3a43)[0x14f3cfc0ea43]
[bnode022:2557507] [ 8] /system/apps/ubuntu/22.04-202604/nvhpc/26.5/Linux_x86_64/26.5/comm_libs/13.2/hpcx/hpcx-2.50/ucx/mt/lib/ucx/libuct_cma.so.0(uct_cma_ep_tx+0x168)[0x14f3cfc0ebf8]
[bnode022:2557507] [ 9] /system/apps/ubuntu/22.04-202604/nvhpc/26.5/Linux_x86_64/26.5/comm_libs/13.2/hpcx/hpcx-2.50/ucx/mt/lib/libuct.so.0(uct_scopy_ep_progress_tx+0x55)[0x14f3d00b53d5]
[bnode022:2557507] [10] /system/apps/ubuntu/22.04-202604/nvhpc/26.5/Linux_x86_64/26.5/comm_libs/13.2/hpcx/hpcx-2.50/ucx/mt/lib/libucs.so.0(ucs_arbiter_dispatch_nonempty+0xa3)[0x14f38cab9653]
[bnode022:2557507] [11] /system/apps/ubuntu/22.04-202604/nvhpc/26.5/Linux_x86_64/26.5/comm_libs/13.2/hpcx/hpcx-2.50/ucx/mt/lib/libuct.so.0(uct_scopy_iface_progress+0x59)[0x14f3d00b4f49]
[bnode022:2557507] [12] /system/apps/ubuntu/22.04-202604/nvhpc/26.5/Linux_x86_64/26.5/comm_libs/13.2/hpcx/hpcx-2.50/ucx/mt/lib/libucp.so.0(ucp_worker_progress+0x6a)[0x14f3cf948d9a]
[bnode022:2557507] [13] /system/apps/ubuntu/22.04-202604/nvhpc/26.5/Linux_x86_64/26.5/comm_libs/13.2/hpcx/hpcx-2.50/ucc/lib/ucc/libucc_tl_ucp.so(ucc_tl_ucp_reduce_scatter_knomial_progress+0x234)[0x14efdf444844]
[bnode022:2557507] [14] /system/apps/ubuntu/22.04-202604/nvhpc/26.5/Linux_x86_64/26.5/comm_libs/13.2/hpcx/hpcx-2.50/ucc/lib/libucc.so.1(+0x154eb)[0x14f1f9e154eb]
[bnode022:2557507] [15] /system/apps/ubuntu/22.04-202604/nvhpc/26.5/Linux_x86_64/26.5/comm_libs/13.2/hpcx/hpcx-2.50/ucc/lib/libucc.so.1(ucc_context_progress+0x47)[0x14f1f9e0fd27]
[bnode022:2557507] [16] /system/apps/ubuntu/22.04-202604/nvhpc/26.5/Linux_x86_64/26.5/comm_libs/13.2/hpcx/hpcx-2.50/ompi5/lib/openmpi/mca_coll_ucc.so(+0x2a87)[0x14f1fa202a87]
[bnode022:2557507] [17] /system/apps/ubuntu/22.04-202604/nvhpc/26.5/Linux_x86_64/26.5/comm_libs/13.2/hpcx/hpcx-2.50/ompi5/lib/libopen-pal.so.80(opal_progress+0x2c)[0x14f38962339c]
[bnode022:2557507] [18] /system/apps/ubuntu/22.04-202604/nvhpc/26.5/Linux_x86_64/26.5/comm_libs/13.2/hpcx/hpcx-2.50/ompi5/lib/openmpi/mca_coll_ucc.so(mca_coll_ucc_allreduce+0x10e)[0x14f1fa2084be]
[bnode022:2557507] [19] /system/apps/ubuntu/22.04-202604/nvhpc/26.5/Linux_x86_64/26.5/comm_libs/13.2/hpcx/latest/ompi/lib/libmpi.so.40(PMPI_Allreduce+0x70)[0x14f3cf09e240]
[bnode022:2557507] [20] ../openmx[0x61981d]
[bnode022:2557507] [21] ../openmx[0x600a79]
[bnode022:2557507] [22] ../openmx[0x4bebbd]
[bnode022:2557507] [23] ../openmx[0x4114b4]
[bnode022:2557507] [24] /lib/x86_64-linux-gnu/libc.so.6(+0x29d90)[0x14f389a00d90]
[bnode022:2557507] [25] /lib/x86_64-linux-gnu/libc.so.6(__libc_start_main+0x80)[0x14f389a00e40]
[bnode022:2557507] [26] ../openmx[0x410065]
[bnode022:2557507] *** End of error message ***
[bnode022:2557530:0:2557530]      cma_ep.c:88   process_vm_readv(pid=2557529 {0x150ef1981820,524288}-->{0x146c5170e810,524288}) returned -1: No such process
[bnode022:2557530] *** Process received signal ***
[bnode022:2557530] Signal: Aborted (6)
[bnode022:2557530] Signal code:  (-6)
[bnode022:2557530] [ 0] /lib/x86_64-linux-gnu/libc.so.6(+0x42520)[0x151366c19520]
[bnode022:2557530] [ 1] /lib/x86_64-linux-gnu/libc.so.6(pthread_kill+0x12c)[0x151366c6d9fc]
[bnode022:2557530] [ 2] /lib/x86_64-linux-gnu/libc.so.6(raise+0x16)[0x151366c19476]
[bnode022:2557530] [ 3] /lib/x86_64-linux-gnu/libc.so.6(abort+0xd3)[0x151366bff7f3]
[bnode022:2557530] [ 4] /system/apps/ubuntu/22.04-202604/nvhpc/26.5/Linux_x86_64/26.5/comm_libs/13.2/hpcx/hpcx-2.50/ucx/mt/lib/libucs.so.0(+0x62db5)[0x151369cc7db5]
[bnode022:2557530] [ 5] /system/apps/ubuntu/22.04-202604/nvhpc/26.5/Linux_x86_64/26.5/comm_libs/13.2/hpcx/hpcx-2.50/ucx/mt/lib/libucs.so.0(ucs_log_default_handler+0xf2e)[0x151369ccdb9e]
[bnode022:2557530] [ 6] /system/apps/ubuntu/22.04-202604/nvhpc/26.5/Linux_x86_64/26.5/comm_libs/13.2/hpcx/hpcx-2.50/ucx/mt/lib/libucs.so.0(ucs_log_dispatch+0xcc)[0x151369ccdf3c]
[bnode022:2557530] [ 7] /system/apps/ubuntu/22.04-202604/nvhpc/26.5/Linux_x86_64/26.5/comm_libs/13.2/hpcx/hpcx-2.50/ucx/mt/lib/ucx/libuct_cma.so.0(+0x3a43)[0x1513aca7ea43]
[bnode022:2557530] [ 8] /system/apps/ubuntu/22.04-202604/nvhpc/26.5/Linux_x86_64/26.5/comm_libs/13.2/hpcx/hpcx-2.50/ucx/mt/lib/ucx/libuct_cma.so.0(uct_cma_ep_tx+0x168)[0x1513aca7ebf8]
[bnode022:2557530] [ 9] /system/apps/ubuntu/22.04-202604/nvhpc/26.5/Linux_x86_64/26.5/comm_libs/13.2/hpcx/hpcx-2.50/ucx/mt/lib/libuct.so.0(uct_scopy_ep_progress_tx+0x55)[0x1513acef73d5]
[bnode022:2557530] [10] /system/apps/ubuntu/22.04-202604/nvhpc/26.5/Linux_x86_64/26.5/comm_libs/13.2/hpcx/hpcx-2.50/ucx/mt/lib/libucs.so.0(ucs_arbiter_dispatch_nonempty+0xa3)[0x151369cb9653]
[bnode022:2557530] [11] /system/apps/ubuntu/22.04-202604/nvhpc/26.5/Linux_x86_64/26.5/comm_libs/13.2/hpcx/hpcx-2.50/ucx/mt/lib/libuct.so.0(uct_scopy_iface_progress+0x59)[0x1513acef6f49]
[bnode022:2557530] [12] /system/apps/ubuntu/22.04-202604/nvhpc/26.5/Linux_x86_64/26.5/comm_libs/13.2/hpcx/hpcx-2.50/ucx/mt/lib/libucp.so.0(ucp_worker_progress+0x6a)[0x1513acb48d9a]
[bnode022:2557530] [13] /system/apps/ubuntu/22.04-202604/nvhpc/26.5/Linux_x86_64/26.5/comm_libs/13.2/hpcx/hpcx-2.50/ucc/lib/ucc/libucc_tl_ucp.so(ucc_tl_ucp_reduce_scatter_knomial_progress+0x234)[0x150fbc644844]
[bnode022:2557530] [14] /system/apps/ubuntu/22.04-202604/nvhpc/26.5/Linux_x86_64/26.5/comm_libs/13.2/hpcx/hpcx-2.50/ucc/lib/libucc.so.1(+0x154eb)[0x1511d82154eb]
[bnode022:2557530] [15] /system/apps/ubuntu/22.04-202604/nvhpc/26.5/Linux_x86_64/26.5/comm_libs/13.2/hpcx/hpcx-2.50/ucc/lib/libucc.so.1(ucc_context_progress+0x47)[0x1511d820fd27]
[bnode022:2557530] [16] /system/apps/ubuntu/22.04-202604/nvhpc/26.5/Linux_x86_64/26.5/comm_libs/13.2/hpcx/hpcx-2.50/ompi5/lib/openmpi/mca_coll_ucc.so(+0x2a87)[0x1511d8602a87]
[bnode022:2557530] [17] /system/apps/ubuntu/22.04-202604/nvhpc/26.5/Linux_x86_64/26.5/comm_libs/13.2/hpcx/hpcx-2.50/ompi5/lib/libopen-pal.so.80(opal_progress+0x2c)[0x15136682339c]
[bnode022:2557530] [18] /system/apps/ubuntu/22.04-202604/nvhpc/26.5/Linux_x86_64/26.5/comm_libs/13.2/hpcx/hpcx-2.50/ompi5/lib/openmpi/mca_coll_ucc.so(mca_coll_ucc_allreduce+0x10e)[0x1511d86084be]
[bnode022:2557530] [19] /system/apps/ubuntu/22.04-202604/nvhpc/26.5/Linux_x86_64/26.5/comm_libs/13.2/hpcx/latest/ompi/lib/libmpi.so.40(PMPI_Allreduce+0x70)[0x1513ac29e240]
[bnode022:2557530] [20] ../openmx[0x61981d]
[bnode022:2557530] [21] ../openmx[0x600a79]
[bnode022:2557530] [22] ../openmx[0x4bebbd]
[bnode022:2557530] [23] ../openmx[0x4114b4]
[bnode022:2557530] [24] /lib/x86_64-linux-gnu/libc.so.6(+0x29d90)[0x151366c00d90]
[bnode022:2557530] [25] /lib/x86_64-linux-gnu/libc.so.6(__libc_start_main+0x80)[0x151366c00e40]
[bnode022:2557530] [26] ../openmx[0x410065]
[bnode022:2557530] *** End of error message ***
[bnode022:2557531:0:2557531]      cma_ep.c:88   process_vm_readv(pid=2557529 {0x14a455d75020,524288}-->{0x146c4c268010,524288}) returned -1: No such process
[bnode022:2557531] *** Process received signal ***
[bnode022:2557531] Signal: Aborted (6)
[bnode022:2557531] Signal code:  (-6)
[bnode022:2557531] [ 0] /lib/x86_64-linux-gnu/libc.so.6(+0x42520)[0x14a8bcc19520]
[bnode022:2557531] [ 1] /lib/x86_64-linux-gnu/libc.so.6(pthread_kill+0x12c)[0x14a8bcc6d9fc]
[bnode022:2557531] [ 2] /lib/x86_64-linux-gnu/libc.so.6(raise+0x16)[0x14a8bcc19476]
[bnode022:2557531] [ 3] /lib/x86_64-linux-gnu/libc.so.6(abort+0xd3)[0x14a8bcbff7f3]
[bnode022:2557531] [ 4] /system/apps/ubuntu/22.04-202604/nvhpc/26.5/Linux_x86_64/26.5/comm_libs/13.2/hpcx/hpcx-2.50/ucx/mt/lib/libucs.so.0(+0x62db5)[0x14a902ac7db5]
[bnode022:2557531] [ 5] /system/apps/ubuntu/22.04-202604/nvhpc/26.5/Linux_x86_64/26.5/comm_libs/13.2/hpcx/hpcx-2.50/ucx/mt/lib/libucs.so.0(ucs_log_default_handler+0xf2e)[0x14a902acdb9e]
[bnode022:2557531] [ 6] /system/apps/ubuntu/22.04-202604/nvhpc/26.5/Linux_x86_64/26.5/comm_libs/13.2/hpcx/hpcx-2.50/ucx/mt/lib/libucs.so.0(ucs_log_dispatch+0xcc)[0x14a902acdf3c]
[bnode022:2557531] [ 7] /system/apps/ubuntu/22.04-202604/nvhpc/26.5/Linux_x86_64/26.5/comm_libs/13.2/hpcx/hpcx-2.50/ucx/mt/lib/ucx/libuct_cma.so.0(+0x3a43)[0x14a902759a43]
[bnode022:2557531] [ 8] /system/apps/ubuntu/22.04-202604/nvhpc/26.5/Linux_x86_64/26.5/comm_libs/13.2/hpcx/hpcx-2.50/ucx/mt/lib/ucx/libuct_cma.so.0(uct_cma_ep_tx+0x168)[0x14a902759bf8]
[bnode022:2557531] [ 9] /system/apps/ubuntu/22.04-202604/nvhpc/26.5/Linux_x86_64/26.5/comm_libs/13.2/hpcx/hpcx-2.50/ucx/mt/lib/libuct.so.0(uct_scopy_ep_progress_tx+0x55)[0x14a902ecb3d5]
[bnode022:2557531] [10] /system/apps/ubuntu/22.04-202604/nvhpc/26.5/Linux_x86_64/26.5/comm_libs/13.2/hpcx/hpcx-2.50/ucx/mt/lib/libucs.so.0(ucs_arbiter_dispatch_nonempty+0xa3)[0x14a902ab9653]
[bnode022:2557531] [11] /system/apps/ubuntu/22.04-202604/nvhpc/26.5/Linux_x86_64/26.5/comm_libs/13.2/hpcx/hpcx-2.50/ucx/mt/lib/libuct.so.0(uct_scopy_iface_progress+0x59)[0x14a902ecaf49]
[bnode022:2557531] [12] /system/apps/ubuntu/22.04-202604/nvhpc/26.5/Linux_x86_64/26.5/comm_libs/13.2/hpcx/hpcx-2.50/ucx/mt/lib/libucp.so.0(ucp_worker_progress+0x6a)[0x14a902f48d9a]
[bnode022:2557531] [13] /system/apps/ubuntu/22.04-202604/nvhpc/26.5/Linux_x86_64/26.5/comm_libs/13.2/hpcx/hpcx-2.50/ucc/lib/ucc/libucc_tl_ucp.so(ucc_tl_ucp_reduce_scatter_knomial_progress+0x234)[0x14a512444844]
[bnode022:2557531] [14] /system/apps/ubuntu/22.04-202604/nvhpc/26.5/Linux_x86_64/26.5/comm_libs/13.2/hpcx/hpcx-2.50/ucc/lib/libucc.so.1(+0x154eb)[0x14a72ce154eb]
[bnode022:2557531] [15] /system/apps/ubuntu/22.04-202604/nvhpc/26.5/Linux_x86_64/26.5/comm_libs/13.2/hpcx/hpcx-2.50/ucc/lib/libucc.so.1(ucc_context_progress+0x47)[0x14a72ce0fd27]
[bnode022:2557531] [16] /system/apps/ubuntu/22.04-202604/nvhpc/26.5/Linux_x86_64/26.5/comm_libs/13.2/hpcx/hpcx-2.50/ompi5/lib/openmpi/mca_coll_ucc.so(mca_coll_ucc_allreduce+0x109)[0x14a8b84084b9]
[bnode022:2557531] [17] /system/apps/ubuntu/22.04-202604/nvhpc/26.5/Linux_x86_64/26.5/comm_libs/13.2/hpcx/latest/ompi/lib/libmpi.so.40(PMPI_Allreduce+0x70)[0x14a90229e240]
[bnode022:2557531] [18] ../openmx[0x61981d]
[bnode022:2557531] [19] ../openmx[0x600a79]
[bnode022:2557531] [20] ../openmx[0x4bebbd]
[bnode022:2557531] [21] ../openmx[0x4114b4]
[bnode022:2557531] [22] /lib/x86_64-linux-gnu/libc.so.6(+0x29d90)[0x14a8bcc00d90]
[bnode022:2557531] [23] /lib/x86_64-linux-gnu/libc.so.6(__libc_start_main+0x80)[0x14a8bcc00e40]
[bnode022:2557531] [24] ../openmx[0x410065]
[bnode022:2557531] *** End of error message ***
[bnode022:2557510:0:2557510]      cma_ep.c:88   process_vm_readv(pid=2557505 {0x1518954b2020,524288}-->{0x14edb5169810,524288}) returned -1: No such process
[bnode022:2557510] *** Process received signal ***
[bnode022:2557510] Signal: Aborted (6)
[bnode022:2557510] Signal code:  (-6)
[bnode022:2557510] [ 0] /lib/x86_64-linux-gnu/libc.so.6(+0x42520)[0x151d20a19520]
[bnode022:2557510] [ 1] /lib/x86_64-linux-gnu/libc.so.6(pthread_kill+0x12c)[0x151d20a6d9fc]
[bnode022:2557510] [ 2] /lib/x86_64-linux-gnu/libc.so.6(raise+0x16)[0x151d20a19476]
[bnode022:2557510] [ 3] /lib/x86_64-linux-gnu/libc.so.6(abort+0xd3)[0x151d209ff7f3]
[bnode022:2557510] [ 4] /system/apps/ubuntu/22.04-202604/nvhpc/26.5/Linux_x86_64/26.5/comm_libs/13.2/hpcx/hpcx-2.50/ucx/mt/lib/libucs.so.0(+0x62db5)[0x151d23ac7db5]
[bnode022:2557510] [ 5] /system/apps/ubuntu/22.04-202604/nvhpc/26.5/Linux_x86_64/26.5/comm_libs/13.2/hpcx/hpcx-2.50/ucx/mt/lib/libucs.so.0(ucs_log_default_handler+0xf2e)[0x151d23acdb9e]
[bnode022:2557510] [ 6] /system/apps/ubuntu/22.04-202604/nvhpc/26.5/Linux_x86_64/26.5/comm_libs/13.2/hpcx/hpcx-2.50/ucx/mt/lib/libucs.so.0(ucs_log_dispatch+0xcc)[0x151d23acdf3c]
[bnode022:2557510] [ 7] /system/apps/ubuntu/22.04-202604/nvhpc/26.5/Linux_x86_64/26.5/comm_libs/13.2/hpcx/hpcx-2.50/ucx/mt/lib/ucx/libuct_cma.so.0(+0x3a43)[0x151d665a1a43]
[bnode022:2557510] [ 8] /system/apps/ubuntu/22.04-202604/nvhpc/26.5/Linux_x86_64/26.5/comm_libs/13.2/hpcx/hpcx-2.50/ucx/mt/lib/ucx/libuct_cma.so.0(uct_cma_ep_tx+0x168)[0x151d665a1bf8]
[bnode022:2557510] [ 9] /system/apps/ubuntu/22.04-202604/nvhpc/26.5/Linux_x86_64/26.5/comm_libs/13.2/hpcx/hpcx-2.50/ucx/mt/lib/libuct.so.0(uct_scopy_ep_progress_tx+0x55)[0x151d66cac3d5]
[bnode022:2557510] [10] /system/apps/ubuntu/22.04-202604/nvhpc/26.5/Linux_x86_64/26.5/comm_libs/13.2/hpcx/hpcx-2.50/ucx/mt/lib/libucs.so.0(ucs_arbiter_dispatch_nonempty+0xa3)[0x151d23ab9653]
[bnode022:2557510] [11] /system/apps/ubuntu/22.04-202604/nvhpc/26.5/Linux_x86_64/26.5/comm_libs/13.2/hpcx/hpcx-2.50/ucx/mt/lib/libuct.so.0(uct_scopy_iface_progress+0x59)[0x151d66cabf49]
[bnode022:2557510] [12] /system/apps/ubuntu/22.04-202604/nvhpc/26.5/Linux_x86_64/26.5/comm_libs/13.2/hpcx/hpcx-2.50/ucx/mt/lib/libucp.so.0(ucp_worker_progress+0x6a)[0x151d66948d9a]
[bnode022:2557510] [13] /system/apps/ubuntu/22.04-202604/nvhpc/26.5/Linux_x86_64/26.5/comm_libs/13.2/hpcx/hpcx-2.50/ucc/lib/ucc/libucc_tl_ucp.so(ucc_tl_ucp_reduce_scatter_knomial_progress+0x234)[0x151976444844]
[bnode022:2557510] [14] /system/apps/ubuntu/22.04-202604/nvhpc/26.5/Linux_x86_64/26.5/comm_libs/13.2/hpcx/hpcx-2.50/ucc/lib/libucc.so.1(+0x154eb)[0x151b90e154eb]
[bnode022:2557510] [15] /system/apps/ubuntu/22.04-202604/nvhpc/26.5/Linux_x86_64/26.5/comm_libs/13.2/hpcx/hpcx-2.50/ucc/lib/libucc.so.1(ucc_context_progress+0x47)[0x151b90e0fd27]
[bnode022:2557510] [16] /system/apps/ubuntu/22.04-202604/nvhpc/26.5/Linux_x86_64/26.5/comm_libs/13.2/hpcx/hpcx-2.50/ompi5/lib/openmpi/mca_coll_ucc.so(mca_coll_ucc_allreduce+0x109)[0x151d1c2084b9]
[bnode022:2557510] [17] /system/apps/ubuntu/22.04-202604/nvhpc/26.5/Linux_x86_64/26.5/comm_libs/13.2/hpcx/latest/ompi/lib/libmpi.so.40(PMPI_Allreduce+0x70)[0x151d6609e240]
[bnode022:2557510] [18] ../openmx[0x61981d]
[bnode022:2557510] [19] ../openmx[0x600a79]
[bnode022:2557510] [20] ../openmx[0x4bebbd]
[bnode022:2557510] [21] ../openmx[0x4114b4]
[bnode022:2557510] [22] /lib/x86_64-linux-gnu/libc.so.6(+0x29d90)[0x151d20a00d90]
[bnode022:2557510] [23] /lib/x86_64-linux-gnu/libc.so.6(__libc_start_main+0x80)[0x151d20a00e40]
[bnode022:2557510] [24] ../openmx[0x410065]
[bnode022:2557510] *** End of error message ***
[bnode022:2557514:0:2557514]      cma_ep.c:88   process_vm_readv(pid=2557505 {0x153f973bd820,524288}-->{0x14edba910010,524288}) returned -1: No such process
[bnode022:2557514] *** Process received signal ***
[bnode022:2557514] Signal: Aborted (6)
[bnode022:2557514] Signal code:  (-6)
[bnode022:2557514] [ 0] /lib/x86_64-linux-gnu/libc.so.6(+0x42520)[0x154400c19520]
[bnode022:2557514] [ 1] /lib/x86_64-linux-gnu/libc.so.6(pthread_kill+0x12c)[0x154400c6d9fc]
[bnode022:2557514] [ 2] /lib/x86_64-linux-gnu/libc.so.6(raise+0x16)[0x154400c19476]
[bnode022:2557514] [ 3] /lib/x86_64-linux-gnu/libc.so.6(abort+0xd3)[0x154400bff7f3]
[bnode022:2557514] [ 4] /system/apps/ubuntu/22.04-202604/nvhpc/26.5/Linux_x86_64/26.5/comm_libs/13.2/hpcx/hpcx-2.50/ucx/mt/lib/libucs.so.0(+0x62db5)[0x154446ac7db5]
[bnode022:2557514] [ 5] /system/apps/ubuntu/22.04-202604/nvhpc/26.5/Linux_x86_64/26.5/comm_libs/13.2/hpcx/hpcx-2.50/ucx/mt/lib/libucs.so.0(ucs_log_default_handler+0xf2e)[0x154446acdb9e]
[bnode022:2557514] [ 6] /system/apps/ubuntu/22.04-202604/nvhpc/26.5/Linux_x86_64/26.5/comm_libs/13.2/hpcx/hpcx-2.50/ucx/mt/lib/libucs.so.0(ucs_log_dispatch+0xcc)[0x154446acdf3c]
[bnode022:2557514] [ 7] /system/apps/ubuntu/22.04-202604/nvhpc/26.5/Linux_x86_64/26.5/comm_libs/13.2/hpcx/hpcx-2.50/ucx/mt/lib/ucx/libuct_cma.so.0(+0x3a43)[0x15443fda3a43]
[bnode022:2557514] [ 8] /system/apps/ubuntu/22.04-202604/nvhpc/26.5/Linux_x86_64/26.5/comm_libs/13.2/hpcx/hpcx-2.50/ucx/mt/lib/ucx/libuct_cma.so.0(uct_cma_ep_tx+0x168)[0x15443fda3bf8]
[bnode022:2557514] [ 9] /system/apps/ubuntu/22.04-202604/nvhpc/26.5/Linux_x86_64/26.5/comm_libs/13.2/hpcx/hpcx-2.50/ucx/mt/lib/libuct.so.0(uct_scopy_ep_progress_tx+0x55)[0x154446e993d5]
[bnode022:2557514] [10] /system/apps/ubuntu/22.04-202604/nvhpc/26.5/Linux_x86_64/26.5/comm_libs/13.2/hpcx/hpcx-2.50/ucx/mt/lib/libucs.so.0(ucs_arbiter_dispatch_nonempty+0xa3)[0x154446ab9653]
[bnode022:2557514] [11] /system/apps/ubuntu/22.04-202604/nvhpc/26.5/Linux_x86_64/26.5/comm_libs/13.2/hpcx/hpcx-2.50/ucx/mt/lib/libuct.so.0(uct_scopy_iface_progress+0x59)[0x154446e98f49]
[bnode022:2557514] [12] /system/apps/ubuntu/22.04-202604/nvhpc/26.5/Linux_x86_64/26.5/comm_libs/13.2/hpcx/hpcx-2.50/ucx/mt/lib/libucp.so.0(ucp_worker_progress+0x6a)[0x154446f16d9a]
[bnode022:2557514] [13] /system/apps/ubuntu/22.04-202604/nvhpc/26.5/Linux_x86_64/26.5/comm_libs/13.2/hpcx/hpcx-2.50/ucc/lib/ucc/libucc_tl_ucp.so(ucc_tl_ucp_reduce_scatter_knomial_progress+0x234)[0x154056444844]
[bnode022:2557514] [14] /system/apps/ubuntu/22.04-202604/nvhpc/26.5/Linux_x86_64/26.5/comm_libs/13.2/hpcx/hpcx-2.50/ucc/lib/libucc.so.1(+0x154eb)[0x154270e154eb]
[bnode022:2557514] [15] /system/apps/ubuntu/22.04-202604/nvhpc/26.5/Linux_x86_64/26.5/comm_libs/13.2/hpcx/hpcx-2.50/ucc/lib/libucc.so.1(ucc_context_progress+0x47)[0x154270e0fd27]
[bnode022:2557514] [16] /system/apps/ubuntu/22.04-202604/nvhpc/26.5/Linux_x86_64/26.5/comm_libs/13.2/hpcx/hpcx-2.50/ompi5/lib/openmpi/mca_coll_ucc.so(mca_coll_ucc_allreduce+0x109)[0x1543fc4084b9]
[bnode022:2557514] [17] /system/apps/ubuntu/22.04-202604/nvhpc/26.5/Linux_x86_64/26.5/comm_libs/13.2/hpcx/latest/ompi/lib/libmpi.so.40(PMPI_Allreduce+0x70)[0x15444629e240]
[bnode022:2557514] [18] ../openmx[0x61981d]
[bnode022:2557514] [19] ../openmx[0x600a79]
[bnode022:2557514] [20] ../openmx[0x4bebbd]
[bnode022:2557514] [21] ../openmx[0x4114b4]
[bnode022:2557514] [22] /lib/x86_64-linux-gnu/libc.so.6(+0x29d90)[0x154400c00d90]
[bnode022:2557514] [23] /lib/x86_64-linux-gnu/libc.so.6(__libc_start_main+0x80)[0x154400c00e40]
[bnode022:2557514] [24] ../openmx[0x410065]
[bnode022:2557514] *** End of error message ***
[bnode022:2557515:0:2557515]      cma_ep.c:88   process_vm_readv(pid=2557505 {0x149fc50f5020,524288}-->{0x14edbc647810,524288}) returned -1: No such process
[bnode022:2557515] *** Process received signal ***
[bnode022:2557515] Signal: Aborted (6)
[bnode022:2557515] Signal code:  (-6)
[bnode022:2557515] [ 0] /lib/x86_64-linux-gnu/libc.so.6(+0x42520)[0x14a42c219520]
[bnode022:2557515] [ 1] /lib/x86_64-linux-gnu/libc.so.6(pthread_kill+0x12c)[0x14a42c26d9fc]
[bnode022:2557515] [ 2] /lib/x86_64-linux-gnu/libc.so.6(raise+0x16)[0x14a42c219476]
[bnode022:2557515] [ 3] /lib/x86_64-linux-gnu/libc.so.6(abort+0xd3)[0x14a42c1ff7f3]
[bnode022:2557515] [ 4] /system/apps/ubuntu/22.04-202604/nvhpc/26.5/Linux_x86_64/26.5/comm_libs/13.2/hpcx/hpcx-2.50/ucx/mt/lib/libucs.so.0(+0x62db5)[0x14a4720c7db5]
[bnode022:2557515] [ 5] /system/apps/ubuntu/22.04-202604/nvhpc/26.5/Linux_x86_64/26.5/comm_libs/13.2/hpcx/hpcx-2.50/ucx/mt/lib/libucs.so.0(ucs_log_default_handler+0xf2e)[0x14a4720cdb9e]
[bnode022:2557515] [ 6] /system/apps/ubuntu/22.04-202604/nvhpc/26.5/Linux_x86_64/26.5/comm_libs/13.2/hpcx/hpcx-2.50/ucx/mt/lib/libucs.so.0(ucs_log_dispatch+0xcc)[0x14a4720cdf3c]
[bnode022:2557515] [ 7] /system/apps/ubuntu/22.04-202604/nvhpc/26.5/Linux_x86_64/26.5/comm_libs/13.2/hpcx/hpcx-2.50/ucx/mt/lib/ucx/libuct_cma.so.0(+0x3a43)[0x14a472837a43]
[bnode022:2557515] [ 8] /system/apps/ubuntu/22.04-202604/nvhpc/26.5/Linux_x86_64/26.5/comm_libs/13.2/hpcx/hpcx-2.50/ucx/mt/lib/ucx/libuct_cma.so.0(uct_cma_ep_tx+0x168)[0x14a472837bf8]
[bnode022:2557515] [ 9] /system/apps/ubuntu/22.04-202604/nvhpc/26.5/Linux_x86_64/26.5/comm_libs/13.2/hpcx/hpcx-2.50/ucx/mt/lib/libuct.so.0(uct_scopy_ep_progress_tx+0x55)[0x14a4728c83d5]
[bnode022:2557515] [10] /system/apps/ubuntu/22.04-202604/nvhpc/26.5/Linux_x86_64/26.5/comm_libs/13.2/hpcx/hpcx-2.50/ucx/mt/lib/libucs.so.0(ucs_arbiter_dispatch_nonempty+0xa3)[0x14a4720b9653]
[bnode022:2557515] [11] /system/apps/ubuntu/22.04-202604/nvhpc/26.5/Linux_x86_64/26.5/comm_libs/13.2/hpcx/hpcx-2.50/ucx/mt/lib/libuct.so.0(uct_scopy_iface_progress+0x59)[0x14a4728c7f49]
[bnode022:2557515] [12] /system/apps/ubuntu/22.04-202604/nvhpc/26.5/Linux_x86_64/26.5/comm_libs/13.2/hpcx/hpcx-2.50/ucx/mt/lib/libucp.so.0(ucp_worker_progress+0x6a)[0x14a472548d9a]
[bnode022:2557515] [13] /system/apps/ubuntu/22.04-202604/nvhpc/26.5/Linux_x86_64/26.5/comm_libs/13.2/hpcx/hpcx-2.50/ucc/lib/ucc/libucc_tl_ucp.so(ucc_tl_ucp_reduce_scatter_knomial_progress+0x234)[0x14a081c44844]
[bnode022:2557515] [14] /system/apps/ubuntu/22.04-202604/nvhpc/26.5/Linux_x86_64/26.5/comm_libs/13.2/hpcx/hpcx-2.50/ucc/lib/libucc.so.1(+0x154eb)[0x14a29c8154eb]
[bnode022:2557515] [15] /system/apps/ubuntu/22.04-202604/nvhpc/26.5/Linux_x86_64/26.5/comm_libs/13.2/hpcx/hpcx-2.50/ucc/lib/libucc.so.1(ucc_context_progress+0x47)[0x14a29c80fd27]
[bnode022:2557515] [16] /system/apps/ubuntu/22.04-202604/nvhpc/26.5/Linux_x86_64/26.5/comm_libs/13.2/hpcx/hpcx-2.50/ompi5/lib/openmpi/mca_coll_ucc.so(+0x2a87)[0x14a29cc02a87]
[bnode022:2557515] [17] /system/apps/ubuntu/22.04-202604/nvhpc/26.5/Linux_x86_64/26.5/comm_libs/13.2/hpcx/hpcx-2.50/ompi5/lib/libopen-pal.so.80(opal_progress+0x2c)[0x14a42be2339c]
[bnode022:2557515] [18] /system/apps/ubuntu/22.04-202604/nvhpc/26.5/Linux_x86_64/26.5/comm_libs/13.2/hpcx/hpcx-2.50/ompi5/lib/openmpi/mca_coll_ucc.so(mca_coll_ucc_allreduce+0x10e)[0x14a29cc084be]
[bnode022:2557515] [19] /system/apps/ubuntu/22.04-202604/nvhpc/26.5/Linux_x86_64/26.5/comm_libs/13.2/hpcx/latest/ompi/lib/libmpi.so.40(PMPI_Allreduce+0x70)[0x14a47189e240]
[bnode022:2557515] [20] ../openmx[0x61981d]
[bnode022:2557515] [21] ../openmx[0x600a79]
[bnode022:2557515] [22] ../openmx[0x4bebbd]
[bnode022:2557515] [23] ../openmx[0x4114b4]
[bnode022:2557515] [24] /lib/x86_64-linux-gnu/libc.so.6(+0x29d90)[0x14a42c200d90]
[bnode022:2557515] [25] /lib/x86_64-linux-gnu/libc.so.6(__libc_start_main+0x80)[0x14a42c200e40]
[bnode022:2557515] [26] ../openmx[0x410065]
[bnode022:2557515] *** End of error message ***
[bnode022:2557528:0:2557528]      cma_ep.c:88   process_vm_readv(pid=2557529 {0x1549f7fca020,524288}-->{0x146c4fd57010,524288}) returned -1: No such process
[bnode022:2557528] *** Process received signal ***
[bnode022:2557528] Signal: Aborted (6)
[bnode022:2557528] Signal code:  (-6)
[bnode022:2557528] [ 0] /lib/x86_64-linux-gnu/libc.so.6(+0x42520)[0x154e6ea19520]
[bnode022:2557528] [ 1] /lib/x86_64-linux-gnu/libc.so.6(pthread_kill+0x12c)[0x154e6ea6d9fc]
[bnode022:2557528] [ 2] /lib/x86_64-linux-gnu/libc.so.6(raise+0x16)[0x154e6ea19476]
[bnode022:2557528] [ 3] /lib/x86_64-linux-gnu/libc.so.6(abort+0xd3)[0x154e6e9ff7f3]
[bnode022:2557528] [ 4] /system/apps/ubuntu/22.04-202604/nvhpc/26.5/Linux_x86_64/26.5/comm_libs/13.2/hpcx/hpcx-2.50/ucx/mt/lib/libucs.so.0(+0x62db5)[0x154eb48c7db5]
[bnode022:2557528] [ 5] /system/apps/ubuntu/22.04-202604/nvhpc/26.5/Linux_x86_64/26.5/comm_libs/13.2/hpcx/hpcx-2.50/ucx/mt/lib/libucs.so.0(ucs_log_default_handler+0xf2e)[0x154eb48cdb9e]
[bnode022:2557528] [ 6] /system/apps/ubuntu/22.04-202604/nvhpc/26.5/Linux_x86_64/26.5/comm_libs/13.2/hpcx/hpcx-2.50/ucx/mt/lib/libucs.so.0(ucs_log_dispatch+0xcc)[0x154eb48cdf3c]
[bnode022:2557528] [ 7] /system/apps/ubuntu/22.04-202604/nvhpc/26.5/Linux_x86_64/26.5/comm_libs/13.2/hpcx/hpcx-2.50/ucx/mt/lib/ucx/libuct_cma.so.0(+0x3a43)[0x154eb4541a43]
[bnode022:2557528] [ 8] /system/apps/ubuntu/22.04-202604/nvhpc/26.5/Linux_x86_64/26.5/comm_libs/13.2/hpcx/hpcx-2.50/ucx/mt/lib/ucx/libuct_cma.so.0(uct_cma_ep_tx+0x168)[0x154eb4541bf8]
[bnode022:2557528] [ 9] /system/apps/ubuntu/22.04-202604/nvhpc/26.5/Linux_x86_64/26.5/comm_libs/13.2/hpcx/hpcx-2.50/ucx/mt/lib/libuct.so.0(uct_scopy_ep_progress_tx+0x55)[0x154eb4ccb3d5]
[bnode022:2557528] [10] /system/apps/ubuntu/22.04-202604/nvhpc/26.5/Linux_x86_64/26.5/comm_libs/13.2/hpcx/hpcx-2.50/ucx/mt/lib/libucs.so.0(ucs_arbiter_dispatch_nonempty+0xa3)[0x154eb48b9653]
[bnode022:2557528] [11] /system/apps/ubuntu/22.04-202604/nvhpc/26.5/Linux_x86_64/26.5/comm_libs/13.2/hpcx/hpcx-2.50/ucx/mt/lib/libuct.so.0(uct_scopy_iface_progress+0x59)[0x154eb4ccaf49]
[bnode022:2557528] [12] /system/apps/ubuntu/22.04-202604/nvhpc/26.5/Linux_x86_64/26.5/comm_libs/13.2/hpcx/hpcx-2.50/ucx/mt/lib/libucp.so.0(ucp_worker_progress+0x6a)[0x154eb4d48d9a]
[bnode022:2557528] [13] /system/apps/ubuntu/22.04-202604/nvhpc/26.5/Linux_x86_64/26.5/comm_libs/13.2/hpcx/hpcx-2.50/ucc/lib/ucc/libucc_tl_ucp.so(ucc_tl_ucp_reduce_scatter_knomial_progress+0x234)[0x154ac4244844]
[bnode022:2557528] [14] /system/apps/ubuntu/22.04-202604/nvhpc/26.5/Linux_x86_64/26.5/comm_libs/13.2/hpcx/hpcx-2.50/ucc/lib/libucc.so.1(+0x154eb)[0x154ad6a154eb]
[bnode022:2557528] [15] /system/apps/ubuntu/22.04-202604/nvhpc/26.5/Linux_x86_64/26.5/comm_libs/13.2/hpcx/hpcx-2.50/ucc/lib/libucc.so.1(ucc_context_progress+0x47)[0x154ad6a0fd27]
[bnode022:2557528] [16] /system/apps/ubuntu/22.04-202604/nvhpc/26.5/Linux_x86_64/26.5/comm_libs/13.2/hpcx/hpcx-2.50/ompi5/lib/openmpi/mca_coll_ucc.so(+0x2a87)[0x154ce0402a87]
[bnode022:2557528] [17] /system/apps/ubuntu/22.04-202604/nvhpc/26.5/Linux_x86_64/26.5/comm_libs/13.2/hpcx/hpcx-2.50/ompi5/lib/libopen-pal.so.80(opal_progress+0x2c)[0x154e6e62339c]
[bnode022:2557528] [18] /system/apps/ubuntu/22.04-202604/nvhpc/26.5/Linux_x86_64/26.5/comm_libs/13.2/hpcx/hpcx-2.50/ompi5/lib/openmpi/mca_coll_ucc.so(mca_coll_ucc_allreduce+0x10e)[0x154ce04084be]
[bnode022:2557528] [19] /system/apps/ubuntu/22.04-202604/nvhpc/26.5/Linux_x86_64/26.5/comm_libs/13.2/hpcx/latest/ompi/lib/libmpi.so.40(PMPI_Allreduce+0x70)[0x154eb409e240]
[bnode022:2557528] [20] ../openmx[0x61981d]
[bnode022:2557528] [21] ../openmx[0x600a79]
[bnode022:2557528] [22] ../openmx[0x4bebbd]
[bnode022:2557528] [23] ../openmx[0x4114b4]
[bnode022:2557528] [24] /lib/x86_64-linux-gnu/libc.so.6(+0x29d90)[0x154e6ea00d90]
[bnode022:2557528] [25] /lib/x86_64-linux-gnu/libc.so.6(__libc_start_main+0x80)[0x154e6ea00e40]
[bnode022:2557528] [26] ../openmx[0x410065]
[bnode022:2557528] *** End of error message ***
[bnode022:2557509:0:2557509]      cma_ep.c:88   process_vm_readv(pid=2557505 {0x14a3464a8020,524288}-->{0x14edb19fa810,524288}) returned -1: No such process
[bnode022:2557509] *** Process received signal ***
[bnode022:2557509] Signal: Aborted (6)
[bnode022:2557509] Signal code:  (-6)
[bnode022:2557509] [ 0] /lib/x86_64-linux-gnu/libc.so.6(+0x42520)[0x14a7b7619520]
[bnode022:2557509] [ 1] /lib/x86_64-linux-gnu/libc.so.6(pthread_kill+0x12c)[0x14a7b766d9fc]
[bnode022:2557509] [ 2] /lib/x86_64-linux-gnu/libc.so.6(raise+0x16)[0x14a7b7619476]
[bnode022:2557509] [ 3] /lib/x86_64-linux-gnu/libc.so.6(abort+0xd3)[0x14a7b75ff7f3]
[bnode022:2557509] [ 4] /system/apps/ubuntu/22.04-202604/nvhpc/26.5/Linux_x86_64/26.5/comm_libs/13.2/hpcx/hpcx-2.50/ucx/mt/lib/libucs.so.0(+0x62db5)[0x14a7ba6c7db5]
[bnode022:2557509] [ 5] /system/apps/ubuntu/22.04-202604/nvhpc/26.5/Linux_x86_64/26.5/comm_libs/13.2/hpcx/hpcx-2.50/ucx/mt/lib/libucs.so.0(ucs_log_default_handler+0xf2e)[0x14a7ba6cdb9e]
[bnode022:2557509] [ 6] /system/apps/ubuntu/22.04-202604/nvhpc/26.5/Linux_x86_64/26.5/comm_libs/13.2/hpcx/hpcx-2.50/ucx/mt/lib/libucs.so.0(ucs_log_dispatch+0xcc)[0x14a7ba6cdf3c]
[bnode022:2557509] [ 7] /system/apps/ubuntu/22.04-202604/nvhpc/26.5/Linux_x86_64/26.5/comm_libs/13.2/hpcx/hpcx-2.50/ucx/mt/lib/ucx/libuct_cma.so.0(+0x3a43)[0x14a7fd80ba43]
[bnode022:2557509] [ 8] /system/apps/ubuntu/22.04-202604/nvhpc/26.5/Linux_x86_64/26.5/comm_libs/13.2/hpcx/hpcx-2.50/ucx/mt/lib/ucx/libuct_cma.so.0(uct_cma_ep_tx+0x168)[0x14a7fd80bbf8]
[bnode022:2557509] [ 9] /system/apps/ubuntu/22.04-202604/nvhpc/26.5/Linux_x86_64/26.5/comm_libs/13.2/hpcx/hpcx-2.50/ucx/mt/lib/libuct.so.0(uct_scopy_ep_progress_tx+0x55)[0x14a7fdc583d5]
[bnode022:2557509] [10] /system/apps/ubuntu/22.04-202604/nvhpc/26.5/Linux_x86_64/26.5/comm_libs/13.2/hpcx/hpcx-2.50/ucx/mt/lib/libucs.so.0(ucs_arbiter_dispatch_nonempty+0xa3)[0x14a7ba6b9653]
[bnode022:2557509] [11] /system/apps/ubuntu/22.04-202604/nvhpc/26.5/Linux_x86_64/26.5/comm_libs/13.2/hpcx/hpcx-2.50/ucx/mt/lib/libuct.so.0(uct_scopy_iface_progress+0x59)[0x14a7fdc57f49]
[bnode022:2557509] [12] /system/apps/ubuntu/22.04-202604/nvhpc/26.5/Linux_x86_64/26.5/comm_libs/13.2/hpcx/hpcx-2.50/ucx/mt/lib/libucp.so.0(ucp_worker_progress+0x6a)[0x14a7fd548d9a]
[bnode022:2557509] [13] /system/apps/ubuntu/22.04-202604/nvhpc/26.5/Linux_x86_64/26.5/comm_libs/13.2/hpcx/hpcx-2.50/ucc/lib/ucc/libucc_tl_ucp.so(ucc_tl_ucp_reduce_scatter_knomial_progress+0x234)[0x14a40d044844]
[bnode022:2557509] [14] /system/apps/ubuntu/22.04-202604/nvhpc/26.5/Linux_x86_64/26.5/comm_libs/13.2/hpcx/hpcx-2.50/ucc/lib/libucc.so.1(+0x154eb)[0x14a41f8154eb]
[bnode022:2557509] [15] /system/apps/ubuntu/22.04-202604/nvhpc/26.5/Linux_x86_64/26.5/comm_libs/13.2/hpcx/hpcx-2.50/ucc/lib/libucc.so.1(ucc_context_progress+0x47)[0x14a41f80fd27]
[bnode022:2557509] [16] /system/apps/ubuntu/22.04-202604/nvhpc/26.5/Linux_x86_64/26.5/comm_libs/13.2/hpcx/hpcx-2.50/ompi5/lib/openmpi/mca_coll_ucc.so(+0x2a87)[0x14a41fc02a87]
[bnode022:2557509] [17] /system/apps/ubuntu/22.04-202604/nvhpc/26.5/Linux_x86_64/26.5/comm_libs/13.2/hpcx/hpcx-2.50/ompi5/lib/libopen-pal.so.80(opal_progress+0x2c)[0x14a7b722339c]
[bnode022:2557509] [18] /system/apps/ubuntu/22.04-202604/nvhpc/26.5/Linux_x86_64/26.5/comm_libs/13.2/hpcx/hpcx-2.50/ompi5/lib/openmpi/mca_coll_ucc.so(mca_coll_ucc_allreduce+0x10e)[0x14a41fc084be]
[bnode022:2557509] [19] /system/apps/ubuntu/22.04-202604/nvhpc/26.5/Linux_x86_64/26.5/comm_libs/13.2/hpcx/latest/ompi/lib/libmpi.so.40(PMPI_Allreduce+0x70)[0x14a7fcc9e240]
[bnode022:2557509] [20] ../openmx[0x61981d]
[bnode022:2557509] [21] ../openmx[0x600a79]
[bnode022:2557509] [22] ../openmx[0x4bebbd]
[bnode022:2557509] [23] ../openmx[0x4114b4]
[bnode022:2557509] [24] /lib/x86_64-linux-gnu/libc.so.6(+0x29d90)[0x14a7b7600d90]
[bnode022:2557509] [25] /lib/x86_64-linux-gnu/libc.so.6(__libc_start_main+0x80)[0x14a7b7600e40]
[bnode022:2557509] [26] ../openmx[0x410065]
[bnode022:2557509] *** End of error message ***
[bnode022:2557508:0:2557508]      cma_ep.c:88   process_vm_readv(pid=2557505 {0x15088400b820,524288}-->{0x14edafcc3010,524288}) returned -1: No such process
[bnode022:2557508] *** Process received signal ***
[bnode022:2557508] Signal: Aborted (6)
[bnode022:2557508] Signal code:  (-6)
[bnode022:2557508] [ 0] /lib/x86_64-linux-gnu/libc.so.6(+0x42520)[0x150d12c19520]
[bnode022:2557508] [ 1] /lib/x86_64-linux-gnu/libc.so.6(pthread_kill+0x12c)[0x150d12c6d9fc]
[bnode022:2557508] [ 2] /lib/x86_64-linux-gnu/libc.so.6(raise+0x16)[0x150d12c19476]
[bnode022:2557508] [ 3] /lib/x86_64-linux-gnu/libc.so.6(abort+0xd3)[0x150d12bff7f3]
[bnode022:2557508] [ 4] /system/apps/ubuntu/22.04-202604/nvhpc/26.5/Linux_x86_64/26.5/comm_libs/13.2/hpcx/hpcx-2.50/ucx/mt/lib/libucs.so.0(+0x62db5)[0x150d58ac7db5]
[bnode022:2557508] [ 5] /system/apps/ubuntu/22.04-202604/nvhpc/26.5/Linux_x86_64/26.5/comm_libs/13.2/hpcx/hpcx-2.50/ucx/mt/lib/libucs.so.0(ucs_log_default_handler+0xf2e)[0x150d58acdb9e]
[bnode022:2557508] [ 6] /system/apps/ubuntu/22.04-202604/nvhpc/26.5/Linux_x86_64/26.5/comm_libs/13.2/hpcx/hpcx-2.50/ucx/mt/lib/libucs.so.0(ucs_log_dispatch+0xcc)[0x150d58acdf3c]
[bnode022:2557508] [ 7] /system/apps/ubuntu/22.04-202604/nvhpc/26.5/Linux_x86_64/26.5/comm_libs/13.2/hpcx/hpcx-2.50/ucx/mt/lib/ucx/libuct_cma.so.0(+0x3a43)[0x150d52108a43]
[bnode022:2557508] [ 8] /system/apps/ubuntu/22.04-202604/nvhpc/26.5/Linux_x86_64/26.5/comm_libs/13.2/hpcx/hpcx-2.50/ucx/mt/lib/ucx/libuct_cma.so.0(uct_cma_ep_tx+0x168)[0x150d52108bf8]
[bnode022:2557508] [ 9] /system/apps/ubuntu/22.04-202604/nvhpc/26.5/Linux_x86_64/26.5/comm_libs/13.2/hpcx/hpcx-2.50/ucx/mt/lib/libuct.so.0(uct_scopy_ep_progress_tx+0x55)[0x150d592683d5]
[bnode022:2557508] [10] /system/apps/ubuntu/22.04-202604/nvhpc/26.5/Linux_x86_64/26.5/comm_libs/13.2/hpcx/hpcx-2.50/ucx/mt/lib/libucs.so.0(ucs_arbiter_dispatch_nonempty+0xa3)[0x150d58ab9653]
[bnode022:2557508] [11] /system/apps/ubuntu/22.04-202604/nvhpc/26.5/Linux_x86_64/26.5/comm_libs/13.2/hpcx/hpcx-2.50/ucx/mt/lib/libuct.so.0(uct_scopy_iface_progress+0x59)[0x150d59267f49]
[bnode022:2557508] [12] /system/apps/ubuntu/22.04-202604/nvhpc/26.5/Linux_x86_64/26.5/comm_libs/13.2/hpcx/hpcx-2.50/ucx/mt/lib/libucp.so.0(ucp_worker_progress+0x6a)[0x150d58f48d9a]
[bnode022:2557508] [13] /system/apps/ubuntu/22.04-202604/nvhpc/26.5/Linux_x86_64/26.5/comm_libs/13.2/hpcx/hpcx-2.50/ucc/lib/ucc/libucc_tl_ucp.so(ucc_tl_ucp_reduce_scatter_knomial_progress+0x234)[0x150968644844]
[bnode022:2557508] [14] /system/apps/ubuntu/22.04-202604/nvhpc/26.5/Linux_x86_64/26.5/comm_libs/13.2/hpcx/hpcx-2.50/ucc/lib/libucc.so.1(+0x154eb)[0x150b842154eb]
[bnode022:2557508] [15] /system/apps/ubuntu/22.04-202604/nvhpc/26.5/Linux_x86_64/26.5/comm_libs/13.2/hpcx/hpcx-2.50/ucc/lib/libucc.so.1(ucc_context_progress+0x47)[0x150b8420fd27]
[bnode022:2557508] [16] /system/apps/ubuntu/22.04-202604/nvhpc/26.5/Linux_x86_64/26.5/comm_libs/13.2/hpcx/hpcx-2.50/ompi5/lib/openmpi/mca_coll_ucc.so(mca_coll_ucc_allreduce+0x109)[0x150b846084b9]
[bnode022:2557508] [17] /system/apps/ubuntu/22.04-202604/nvhpc/26.5/Linux_x86_64/26.5/comm_libs/13.2/hpcx/latest/ompi/lib/libmpi.so.40(PMPI_Allreduce+0x70)[0x150d5829e240]
[bnode022:2557508] [18] ../openmx[0x61981d]
[bnode022:2557508] [19] ../openmx[0x600a79]
[bnode022:2557508] [20] ../openmx[0x4bebbd]
[bnode022:2557508] [21] ../openmx[0x4114b4]
[bnode022:2557508] [22] /lib/x86_64-linux-gnu/libc.so.6(+0x29d90)[0x150d12c00d90]
[bnode022:2557508] [23] /lib/x86_64-linux-gnu/libc.so.6(__libc_start_main+0x80)[0x150d12c00e40]
[bnode022:2557508] [24] ../openmx[0x410065]
[bnode022:2557508] *** End of error message ***
[bnode022:2557532:0:2557532]      cma_ep.c:88   process_vm_readv(pid=2557529 {0x14b226f54020,524288}-->{0x146c53446010,524288}) returned -1: No such process
[bnode022:2557532] *** Process received signal ***
[bnode022:2557532] Signal: Aborted (6)
[bnode022:2557532] Signal code:  (-6)
[bnode022:2557532] [ 0] /lib/x86_64-linux-gnu/libc.so.6(+0x42520)[0x14b6b7419520]
[bnode022:2557532] [ 1] /lib/x86_64-linux-gnu/libc.so.6(pthread_kill+0x12c)[0x14b6b746d9fc]
[bnode022:2557532] [ 2] /lib/x86_64-linux-gnu/libc.so.6(raise+0x16)[0x14b6b7419476]
[bnode022:2557532] [ 3] /lib/x86_64-linux-gnu/libc.so.6(abort+0xd3)[0x14b6b73ff7f3]
[bnode022:2557532] [ 4] /system/apps/ubuntu/22.04-202604/nvhpc/26.5/Linux_x86_64/26.5/comm_libs/13.2/hpcx/hpcx-2.50/ucx/mt/lib/libucs.so.0(+0x62db5)[0x14b6ba4c7db5]
[bnode022:2557532] [ 5] /system/apps/ubuntu/22.04-202604/nvhpc/26.5/Linux_x86_64/26.5/comm_libs/13.2/hpcx/hpcx-2.50/ucx/mt/lib/libucs.so.0(ucs_log_default_handler+0xf2e)[0x14b6ba4cdb9e]
[bnode022:2557532] [ 6] /system/apps/ubuntu/22.04-202604/nvhpc/26.5/Linux_x86_64/26.5/comm_libs/13.2/hpcx/hpcx-2.50/ucx/mt/lib/libucs.so.0(ucs_log_dispatch+0xcc)[0x14b6ba4cdf3c]
[bnode022:2557532] [ 7] /system/apps/ubuntu/22.04-202604/nvhpc/26.5/Linux_x86_64/26.5/comm_libs/13.2/hpcx/hpcx-2.50/ucx/mt/lib/ucx/libuct_cma.so.0(+0x3a43)[0x14b6fcf58a43]
[bnode022:2557532] [ 8] /system/apps/ubuntu/22.04-202604/nvhpc/26.5/Linux_x86_64/26.5/comm_libs/13.2/hpcx/hpcx-2.50/ucx/mt/lib/ucx/libuct_cma.so.0(uct_cma_ep_tx+0x168)[0x14b6fcf58bf8]
[bnode022:2557532] [ 9] /system/apps/ubuntu/22.04-202604/nvhpc/26.5/Linux_x86_64/26.5/comm_libs/13.2/hpcx/hpcx-2.50/ucx/mt/lib/libuct.so.0(uct_scopy_ep_progress_tx+0x55)[0x14b6fd6c93d5]
[bnode022:2557532] [10] /system/apps/ubuntu/22.04-202604/nvhpc/26.5/Linux_x86_64/26.5/comm_libs/13.2/hpcx/hpcx-2.50/ucx/mt/lib/libucs.so.0(ucs_arbiter_dispatch_nonempty+0xa3)[0x14b6ba4b9653]
[bnode022:2557532] [11] /system/apps/ubuntu/22.04-202604/nvhpc/26.5/Linux_x86_64/26.5/comm_libs/13.2/hpcx/hpcx-2.50/ucx/mt/lib/libuct.so.0(uct_scopy_iface_progress+0x59)[0x14b6fd6c8f49]
[bnode022:2557532] [12] /system/apps/ubuntu/22.04-202604/nvhpc/26.5/Linux_x86_64/26.5/comm_libs/13.2/hpcx/hpcx-2.50/ucx/mt/lib/libucp.so.0(ucp_worker_progress+0x6a)[0x14b6fd348d9a]
[bnode022:2557532] [13] /system/apps/ubuntu/22.04-202604/nvhpc/26.5/Linux_x86_64/26.5/comm_libs/13.2/hpcx/hpcx-2.50/ucc/lib/ucc/libucc_tl_ucp.so(ucc_tl_ucp_reduce_scatter_knomial_progress+0x234)[0x14b30d044844]
[bnode022:2557532] [14] /system/apps/ubuntu/22.04-202604/nvhpc/26.5/Linux_x86_64/26.5/comm_libs/13.2/hpcx/hpcx-2.50/ucc/lib/libucc.so.1(+0x154eb)[0x14b31f8154eb]
[bnode022:2557532] [15] /system/apps/ubuntu/22.04-202604/nvhpc/26.5/Linux_x86_64/26.5/comm_libs/13.2/hpcx/hpcx-2.50/ucc/lib/libucc.so.1(ucc_context_progress+0x47)[0x14b31f80fd27]
[bnode022:2557532] [16] /system/apps/ubuntu/22.04-202604/nvhpc/26.5/Linux_x86_64/26.5/comm_libs/13.2/hpcx/hpcx-2.50/ompi5/lib/openmpi/mca_coll_ucc.so(mca_coll_ucc_allreduce+0x109)[0x14b31fc084b9]
[bnode022:2557532] [17] /system/apps/ubuntu/22.04-202604/nvhpc/26.5/Linux_x86_64/26.5/comm_libs/13.2/hpcx/latest/ompi/lib/libmpi.so.40(PMPI_Allreduce+0x70)[0x14b6fca9e240]
[bnode022:2557532] [18] ../openmx[0x61981d]
[bnode022:2557532] [19] ../openmx[0x600a79]
[bnode022:2557532] [20] ../openmx[0x4bebbd]
[bnode022:2557532] [21] ../openmx[0x4114b4]
[bnode022:2557532] [22] /lib/x86_64-linux-gnu/libc.so.6(+0x29d90)[0x14b6b7400d90]
[bnode022:2557532] [23] /lib/x86_64-linux-gnu/libc.so.6(__libc_start_main+0x80)[0x14b6b7400e40]
[bnode022:2557532] [24] ../openmx[0x410065]
[bnode022:2557532] *** End of error message ***
[bnode022:2557511:0:2557511]      cma_ep.c:88   process_vm_readv(pid=2557505 {0x152d2ba4e820,524288}-->{0x14edb6fa1010,524288}) returned -1: No such process
[bnode022:2557511] *** Process received signal ***
[bnode022:2557511] Signal: Aborted (6)
[bnode022:2557511] Signal code:  (-6)
[bnode022:2557511] [ 0] /lib/x86_64-linux-gnu/libc.so.6(+0x42520)[0x153198419520]
[bnode022:2557511] [ 1] /lib/x86_64-linux-gnu/libc.so.6(pthread_kill+0x12c)[0x15319846d9fc]
[bnode022:2557511] [ 2] /lib/x86_64-linux-gnu/libc.so.6(raise+0x16)[0x153198419476]
[bnode022:2557511] [ 3] /lib/x86_64-linux-gnu/libc.so.6(abort+0xd3)[0x1531983ff7f3]
[bnode022:2557511] [ 4] /system/apps/ubuntu/22.04-202604/nvhpc/26.5/Linux_x86_64/26.5/comm_libs/13.2/hpcx/hpcx-2.50/ucx/mt/lib/libucs.so.0(+0x62db5)[0x15319b4c7db5]
[bnode022:2557511] [ 5] /system/apps/ubuntu/22.04-202604/nvhpc/26.5/Linux_x86_64/26.5/comm_libs/13.2/hpcx/hpcx-2.50/ucx/mt/lib/libucs.so.0(ucs_log_default_handler+0xf2e)[0x15319b4cdb9e]
[bnode022:2557511] [ 6] /system/apps/ubuntu/22.04-202604/nvhpc/26.5/Linux_x86_64/26.5/comm_libs/13.2/hpcx/hpcx-2.50/ucx/mt/lib/libucs.so.0(ucs_log_dispatch+0xcc)[0x15319b4cdf3c]
[bnode022:2557511] [ 7] /system/apps/ubuntu/22.04-202604/nvhpc/26.5/Linux_x86_64/26.5/comm_libs/13.2/hpcx/hpcx-2.50/ucx/mt/lib/ucx/libuct_cma.so.0(+0x3a43)[0x1531de2a1a43]
[bnode022:2557511] [ 8] /system/apps/ubuntu/22.04-202604/nvhpc/26.5/Linux_x86_64/26.5/comm_libs/13.2/hpcx/hpcx-2.50/ucx/mt/lib/ucx/libuct_cma.so.0(uct_cma_ep_tx+0x168)[0x1531de2a1bf8]
[bnode022:2557511] [ 9] /system/apps/ubuntu/22.04-202604/nvhpc/26.5/Linux_x86_64/26.5/comm_libs/13.2/hpcx/hpcx-2.50/ucx/mt/lib/libuct.so.0(uct_scopy_ep_progress_tx+0x55)[0x1531dea6f3d5]
[bnode022:2557511] [10] /system/apps/ubuntu/22.04-202604/nvhpc/26.5/Linux_x86_64/26.5/comm_libs/13.2/hpcx/hpcx-2.50/ucx/mt/lib/libucs.so.0(ucs_arbiter_dispatch_nonempty+0xa3)[0x15319b4b9653]
[bnode022:2557511] [11] /system/apps/ubuntu/22.04-202604/nvhpc/26.5/Linux_x86_64/26.5/comm_libs/13.2/hpcx/hpcx-2.50/ucx/mt/lib/libuct.so.0(uct_scopy_iface_progress+0x59)[0x1531dea6ef49]
[bnode022:2557511] [12] /system/apps/ubuntu/22.04-202604/nvhpc/26.5/Linux_x86_64/26.5/comm_libs/13.2/hpcx/hpcx-2.50/ucx/mt/lib/libucp.so.0(ucp_worker_progress+0x6a)[0x1531de348d9a]
[bnode022:2557511] [13] /system/apps/ubuntu/22.04-202604/nvhpc/26.5/Linux_x86_64/26.5/comm_libs/13.2/hpcx/hpcx-2.50/ucc/lib/ucc/libucc_tl_ucp.so(ucc_tl_ucp_reduce_scatter_knomial_progress+0x234)[0x152dedc44844]
[bnode022:2557511] [14] /system/apps/ubuntu/22.04-202604/nvhpc/26.5/Linux_x86_64/26.5/comm_libs/13.2/hpcx/hpcx-2.50/ucc/lib/libucc.so.1(+0x154eb)[0x1530088154eb]
[bnode022:2557511] [15] /system/apps/ubuntu/22.04-202604/nvhpc/26.5/Linux_x86_64/26.5/comm_libs/13.2/hpcx/hpcx-2.50/ucc/lib/libucc.so.1(ucc_context_progress+0x47)[0x15300880fd27]
[bnode022:2557511] [16] /system/apps/ubuntu/22.04-202604/nvhpc/26.5/Linux_x86_64/26.5/comm_libs/13.2/hpcx/hpcx-2.50/ompi5/lib/openmpi/mca_coll_ucc.so(mca_coll_ucc_allreduce+0x109)[0x153008c084b9]
[bnode022:2557511] [17] /system/apps/ubuntu/22.04-202604/nvhpc/26.5/Linux_x86_64/26.5/comm_libs/13.2/hpcx/latest/ompi/lib/libmpi.so.40(PMPI_Allreduce+0x70)[0x1531dda9e240]
[bnode022:2557511] [18] ../openmx[0x61981d]
[bnode022:2557511] [19] ../openmx[0x600a79]
[bnode022:2557511] [20] ../openmx[0x4bebbd]
[bnode022:2557511] [21] ../openmx[0x4114b4]
[bnode022:2557511] [22] /lib/x86_64-linux-gnu/libc.so.6(+0x29d90)[0x153198400d90]
[bnode022:2557511] [23] /lib/x86_64-linux-gnu/libc.so.6(__libc_start_main+0x80)[0x153198400e40]
[bnode022:2557511] [24] ../openmx[0x410065]
[bnode022:2557511] *** End of error message ***
[bnode022:2557536:0:2557536]      cma_ep.c:88   process_vm_readv(pid=2557529 {0x14b1601b5820,524288}-->{0x146c5c35b810,524288}) returned -1: No such process
[bnode022:2557536] *** Process received signal ***
[bnode022:2557536] Signal: Aborted (6)
[bnode022:2557536] Signal code:  (-6)
[bnode022:2557536] [ 0] /lib/x86_64-linux-gnu/libc.so.6(+0x42520)[0x14b5caa19520]
[bnode022:2557536] [ 1] /lib/x86_64-linux-gnu/libc.so.6(pthread_kill+0x12c)[0x14b5caa6d9fc]
[bnode022:2557536] [ 2] /lib/x86_64-linux-gnu/libc.so.6(raise+0x16)[0x14b5caa19476]
[bnode022:2557536] [ 3] /lib/x86_64-linux-gnu/libc.so.6(abort+0xd3)[0x14b5ca9ff7f3]
[bnode022:2557536] [ 4] /system/apps/ubuntu/22.04-202604/nvhpc/26.5/Linux_x86_64/26.5/comm_libs/13.2/hpcx/hpcx-2.50/ucx/mt/lib/libucs.so.0(+0x62db5)[0x14b5cdac7db5]
[bnode022:2557536] [ 5] /system/apps/ubuntu/22.04-202604/nvhpc/26.5/Linux_x86_64/26.5/comm_libs/13.2/hpcx/hpcx-2.50/ucx/mt/lib/libucs.so.0(ucs_log_default_handler+0xf2e)[0x14b5cdacdb9e]
[bnode022:2557536] [ 6] /system/apps/ubuntu/22.04-202604/nvhpc/26.5/Linux_x86_64/26.5/comm_libs/13.2/hpcx/hpcx-2.50/ucx/mt/lib/libucs.so.0(ucs_log_dispatch+0xcc)[0x14b5cdacdf3c]
[bnode022:2557536] [ 7] /system/apps/ubuntu/22.04-202604/nvhpc/26.5/Linux_x86_64/26.5/comm_libs/13.2/hpcx/hpcx-2.50/ucx/mt/lib/ucx/libuct_cma.so.0(+0x3a43)[0x14b610869a43]
[bnode022:2557536] [ 8] /system/apps/ubuntu/22.04-202604/nvhpc/26.5/Linux_x86_64/26.5/comm_libs/13.2/hpcx/hpcx-2.50/ucx/mt/lib/ucx/libuct_cma.so.0(uct_cma_ep_tx+0x168)[0x14b610869bf8]
[bnode022:2557536] [ 9] /system/apps/ubuntu/22.04-202604/nvhpc/26.5/Linux_x86_64/26.5/comm_libs/13.2/hpcx/hpcx-2.50/ucx/mt/lib/libuct.so.0(uct_scopy_ep_progress_tx+0x55)[0x14b610cc93d5]
[bnode022:2557536] [10] /system/apps/ubuntu/22.04-202604/nvhpc/26.5/Linux_x86_64/26.5/comm_libs/13.2/hpcx/hpcx-2.50/ucx/mt/lib/libucs.so.0(ucs_arbiter_dispatch_nonempty+0xa3)[0x14b5cdab9653]
[bnode022:2557536] [11] /system/apps/ubuntu/22.04-202604/nvhpc/26.5/Linux_x86_64/26.5/comm_libs/13.2/hpcx/hpcx-2.50/ucx/mt/lib/libuct.so.0(uct_scopy_iface_progress+0x59)[0x14b610cc8f49]
[bnode022:2557536] [12] /system/apps/ubuntu/22.04-202604/nvhpc/26.5/Linux_x86_64/26.5/comm_libs/13.2/hpcx/hpcx-2.50/ucx/mt/lib/libucp.so.0(ucp_worker_progress+0x6a)[0x14b610948d9a]
[bnode022:2557536] [13] /system/apps/ubuntu/22.04-202604/nvhpc/26.5/Linux_x86_64/26.5/comm_libs/13.2/hpcx/hpcx-2.50/ucc/lib/ucc/libucc_tl_ucp.so(ucc_tl_ucp_reduce_scatter_knomial_progress+0x234)[0x14b220244844]
[bnode022:2557536] [14] /system/apps/ubuntu/22.04-202604/nvhpc/26.5/Linux_x86_64/26.5/comm_libs/13.2/hpcx/hpcx-2.50/ucc/lib/libucc.so.1(+0x154eb)[0x14b232a154eb]
[bnode022:2557536] [15] /system/apps/ubuntu/22.04-202604/nvhpc/26.5/Linux_x86_64/26.5/comm_libs/13.2/hpcx/hpcx-2.50/ucc/lib/libucc.so.1(ucc_context_progress+0x47)[0x14b232a0fd27]
[bnode022:2557536] [16] /system/apps/ubuntu/22.04-202604/nvhpc/26.5/Linux_x86_64/26.5/comm_libs/13.2/hpcx/hpcx-2.50/ompi5/lib/openmpi/mca_coll_ucc.so(mca_coll_ucc_allreduce+0x109)[0x14b43c4084b9]
[bnode022:2557536] [17] /system/apps/ubuntu/22.04-202604/nvhpc/26.5/Linux_x86_64/26.5/comm_libs/13.2/hpcx/latest/ompi/lib/libmpi.so.40(PMPI_Allreduce+0x70)[0x14b61009e240]
[bnode022:2557536] [18] ../openmx[0x61981d]
[bnode022:2557536] [19] ../openmx[0x600a79]
[bnode022:2557536] [20] ../openmx[0x4bebbd]
[bnode022:2557536] [21] ../openmx[0x4114b4]
[bnode022:2557536] [22] /lib/x86_64-linux-gnu/libc.so.6(+0x29d90)[0x14b5caa00d90]
[bnode022:2557536] [23] /lib/x86_64-linux-gnu/libc.so.6(__libc_start_main+0x80)[0x14b5caa00e40]
[bnode022:2557536] [24] ../openmx[0x410065]
[bnode022:2557536] *** End of error message ***
[bnode022:2557533:0:2557533]      cma_ep.c:88   process_vm_readv(pid=2557529 {0x14bf30bbe820,524288}-->{0x146c5517d810,524288}) returned -1: No such process
[bnode022:2557533] *** Process received signal ***
[bnode022:2557533] Signal: Aborted (6)
[bnode022:2557533] Signal code:  (-6)
[bnode022:2557533] [ 0] /lib/x86_64-linux-gnu/libc.so.6(+0x42520)[0x14c3a1e19520]
[bnode022:2557533] [ 1] /lib/x86_64-linux-gnu/libc.so.6(pthread_kill+0x12c)[0x14c3a1e6d9fc]
[bnode022:2557533] [ 2] /lib/x86_64-linux-gnu/libc.so.6(raise+0x16)[0x14c3a1e19476]
[bnode022:2557533] [ 3] /lib/x86_64-linux-gnu/libc.so.6(abort+0xd3)[0x14c3a1dff7f3]
[bnode022:2557533] [ 4] /system/apps/ubuntu/22.04-202604/nvhpc/26.5/Linux_x86_64/26.5/comm_libs/13.2/hpcx/hpcx-2.50/ucx/mt/lib/libucs.so.0(+0x62db5)[0x14c3a4ec7db5]
[bnode022:2557533] [ 5] /system/apps/ubuntu/22.04-202604/nvhpc/26.5/Linux_x86_64/26.5/comm_libs/13.2/hpcx/hpcx-2.50/ucx/mt/lib/libucs.so.0(ucs_log_default_handler+0xf2e)[0x14c3a4ecdb9e]
[bnode022:2557533] [ 6] /system/apps/ubuntu/22.04-202604/nvhpc/26.5/Linux_x86_64/26.5/comm_libs/13.2/hpcx/hpcx-2.50/ucx/mt/lib/libucs.so.0(ucs_log_dispatch+0xcc)[0x14c3a4ecdf3c]
[bnode022:2557533] [ 7] /system/apps/ubuntu/22.04-202604/nvhpc/26.5/Linux_x86_64/26.5/comm_libs/13.2/hpcx/hpcx-2.50/ucx/mt/lib/ucx/libuct_cma.so.0(+0x3a43)[0x14c3e7cd9a43]
[bnode022:2557533] [ 8] /system/apps/ubuntu/22.04-202604/nvhpc/26.5/Linux_x86_64/26.5/comm_libs/13.2/hpcx/hpcx-2.50/ucx/mt/lib/ucx/libuct_cma.so.0(uct_cma_ep_tx+0x168)[0x14c3e7cd9bf8]
[bnode022:2557533] [ 9] /system/apps/ubuntu/22.04-202604/nvhpc/26.5/Linux_x86_64/26.5/comm_libs/13.2/hpcx/hpcx-2.50/ucx/mt/lib/libuct.so.0(uct_scopy_ep_progress_tx+0x55)[0x14c3e84a43d5]
[bnode022:2557533] [10] /system/apps/ubuntu/22.04-202604/nvhpc/26.5/Linux_x86_64/26.5/comm_libs/13.2/hpcx/hpcx-2.50/ucx/mt/lib/libucs.so.0(ucs_arbiter_dispatch_nonempty+0xa3)[0x14c3a4eb9653]
[bnode022:2557533] [11] /system/apps/ubuntu/22.04-202604/nvhpc/26.5/Linux_x86_64/26.5/comm_libs/13.2/hpcx/hpcx-2.50/ucx/mt/lib/libuct.so.0(uct_scopy_iface_progress+0x59)[0x14c3e84a3f49]
[bnode022:2557533] [12] /system/apps/ubuntu/22.04-202604/nvhpc/26.5/Linux_x86_64/26.5/comm_libs/13.2/hpcx/hpcx-2.50/ucx/mt/lib/libucp.so.0(ucp_worker_progress+0x6a)[0x14c3e7d48d9a]
[bnode022:2557533] [13] /system/apps/ubuntu/22.04-202604/nvhpc/26.5/Linux_x86_64/26.5/comm_libs/13.2/hpcx/hpcx-2.50/ucc/lib/ucc/libucc_tl_ucp.so(ucc_tl_ucp_reduce_scatter_knomial_progress+0x234)[0x14bff7a44844]
[bnode022:2557533] [14] /system/apps/ubuntu/22.04-202604/nvhpc/26.5/Linux_x86_64/26.5/comm_libs/13.2/hpcx/hpcx-2.50/ucc/lib/libucc.so.1(+0x154eb)[0x14c00a2154eb]
[bnode022:2557533] [15] /system/apps/ubuntu/22.04-202604/nvhpc/26.5/Linux_x86_64/26.5/comm_libs/13.2/hpcx/hpcx-2.50/ucc/lib/libucc.so.1(ucc_context_progress+0x47)[0x14c00a20fd27]
[bnode022:2557533] [16] /system/apps/ubuntu/22.04-202604/nvhpc/26.5/Linux_x86_64/26.5/comm_libs/13.2/hpcx/hpcx-2.50/ompi5/lib/openmpi/mca_coll_ucc.so(+0x2a87)[0x14c00a602a87]
[bnode022:2557533] [17] /system/apps/ubuntu/22.04-202604/nvhpc/26.5/Linux_x86_64/26.5/comm_libs/13.2/hpcx/hpcx-2.50/ompi5/lib/libopen-pal.so.80(opal_progress+0x2c)[0x14c3a1a2339c]
[bnode022:2557533] [18] /system/apps/ubuntu/22.04-202604/nvhpc/26.5/Linux_x86_64/26.5/comm_libs/13.2/hpcx/hpcx-2.50/ompi5/lib/openmpi/mca_coll_ucc.so(mca_coll_ucc_allreduce+0x10e)[0x14c00a6084be]
[bnode022:2557533] [19] /system/apps/ubuntu/22.04-202604/nvhpc/26.5/Linux_x86_64/26.5/comm_libs/13.2/hpcx/latest/ompi/lib/libmpi.so.40(PMPI_Allreduce+0x70)[0x14c3e749e240]
[bnode022:2557533] [20] ../openmx[0x61981d]
[bnode022:2557533] [21] ../openmx[0x600a79]
[bnode022:2557533] [22] ../openmx[0x4bebbd]
[bnode022:2557533] [23] ../openmx[0x4114b4]
[bnode022:2557533] [24] /lib/x86_64-linux-gnu/libc.so.6(+0x29d90)[0x14c3a1e00d90]
[bnode022:2557533] [25] /lib/x86_64-linux-gnu/libc.so.6(__libc_start_main+0x80)[0x14c3a1e00e40]
[bnode022:2557533] [26] ../openmx[0x410065]
[bnode022:2557533] *** End of error message ***
[bnode022:2557512:0:2557512]      cma_ep.c:88   process_vm_readv(pid=2557505 {0x14c30bd46820,524288}-->{0x14edb36b2010,524288}) returned -1: No such process
[bnode022:2557512] *** Process received signal ***
[bnode022:2557512] Signal: Aborted (6)
[bnode022:2557512] Signal code:  (-6)
[bnode022:2557512] [ 0] /lib/x86_64-linux-gnu/libc.so.6(+0x42520)[0x14c77a619520]
[bnode022:2557512] [ 1] /lib/x86_64-linux-gnu/libc.so.6(pthread_kill+0x12c)[0x14c77a66d9fc]
[bnode022:2557512] [ 2] /lib/x86_64-linux-gnu/libc.so.6(raise+0x16)[0x14c77a619476]
[bnode022:2557512] [ 3] /lib/x86_64-linux-gnu/libc.so.6(abort+0xd3)[0x14c77a5ff7f3]
[bnode022:2557512] [ 4] /system/apps/ubuntu/22.04-202604/nvhpc/26.5/Linux_x86_64/26.5/comm_libs/13.2/hpcx/hpcx-2.50/ucx/mt/lib/libucs.so.0(+0x62db5)[0x14c77d6c7db5]
[bnode022:2557512] [ 5] /system/apps/ubuntu/22.04-202604/nvhpc/26.5/Linux_x86_64/26.5/comm_libs/13.2/hpcx/hpcx-2.50/ucx/mt/lib/libucs.so.0(ucs_log_default_handler+0xf2e)[0x14c77d6cdb9e]
[bnode022:2557512] [ 6] /system/apps/ubuntu/22.04-202604/nvhpc/26.5/Linux_x86_64/26.5/comm_libs/13.2/hpcx/hpcx-2.50/ucx/mt/lib/libucs.so.0(ucs_log_dispatch+0xcc)[0x14c77d6cdf3c]
[bnode022:2557512] [ 7] /system/apps/ubuntu/22.04-202604/nvhpc/26.5/Linux_x86_64/26.5/comm_libs/13.2/hpcx/hpcx-2.50/ucx/mt/lib/ucx/libuct_cma.so.0(+0x3a43)[0x14c7c080ca43]
[bnode022:2557512] [ 8] /system/apps/ubuntu/22.04-202604/nvhpc/26.5/Linux_x86_64/26.5/comm_libs/13.2/hpcx/hpcx-2.50/ucx/mt/lib/ucx/libuct_cma.so.0(uct_cma_ep_tx+0x168)[0x14c7c080cbf8]
[bnode022:2557512] [ 9] /system/apps/ubuntu/22.04-202604/nvhpc/26.5/Linux_x86_64/26.5/comm_libs/13.2/hpcx/hpcx-2.50/ucx/mt/lib/libuct.so.0(uct_scopy_ep_progress_tx+0x55)[0x14c7c0c683d5]
[bnode022:2557512] [10] /system/apps/ubuntu/22.04-202604/nvhpc/26.5/Linux_x86_64/26.5/comm_libs/13.2/hpcx/hpcx-2.50/ucx/mt/lib/libucs.so.0(ucs_arbiter_dispatch_nonempty+0xa3)[0x14c77d6b9653]
[bnode022:2557512] [11] /system/apps/ubuntu/22.04-202604/nvhpc/26.5/Linux_x86_64/26.5/comm_libs/13.2/hpcx/hpcx-2.50/ucx/mt/lib/libuct.so.0(uct_scopy_iface_progress+0x59)[0x14c7c0c67f49]
[bnode022:2557512] [12] /system/apps/ubuntu/22.04-202604/nvhpc/26.5/Linux_x86_64/26.5/comm_libs/13.2/hpcx/hpcx-2.50/ucx/mt/lib/libucp.so.0(ucp_worker_progress+0x6a)[0x14c7c0548d9a]
[bnode022:2557512] [13] /system/apps/ubuntu/22.04-202604/nvhpc/26.5/Linux_x86_64/26.5/comm_libs/13.2/hpcx/hpcx-2.50/ucc/lib/ucc/libucc_tl_ucp.so(ucc_tl_ucp_reduce_scatter_knomial_progress+0x234)[0x14c3cfe44844]
[bnode022:2557512] [14] /system/apps/ubuntu/22.04-202604/nvhpc/26.5/Linux_x86_64/26.5/comm_libs/13.2/hpcx/hpcx-2.50/ucc/lib/libucc.so.1(+0x154eb)[0x14c3e26154eb]
[bnode022:2557512] [15] /system/apps/ubuntu/22.04-202604/nvhpc/26.5/Linux_x86_64/26.5/comm_libs/13.2/hpcx/hpcx-2.50/ucc/lib/libucc.so.1(ucc_context_progress+0x47)[0x14c3e260fd27]
[bnode022:2557512] [16] /system/apps/ubuntu/22.04-202604/nvhpc/26.5/Linux_x86_64/26.5/comm_libs/13.2/hpcx/hpcx-2.50/ompi5/lib/openmpi/mca_coll_ucc.so(+0x2a87)[0x14c3e2a02a87]
[bnode022:2557512] [17] /system/apps/ubuntu/22.04-202604/nvhpc/26.5/Linux_x86_64/26.5/comm_libs/13.2/hpcx/hpcx-2.50/ompi5/lib/libopen-pal.so.80(opal_progress+0x2c)[0x14c77a22339c]
[bnode022:2557512] [18] /system/apps/ubuntu/22.04-202604/nvhpc/26.5/Linux_x86_64/26.5/comm_libs/13.2/hpcx/hpcx-2.50/ompi5/lib/openmpi/mca_coll_ucc.so(mca_coll_ucc_allreduce+0x10e)[0x14c3e2a084be]
[bnode022:2557512] [19] /system/apps/ubuntu/22.04-202604/nvhpc/26.5/Linux_x86_64/26.5/comm_libs/13.2/hpcx/latest/ompi/lib/libmpi.so.40(PMPI_Allreduce+0x70)[0x14c7bfc9e240]
[bnode022:2557512] [20] ../openmx[0x61981d]
[bnode022:2557512] [21] ../openmx[0x600a79]
[bnode022:2557512] [22] ../openmx[0x4bebbd]
[bnode022:2557512] [23] ../openmx[0x4114b4]
[bnode022:2557512] [24] /lib/x86_64-linux-gnu/libc.so.6(+0x29d90)[0x14c77a600d90]
[bnode022:2557512] [25] /lib/x86_64-linux-gnu/libc.so.6(__libc_start_main+0x80)[0x14c77a600e40]
[bnode022:2557512] [26] ../openmx[0x410065]
[bnode022:2557512] *** End of error message ***
[bnode022:2557513:0:2557513]      cma_ep.c:88   process_vm_readv(pid=2557505 {0x14e29d121020,524288}-->{0x14edb8dd8810,524288}) returned -1: No such process
[bnode022:2557513] *** Process received signal ***
[bnode022:2557513] Signal: Aborted (6)
[bnode022:2557513] Signal code:  (-6)
[bnode022:2557513] [ 0] /lib/x86_64-linux-gnu/libc.so.6(+0x42520)[0x14e722419520]
[bnode022:2557513] [ 1] /lib/x86_64-linux-gnu/libc.so.6(pthread_kill+0x12c)[0x14e72246d9fc]
[bnode022:2557513] [ 2] /lib/x86_64-linux-gnu/libc.so.6(raise+0x16)[0x14e722419476]
[bnode022:2557513] [ 3] /lib/x86_64-linux-gnu/libc.so.6(abort+0xd3)[0x14e7223ff7f3]
[bnode022:2557513] [ 4] /system/apps/ubuntu/22.04-202604/nvhpc/26.5/Linux_x86_64/26.5/comm_libs/13.2/hpcx/hpcx-2.50/ucx/mt/lib/libucs.so.0(+0x62db5)[0x14e7682c7db5]
[bnode022:2557513] [ 5] /system/apps/ubuntu/22.04-202604/nvhpc/26.5/Linux_x86_64/26.5/comm_libs/13.2/hpcx/hpcx-2.50/ucx/mt/lib/libucs.so.0(ucs_log_default_handler+0xf2e)[0x14e7682cdb9e]
[bnode022:2557513] [ 6] /system/apps/ubuntu/22.04-202604/nvhpc/26.5/Linux_x86_64/26.5/comm_libs/13.2/hpcx/hpcx-2.50/ucx/mt/lib/libucs.so.0(ucs_log_dispatch+0xcc)[0x14e7682cdf3c]
[bnode022:2557513] [ 7] /system/apps/ubuntu/22.04-202604/nvhpc/26.5/Linux_x86_64/26.5/comm_libs/13.2/hpcx/hpcx-2.50/ucx/mt/lib/ucx/libuct_cma.so.0(+0x3a43)[0x14e767f41a43]
[bnode022:2557513] [ 8] /system/apps/ubuntu/22.04-202604/nvhpc/26.5/Linux_x86_64/26.5/comm_libs/13.2/hpcx/hpcx-2.50/ucx/mt/lib/ucx/libuct_cma.so.0(uct_cma_ep_tx+0x168)[0x14e767f41bf8]
[bnode022:2557513] [ 9] /system/apps/ubuntu/22.04-202604/nvhpc/26.5/Linux_x86_64/26.5/comm_libs/13.2/hpcx/hpcx-2.50/ucx/mt/lib/libuct.so.0(uct_scopy_ep_progress_tx+0x55)[0x14e7686cb3d5]
[bnode022:2557513] [10] /system/apps/ubuntu/22.04-202604/nvhpc/26.5/Linux_x86_64/26.5/comm_libs/13.2/hpcx/hpcx-2.50/ucx/mt/lib/libucs.so.0(ucs_arbiter_dispatch_nonempty+0xa3)[0x14e7682b9653]
[bnode022:2557513] [11] /system/apps/ubuntu/22.04-202604/nvhpc/26.5/Linux_x86_64/26.5/comm_libs/13.2/hpcx/hpcx-2.50/ucx/mt/lib/libuct.so.0(uct_scopy_iface_progress+0x59)[0x14e7686caf49]
[bnode022:2557513] [12] /system/apps/ubuntu/22.04-202604/nvhpc/26.5/Linux_x86_64/26.5/comm_libs/13.2/hpcx/hpcx-2.50/ucx/mt/lib/libucp.so.0(ucp_worker_progress+0x6a)[0x14e768748d9a]
[bnode022:2557513] [13] /system/apps/ubuntu/22.04-202604/nvhpc/26.5/Linux_x86_64/26.5/comm_libs/13.2/hpcx/hpcx-2.50/ucc/lib/ucc/libucc_tl_ucp.so(ucc_tl_ucp_reduce_scatter_knomial_progress+0x234)[0x14e377e44844]
[bnode022:2557513] [14] /system/apps/ubuntu/22.04-202604/nvhpc/26.5/Linux_x86_64/26.5/comm_libs/13.2/hpcx/hpcx-2.50/ucc/lib/libucc.so.1(+0x154eb)[0x14e38a6154eb]
[bnode022:2557513] [15] /system/apps/ubuntu/22.04-202604/nvhpc/26.5/Linux_x86_64/26.5/comm_libs/13.2/hpcx/hpcx-2.50/ucc/lib/libucc.so.1(ucc_context_progress+0x47)[0x14e38a60fd27]
[bnode022:2557513] [16] /system/apps/ubuntu/22.04-202604/nvhpc/26.5/Linux_x86_64/26.5/comm_libs/13.2/hpcx/hpcx-2.50/ompi5/lib/openmpi/mca_coll_ucc.so(+0x2a87)[0x14e38aa02a87]
[bnode022:2557513] [17] /system/apps/ubuntu/22.04-202604/nvhpc/26.5/Linux_x86_64/26.5/comm_libs/13.2/hpcx/hpcx-2.50/ompi5/lib/libopen-pal.so.80(opal_progress+0x2c)[0x14e72202339c]
[bnode022:2557513] [18] /system/apps/ubuntu/22.04-202604/nvhpc/26.5/Linux_x86_64/26.5/comm_libs/13.2/hpcx/hpcx-2.50/ompi5/lib/openmpi/mca_coll_ucc.so(mca_coll_ucc_allreduce+0x10e)[0x14e38aa084be]
[bnode022:2557513] [19] /system/apps/ubuntu/22.04-202604/nvhpc/26.5/Linux_x86_64/26.5/comm_libs/13.2/hpcx/latest/ompi/lib/libmpi.so.40(PMPI_Allreduce+0x70)[0x14e767a9e240]
[bnode022:2557513] [20] ../openmx[0x61981d]
[bnode022:2557513] [21] ../openmx[0x600a79]
[bnode022:2557513] [22] ../openmx[0x4bebbd]
[bnode022:2557513] [23] ../openmx[0x4114b4]
[bnode022:2557513] [24] /lib/x86_64-linux-gnu/libc.so.6(+0x29d90)[0x14e722400d90]
[bnode022:2557513] [25] /lib/x86_64-linux-gnu/libc.so.6(__libc_start_main+0x80)[0x14e722400e40]
[bnode022:2557513] [26] ../openmx[0x410065]
[bnode022:2557513] *** End of error message ***
[bnode022:2557537:0:2557537]      cma_ep.c:88   process_vm_readv(pid=2557529 {0x147073ca1020,524288}-->{0x146c5e193010,524288}) returned -1: No such process
[bnode022:2557537] *** Process received signal ***
[bnode022:2557537] Signal: Aborted (6)
[bnode022:2557537] Signal code:  (-6)
[bnode022:2557537] [ 0] /lib/x86_64-linux-gnu/libc.so.6(+0x42520)[0x1474fa019520]
[bnode022:2557537] [ 1] /lib/x86_64-linux-gnu/libc.so.6(pthread_kill+0x12c)[0x1474fa06d9fc]
[bnode022:2557537] [ 2] /lib/x86_64-linux-gnu/libc.so.6(raise+0x16)[0x1474fa019476]
[bnode022:2557537] [ 3] /lib/x86_64-linux-gnu/libc.so.6(abort+0xd3)[0x1474f9fff7f3]
[bnode022:2557537] [ 4] /system/apps/ubuntu/22.04-202604/nvhpc/26.5/Linux_x86_64/26.5/comm_libs/13.2/hpcx/hpcx-2.50/ucx/mt/lib/libucs.so.0(+0x62db5)[0x1474fd0c7db5]
[bnode022:2557537] [ 5] /system/apps/ubuntu/22.04-202604/nvhpc/26.5/Linux_x86_64/26.5/comm_libs/13.2/hpcx/hpcx-2.50/ucx/mt/lib/libucs.so.0(ucs_log_default_handler+0xf2e)[0x1474fd0cdb9e]
[bnode022:2557537] [ 6] /system/apps/ubuntu/22.04-202604/nvhpc/26.5/Linux_x86_64/26.5/comm_libs/13.2/hpcx/hpcx-2.50/ucx/mt/lib/libucs.so.0(ucs_log_dispatch+0xcc)[0x1474fd0cdf3c]
[bnode022:2557537] [ 7] /system/apps/ubuntu/22.04-202604/nvhpc/26.5/Linux_x86_64/26.5/comm_libs/13.2/hpcx/hpcx-2.50/ucx/mt/lib/ucx/libuct_cma.so.0(+0x3a43)[0x14753fe69a43]
[bnode022:2557537] [ 8] /system/apps/ubuntu/22.04-202604/nvhpc/26.5/Linux_x86_64/26.5/comm_libs/13.2/hpcx/hpcx-2.50/ucx/mt/lib/ucx/libuct_cma.so.0(uct_cma_ep_tx+0x168)[0x14753fe69bf8]
[bnode022:2557537] [ 9] /system/apps/ubuntu/22.04-202604/nvhpc/26.5/Linux_x86_64/26.5/comm_libs/13.2/hpcx/hpcx-2.50/ucx/mt/lib/libuct.so.0(uct_scopy_ep_progress_tx+0x55)[0x1475402c93d5]
[bnode022:2557537] [10] /system/apps/ubuntu/22.04-202604/nvhpc/26.5/Linux_x86_64/26.5/comm_libs/13.2/hpcx/hpcx-2.50/ucx/mt/lib/libucs.so.0(ucs_arbiter_dispatch_nonempty+0xa3)[0x1474fd0b9653]
[bnode022:2557537] [11] /system/apps/ubuntu/22.04-202604/nvhpc/26.5/Linux_x86_64/26.5/comm_libs/13.2/hpcx/hpcx-2.50/ucx/mt/lib/libuct.so.0(uct_scopy_iface_progress+0x59)[0x1475402c8f49]
[bnode022:2557537] [12] /system/apps/ubuntu/22.04-202604/nvhpc/26.5/Linux_x86_64/26.5/comm_libs/13.2/hpcx/hpcx-2.50/ucx/mt/lib/libucp.so.0(ucp_worker_progress+0x6a)[0x14753ff48d9a]
[bnode022:2557537] [13] /system/apps/ubuntu/22.04-202604/nvhpc/26.5/Linux_x86_64/26.5/comm_libs/13.2/hpcx/hpcx-2.50/ucc/lib/ucc/libucc_tl_ucp.so(ucc_tl_ucp_reduce_scatter_knomial_progress+0x234)[0x14714fc44844]
[bnode022:2557537] [14] /system/apps/ubuntu/22.04-202604/nvhpc/26.5/Linux_x86_64/26.5/comm_libs/13.2/hpcx/hpcx-2.50/ucc/lib/libucc.so.1(+0x154eb)[0x1471624154eb]
[bnode022:2557537] [15] /system/apps/ubuntu/22.04-202604/nvhpc/26.5/Linux_x86_64/26.5/comm_libs/13.2/hpcx/hpcx-2.50/ucc/lib/libucc.so.1(ucc_context_progress+0x47)[0x14716240fd27]
[bnode022:2557537] [16] /system/apps/ubuntu/22.04-202604/nvhpc/26.5/Linux_x86_64/26.5/comm_libs/13.2/hpcx/hpcx-2.50/ompi5/lib/openmpi/mca_coll_ucc.so(+0x2a87)[0x147162802a87]
[bnode022:2557537] [17] /system/apps/ubuntu/22.04-202604/nvhpc/26.5/Linux_x86_64/26.5/comm_libs/13.2/hpcx/hpcx-2.50/ompi5/lib/libopen-pal.so.80(opal_progress+0x2c)[0x1474f9c2339c]
[bnode022:2557537] [18] /system/apps/ubuntu/22.04-202604/nvhpc/26.5/Linux_x86_64/26.5/comm_libs/13.2/hpcx/hpcx-2.50/ompi5/lib/openmpi/mca_coll_ucc.so(mca_coll_ucc_allreduce+0x10e)[0x1471628084be]
[bnode022:2557537] [19] /system/apps/ubuntu/22.04-202604/nvhpc/26.5/Linux_x86_64/26.5/comm_libs/13.2/hpcx/latest/ompi/lib/libmpi.so.40(PMPI_Allreduce+0x70)[0x14753f69e240]
[bnode022:2557537] [20] ../openmx[0x61981d]
[bnode022:2557537] [21] ../openmx[0x600a79]
[bnode022:2557537] [22] ../openmx[0x4bebbd]
[bnode022:2557537] [23] ../openmx[0x4114b4]
[bnode022:2557537] [24] /lib/x86_64-linux-gnu/libc.so.6(+0x29d90)[0x1474fa000d90]
[bnode022:2557537] [25] /lib/x86_64-linux-gnu/libc.so.6(__libc_start_main+0x80)[0x1474fa000e40]
[bnode022:2557537] [26] ../openmx[0x410065]
[bnode022:2557537] *** End of error message ***
[bnode022:2557538:0:2557538]      cma_ep.c:88   process_vm_readv(pid=2557529 {0x1492d0b43020,524288}-->{0x146c57035010,524288}) returned -1: No such process
[bnode022:2557538] *** Process received signal ***
[bnode022:2557538] Signal: Aborted (6)
[bnode022:2557538] Signal code:  (-6)
[bnode022:2557538] [ 0] /lib/x86_64-linux-gnu/libc.so.6(+0x42520)[0x14975ee19520]
[bnode022:2557538] [ 1] /lib/x86_64-linux-gnu/libc.so.6(pthread_kill+0x12c)[0x14975ee6d9fc]
[bnode022:2557538] [ 2] /lib/x86_64-linux-gnu/libc.so.6(raise+0x16)[0x14975ee19476]
[bnode022:2557538] [ 3] /lib/x86_64-linux-gnu/libc.so.6(abort+0xd3)[0x14975edff7f3]
[bnode022:2557538] [ 4] /system/apps/ubuntu/22.04-202604/nvhpc/26.5/Linux_x86_64/26.5/comm_libs/13.2/hpcx/hpcx-2.50/ucx/mt/lib/libucs.so.0(+0x62db5)[0x1497a4cc7db5]
[bnode022:2557538] [ 5] /system/apps/ubuntu/22.04-202604/nvhpc/26.5/Linux_x86_64/26.5/comm_libs/13.2/hpcx/hpcx-2.50/ucx/mt/lib/libucs.so.0(ucs_log_default_handler+0xf2e)[0x1497a4ccdb9e]
[bnode022:2557538] [ 6] /system/apps/ubuntu/22.04-202604/nvhpc/26.5/Linux_x86_64/26.5/comm_libs/13.2/hpcx/hpcx-2.50/ucx/mt/lib/libucs.so.0(ucs_log_dispatch+0xcc)[0x1497a4ccdf3c]
[bnode022:2557538] [ 7] /system/apps/ubuntu/22.04-202604/nvhpc/26.5/Linux_x86_64/26.5/comm_libs/13.2/hpcx/hpcx-2.50/ucx/mt/lib/ucx/libuct_cma.so.0(+0x3a43)[0x1497a4941a43]
[bnode022:2557538] [ 8] /system/apps/ubuntu/22.04-202604/nvhpc/26.5/Linux_x86_64/26.5/comm_libs/13.2/hpcx/hpcx-2.50/ucx/mt/lib/ucx/libuct_cma.so.0(uct_cma_ep_tx+0x168)[0x1497a4941bf8]
[bnode022:2557538] [ 9] /system/apps/ubuntu/22.04-202604/nvhpc/26.5/Linux_x86_64/26.5/comm_libs/13.2/hpcx/hpcx-2.50/ucx/mt/lib/libuct.so.0(uct_scopy_ep_progress_tx+0x55)[0x1497a509d3d5]
[bnode022:2557538] [10] /system/apps/ubuntu/22.04-202604/nvhpc/26.5/Linux_x86_64/26.5/comm_libs/13.2/hpcx/hpcx-2.50/ucx/mt/lib/libucs.so.0(ucs_arbiter_dispatch_nonempty+0xa3)[0x1497a4cb9653]
[bnode022:2557538] [11] /system/apps/ubuntu/22.04-202604/nvhpc/26.5/Linux_x86_64/26.5/comm_libs/13.2/hpcx/hpcx-2.50/ucx/mt/lib/libuct.so.0(uct_scopy_iface_progress+0x59)[0x1497a509cf49]
[bnode022:2557538] [12] /system/apps/ubuntu/22.04-202604/nvhpc/26.5/Linux_x86_64/26.5/comm_libs/13.2/hpcx/hpcx-2.50/ucx/mt/lib/libucp.so.0(ucp_worker_progress+0x6a)[0x1497a511ad9a]
[bnode022:2557538] [13] /system/apps/ubuntu/22.04-202604/nvhpc/26.5/Linux_x86_64/26.5/comm_libs/13.2/hpcx/hpcx-2.50/ucc/lib/ucc/libucc_tl_ucp.so(ucc_tl_ucp_reduce_scatter_knomial_progress+0x234)[0x1493b4644844]
[bnode022:2557538] [14] /system/apps/ubuntu/22.04-202604/nvhpc/26.5/Linux_x86_64/26.5/comm_libs/13.2/hpcx/hpcx-2.50/ucc/lib/libucc.so.1(+0x154eb)[0x1495d04154eb]
[bnode022:2557538] [15] /system/apps/ubuntu/22.04-202604/nvhpc/26.5/Linux_x86_64/26.5/comm_libs/13.2/hpcx/hpcx-2.50/ucc/lib/libucc.so.1(ucc_context_progress+0x47)[0x1495d040fd27]
[bnode022:2557538] [16] /system/apps/ubuntu/22.04-202604/nvhpc/26.5/Linux_x86_64/26.5/comm_libs/13.2/hpcx/hpcx-2.50/ompi5/lib/openmpi/mca_coll_ucc.so(+0x2a87)[0x1495d0802a87]
[bnode022:2557538] [17] /system/apps/ubuntu/22.04-202604/nvhpc/26.5/Linux_x86_64/26.5/comm_libs/13.2/hpcx/hpcx-2.50/ompi5/lib/libopen-pal.so.80(opal_progress+0x2c)[0x14975ea2339c]
[bnode022:2557538] [18] /system/apps/ubuntu/22.04-202604/nvhpc/26.5/Linux_x86_64/26.5/comm_libs/13.2/hpcx/hpcx-2.50/ompi5/lib/openmpi/mca_coll_ucc.so(mca_coll_ucc_allreduce+0x10e)[0x1495d08084be]
[bnode022:2557538] [19] /system/apps/ubuntu/22.04-202604/nvhpc/26.5/Linux_x86_64/26.5/comm_libs/13.2/hpcx/latest/ompi/lib/libmpi.so.40(PMPI_Allreduce+0x70)[0x1497a449e240]
[bnode022:2557538] [20] ../openmx[0x61981d]
[bnode022:2557538] [21] ../openmx[0x600a79]
[bnode022:2557538] [22] ../openmx[0x4bebbd]
[bnode022:2557538] [23] ../openmx[0x4114b4]
[bnode022:2557538] [24] /lib/x86_64-linux-gnu/libc.so.6(+0x29d90)[0x14975ee00d90]
[bnode022:2557538] [25] /lib/x86_64-linux-gnu/libc.so.6(__libc_start_main+0x80)[0x14975ee00e40]
[bnode022:2557538] [26] ../openmx[0x410065]
[bnode022:2557538] *** End of error message ***
[bnode022:2557506:0:2557506]      cma_ep.c:88   process_vm_readv(pid=2557505 {0x146cbef01820,524288}-->{0x14edac454010,524288}) returned -1: No such process
[bnode022:2557506] *** Process received signal ***
[bnode022:2557506] Signal: Aborted (6)
[bnode022:2557506] Signal code:  (-6)
[bnode022:2557506] [ 0] /lib/x86_64-linux-gnu/libc.so.6(+0x42520)[0x147135c19520]
[bnode022:2557506] [ 1] /lib/x86_64-linux-gnu/libc.so.6(pthread_kill+0x12c)[0x147135c6d9fc]
[bnode022:2557506] [ 2] /lib/x86_64-linux-gnu/libc.so.6(raise+0x16)[0x147135c19476]
[bnode022:2557506] [ 3] /lib/x86_64-linux-gnu/libc.so.6(abort+0xd3)[0x147135bff7f3]
[bnode022:2557506] [ 4] /system/apps/ubuntu/22.04-202604/nvhpc/26.5/Linux_x86_64/26.5/comm_libs/13.2/hpcx/hpcx-2.50/ucx/mt/lib/libucs.so.0(+0x62db5)[0x147138cc7db5]
[bnode022:2557506] [ 5] /system/apps/ubuntu/22.04-202604/nvhpc/26.5/Linux_x86_64/26.5/comm_libs/13.2/hpcx/hpcx-2.50/ucx/mt/lib/libucs.so.0(ucs_log_default_handler+0xf2e)[0x147138ccdb9e]
[bnode022:2557506] [ 6] /system/apps/ubuntu/22.04-202604/nvhpc/26.5/Linux_x86_64/26.5/comm_libs/13.2/hpcx/hpcx-2.50/ucx/mt/lib/libucs.so.0(ucs_log_dispatch+0xcc)[0x147138ccdf3c]
[bnode022:2557506] [ 7] /system/apps/ubuntu/22.04-202604/nvhpc/26.5/Linux_x86_64/26.5/comm_libs/13.2/hpcx/hpcx-2.50/ucx/mt/lib/ucx/libuct_cma.so.0(+0x3a43)[0x14717baa1a43]
[bnode022:2557506] [ 8] /system/apps/ubuntu/22.04-202604/nvhpc/26.5/Linux_x86_64/26.5/comm_libs/13.2/hpcx/hpcx-2.50/ucx/mt/lib/ucx/libuct_cma.so.0(uct_cma_ep_tx+0x168)[0x14717baa1bf8]
[bnode022:2557506] [ 9] /system/apps/ubuntu/22.04-202604/nvhpc/26.5/Linux_x86_64/26.5/comm_libs/13.2/hpcx/hpcx-2.50/ucx/mt/lib/libuct.so.0(uct_scopy_ep_progress_tx+0x55)[0x14717c26e3d5]
[bnode022:2557506] [10] /system/apps/ubuntu/22.04-202604/nvhpc/26.5/Linux_x86_64/26.5/comm_libs/13.2/hpcx/hpcx-2.50/ucx/mt/lib/libucs.so.0(ucs_arbiter_dispatch_nonempty+0xa3)[0x147138cb9653]
[bnode022:2557506] [11] /system/apps/ubuntu/22.04-202604/nvhpc/26.5/Linux_x86_64/26.5/comm_libs/13.2/hpcx/hpcx-2.50/ucx/mt/lib/libuct.so.0(uct_scopy_iface_progress+0x59)[0x14717c26df49]
[bnode022:2557506] [12] /system/apps/ubuntu/22.04-202604/nvhpc/26.5/Linux_x86_64/26.5/comm_libs/13.2/hpcx/hpcx-2.50/ucx/mt/lib/libucp.so.0(ucp_worker_progress+0x6a)[0x14717bb48d9a]
[bnode022:2557506] [13] /system/apps/ubuntu/22.04-202604/nvhpc/26.5/Linux_x86_64/26.5/comm_libs/13.2/hpcx/hpcx-2.50/ucc/lib/ucc/libucc_tl_ucp.so(ucc_tl_ucp_reduce_scatter_knomial_progress+0x234)[0x146d8b444844]
[bnode022:2557506] [14] /system/apps/ubuntu/22.04-202604/nvhpc/26.5/Linux_x86_64/26.5/comm_libs/13.2/hpcx/hpcx-2.50/ucc/lib/libucc.so.1(+0x154eb)[0x146fa60154eb]
[bnode022:2557506] [15] /system/apps/ubuntu/22.04-202604/nvhpc/26.5/Linux_x86_64/26.5/comm_libs/13.2/hpcx/hpcx-2.50/ucc/lib/libucc.so.1(ucc_context_progress+0x47)[0x146fa600fd27]
[bnode022:2557506] [16] /system/apps/ubuntu/22.04-202604/nvhpc/26.5/Linux_x86_64/26.5/comm_libs/13.2/hpcx/hpcx-2.50/ompi5/lib/openmpi/mca_coll_ucc.so(mca_coll_ucc_allreduce+0x109)[0x146fa64084b9]
[bnode022:2557506] [17] /system/apps/ubuntu/22.04-202604/nvhpc/26.5/Linux_x86_64/26.5/comm_libs/13.2/hpcx/latest/ompi/lib/libmpi.so.40(PMPI_Allreduce+0x70)[0x14717b29e240]
[bnode022:2557506] [18] ../openmx[0x61981d]
[bnode022:2557506] [19] ../openmx[0x600a79]
[bnode022:2557506] [20] ../openmx[0x4bebbd]
[bnode022:2557506] [21] ../openmx[0x4114b4]
[bnode022:2557506] [22] /lib/x86_64-linux-gnu/libc.so.6(+0x29d90)[0x147135c00d90]
[bnode022:2557506] [23] /lib/x86_64-linux-gnu/libc.so.6(__libc_start_main+0x80)[0x147135c00e40]
[bnode022:2557506] [24] ../openmx[0x410065]
[bnode022:2557506] *** End of error message ***
