***********************************************************
***********************************************************

  This calculation was performed by OpenMX Ver. 4.0
  using 28 MPI processes and 1 OpenMP threads.

  Fri Apr 10 16:45:15 2026

***********************************************************
***********************************************************

#
# Find maximally localized wannier function from six molecular orbitals of Benezene  
# 
  
#
#
#  SCF calculation of a Benzene molecule by the LDA
#  and the cluster method
#

System.CurrrentDirectory         ./    # default=./
System.Name                     Benzene 
level.of.stdout                   1    # default=1 (1-3)
level.of.fileout                  1    # default=1 (0-2)

#
# Definition of Atomic Species
#

Species.Number       4
<Definition.of.Atomic.Species
 H   H5.0-s2p1        H_CA19
 C   C5.0-s2p2d1      C_CA19
Cpro C5.0-s1p1        C_CA19
Hpro H5.0-s1          H_CA19
Definition.of.Atomic.Species>

#
# Atoms
#

Atoms.Number        12
toms.SpeciesAndCoordinates.Unit   Ang # Ang|AU
<Atoms.SpeciesAndCoordinates
   1   C      4.60890000000000    6.00000000000000    6.00000000000000      2.00      2.00
   2   C      5.30445000000000    7.20473000000000    6.00000000000000      2.00      2.00
   3   C      6.69555000000000    7.20473000000000    6.00000000000000      2.00      2.00
   4   C      7.39110000000000    6.00000000000000    6.00000000000000      2.00      2.00
   5   C      6.69555000000000    4.79527000000000    6.00000000000000      2.00      2.00
   6   C      5.30445000000000    4.79527000000000    6.00000000000000      2.00      2.00
   7   H      3.51418000000000    6.00000000000000    6.00000000000000      0.50      0.50
   8   H      8.48582000000000    6.00000000000000    6.00000000000000      0.50      0.50
   9   H      4.75709000000000    8.15278500000000    6.00000000000000      0.50      0.50
  10   H      7.24291000000000    8.15278500000000    6.00000000000000      0.50      0.50
  11   H      7.24291000000000    3.84721500000000    6.00000000000000      0.50      0.50
  12   H      4.75709000000000    3.84721500000000    6.00000000000000      0.50      0.50
Atoms.SpeciesAndCoordinates>
Atoms.UnitVectors.Unit             Ang # Ang|AU
<Atoms.UnitVectors
  12.0   0.0   0.0
   0.0  12.0   0.0
   0.0   0.0  12.0
Atoms.UnitVectors>

#
# SCF or Electronic System
#

scf.XcType                 LSDA-CA     # LDA|LSDA-CA|LSDA-PW|GGA-PBE
scf.SpinPolarization        off        # On|Off|NC
scf.SpinOrbit.Coupling      off        # On|Off, default=off       
scf.ElectronicTemperature  300.0       # default=300 (K)
scf.energycutoff           350.0       # default=150 (Ry)
scf.maxIter                  50        # default=40
scf.EigenvalueSolver       Cluster     # DC|GDC|Cluster|Band
scf.Kgrid                  1 1 1       # means n1 x n2 x n3
scf.Generation.Kpoint       regular    # regular|MP
scf.Mixing.Type           rmm-diisk    # Simple|Rmm-Diis|Gr-Pulay|Kerker|Rmm-Diisk
scf.Init.Mixing.Weight     0.20        # default=0.30 
scf.Min.Mixing.Weight      0.001       # default=0.001 
scf.Max.Mixing.Weight      0.500       # default=0.40 
scf.Mixing.History          7          # default=5
scf.Mixing.StartPulay       7          # default=6
scf.Mixing.EveryPulay       1          # default=6
scf.criterion             1.0e-7       # default=1.0e-6 (Hartree) 
scf.lapack.dste            dstevx      # dstevx|dstedc|dstegr,default=dstevx

#
# 1D FFT
#

1DFFT.NumGridK             900         # default=900
1DFFT.NumGridR             900         # default=900
1DFFT.EnergyCutoff        3600.0       # default=3600 (Ry)

#
# Orbital Optimization
#

orbitalOpt.Method           Off        # Off|Unrestricted|Restricted|species
orbitalOpt.InitCoes     Symmetrical    # Symmetrical|Free
orbitalOpt.initPrefactor   0.1         # default=0.1
orbitalOpt.scf.maxIter      12         # default=12
orbitalOpt.MD.maxIter        2         # default=5
orbitalOpt.per.MDIter        2         # default=1000000
orbitalOpt.criterion      1.0e-4       # default=1.0e-4 (Hartree/borh)

#
# output of contracted orbitals
#

CntOrb.fileout               off       # on|off, default=off
Num.CntOrb.Atoms              1        # default=1
<Atoms.Cont.Orbitals
 1
Atoms.Cont.Orbitals>
 
#
# SCF Order-N
#

orderN.HoppingRanges        4.0        # default=5.0 (Ang) 
orderN.NumHoppings           1         # default=2

#
# MD or Geometry Optimization
#

MD.Type                      opt       # Nomd|Constant_Energy_MD|Opt
MD.maxIter                    1        # default=1
MD.TimeStep                   1        # default=0.5 (fs)
MD.Opt.criterion         1.0e-5        # default=1.0e-4 (Hartree/bohr)

#
# MO output
#

MO.fileout                       off   # on|off
num.HOMOs                         5    # default=2
num.LUMOs                         6    # default=2

MO.Nkpoint                        1    # default=1 
<MO.kpoint
  0.0  0.0  0.0
MO.kpoint>

#
# DOS and PDOS
#

Dos.fileout                  off        # on|off, default=off
Dos.Erange              -20.0  20.0    # default = -20 20 
Dos.Kgrid                1  1  1       # default = Kgrid1 Kgrid2 Kgrid3

HS.fileout               off     # on|off, default=off

Band.dispersion              on         # on|off, default=off
# if <Band.KPath.UnitCell does not exist,
#     the reciprical lattice vector is employed.
Band.Nkpath                1
<Band.kpath
   2  0.0 0.0 0.0   0.0 0.0 0.5  g X
Band.kpath>


Wannier.Func.Calc        on  
Wannier.Func.Num          6 
Wannier.Outer.Window.Bottom -6.0
Wannier.Outer.Window.Top     6.8 
Wannier.Inner.Window.Bottom   0.0 
Wannier.Inner.Window.Top       0.0 
Wannier.Initial.Guess         on  
Wannier.Initial.Projectors.Unit ANG     # AU, ANG or FRAC 
<Wannier.Initial.Projectors
Cpro-pz  4.60890000    6.000000    6.00000000            0.0 0.0 1.0 1.0 0.0 0.0 
Cpro-pz  5.30445000    7.204730    6.00000000000000      0.0 0.0 1.0 1.0 0.0 0.0
Cpro-pz  6.69555000    7.204730    6.00000000000000      0.0 0.0 1.0 1.0 0.0 0.0 
Cpro-pz  7.3911000     6.000000    6.00000000000000      0.0 0.0 1.0 1.0 0.0 0.0 
Cpro-pz  6.69555000    4.795270    6.00000000000000      0.0 0.0 1.0 1.0 0.0 0.0  
Cpro-pz  5.30445000    4.795270    6.00000000000000      0.0 0.0 1.0 1.0 0.0 0.0  
Wannier.Initial.Projectors>
# Si1-s  1.275 1.275 1.275  0.0 0.0 1.0    1.0 0.0 0.0 
# Si1-s  -1.275 -1.275 1.275 0.0 0.0 1.0    1.0 0.0 0.0 
# Si1-s  -1.275 1.275 -1.275 0.0 0.0 1.0    1.0 0.0 0.0 
# Si1-s  1.275 -1.275 -1.275 0.0 0.0 1.0    1.0 0.0 0.0 
Wannier.Kgrid   1 1 1
Wannier.MaxShells   12 


Wannier.Interpolated.Bands              on   # on|off, default=off

Wannier.Function.Plot                   on   # on|off, default=off
Wannier.Function.Plot.SuperCells        0 0 0   # default=0 0 0 

Wannier.Dis.Mixing.Para                 0.5
Wannier.Dis.Conv.Criterion               1e-11
Wannier.Dis.SCF.Max.Steps               38000 

Wannier.Minimizing.Max.Steps            3000 
Wannier.Minimizing.Scheme               2
Wannier.Minimizing.StepLength  2.0 
Wannier.Minimizing.Secant.Steps         5
Wannier.Minimizing.Secant.StepLength    2.0 
Wannier.Minimizing.Conv.Criterion        1e-11 


Wannier.Readin.Overlap.Matrix            off    
scf.restart    off



***********************************************************
***********************************************************

  Required cutoff energy (Ryd) for 3D-grids = 350.0000
      Used cutoff energy (Ryd) for 3D-grids = 349.7898, 349.7898, 349.7898
  Num. of grids of a-, b-, and c-axes = 135, 135, 135

  Num.Grid1.   135
  Num.Grid2.   135
  Num.Grid3.   135


  Cell_Volume =  11661.119488115972 (Bohr^3)
  GridVol     =      0.004739569979 (Bohr^3)
  Cell vectors (bohr) of the grid cell (gtv)
    gtv_a =  0.167975643429,  0.000000000000,  0.000000000000
    gtv_b =  0.000000000000,  0.167975643429,  0.000000000000
    gtv_c =  0.000000000000,  0.000000000000,  0.167975643429
    |gtv_a| =  0.167975643429
    |gtv_b| =  0.167975643429
    |gtv_c| =  0.167975643429

***********************************************************
***********************************************************


***********************************************************
***********************************************************
                  SCF history at MD= 1                    
***********************************************************
***********************************************************

   SCF=   1  NormRD=  1.000000000000  Uele= -12.264526409137
   SCF=   2  NormRD=  3.475673078313  Uele= -12.264526409137
   SCF=   3  NormRD=  3.401646370482  Uele= -12.303747829437
   SCF=   4  NormRD=  1.753081920483  Uele= -13.213215995672
   SCF=   5  NormRD=  0.782423610561  Uele= -13.347300651555
   SCF=   6  NormRD=  0.381467473841  Uele= -13.180537964570
   SCF=   7  NormRD=  0.187628220455  Uele= -13.085814683101
   SCF=   8  NormRD=  0.010150344389  Uele= -12.961850812520
   SCF=   9  NormRD=  0.003025875672  Uele= -12.953961128680
   SCF=  10  NormRD=  0.000963248548  Uele= -12.946881015451
   SCF=  11  NormRD=  0.000078712019  Uele= -12.946674264769
   SCF=  12  NormRD=  0.000015881550  Uele= -12.946610081249
   SCF=  13  NormRD=  0.000004250010  Uele= -12.946615982716
   SCF=  14  NormRD=  0.000002321485  Uele= -12.946608267041
   SCF=  15  NormRD=  0.000000538344  Uele= -12.946607991770
   SCF=  16  NormRD=  0.000000008128  Uele= -12.946608532425
   SCF=  17  NormRD=  0.000000002026  Uele= -12.946608529013

*******************************************************
        Total energy (Hartree) at MD = 1        
*******************************************************

  Uele.        -12.946608529013

  Ukin.         28.151757995430
  UH0.        -132.318527691227
  UH1.           0.150542091969
  Una.         -21.477462511112
  Unl.          -2.541766890756
  Uxc0.         -6.748353540502
  Uxc1.         -6.748353540502
  Ucore.       103.181215952872
  Uhub.          0.000000000000
  Ucs.           0.000000000000
  Uzs.           0.000000000000
  Uzo.           0.000000000000
  Uef.           0.000000000000
  UvdW.          0.000000000000
  Uch.           0.000000000000
  Utot.        -38.350948133828

  UpV.           0.000000000000
  Enpy.        -38.350948133828
  Note:

  Utot = Ukin+UH0+UH1+Una+Unl+Uxc0+Uxc1+Ucore+Uhub+Ucs+Uzs+Uzo+Uef+UvdW+Uch

  Uele:   band energy
  Ukin:   kinetic energy
  UH0:    electric part of screened Coulomb energy
  UH1:    difference electron-electron Coulomb energy
  Una:    neutral atom potential energy
  Unl:    non-local potential energy
  Uxc0:   exchange-correlation energy for alpha spin
  Uxc1:   exchange-correlation energy for beta spin
  Ucore:  core-core Coulomb energy
  Uhub:   LDA+U energy
  Ucs:    constraint energy for spin orientation
  Uzs:    Zeeman term for spin magnetic moment
  Uzo:    Zeeman term for orbital magnetic moment
  Uef:    electric energy by electric field
  UvdW:   semi-empirical vdW energy
  Uch:    penalty term to create a core hole

  UpV:    pressure times volume
  Enpy:   Enthalpy = Utot + UpV
  (see also PRB 72, 045121(2005) for the energy contributions)



  Chemical potential (Hartree)      -0.123138427734

***********************************************************
***********************************************************
            Eigenvalues (Hartree) for SCF KS-eq.           
***********************************************************
***********************************************************

   Chemical Potential (Hartree) =  -0.12313842773438
   Number of States             =  30.00000000000000
   HOMO = 15
   Eigenvalues
                Up-spin            Down-spin
          1  -0.76792695687803  -0.76792695687803
          2  -0.66360641981859  -0.66360641981859
          3  -0.66360373057909  -0.66360373057909
          4  -0.53108534740534  -0.53108534740534
          5  -0.53108118717021  -0.53108118717021
          6  -0.46304123991081  -0.46304123991081
          7  -0.39445576211236  -0.39445576211236
          8  -0.39181557230101  -0.39181557230101
          9  -0.36267972719416  -0.36267972719416
         10  -0.36267518205120  -0.36267518205120
         11  -0.32184444645742  -0.32184444645742
         12  -0.28931096667531  -0.28931096667531
         13  -0.28930897183445  -0.28930897183445
         14  -0.22043531856048  -0.22043531856048
         15  -0.22043343557197  -0.22043343557197
         16  -0.02587596788481  -0.02587596788481
         17  -0.02587243794401  -0.02587243794401
         18   0.07517828506262   0.07517828506262
         19   0.11985529580418   0.11985529580418
         20   0.13089267885115   0.13089267885115
         21   0.13091215807164   0.13091215807164
         22   0.15286623923260   0.15286623923260
         23   0.15288230054123   0.15288230054123
         24   0.18285124194197   0.18285124194197
         25   0.23685322150860   0.23685322150860
         26   0.25161212798675   0.25161212798675
         27   0.25161632022735   0.25161632022735
         28   0.26345097346931   0.26345097346931
         29   0.27432311495569   0.27432311495569
         30   0.27432882520152   0.27432882520152
         31   0.33601001920293   0.33601001920293
         32   0.33602112488628   0.33602112488628
         33   0.40146755827205   0.40146755827205
         34   0.43532026223925   0.43532026223925
         35   0.43533426954333   0.43533426954333
         36   0.44963164699842   0.44963164699842
         37   0.44963569395537   0.44963569395537
         38   0.46425318212370   0.46425318212370
         39   0.48587808447481   0.48587808447481
         40   0.48588630949943   0.48588630949943
         41   0.49337918934692   0.49337918934692
         42   0.50342360475789   0.50342360475789
         43   0.54588174438943   0.54588174438943
         44   0.56669538977185   0.56669538977185
         45   0.61545712172702   0.61545712172702
         46   0.61546315142649   0.61546315142649
         47   0.70477210847813   0.70477210847813
         48   0.70946245758459   0.70946245758459
         49   0.70946409648128   0.70946409648128
         50   0.72261185729580   0.72261185729580
         51   0.72261442474468   0.72261442474468
         52   0.78285787548417   0.78285787548417
         53   0.81215957284217   0.81215957284217
         54   0.81216002759047   0.81216002759047
         55   0.83947326190848   0.83947326190848
         56   0.85303193034277   0.85303193034277
         57   0.87892838323363   0.87892838323363
         58   0.87893785394619   0.87893785394619
         59   0.90364656281200   0.90364656281200
         60   0.90560471888457   0.90560471888457
         61   0.94173076132535   0.94173076132535
         62   0.94173154649337   0.94173154649337
         63   0.97237754698145   0.97237754698145
         64   0.99219584119125   0.99219584119125
         65   0.99221535878459   0.99221535878459
         66   1.08819967939480   1.08819967939480
         67   1.08820467618529   1.08820467618529
         68   1.12555102381168   1.12555102381168
         69   1.12557897216760   1.12557897216760
         70   1.14188273358414   1.14188273358414
         71   1.16984304716084   1.16984304716084
         72   1.16984868881590   1.16984868881590
         73   1.35338614150995   1.35338614150995
         74   1.54367528822651   1.54367528822651
         75   1.54368147532324   1.54368147532324
         76   1.57495040173549   1.57495040173549
         77   1.57505092595210   1.57505092595210
         78   1.59115456012482   1.59115456012482
         79   1.59115981061066   1.59115981061066
         80   1.67800069600751   1.67800069600751
         81   1.67800518541577   1.67800518541577
         82   1.68748456097064   1.68748456097064
         83   1.68748618309313   1.68748618309313
         84   1.77174103272211   1.77174103272211
         85   1.77174515776294   1.77174515776294
         86   1.88936199060023   1.88936199060023
         87   1.98516598809364   1.98516598809364
         88   2.01962620287610   2.01962620287610
         89   2.05561980289390   2.05561980289390
         90   2.05563053402891   2.05563053402891
         91   2.13536348812392   2.13536348812392
         92   2.13536690198487   2.13536690198487
         93   2.14557293119511   2.14557293119511
         94   2.14558263467734   2.14558263467734
         95   2.20657059481456   2.20657059481456
         96   2.21532711879632   2.21532711879632
         97   2.29402689114940   2.29402689114940
         98   2.46639085166601   2.46639085166601
         99   2.46641748683667   2.46641748683667
        100   2.67035829463335   2.67035829463335
        101   2.67040430384721   2.67040430384721
        102   2.96128334146653   2.96128334146653
        103   2.96130939345110   2.96130939345110
        104   3.11072923354587   3.11072923354587
        105   3.11075834570688   3.11075834570688
        106   3.45839999569388   3.45839999569388
        107   4.28839289224920   4.28839289224920
        108   6.66292293503465   6.66292293503465

***********************************************************
***********************************************************
              History of geometry optimization             
***********************************************************
***********************************************************

  MD_iter   SD_scaling     |Maximum force|   Maximum step        Utot
                           (Hartree/Bohr)        (Ang)         (Hartree)

    1       1.25981731       0.00877919       0.00585280     -38.35094813

***********************************************************
***********************************************************
                   Mulliken populations                    
***********************************************************
***********************************************************

  Total spin moment (muB)   0.000000000

                    Up spin      Down spin     Sum           Diff
      1    C      1.914238562  1.914238562   3.828477124   0.000000000
      2    C      1.914219689  1.914219689   3.828439378   0.000000000
      3    C      1.914219693  1.914219693   3.828439385   0.000000000
      4    C      1.914238563  1.914238563   3.828477125   0.000000000
      5    C      1.914219691  1.914219691   3.828439382   0.000000000
      6    C      1.914219691  1.914219691   3.828439382   0.000000000
      7    H      0.585788055  0.585788055   1.171576110   0.000000000
      8    H      0.585788055  0.585788055   1.171576110   0.000000000
      9    H      0.585767001  0.585767001   1.171534001   0.000000000
     10    H      0.585767000  0.585767000   1.171534001   0.000000000
     11    H      0.585767000  0.585767000   1.171534001   0.000000000
     12    H      0.585767001  0.585767001   1.171534001   0.000000000

 Sum of MulP: up   =    15.00000 down          =    15.00000
              total=    30.00000 ideal(neutral)=    30.00000


  Decomposed Mulliken populations

    1    C          Up spin      Down spin     Sum           Diff
            multiple
  s           0    0.522318972  0.522318972   1.044637943   0.000000000
   sum over m      0.522318972  0.522318972   1.044637943   0.000000000
  s           1    0.000741944  0.000741944   0.001483889   0.000000000
   sum over m      0.000741944  0.000741944   0.001483889   0.000000000
   sum over m+mul  0.523060916  0.523060916   1.046121832   0.000000000
  px          0    0.442523395  0.442523395   0.885046790   0.000000000
  py          0    0.428366732  0.428366732   0.856733465   0.000000000
  pz          0    0.471161479  0.471161479   0.942322958   0.000000000
   sum over m      1.342051606  1.342051606   2.684103213   0.000000000
  px          1   -0.007363967 -0.007363967  -0.014727934   0.000000000
  py          1    0.008371025  0.008371025   0.016742050   0.000000000
  pz          1   -0.008107902 -0.008107902  -0.016215804   0.000000000
   sum over m     -0.007100844 -0.007100844  -0.014201688   0.000000000
   sum over m+mul  1.334950762  1.334950762   2.669901524   0.000000000
  d3z^2-r^2   0    0.002405017  0.002405017   0.004810034   0.000000000
  dx^2-y^2    0    0.025456580  0.025456580   0.050913160   0.000000000
  dxy         0    0.013366890  0.013366890   0.026733781   0.000000000
  dxz         0    0.003147819  0.003147819   0.006295637   0.000000000
  dyz         0    0.011850577  0.011850577   0.023701155   0.000000000
   sum over m      0.056226884  0.056226884   0.112453768   0.000000000
   sum over m+mul  0.056226884  0.056226884   0.112453768   0.000000000

    2    C          Up spin      Down spin     Sum           Diff
            multiple
  s           0    0.522316691  0.522316691   1.044633383   0.000000000
   sum over m      0.522316691  0.522316691   1.044633383   0.000000000
  s           1    0.000732252  0.000732252   0.001464504   0.000000000
   sum over m      0.000732252  0.000732252   0.001464504   0.000000000
   sum over m+mul  0.523048943  0.523048943   1.046097886   0.000000000
  px          0    0.431888237  0.431888237   0.863776473   0.000000000
  py          0    0.438993661  0.438993661   0.877987322   0.000000000
  pz          0    0.471158275  0.471158275   0.942316551   0.000000000
   sum over m      1.342040173  1.342040173   2.684080346   0.000000000
  px          1    0.004434550  0.004434550   0.008869100   0.000000000
  py          1   -0.003420526 -0.003420526  -0.006841052   0.000000000
  pz          1   -0.008107660 -0.008107660  -0.016215321   0.000000000
   sum over m     -0.007093636 -0.007093636  -0.014187273   0.000000000
   sum over m+mul  1.334946536  1.334946536   2.669893073   0.000000000
  d3z^2-r^2   0    0.002404896  0.002404896   0.004809793   0.000000000
  dx^2-y^2    0    0.016388286  0.016388286   0.032776572   0.000000000
  dxy         0    0.022432612  0.022432612   0.044865224   0.000000000
  dxz         0    0.009674763  0.009674763   0.019349526   0.000000000
  dyz         0    0.005323652  0.005323652   0.010647304   0.000000000
   sum over m      0.056224209  0.056224209   0.112448419   0.000000000
   sum over m+mul  0.056224209  0.056224209   0.112448419   0.000000000

    3    C          Up spin      Down spin     Sum           Diff
            multiple
  s           0    0.522316694  0.522316694   1.044633387   0.000000000
   sum over m      0.522316694  0.522316694   1.044633387   0.000000000
  s           1    0.000732252  0.000732252   0.001464504   0.000000000
   sum over m      0.000732252  0.000732252   0.001464504   0.000000000
   sum over m+mul  0.523048946  0.523048946   1.046097891   0.000000000
  px          0    0.431888237  0.431888237   0.863776474   0.000000000
  py          0    0.438993661  0.438993661   0.877987322   0.000000000
  pz          0    0.471158276  0.471158276   0.942316551   0.000000000
   sum over m      1.342040174  1.342040174   2.684080347   0.000000000
  px          1    0.004434550  0.004434550   0.008869101   0.000000000
  py          1   -0.003420526 -0.003420526  -0.006841052   0.000000000
  pz          1   -0.008107660 -0.008107660  -0.016215321   0.000000000
   sum over m     -0.007093636 -0.007093636  -0.014187272   0.000000000
   sum over m+mul  1.334946538  1.334946538   2.669893075   0.000000000
  d3z^2-r^2   0    0.002404896  0.002404896   0.004809793   0.000000000
  dx^2-y^2    0    0.016388286  0.016388286   0.032776572   0.000000000
  dxy         0    0.022432612  0.022432612   0.044865224   0.000000000
  dxz         0    0.009674763  0.009674763   0.019349527   0.000000000
  dyz         0    0.005323652  0.005323652   0.010647304   0.000000000
   sum over m      0.056224209  0.056224209   0.112448419   0.000000000
   sum over m+mul  0.056224209  0.056224209   0.112448419   0.000000000

    4    C          Up spin      Down spin     Sum           Diff
            multiple
  s           0    0.522318972  0.522318972   1.044637943   0.000000000
   sum over m      0.522318972  0.522318972   1.044637943   0.000000000
  s           1    0.000741944  0.000741944   0.001483889   0.000000000
   sum over m      0.000741944  0.000741944   0.001483889   0.000000000
   sum over m+mul  0.523060916  0.523060916   1.046121832   0.000000000
  px          0    0.442523395  0.442523395   0.885046790   0.000000000
  py          0    0.428366732  0.428366732   0.856733465   0.000000000
  pz          0    0.471161479  0.471161479   0.942322958   0.000000000
   sum over m      1.342051607  1.342051607   2.684103214   0.000000000
  px          1   -0.007363967 -0.007363967  -0.014727934   0.000000000
  py          1    0.008371025  0.008371025   0.016742050   0.000000000
  pz          1   -0.008107902 -0.008107902  -0.016215804   0.000000000
   sum over m     -0.007100844 -0.007100844  -0.014201688   0.000000000
   sum over m+mul  1.334950763  1.334950763   2.669901525   0.000000000
  d3z^2-r^2   0    0.002405017  0.002405017   0.004810034   0.000000000
  dx^2-y^2    0    0.025456580  0.025456580   0.050913160   0.000000000
  dxy         0    0.013366890  0.013366890   0.026733781   0.000000000
  dxz         0    0.003147819  0.003147819   0.006295637   0.000000000
  dyz         0    0.011850577  0.011850577   0.023701155   0.000000000
   sum over m      0.056226884  0.056226884   0.112453768   0.000000000
   sum over m+mul  0.056226884  0.056226884   0.112453768   0.000000000

    5    C          Up spin      Down spin     Sum           Diff
            multiple
  s           0    0.522316693  0.522316693   1.044633385   0.000000000
   sum over m      0.522316693  0.522316693   1.044633385   0.000000000
  s           1    0.000732252  0.000732252   0.001464504   0.000000000
   sum over m      0.000732252  0.000732252   0.001464504   0.000000000
   sum over m+mul  0.523048945  0.523048945   1.046097889   0.000000000
  px          0    0.431888236  0.431888236   0.863776473   0.000000000
  py          0    0.438993661  0.438993661   0.877987322   0.000000000
  pz          0    0.471158276  0.471158276   0.942316551   0.000000000
   sum over m      1.342040173  1.342040173   2.684080346   0.000000000
  px          1    0.004434550  0.004434550   0.008869100   0.000000000
  py          1   -0.003420526 -0.003420526  -0.006841052   0.000000000
  pz          1   -0.008107660 -0.008107660  -0.016215321   0.000000000
   sum over m     -0.007093636 -0.007093636  -0.014187273   0.000000000
   sum over m+mul  1.334946537  1.334946537   2.669893074   0.000000000
  d3z^2-r^2   0    0.002404896  0.002404896   0.004809793   0.000000000
  dx^2-y^2    0    0.016388286  0.016388286   0.032776572   0.000000000
  dxy         0    0.022432612  0.022432612   0.044865224   0.000000000
  dxz         0    0.009674763  0.009674763   0.019349527   0.000000000
  dyz         0    0.005323652  0.005323652   0.010647304   0.000000000
   sum over m      0.056224209  0.056224209   0.112448419   0.000000000
   sum over m+mul  0.056224209  0.056224209   0.112448419   0.000000000

    6    C          Up spin      Down spin     Sum           Diff
            multiple
  s           0    0.522316693  0.522316693   1.044633386   0.000000000
   sum over m      0.522316693  0.522316693   1.044633386   0.000000000
  s           1    0.000732252  0.000732252   0.001464504   0.000000000
   sum over m      0.000732252  0.000732252   0.001464504   0.000000000
   sum over m+mul  0.523048945  0.523048945   1.046097889   0.000000000
  px          0    0.431888237  0.431888237   0.863776474   0.000000000
  py          0    0.438993661  0.438993661   0.877987322   0.000000000
  pz          0    0.471158276  0.471158276   0.942316551   0.000000000
   sum over m      1.342040173  1.342040173   2.684080346   0.000000000
  px          1    0.004434550  0.004434550   0.008869101   0.000000000
  py          1   -0.003420526 -0.003420526  -0.006841052   0.000000000
  pz          1   -0.008107660 -0.008107660  -0.016215321   0.000000000
   sum over m     -0.007093636 -0.007093636  -0.014187272   0.000000000
   sum over m+mul  1.334946537  1.334946537   2.669893074   0.000000000
  d3z^2-r^2   0    0.002404896  0.002404896   0.004809793   0.000000000
  dx^2-y^2    0    0.016388286  0.016388286   0.032776572   0.000000000
  dxy         0    0.022432612  0.022432612   0.044865224   0.000000000
  dxz         0    0.009674763  0.009674763   0.019349526   0.000000000
  dyz         0    0.005323652  0.005323652   0.010647304   0.000000000
   sum over m      0.056224209  0.056224209   0.112448419   0.000000000
   sum over m+mul  0.056224209  0.056224209   0.112448419   0.000000000

    7    H          Up spin      Down spin     Sum           Diff
            multiple
  s           0    0.521917269  0.521917269   1.043834538   0.000000000
   sum over m      0.521917269  0.521917269   1.043834538   0.000000000
  s           1    0.005611148  0.005611148   0.011222297   0.000000000
   sum over m      0.005611148  0.005611148   0.011222297   0.000000000
   sum over m+mul  0.527528418  0.527528418   1.055056835   0.000000000
  px          0    0.019665284  0.019665284   0.039330568   0.000000000
  py          0    0.016642692  0.016642692   0.033285384   0.000000000
  pz          0    0.021951661  0.021951661   0.043903322   0.000000000
   sum over m      0.058259637  0.058259637   0.116519274   0.000000000
   sum over m+mul  0.058259637  0.058259637   0.116519274   0.000000000

    8    H          Up spin      Down spin     Sum           Diff
            multiple
  s           0    0.521917269  0.521917269   1.043834538   0.000000000
   sum over m      0.521917269  0.521917269   1.043834538   0.000000000
  s           1    0.005611148  0.005611148   0.011222297   0.000000000
   sum over m      0.005611148  0.005611148   0.011222297   0.000000000
   sum over m+mul  0.527528418  0.527528418   1.055056835   0.000000000
  px          0    0.019665284  0.019665284   0.039330568   0.000000000
  py          0    0.016642692  0.016642692   0.033285384   0.000000000
  pz          0    0.021951661  0.021951661   0.043903323   0.000000000
   sum over m      0.058259637  0.058259637   0.116519275   0.000000000
   sum over m+mul  0.058259637  0.058259637   0.116519275   0.000000000

    9    H          Up spin      Down spin     Sum           Diff
            multiple
  s           0    0.521906986  0.521906986   1.043813973   0.000000000
   sum over m      0.521906986  0.521906986   1.043813973   0.000000000
  s           1    0.005609327  0.005609327   0.011218654   0.000000000
   sum over m      0.005609327  0.005609327   0.011218654   0.000000000
   sum over m+mul  0.527516313  0.527516313   1.055032627   0.000000000
  px          0    0.017399417  0.017399417   0.034798833   0.000000000
  py          0    0.018902118  0.018902118   0.037804236   0.000000000
  pz          0    0.021949152  0.021949152   0.043898305   0.000000000
   sum over m      0.058250687  0.058250687   0.116501374   0.000000000
   sum over m+mul  0.058250687  0.058250687   0.116501374   0.000000000

   10    H          Up spin      Down spin     Sum           Diff
            multiple
  s           0    0.521906986  0.521906986   1.043813973   0.000000000
   sum over m      0.521906986  0.521906986   1.043813973   0.000000000
  s           1    0.005609327  0.005609327   0.011218654   0.000000000
   sum over m      0.005609327  0.005609327   0.011218654   0.000000000
   sum over m+mul  0.527516313  0.527516313   1.055032626   0.000000000
  px          0    0.017399417  0.017399417   0.034798833   0.000000000
  py          0    0.018902118  0.018902118   0.037804236   0.000000000
  pz          0    0.021949152  0.021949152   0.043898305   0.000000000
   sum over m      0.058250687  0.058250687   0.116501374   0.000000000
   sum over m+mul  0.058250687  0.058250687   0.116501374   0.000000000

   11    H          Up spin      Down spin     Sum           Diff
            multiple
  s           0    0.521906986  0.521906986   1.043813972   0.000000000
   sum over m      0.521906986  0.521906986   1.043813972   0.000000000
  s           1    0.005609327  0.005609327   0.011218654   0.000000000
   sum over m      0.005609327  0.005609327   0.011218654   0.000000000
   sum over m+mul  0.527516313  0.527516313   1.055032626   0.000000000
  px          0    0.017399417  0.017399417   0.034798833   0.000000000
  py          0    0.018902118  0.018902118   0.037804236   0.000000000
  pz          0    0.021949152  0.021949152   0.043898305   0.000000000
   sum over m      0.058250687  0.058250687   0.116501375   0.000000000
   sum over m+mul  0.058250687  0.058250687   0.116501375   0.000000000

   12    H          Up spin      Down spin     Sum           Diff
            multiple
  s           0    0.521906987  0.521906987   1.043813973   0.000000000
   sum over m      0.521906987  0.521906987   1.043813973   0.000000000
  s           1    0.005609327  0.005609327   0.011218654   0.000000000
   sum over m      0.005609327  0.005609327   0.011218654   0.000000000
   sum over m+mul  0.527516313  0.527516313   1.055032627   0.000000000
  px          0    0.017399417  0.017399417   0.034798833   0.000000000
  py          0    0.018902118  0.018902118   0.037804236   0.000000000
  pz          0    0.021949152  0.021949152   0.043898305   0.000000000
   sum over m      0.058250687  0.058250687   0.116501374   0.000000000
   sum over m+mul  0.058250687  0.058250687   0.116501374   0.000000000

***********************************************************
***********************************************************
                    Dipole moment (Debye)                  
***********************************************************
***********************************************************

 Absolute D        0.00026145

                      Dx                Dy                Dz
 Total              0.00015094        0.00015095        0.00015095
 Core             864.57722373      864.57722373      864.57722373
 Electron        -864.57707279     -864.57707277     -864.57707278
 Back ground       -0.00000000       -0.00000000       -0.00000000

***********************************************************
***********************************************************
       xyz-coordinates (Ang) and forces (Hartree/Bohr)  
***********************************************************
***********************************************************

<coordinates.forces
  12
    1     C     4.60890   6.00000   6.00000   0.008779193116  0.000000000018 -0.000000000035
    2     C     5.30445   7.20473   6.00000   0.004227453364 -0.007489544435  0.000000000051
    3     C     6.69555   7.20473   6.00000  -0.004227453325 -0.007489544444 -0.000000000015
    4     C     7.39110   6.00000   6.00000  -0.008779193091 -0.000000000006  0.000000000007
    5     C     6.69555   4.79527   6.00000  -0.004227453332  0.007489544445  0.000000000000
    6     C     5.30445   4.79527   6.00000   0.004227453370  0.007489544446  0.000000000014
    7     H     3.51418   6.00000   6.00000  -0.002554728694 -0.000000000007 -0.000000000003
    8     H     8.48582   6.00000   6.00000   0.002554728600  0.000000000002 -0.000000000002
    9     H     4.75709   8.15278   6.00000  -0.001290379047  0.002229066868 -0.000000000007
   10     H     7.24291   8.15278   6.00000   0.001290379017  0.002229066844 -0.000000000006
   11     H     7.24291   3.84721   6.00000   0.001290379001 -0.002229066822 -0.000000000002
   12     H     4.75709   3.84721   6.00000  -0.001290379045 -0.002229066858 -0.000000000003
coordinates.forces>

***********************************************************
***********************************************************
       Fractional coordinates of the final structure       
***********************************************************
***********************************************************

     1      C     0.38407500000000   0.50000000000000   0.50000000000000
     2      C     0.44203750000000   0.60039416666667   0.50000000000000
     3      C     0.55796250000000   0.60039416666667   0.50000000000000
     4      C     0.61592500000000   0.50000000000000   0.50000000000000
     5      C     0.55796250000000   0.39960583333333   0.50000000000000
     6      C     0.44203750000000   0.39960583333333   0.50000000000000
     7      H     0.29284833333333   0.50000000000000   0.50000000000000
     8      H     0.70715166666667   0.50000000000000   0.50000000000000
     9      H     0.39642416666667   0.67939875000000   0.50000000000000
    10      H     0.60357583333333   0.67939875000000   0.50000000000000
    11      H     0.60357583333333   0.32060125000000   0.50000000000000
    12      H     0.39642416666667   0.32060125000000   0.50000000000000

***********************************************************
***********************************************************
                   Wannier functions                       
***********************************************************
***********************************************************

          Center of Wannier Function (Angs)   |   Spread (Angs^2) 
 WF   1 ( 4.52359911, 6.00000000, 6.00000000) |   1.02623148
 WF   2 ( 5.25857755,-4.71952275,-6.00000000) |   1.02614097
 WF   3 (-5.25857755,-4.71952275, 6.00000000) |   1.02614097
 WF   4 (-4.52359911, 6.00000000,-6.00000000) |   1.02623148
 WF   5 (-5.25857755, 4.71952275, 6.00000000) |   1.02614097
 WF   6 ( 5.25857755, 4.71952275,-6.00000000) |   1.02614097

 Total Center (-0.00000000,12.00000000,-0.00000000)
 Sum.of.Spreads.  6.157026839077659

The component of spread function is:
 Omega I     =  6.106819140907
 Omega D     =  0.000000000000
 Omega OD    =  0.050207698170
 Total.Omega.=  6.157026839077769

***********************************************************
***********************************************************
               Computational Time (second)                 
***********************************************************
***********************************************************

   Elapsed.Time.        29.460

                               Min_ID   Min_Time       Max_ID   Max_Time
   Total Computational Time =     9       27.762          0       29.460
   readfile                 =     9        2.318         14        2.328
   truncation               =    22        0.253          7        0.371
   MD_pac                   =     0        0.005         23        0.007
   OutData                  =     0        7.644         15        9.799
   HWF                      =     0        0.000          0        0.000
   DFT                      =     7        5.596         22        5.714

*** In DFT ***

   Set_OLP_Kin              =    23        0.048          7        0.160
   Set_Nonlocal             =     7        0.161         23        0.274
   Set_ProExpn_VNA          =    22        0.741          0        0.790
   Set_Hamiltonian          =    14        1.459          9        1.459
   Poisson                  =    20        0.196          8        0.197
   Diagonalization          =    20        0.111         12        0.116
   Mixing_DM                =    13        0.710          5        0.710
   Force                    =     1        0.170         18        0.170
   Total_Energy             =     6        0.143          0        0.144
   Set_Aden_Grid            =     0        0.053         27        0.108
   Set_Orbitals_Grid        =    12        0.000         10        0.121
   Set_Density_Grid         =    26        0.345         12        0.752
   RestartFileDFT           =    26        0.080          3        0.408
   Mulliken_Charge          =     4        0.004          9        0.005
   FFT(2D)_Density          =    26        0.292         17        0.292
   Others                   =     8        0.098         26        1.032
