***********************************************************
***********************************************************

  This calculation was performed by OpenMX Ver. 4.0
  using 28 MPI processes and 1 OpenMP threads.

  Fri Apr 10 17:02:38 2026

***********************************************************
***********************************************************

#
# File Name
#

System.CurrrentDirectory         ./    # default=./
System.Name                      Si    # 
level.of.stdout                   1    # default=1 (1-3)
level.of.fileout                  1    # default=1 (0-2)

#
# Definition of Atomic Species
#

Species.Number       2
<Definition.of.Atomic.Species
 Si     Si7.0-s2p2d1      Si_CA19
 proj1  Si7.0-s1p1d1f1    Si_CA19
Definition.of.Atomic.Species>

#
# Atoms
#

Atoms.Number         2
Atoms.SpeciesAndCoordinates.Unit   FRAC # Ang|AU
<Atoms.SpeciesAndCoordinates           
   1   Si    0.25000000000000    0.25000000000000    0.25000000000000     2.0     2.0     
   2   Si    0.00000000000000    0.00000000000000    0.00000000000000     2.0     2.0     
Atoms.SpeciesAndCoordinates>
Atoms.UnitVectors.Unit             AU # Ang|AU
<Atoms.UnitVectors                     
 5.10   0.00   5.10
 0.00   5.10   5.10
 5.10   5.10   0.00
Atoms.UnitVectors>

#
# SCF or Electronic System
#

scf.XcType                 LSDA-CA     # LDA|LSDA-CA|LSDA-PW|GGA-PBE
scf.SpinPolarization        off        # On|Off|NC
scf.SpinOrbit.Coupling      off        # On|Off, default=off       
scf.ElectronicTemperature  300.0       # default=300 (K)
scf.energycutoff           350.0       # default=150 (Ry)
scf.maxIter                  40        # default=40
scf.EigenvalueSolver       band        # DC|GDC|Cluster|Band
scf.Kgrid                  5 5 5       # means n1 x n2 x n3
scf.Mixing.Type           rmm-diisk    # Simple|Rmm-Diis|Gr-Pulay|Kerker|Rmm-Diisk
scf.Init.Mixing.Weight     0.20        # default=0.30 
scf.Min.Mixing.Weight      0.001       # default=0.001 
scf.Max.Mixing.Weight      0.500       # default=0.40 
scf.Mixing.History          7          # default=5
scf.Mixing.StartPulay       7          # default=6
scf.Mixing.EveryPulay       1          # default=6
scf.criterion             1.0e-12      # default=1.0e-6 (Hartree) 
scf.lapack.dste            dstevx      # dstevx|dstedc|dstegr,default=dstevx

#
# MD or Geometry Optimization
#

MD.Type                      nomd      # Nomd|Constant_Energy_MD|Opt
MD.maxIter                    1        # default=1
MD.TimeStep                   1        # default=0.5 (fs)
MD.Opt.criterion         1.0e-5        # default=1.0e-4 (Hartree/bohr)

#
# Band dispersion 
#

Band.dispersion              on        # on|off, default=off
<Band.KPath.UnitCell
 10.20   0.00  0.00
 0.00   10.20  0.00
 0.00   0.00   10.20 
Band.KPath.UnitCell>
# if <Band.KPath.UnitCell does not exist,
#     the reciprical lattice vector is employed. 
Band.Nkpath                4
<Band.kpath
   25  0.5 0.5 0.5   0.0 0.0 0.0   L G
   25  0.0 0.0 0.0   1.0 0.0 0.0   G X
   25  1.0 0.0 0.0   0.75 0.75 0.0 X K
   25  0.75 0.75 0.0 0.0 0.0 0.0   K G
Band.kpath>
#   25  1.0 0.5 0.0   0.5 0.5 0.5   W L
#   25  1.0 0.0 0.0   1.0 0.5 0.0   X W
#   25  1.0 0.5 0.0   0.75 0.75 0.0   W K
#
# MO output
#

MO.fileout                       off   # on|off
num.HOMOs                         4    # default=2
num.LUMOs                         1    # default=2

MO.Nkpoint                        1    # default=1 
<MO.kpoint
  0.0  0.0  0.0
MO.kpoint>

#
# DOS and PDOS
#

Dos.fileout                  off       # on|off, default=off
Dos.Erange              -20.0  20.0    # default = -20 20 
Dos.Kgrid                12 12 12      # default = Kgrid1 Kgrid2 Kgrid3

HS.fileout               off     # on|off, default=off


#
# Generation of Wannier functions
#


Wannier.Func.Calc        on             # on|off, default=off 
Wannier.Func.Num          8             # default=0
Wannier.Outer.Window.Bottom -14.0       # default=-10.0 (eV)
Wannier.Outer.Window.Top     11.0       # default= 10.0 (eV)
Wannier.Inner.Window.Bottom   0.0       # default= 0.0 (eV)
Wannier.Inner.Window.Top      0.0       # default= 0.0 (eV)
Wannier.Initial.Guess          on       # on|off, default=on

Wannier.Initial.Projectors.Unit FRAC    # AU, ANG or FRAC 
<Wannier.Initial.Projectors
 proj1-sp3 0.250 0.250 0.250 -1.0 0.0 0.0  0.0 0.0 -1.0
 proj1-sp3 0.000 0.000 0.000  0.0 0.0 1.0  1.0 0.0  0.0
Wannier.Initial.Projectors>

Wannier.Kgrid   8 8 8                        # default=4x4x4
Wannier.MaxShells   12                       # default=12
Wannier.Interpolated.Bands              on   # on|off, default=off

Wannier.Function.Plot                   on   # on|off, default=off
Wannier.Function.Plot.SuperCells     1 1 1   # default=0 0 0 



Wannier.Dis.Mixing.Para                0.5    # default=0.5  
Wannier.Dis.Conv.Criterion             1e-10  # default=1e-8
Wannier.Dis.SCF.Max.Steps              2000   # default=200
Wannier.Minimizing.Max.Steps            200   # default=200
Wannier.Minimizing.Scheme                2    # 0=SD, 1=CG, 2=SD+CG
Wannier.Minimizing.StepLength           0.1   # default=2.0
Wannier.Minimizing.Secant.Steps          5    # default=5   
Wannier.Minimizing.Secant.StepLength    0.5   # default=2.0 
Wannier.Minimizing.Conv.Criterion      1e-8   # default=1e-8 

Wannier.Readin.Overlap.Matrix          off   # on|off, default=off

scf.restart    off



***********************************************************
***********************************************************

  Required cutoff energy (Ryd) for 3D-grids = 350.0000
      Used cutoff energy (Ryd) for 3D-grids = 348.6236, 348.6236, 348.6236
  Num. of grids of a-, b-, and c-axes = 35, 35, 35

  Num.Grid1.    35
  Num.Grid2.    35
  Num.Grid3.    35


  Cell_Volume =    265.302000000000 (Bohr^3)
  GridVol     =      0.006187801749 (Bohr^3)
  Cell vectors (bohr) of the grid cell (gtv)
    gtv_a =  0.145714285714,  0.000000000000,  0.145714285714
    gtv_b =  0.000000000000,  0.145714285714,  0.145714285714
    gtv_c =  0.145714285714,  0.145714285714,  0.000000000000
    |gtv_a| =  0.206071119089
    |gtv_b| =  0.206071119089
    |gtv_c| =  0.206071119089

***********************************************************
***********************************************************


***********************************************************
***********************************************************
                  SCF history at MD= 1                    
***********************************************************
***********************************************************

   SCF=   1  NormRD=  1.000000000000  Uele= -2.378825595782
   SCF=   2  NormRD=  0.881863285116  Uele= -2.378825595782
   SCF=   3  NormRD=  0.442732446644  Uele= -2.445288096472
   SCF=   4  NormRD=  0.224112647150  Uele= -2.469645184948
   SCF=   5  NormRD=  0.113837642448  Uele= -2.478606522470
   SCF=   6  NormRD=  0.057882571960  Uele= -2.481872800907
   SCF=   7  NormRD=  0.029454773713  Uele= -2.483033361917
   SCF=   8  NormRD=  0.000515998135  Uele= -2.483707708372
   SCF=   9  NormRD=  0.000032094011  Uele= -2.483552483891
   SCF=  10  NormRD=  0.000004945753  Uele= -2.483552011315
   SCF=  11  NormRD=  0.000000565678  Uele= -2.483551643208
   SCF=  12  NormRD=  0.000000070069  Uele= -2.483551608232
   SCF=  13  NormRD=  0.000000003035  Uele= -2.483551603552
   SCF=  14  NormRD=  0.000000000000  Uele= -2.483551603341
   SCF=  15  NormRD=  0.000000000000  Uele= -2.483551603341

*******************************************************
        Total energy (Hartree) at MD = 1        
*******************************************************

  Uele.         -2.483551603341

  Ukin.          3.066039411340
  UH0.        -146.847338448912
  UH1.           0.029821171372
  Una.          -3.420342836318
  Unl.           1.189631879530
  Uxc0.         -1.424943874385
  Uxc1.         -1.424943874385
  Ucore.       140.557475303542
  Uhub.          0.000000000000
  Ucs.           0.000000000000
  Uzs.           0.000000000000
  Uzo.           0.000000000000
  Uef.           0.000000000000
  UvdW.          0.000000000000
  Uch.           0.000000000000
  Utot.         -8.274601268216

  UpV.           0.000000000000
  Enpy.         -8.274601268216
  Note:

  Utot = Ukin+UH0+UH1+Una+Unl+Uxc0+Uxc1+Ucore+Uhub+Ucs+Uzs+Uzo+Uef+UvdW+Uch

  Uele:   band energy
  Ukin:   kinetic energy
  UH0:    electric part of screened Coulomb energy
  UH1:    difference electron-electron Coulomb energy
  Una:    neutral atom potential energy
  Unl:    non-local potential energy
  Uxc0:   exchange-correlation energy for alpha spin
  Uxc1:   exchange-correlation energy for beta spin
  Ucore:  core-core Coulomb energy
  Uhub:   LDA+U energy
  Ucs:    constraint energy for spin orientation
  Uzs:    Zeeman term for spin magnetic moment
  Uzo:    Zeeman term for orbital magnetic moment
  Uef:    electric energy by electric field
  UvdW:   semi-empirical vdW energy
  Uch:    penalty term to create a core hole

  UpV:    pressure times volume
  Enpy:   Enthalpy = Utot + UpV
  (see also PRB 72, 045121(2005) for the energy contributions)



  Chemical potential (Hartree)      -0.112733764720

***********************************************************
***********************************************************
           Eigenvalues (Hartree) of SCF KS-eq.           
***********************************************************
***********************************************************

   Chemical Potential (Hartree) =  -0.11273376471963
   Number of States             =   8.00000000000056
   Eigenvalues
              Up-spin           Down-spin

   kloop=0
   k1=   0.00000 k2=  -0.00000 k3=   0.00000

    1   -0.56637157969644  -0.56637157969644
    2   -0.12252102005868  -0.12252102005868
    3   -0.12252101999710  -0.12252101999710
    4   -0.12252101999620  -0.12252101999620
    5   -0.02659837635243  -0.02659837635243
    6   -0.02659837609543  -0.02659837609543
    7   -0.02659837609441  -0.02659837609441
    8    0.02596654367845   0.02596654367845
    9    0.17054770500648   0.17054770500648
   10    0.17054770588934   0.17054770588934
   11    0.30335199475538   0.30335199475538
   12    0.41812276080312   0.41812276080312
   13    0.41812276080540   0.41812276080540
   14    0.41812276133748   0.41812276133748
   15    0.78503177222209   0.78503177222209
   16    0.78503177447821   0.78503177447821
   17    0.87786243126212   0.87786243126212
   18    0.87786243126555   0.87786243126555
   19    0.87786243141691   0.87786243141691
   20    1.18038402236238   1.18038402236238
   21    1.18038402576353   1.18038402576353
   22    1.18038402576642   1.18038402576642
   23    1.81150481644333   1.81150481644333
   24    1.81150482215260   1.81150482215260
   25    1.81150482231335   1.81150482231335
   26    2.52868997048044   2.52868997048044

   kloop=1
   k1=   0.00000 k2=  -0.00000 k3=   0.20000

    1   -0.54731142810163  -0.54731142810163
    2   -0.23428699432532  -0.23428699432532
    3   -0.14393633457842  -0.14393633457842
    4   -0.14393633447236  -0.14393633447236
    5   -0.03512669431192  -0.03512669431192
    6    0.00400765887861   0.00400765887861
    7    0.00400765937261   0.00400765937261
    8    0.11871260700256   0.11871260700256
    9    0.16173496524343   0.16173496524343
   10    0.16173496628764   0.16173496628764
   11    0.33114344409924   0.33114344409924
   12    0.39703846603342   0.39703846603342
   13    0.47117595316878   0.47117595316878
   14    0.47117595416651   0.47117595416651
   15    0.70472820185628   0.70472820185628
   16    0.70472820346386   0.70472820346386
   17    0.76256612191979   0.76256612191979
   18    0.86706078065124   0.86706078065124
   19    0.86706078173819   0.86706078173819
   20    1.02990253781188   1.02990253781188
   21    1.14243257638028   1.14243257638028
   22    1.14243258046171   1.14243258046171
   23    2.69432606497260   2.69432606497260
   24    2.73491286106471   2.73491286106471
   25    2.73491289762197   2.73491289762197
   26    4.00059671674475   4.00059671674475

   kloop=2
   k1=   0.00000 k2=  -0.00000 k3=   0.40000

    1   -0.49640554486998  -0.49640554486998
    2   -0.35640071125695  -0.35640071125695
    3   -0.16412108393887  -0.16412108393887
    4   -0.16412108342208  -0.16412108342208
    5   -0.05752108617111  -0.05752108617111
    6    0.00779870541403   0.00779870541403
    7    0.00779870727382   0.00779870727382
    8    0.23107726746032   0.23107726746032
    9    0.23107726849356   0.23107726849356
   10    0.23472531566900   0.23472531566900
   11    0.30865971571017   0.30865971571017
   12    0.39420170160111   0.39420170160111
   13    0.39420170162816   0.39420170162816
   14    0.48955884733329   0.48955884733329
   15    0.65539739531847   0.65539739531847
   16    0.70039254094631   0.70039254094631
   17    0.70039254229161   0.70039254229161
   18    0.85626498808928   0.85626498808928
   19    0.85626498910745   0.85626498910745
   20    0.87206660471368   0.87206660471368
   21    1.16599655568550   1.16599655568550
   22    1.16599657390821   1.16599657390821
   23    1.54675034112631   1.54675034112631
   24    1.54675038082229   1.54675038082229
   25    2.96565107599179   2.96565107599179
   26    4.14168168531391   4.14168168531391

   kloop=3
   k1=   0.00000 k2=   0.20000 k3=   0.00000

    1   -0.54731142810234  -0.54731142810234
    2   -0.23428699432251  -0.23428699432251
    3   -0.14393633457971  -0.14393633457971
    4   -0.14393633446991  -0.14393633446991
    5   -0.03512669431134  -0.03512669431134
    6    0.00400765887834   0.00400765887834
    7    0.00400765937164   0.00400765937164
    8    0.11871260699990   0.11871260699990
    9    0.16173496524280   0.16173496524280
   10    0.16173496628766   0.16173496628766
   11    0.33114344409817   0.33114344409817
   12    0.39703846603502   0.39703846603502
   13    0.47117595317622   0.47117595317622
   14    0.47117595415750   0.47117595415750
   15    0.70472820183337   0.70472820183337
   16    0.70472820349119   0.70472820349119
   17    0.76256612192810   0.76256612192810
   18    0.86706078064441   0.86706078064441
   19    0.86706078174657   0.86706078174657
   20    1.02990253782075   1.02990253782075
   21    1.14243257640480   1.14243257640480
   22    1.14243258044496   1.14243258044496
   23    2.69432606574783   2.69432606574783
   24    2.73491286114377   2.73491286114377
   25    2.73491289742275   2.73491289742275
   26    4.00059671670295   4.00059671670295

   kloop=4
   k1=   0.00000 k2=   0.20000 k3=   0.20000

    1   -0.54080593373544  -0.54080593373544
    2   -0.21896897598369  -0.21896897598369
    3   -0.17802133891386  -0.17802133891386
    4   -0.17802133885389  -0.17802133885389
    5   -0.06739929212697  -0.06739929212697
    6    0.04592810311655   0.04592810311655
    7    0.06096567998451   0.06096567998451
    8    0.06096568015488   0.06096568015488
    9    0.15831849312998   0.15831849312998
   10    0.20306473421969   0.20306473421969
   11    0.33213770654644   0.33213770654644
   12    0.42778064965903   0.42778064965903
   13    0.42778064966601   0.42778064966601
   14    0.51222988176292   0.51222988176292
   15    0.67539175795151   0.67539175795151
   16    0.68455832233379   0.68455832233379
   17    0.68455832360251   0.68455832360251
   18    0.71941681127521   0.71941681127521
   19    0.90350514140033   0.90350514140033
   20    0.99093859301474   0.99093859301474
   21    0.99093859570837   0.99093859570837
   22    1.40988103982590   1.40988103982590
   23    2.50597167043946   2.50597167043946
   24    2.87616198246654   2.87616198246654
   25    4.19299184328344   4.19299184328344
   26    4.19299195432440   4.19299195432440

   kloop=5
   k1=   0.00000 k2=   0.20000 k3=   0.40000

    1   -0.49822113089008  -0.49822113089008
    2   -0.31956243022793  -0.31956243022793
    3   -0.22060908966045  -0.22060908966045
    4   -0.19685694780910  -0.19685694780910
    5   -0.05377649907552  -0.05377649907552
    6    0.04574001261770   0.04574001261770
    7    0.06600665727471   0.06600665727471
    8    0.08306287520493   0.08306287520493
    9    0.27377674798061   0.27377674798061
   10    0.27937928294974   0.27937928294974
   11    0.32435983230025   0.32435983230025
   12    0.36958375212303   0.36958375212303
   13    0.48451076752617   0.48451076752617
   14    0.51622082452561   0.51622082452561
   15    0.60470768159491   0.60470768159491
   16    0.62154025017242   0.62154025017242
   17    0.67363918774179   0.67363918774179
   18    0.71707529285594   0.71707529285594
   19    0.82940579309651   0.82940579309651
   20    0.94411943798926   0.94411943798926
   21    0.94511723190858   0.94511723190858
   22    1.39386294700244   1.39386294700244
   23    2.17202578392734   2.17202578392734
   24    3.20662787564764   3.20662787564764
   25    3.34059759348076   3.34059759348076
   26    4.38490070987846   4.38490070987846

   kloop=6
   k1=   0.00000 k2=   0.20000 k3=   0.60000

    1   -0.46488775479741  -0.46488775479741
    2   -0.37199874160775  -0.37199874160775
    3   -0.25109608856963  -0.25109608856963
    4   -0.18613760488211  -0.18613760488211
    5   -0.04344220286541  -0.04344220286541
    6    0.05535576886905   0.05535576886905
    7    0.06141283936343   0.06141283936343
    8    0.17026514857920   0.17026514857920
    9    0.20487316445514   0.20487316445514
   10    0.21011412893474   0.21011412893474
   11    0.41571334850262   0.41571334850262
   12    0.43218273468870   0.43218273468870
   13    0.45834127519974   0.45834127519974
   14    0.49853306204101   0.49853306204101
   15    0.61150698420070   0.61150698420070
   16    0.63278716226975   0.63278716226975
   17    0.66381519938311   0.66381519938311
   18    0.72254793030051   0.72254793030051
   19    0.84433829027572   0.84433829027572
   20    0.94133883017639   0.94133883017639
   21    0.99516477999921   0.99516477999921
   22    1.14752890028379   1.14752890028379
   23    2.39461577106239   2.39461577106239
   24    2.41280144965377   2.41280144965377
   25    3.63273782636342   3.63273782636342
   26    4.21162079483808   4.21162079483808

   kloop=7
   k1=   0.00000 k2=   0.20000 k3=   0.80000

    1   -0.51635687029954  -0.51635687029954
    2   -0.28838003023788  -0.28838003023788
    3   -0.23517879418507  -0.23517879418507
    4   -0.15348646169386  -0.15348646169386
    5   -0.01221806521329  -0.01221806521329
    6    0.02938086425324   0.02938086425324
    7    0.04204687248638   0.04204687248638
    8    0.11405606456586   0.11405606456586
    9    0.13009648750875   0.13009648750875
   10    0.29380436877756   0.29380436877756
   11    0.31361505998748   0.31361505998748
   12    0.42828957092309   0.42828957092309
   13    0.46412918997454   0.46412918997454
   14    0.52872473011429   0.52872473011429
   15    0.60134612346295   0.60134612346295
   16    0.65803328124453   0.65803328124453
   17    0.65855843826588   0.65855843826588
   18    0.78499399832944   0.78499399832944
   19    0.90367625539141   0.90367625539141
   20    0.99531497760556   0.99531497760556
   21    1.00172329400523   1.00172329400523
   22    1.46652779278998   1.46652779278998
   23    2.49144746380731   2.49144746380731
   24    2.56335347889374   2.56335347889374
   25    3.97832540304650   3.97832540304650
   26    4.56978032055640   4.56978032055640

   kloop=8
   k1=   0.00000 k2=   0.40000 k3=   0.00000

    1   -0.49640554487107  -0.49640554487107
    2   -0.35640071125512  -0.35640071125512
    3   -0.16412108393939  -0.16412108393939
    4   -0.16412108342118  -0.16412108342118
    5   -0.05752108617097  -0.05752108617097
    6    0.00779870541406   0.00779870541406
    7    0.00779870727421   0.00779870727421
    8    0.23107726745688   0.23107726745688
    9    0.23107726849246   0.23107726849246
   10    0.23472531566734   0.23472531566734
   11    0.30865971571016   0.30865971571016
   12    0.39420170160489   0.39420170160489
   13    0.39420170163052   0.39420170163052
   14    0.48955884733142   0.48955884733142
   15    0.65539739532324   0.65539739532324
   16    0.70039254097449   0.70039254097449
   17    0.70039254226057   0.70039254226057
   18    0.85626498810859   0.85626498810859
   19    0.85626498908798   0.85626498908798
   20    0.87206660471070   0.87206660471070
   21    1.16599655572114   1.16599655572114
   22    1.16599657390697   1.16599657390697
   23    1.54675034121251   1.54675034121251
   24    1.54675038086510   1.54675038086510
   25    2.96565107582669   2.96565107582669
   26    4.14168168694433   4.14168168694433

   kloop=9
   k1=   0.00000 k2=   0.40000 k3=   0.20000

    1   -0.49822113089076  -0.49822113089076
    2   -0.31956243022605  -0.31956243022605
    3   -0.22060908966062  -0.22060908966062
    4   -0.19685694780958  -0.19685694780958
    5   -0.05377649907647  -0.05377649907647
    6    0.04574001261398   0.04574001261398
    7    0.06600665727714   0.06600665727714
    8    0.08306287520691   0.08306287520691
    9    0.27377674797937   0.27377674797937
   10    0.27937928294808   0.27937928294808
   11    0.32435983230216   0.32435983230216
   12    0.36958375212518   0.36958375212518
   13    0.48451076752485   0.48451076752485
   14    0.51622082452533   0.51622082452533
   15    0.60470768159227   0.60470768159227
   16    0.62154025017626   0.62154025017626
   17    0.67363918774145   0.67363918774145
   18    0.71707529285249   0.71707529285249
   19    0.82940579309992   0.82940579309992
   20    0.94411943798831   0.94411943798831
   21    0.94511723190955   0.94511723190955
   22    1.39386294705735   1.39386294705735
   23    2.17202578392911   2.17202578392911
   24    3.20662787566017   3.20662787566017
   25    3.34059759332139   3.34059759332139
   26    4.38490070993805   4.38490070993805

   kloop=10
   k1=   0.00000 k2=   0.40000 k3=   0.40000

    1   -0.46569526880864  -0.46569526880864
    2   -0.35116712528310  -0.35116712528310
    3   -0.22294453606152  -0.22294453606152
    4   -0.22294453602393  -0.22294453602393
    5   -0.10228798052274  -0.10228798052274
    6   -0.06939102030734  -0.06939102030734
    7    0.19708277170110   0.19708277170110
    8    0.19708277187376   0.19708277187376
    9    0.30239407507272   0.30239407507272
   10    0.30904057799112   0.30904057799112
   11    0.34976108916932   0.34976108916932
   12    0.34976108961882   0.34976108961882
   13    0.40960274073069   0.40960274073069
   14    0.46981119564624   0.46981119564624
   15    0.63063151532346   0.63063151532346
   16    0.63485120065466   0.63485120065466
   17    0.66712073793603   0.66712073793603
   18    0.66712073846063   0.66712073846063
   19    0.84516382910797   0.84516382910797
   20    0.84992089020820   0.84992089020820
   21    0.84992089288558   0.84992089288558
   22    0.85554353883057   0.85554353883057
   23    3.21944147256749   3.21944147256749
   24    3.36215540233831   3.36215540233831
   25    4.56925105521135   4.56925105521135
   26    4.56925116878369   4.56925116878369

   kloop=11
   k1=   0.00000 k2=   0.40000 k3=   0.60000

    1   -0.42035728174612  -0.42035728174612
    2   -0.39824703270204  -0.39824703270204
    3   -0.27548920948420  -0.27548920948420
    4   -0.21848454660753  -0.21848454660753
    5   -0.08381937535820  -0.08381937535820
    6    0.00032247369394   0.00032247369394
    7    0.18736019343927   0.18736019343927
    8    0.20399382256205   0.20399382256205
    9    0.21659967020035   0.21659967020035
   10    0.22371956697113   0.22371956697113
   11    0.42167528676079   0.42167528676079
   12    0.44193619052827   0.44193619052827
   13    0.45723940301579   0.45723940301579
   14    0.48753262893799   0.48753262893799
   15    0.59273215571355   0.59273215571355
   16    0.60688327853485   0.60688327853485
   17    0.66845634531712   0.66845634531712
   18    0.76834226028704   0.76834226028704
   19    0.77391309741946   0.77391309741946
   20    0.81760106704230   0.81760106704230
   21    0.88485720465635   0.88485720465635
   22    0.89595458364472   0.89595458364472
   23    3.00539404626951   3.00539404626951
   24    3.64859189526474   3.64859189526474
   25    4.20534380355607   4.20534380355607
   26    4.24504375067197   4.24504375067197

   kloop=12
   k1=   0.00000 k2=   0.40000 k3=   0.80000

    1   -0.46488775479746  -0.46488775479746
    2   -0.37199874160778  -0.37199874160778
    3   -0.25109608856968  -0.25109608856968
    4   -0.18613760488212  -0.18613760488212
    5   -0.04344220286540  -0.04344220286540
    6    0.05535576886907   0.05535576886907
    7    0.06141283936348   0.06141283936348
    8    0.17026514857923   0.17026514857923
    9    0.20487316445507   0.20487316445507
   10    0.21011412893462   0.21011412893462
   11    0.41571334850246   0.41571334850246
   12    0.43218273468856   0.43218273468856
   13    0.45834127519988   0.45834127519988
   14    0.49853306204141   0.49853306204141
   15    0.61150698420108   0.61150698420108
   16    0.63278716226930   0.63278716226930
   17    0.66381519938261   0.66381519938261
   18    0.72254793030094   0.72254793030094
   19    0.84433829027550   0.84433829027550
   20    0.94133883017972   0.94133883017972
   21    0.99516478000266   0.99516478000266
   22    1.14752890028677   1.14752890028677
   23    2.39461577111434   2.39461577111434
   24    2.41280144964774   2.41280144964774
   25    3.63273782579472   3.63273782579472
   26    4.21162079531168   4.21162079531168

   kloop=13
   k1=   0.20000 k2=  -0.00000 k3=   0.00000

    1   -0.54731142810185  -0.54731142810185
    2   -0.23428699432434  -0.23428699432434
    3   -0.14393633457792  -0.14393633457792
    4   -0.14393633447244  -0.14393633447244
    5   -0.03512669431172  -0.03512669431172
    6    0.00400765887841   0.00400765887841
    7    0.00400765937239   0.00400765937239
    8    0.11871260700173   0.11871260700173
    9    0.16173496524254   0.16173496524254
   10    0.16173496628830   0.16173496628830
   11    0.33114344409893   0.33114344409893
   12    0.39703846603433   0.39703846603433
   13    0.47117595317632   0.47117595317632
   14    0.47117595415857   0.47117595415857
   15    0.70472820182545   0.70472820182545
   16    0.70472820349592   0.70472820349592
   17    0.76256612192147   0.76256612192147
   18    0.86706078065470   0.86706078065470
   19    0.86706078173685   0.86706078173685
   20    1.02990253781857   1.02990253781857
   21    1.14243257638091   1.14243257638091
   22    1.14243258045220   1.14243258045220
   23    2.69432606539729   2.69432606539729
   24    2.73491286107039   2.73491286107039
   25    2.73491289755272   2.73491289755272
   26    4.00059671691803   4.00059671691803

   kloop=14
   k1=   0.20000 k2=  -0.00000 k3=   0.20000

    1   -0.54080593373482  -0.54080593373482
    2   -0.21896897598503  -0.21896897598503
    3   -0.17802133891453  -0.17802133891453
    4   -0.17802133885450  -0.17802133885450
    5   -0.06739929212751  -0.06739929212751
    6    0.04592810311544   0.04592810311544
    7    0.06096567998580   0.06096567998580
    8    0.06096568015613   0.06096568015613
    9    0.15831849313112   0.15831849313112
   10    0.20306473422030   0.20306473422030
   11    0.33213770654701   0.33213770654701
   12    0.42778064965913   0.42778064965913
   13    0.42778064966609   0.42778064966609
   14    0.51222988176584   0.51222988176584
   15    0.67539175795055   0.67539175795055
   16    0.68455832233170   0.68455832233170
   17    0.68455832360049   0.68455832360049
   18    0.71941681127448   0.71941681127448
   19    0.90350514139917   0.90350514139917
   20    0.99093859301365   0.99093859301365
   21    0.99093859571088   0.99093859571088
   22    1.40988103990198   1.40988103990198
   23    2.50597167044760   2.50597167044760
   24    2.87616198248130   2.87616198248130
   25    4.19299184441832   4.19299184441832
   26    4.19299195422903   4.19299195422903

   kloop=15
   k1=   0.20000 k2=  -0.00000 k3=   0.40000

    1   -0.49822113088953  -0.49822113088953
    2   -0.31956243022810  -0.31956243022810
    3   -0.22060908966150  -0.22060908966150
    4   -0.19685694780971  -0.19685694780971
    5   -0.05377649907637  -0.05377649907637
    6    0.04574001261557   0.04574001261557
    7    0.06600665727684   0.06600665727684
    8    0.08306287520654   0.08306287520654
    9    0.27377674798158   0.27377674798158
   10    0.27937928295115   0.27937928295115
   11    0.32435983230071   0.32435983230071
   12    0.36958375212226   0.36958375212226
   13    0.48451076752735   0.48451076752735
   14    0.51622082452579   0.51622082452579
   15    0.60470768159313   0.60470768159313
   16    0.62154025017343   0.62154025017343
   17    0.67363918774190   0.67363918774190
   18    0.71707529285438   0.71707529285438
   19    0.82940579309690   0.82940579309690
   20    0.94411943799140   0.94411943799140
   21    0.94511723191050   0.94511723191050
   22    1.39386294704422   1.39386294704422
   23    2.17202578405644   2.17202578405644
   24    3.20662787582292   3.20662787582292
   25    3.34059759324777   3.34059759324777
   26    4.38490070951784   4.38490070951784

   kloop=16
   k1=   0.20000 k2=  -0.00000 k3=   0.60000

    1   -0.46488775479692  -0.46488775479692
    2   -0.37199874160763  -0.37199874160763
    3   -0.25109608857106  -0.25109608857106
    4   -0.18613760488256  -0.18613760488256
    5   -0.04344220286599  -0.04344220286599
    6    0.05535576887095   0.05535576887095
    7    0.06141283936496   0.06141283936496
    8    0.17026514857751   0.17026514857751
    9    0.20487316445431   0.20487316445431
   10    0.21011412893413   0.21011412893413
   11    0.41571334850475   0.41571334850475
   12    0.43218273468991   0.43218273468991
   13    0.45834127520221   0.45834127520221
   14    0.49853306204220   0.49853306204220
   15    0.61150698420056   0.61150698420056
   16    0.63278716226697   0.63278716226697
   17    0.66381519938082   0.66381519938082
   18    0.72254793030095   0.72254793030095
   19    0.84433829027592   0.84433829027592
   20    0.94133883017900   0.94133883017900
   21    0.99516477999862   0.99516477999862
   22    1.14752890028103   1.14752890028103
   23    2.39461577083954   2.39461577083954
   24    2.41280144969373   2.41280144969373
   25    3.63273782584752   3.63273782584752
   26    4.21162079507861   4.21162079507861

   kloop=17
   k1=   0.20000 k2=  -0.00000 k3=   0.80000

    1   -0.51635687029908  -0.51635687029908
    2   -0.28838003023874  -0.28838003023874
    3   -0.23517879418569  -0.23517879418569
    4   -0.15348646169416  -0.15348646169416
    5   -0.01221806521355  -0.01221806521355
    6    0.02938086425378   0.02938086425378
    7    0.04204687248695   0.04204687248695
    8    0.11405606456597   0.11405606456597
    9    0.13009648750878   0.13009648750878
   10    0.29380436877917   0.29380436877917
   11    0.31361505998635   0.31361505998635
   12    0.42828957092285   0.42828957092285
   13    0.46412918997538   0.46412918997538
   14    0.52872473011460   0.52872473011460
   15    0.60134612346163   0.60134612346163
   16    0.65803328124459   0.65803328124459
   17    0.65855843826497   0.65855843826497
   18    0.78499399832866   0.78499399832866
   19    0.90367625539157   0.90367625539157
   20    0.99531497759761   0.99531497759761
   21    1.00172329400551   1.00172329400551
   22    1.46652779279349   1.46652779279349
   23    2.49144746357151   2.49144746357151
   24    2.56335347857029   2.56335347857029
   25    3.97832540269749   3.97832540269749
   26    4.56978032067522   4.56978032067522

   kloop=18
   k1=   0.20000 k2=   0.20000 k3=   0.00000

    1   -0.54080593371753  -0.54080593371753
    2   -0.21896897597717  -0.21896897597717
    3   -0.17802133878618  -0.17802133878618
    4   -0.17802133878515  -0.17802133878515
    5   -0.06739929181766  -0.06739929181766
    6    0.04592810478837   0.04592810478837
    7    0.06096568009460   0.06096568009460
    8    0.06096568009510   0.06096568009510
    9    0.15831849328513   0.15831849328513
   10    0.20306473325953   0.20306473325953
   11    0.33213770660750   0.33213770660750
   12    0.42778064907643   0.42778064907643
   13    0.42778064907709   0.42778064907709
   14    0.51222987980507   0.51222987980507
   15    0.67539175603546   0.67539175603546
   16    0.68455832209387   0.68455832209387
   17    0.68455832209543   0.68455832209543
   18    0.71941680779328   0.71941680779328
   19    0.90350514628244   0.90350514628244
   20    0.99093859422380   0.99093859422380
   21    0.99093859424008   0.99093859424008
   22    1.40988107046953   1.40988107046953
   23    2.50597167331832   2.50597167331832
   24    2.87616198653606   2.87616198653606
   25    4.19299191568421   4.19299191568421
   26    4.19299191604179   4.19299191604179

   kloop=19
   k1=   0.20000 k2=   0.20000 k3=   0.20000

    1   -0.54731142810152  -0.54731142810152
    2   -0.23428699432569  -0.23428699432569
    3   -0.14393633457840  -0.14393633457840
    4   -0.14393633447059  -0.14393633447059
    5   -0.03512669431139  -0.03512669431139
    6    0.00400765887692   0.00400765887692
    7    0.00400765937258   0.00400765937258
    8    0.11871260699908   0.11871260699908
    9    0.16173496524245   0.16173496524245
   10    0.16173496628862   0.16173496628862
   11    0.33114344410093   0.33114344410093
   12    0.39703846602429   0.39703846602429
   13    0.47117595317285   0.47117595317285
   14    0.47117595416237   0.47117595416237
   15    0.70472820182091   0.70472820182091
   16    0.70472820350535   0.70472820350535
   17    0.76256612192585   0.76256612192585
   18    0.86706078066481   0.86706078066481
   19    0.86706078171783   0.86706078171783
   20    1.02990253780619   1.02990253780619
   21    1.14243257639268   1.14243257639268
   22    1.14243258047713   1.14243258047713
   23    2.69432606562688   2.69432606562688
   24    2.73491286134825   2.73491286134825
   25    2.73491289747265   2.73491289747265
   26    4.00059671705771   4.00059671705771

   kloop=20
   k1=   0.20000 k2=   0.20000 k3=   0.40000

    1   -0.51635687031697  -0.51635687031697
    2   -0.28838003017410  -0.28838003017410
    3   -0.23517879398841  -0.23517879398841
    4   -0.15348646183340  -0.15348646183340
    5   -0.01221806475077  -0.01221806475077
    6    0.02938086278562   0.02938086278562
    7    0.04204687228566   0.04204687228566
    8    0.11405606522246   0.11405606522246
    9    0.13009648700139   0.13009648700139
   10    0.29380436871156   0.29380436871156
   11    0.31361506005020   0.31361506005020
   12    0.42828956789300   0.42828956789300
   13    0.46412919022973   0.46412919022973
   14    0.52872473218245   0.52872473218245
   15    0.60134612279694   0.60134612279694
   16    0.65803328114205   0.65803328114205
   17    0.65855844058878   0.65855844058878
   18    0.78499399812203   0.78499399812203
   19    0.90367625207583   0.90367625207583
   20    0.99531497672584   0.99531497672584
   21    1.00172329302828   1.00172329302828
   22    1.46652780412319   1.46652780412319
   23    2.49144744206002   2.49144744206002
   24    2.56335350629679   2.56335350629679
   25    3.97832528463255   3.97832528463255
   26    4.56978030017706   4.56978030017706

   kloop=21
   k1=   0.20000 k2=   0.20000 k3=   0.60000

    1   -0.46488775479880  -0.46488775479880
    2   -0.37199874155019  -0.37199874155019
    3   -0.25109608831536  -0.25109608831536
    4   -0.18613760502680  -0.18613760502680
    5   -0.04344220172491  -0.04344220172491
    6    0.05535576912360   0.05535576912360
    7    0.06141283724129   0.06141283724129
    8    0.17026514912305   0.17026514912305
    9    0.20487316395448   0.20487316395448
   10    0.21011412931584   0.21011412931584
   11    0.41571334700494   0.41571334700494
   12    0.43218273464979   0.43218273464979
   13    0.45834127380889   0.45834127380889
   14    0.49853305914432   0.49853305914432
   15    0.61150698437457   0.61150698437457
   16    0.63278716511604   0.63278716511604
   17    0.66381519796020   0.66381519796020
   18    0.72254792973119   0.72254792973119
   19    0.84433828954109   0.84433828954109
   20    0.94133883115682   0.94133883115682
   21    0.99516478175815   0.99516478175815
   22    1.14752889791899   1.14752889791899
   23    2.39461583094155   2.39461583094155
   24    2.41280144606456   2.41280144606456
   25    3.63273776007776   3.63273776007776
   26    4.21162080429790   4.21162080429790

   kloop=22
   k1=   0.20000 k2=   0.20000 k3=   0.80000

    1   -0.49822113086856  -0.49822113086856
    2   -0.31956243019045  -0.31956243019045
    3   -0.22060908946479  -0.22060908946479
    4   -0.19685694779269  -0.19685694779269
    5   -0.05377649791734  -0.05377649791734
    6    0.04574001426755   0.04574001426755
    7    0.06600665758350   0.06600665758350
    8    0.08306287399166   0.08306287399166
    9    0.27377674707202   0.27377674707202
   10    0.27937928231579   0.27937928231579
   11    0.32435983242805   0.32435983242805
   12    0.36958375172737   0.36958375172737
   13    0.48451076678014   0.48451076678014
   14    0.51622081967850   0.51622081967850
   15    0.60470768154238   0.60470768154238
   16    0.62154025143879   0.62154025143879
   17    0.67363918129524   0.67363918129524
   18    0.71707529282449   0.71707529282449
   19    0.82940579436941   0.82940579436941
   20    0.94411944215552   0.94411944215552
   21    0.94511723200005   0.94511723200005
   22    1.39386295160076   1.39386295160076
   23    2.17202580436964   2.17202580436964
   24    3.20662787914604   3.20662787914604
   25    3.34059767039503   3.34059767039503
   26    4.38490076930129   4.38490076930129

   kloop=23
   k1=   0.20000 k2=   0.40000 k3=   0.00000

    1   -0.49822113086850  -0.49822113086850
    2   -0.31956243019035  -0.31956243019035
    3   -0.22060908946360  -0.22060908946360
    4   -0.19685694779389  -0.19685694779389
    5   -0.05377649791575  -0.05377649791575
    6    0.04574001426523   0.04574001426523
    7    0.06600665758299   0.06600665758299
    8    0.08306287399268   0.08306287399268
    9    0.27377674707163   0.27377674707163
   10    0.27937928231388   0.27937928231388
   11    0.32435983242724   0.32435983242724
   12    0.36958375172700   0.36958375172700
   13    0.48451076677880   0.48451076677880
   14    0.51622081967665   0.51622081967665
   15    0.60470768154228   0.60470768154228
   16    0.62154025143548   0.62154025143548
   17    0.67363918129748   0.67363918129748
   18    0.71707529282333   0.71707529282333
   19    0.82940579437243   0.82940579437243
   20    0.94411944216251   0.94411944216251
   21    0.94511723199113   0.94511723199113
   22    1.39386295160819   1.39386295160819
   23    2.17202580443240   2.17202580443240
   24    3.20662787901777   3.20662787901777
   25    3.34059767120154   3.34059767120154
   26    4.38490076995358   4.38490076995358

   kloop=24
   k1=   0.20000 k2=   0.40000 k3=   0.20000

    1   -0.51635687029880  -0.51635687029880
    2   -0.28838003023944  -0.28838003023944
    3   -0.23517879418583  -0.23517879418583
    4   -0.15348646169323  -0.15348646169323
    5   -0.01221806521289  -0.01221806521289
    6    0.02938086425252   0.02938086425252
    7    0.04204687248653   0.04204687248653
    8    0.11405606456570   0.11405606456570
    9    0.13009648750826   0.13009648750826
   10    0.29380436877463   0.29380436877463
   11    0.31361505998626   0.31361505998626
   12    0.42828957091708   0.42828957091708
   13    0.46412918997381   0.46412918997381
   14    0.52872473011414   0.52872473011414
   15    0.60134612346317   0.60134612346317
   16    0.65803328124572   0.65803328124572
   17    0.65855843826359   0.65855843826359
   18    0.78499399832352   0.78499399832352
   19    0.90367625539096   0.90367625539096
   20    0.99531497760007   0.99531497760007
   21    1.00172329400892   1.00172329400892
   22    1.46652779280285   1.46652779280285
   23    2.49144746379551   2.49144746379551
   24    2.56335347889955   2.56335347889955
   25    3.97832540250236   3.97832540250236
   26    4.56978032175520   4.56978032175520

   kloop=25
   k1=   0.20000 k2=   0.40000 k3=   0.40000

    1   -0.49822113089041  -0.49822113089041
    2   -0.31956243022815  -0.31956243022815
    3   -0.22060908966035  -0.22060908966035
    4   -0.19685694780795  -0.19685694780795
    5   -0.05377649907883  -0.05377649907883
    6    0.04574001261753   0.04574001261753
    7    0.06600665727598   0.06600665727598
    8    0.08306287520516   0.08306287520516
    9    0.27377674797931   0.27377674797931
   10    0.27937928294766   0.27937928294766
   11    0.32435983230242   0.32435983230242
   12    0.36958375212392   0.36958375212392
   13    0.48451076751993   0.48451076751993
   14    0.51622082452543   0.51622082452543
   15    0.60470768159633   0.60470768159633
   16    0.62154025017421   0.62154025017421
   17    0.67363918774268   0.67363918774268
   18    0.71707529285175   0.71707529285175
   19    0.82940579309812   0.82940579309812
   20    0.94411943799151   0.94411943799151
   21    0.94511723191995   0.94511723191995
   22    1.39386294704577   1.39386294704577
   23    2.17202578401911   2.17202578401911
   24    3.20662787576480   3.20662787576480
   25    3.34059759315663   3.34059759315663
   26    4.38490071020876   4.38490071020876

   kloop=26
   k1=   0.20000 k2=   0.40000 k3=   0.60000

    1   -0.44902485397338  -0.44902485397338
    2   -0.36539432735970  -0.36539432735970
    3   -0.27224283085644  -0.27224283085644
    4   -0.23483109296642  -0.23483109296642
    5    0.00776414256298   0.00776414256298
    6    0.02610548377240   0.02610548377240
    7    0.05167377610508   0.05167377610508
    8    0.17782902489576   0.17782902489576
    9    0.19625936086253   0.19625936086253
   10    0.27158087086603   0.27158087086603
   11    0.38654143095422   0.38654143095422
   12    0.46240752271020   0.46240752271020
   13    0.47379765839563   0.47379765839563
   14    0.54463711516533   0.54463711516533
   15    0.59348439537296   0.59348439537296
   16    0.62688912203638   0.62688912203638
   17    0.63490858973435   0.63490858973435
   18    0.69492831028799   0.69492831028799
   19    0.81323160126731   0.81323160126731
   20    0.90111615108827   0.90111615108827
   21    0.91185345987711   0.91185345987711
   22    1.06941281864876   1.06941281864876
   23    2.29064752942231   2.29064752942231
   24    3.40536389456671   3.40536389456671
   25    3.94386372206984   3.94386372206984
   26    4.21789489513304   4.21789489513304

   kloop=27
   k1=   0.20000 k2=   0.40000 k3=   0.80000

    1   -0.44902485395468  -0.44902485395468
    2   -0.36539432736998  -0.36539432736998
    3   -0.27224283084903  -0.27224283084903
    4   -0.23483109279970  -0.23483109279970
    5    0.00776414437843   0.00776414437843
    6    0.02610548429185   0.02610548429185
    7    0.05167377575040   0.05167377575040
    8    0.17782902458119   0.17782902458119
    9    0.19625936097123   0.19625936097123
   10    0.27158086869030   0.27158086869030
   11    0.38654143248460   0.38654143248460
   12    0.46240752251933   0.46240752251933
   13    0.47379765821396   0.47379765821396
   14    0.54463711602302   0.54463711602302
   15    0.59348439208110   0.59348439208110
   16    0.62688912080565   0.62688912080565
   17    0.63490858751780   0.63490858751780
   18    0.69492831204102   0.69492831204102
   19    0.81323159809464   0.81323159809464
   20    0.90111615106347   0.90111615106347
   21    0.91185346173577   0.91185346173577
   22    1.06941281840393   1.06941281840393
   23    2.29064754851805   2.29064754851805
   24    3.40536386835360   3.40536386835360
   25    3.94386374470607   3.94386374470607
   26    4.21789504555705   4.21789504555705

   kloop=28
   k1=   0.20000 k2=   0.60000 k3=   0.00000

    1   -0.46488775479892  -0.46488775479892
    2   -0.37199874154998  -0.37199874154998
    3   -0.25109608831427  -0.25109608831427
    4   -0.18613760502792  -0.18613760502792
    5   -0.04344220172405  -0.04344220172405
    6    0.05535576912267   0.05535576912267
    7    0.06141283724319   0.06141283724319
    8    0.17026514912340   0.17026514912340
    9    0.20487316395306   0.20487316395306
   10    0.21011412931586   0.21011412931586
   11    0.41571334700517   0.41571334700517
   12    0.43218273465055   0.43218273465055
   13    0.45834127380926   0.45834127380926
   14    0.49853305914604   0.49853305914604
   15    0.61150698437338   0.61150698437338
   16    0.63278716511595   0.63278716511595
   17    0.66381519795692   0.66381519795692
   18    0.72254792973152   0.72254792973152
   19    0.84433828954374   0.84433828954374
   20    0.94133883116518   0.94133883116518
   21    0.99516478174900   0.99516478174900
   22    1.14752889792203   1.14752889792203
   23    2.39461583109889   2.39461583109889
   24    2.41280144613430   2.41280144613430
   25    3.63273775945250   3.63273775945250
   26    4.21162080452716   4.21162080452716

   kloop=29
   k1=   0.20000 k2=   0.60000 k3=   0.20000

    1   -0.46488775479682  -0.46488775479682
    2   -0.37199874160787  -0.37199874160787
    3   -0.25109608857220  -0.25109608857220
    4   -0.18613760488145  -0.18613760488145
    5   -0.04344220286684  -0.04344220286684
    6    0.05535576887189   0.05535576887189
    7    0.06141283936316   0.06141283936316
    8    0.17026514857712   0.17026514857712
    9    0.20487316445565   0.20487316445565
   10    0.21011412893387   0.21011412893387
   11    0.41571334850378   0.41571334850378
   12    0.43218273468937   0.43218273468937
   13    0.45834127520163   0.45834127520163
   14    0.49853306204228   0.49853306204228
   15    0.61150698420077   0.61150698420077
   16    0.63278716226679   0.63278716226679
   17    0.66381519938336   0.66381519938336
   18    0.72254793030060   0.72254793030060
   19    0.84433829027318   0.84433829027318
   20    0.94133883018041   0.94133883018041
   21    0.99516478001582   0.99516478001582
   22    1.14752890029136   1.14752890029136
   23    2.39461577109761   2.39461577109761
   24    2.41280144963259   2.41280144963259
   25    3.63273782524849   3.63273782524849
   26    4.21162079509135   4.21162079509135

   kloop=30
   k1=   0.20000 k2=   0.60000 k3=   0.40000

    1   -0.44902485398068  -0.44902485398068
    2   -0.36539432743169  -0.36539432743169
    3   -0.27224283110681  -0.27224283110681
    4   -0.23483109312293  -0.23483109312293
    5    0.00776414388713   0.00776414388713
    6    0.02610548345541   0.02610548345541
    7    0.05167377676591   0.05167377676591
    8    0.17782902572129   0.17782902572129
    9    0.19625936098754   0.19625936098754
   10    0.27158086971443   0.27158086971443
   11    0.38654143103564   0.38654143103564
   12    0.46240752219276   0.46240752219276
   13    0.47379765983478   0.47379765983478
   14    0.54463711857858   0.54463711857858
   15    0.59348439243553   0.59348439243553
   16    0.62688912264269   0.62688912264269
   17    0.63490859409546   0.63490859409546
   18    0.69492831252153   0.69492831252153
   19    0.81323159983583   0.81323159983583
   20    0.90111615187722   0.90111615187722
   21    0.91185345670520   0.91185345670520
   22    1.06941281653041   1.06941281653041
   23    2.29064746590864   2.29064746590864
   24    3.40536386680800   3.40536386680800
   25    3.94386373836918   3.94386373836918
   26    4.21789496046313   4.21789496046313

   kloop=31
   k1=   0.20000 k2=   0.60000 k3=   0.60000

    1   -0.42035728174566  -0.42035728174566
    2   -0.39824703270286  -0.39824703270286
    3   -0.27548920948474  -0.27548920948474
    4   -0.21848454660641  -0.21848454660641
    5   -0.08381937536068  -0.08381937536068
    6    0.00032247369484   0.00032247369484
    7    0.18736019344045   0.18736019344045
    8    0.20399382256434   0.20399382256434
    9    0.21659967020093   0.21659967020093
   10    0.22371956697202   0.22371956697202
   11    0.42167528675976   0.42167528675976
   12    0.44193619052720   0.44193619052720
   13    0.45723940301433   0.45723940301433
   14    0.48753262893730   0.48753262893730
   15    0.59273215571570   0.59273215571570
   16    0.60688327853547   0.60688327853547
   17    0.66845634531816   0.66845634531816
   18    0.76834226028702   0.76834226028702
   19    0.77391309742585   0.77391309742585
   20    0.81760106704357   0.81760106704357
   21    0.88485720466442   0.88485720466442
   22    0.89595458364127   0.89595458364127
   23    3.00539404623575   3.00539404623575
   24    3.64859189550840   3.64859189550840
   25    4.20534380388587   4.20534380388587
   26    4.24504375109929   4.24504375109929

   kloop=32
   k1=   0.20000 k2=   0.60000 k3=   0.80000

    1   -0.44902485397321  -0.44902485397321
    2   -0.36539432735965  -0.36539432735965
    3   -0.27224283085612  -0.27224283085612
    4   -0.23483109296716  -0.23483109296716
    5    0.00776414256406   0.00776414256406
    6    0.02610548377136   0.02610548377136
    7    0.05167377610784   0.05167377610784
    8    0.17782902489699   0.17782902489699
    9    0.19625936086232   0.19625936086232
   10    0.27158087086563   0.27158087086563
   11    0.38654143095516   0.38654143095516
   12    0.46240752270969   0.46240752270969
   13    0.47379765839704   0.47379765839704
   14    0.54463711516775   0.54463711516775
   15    0.59348439537160   0.59348439537160
   16    0.62688912203672   0.62688912203672
   17    0.63490858973172   0.63490858973172
   18    0.69492831028691   0.69492831028691
   19    0.81323160126952   0.81323160126952
   20    0.90111615108701   0.90111615108701
   21    0.91185345986614   0.91185345986614
   22    1.06941281864244   1.06941281864244
   23    2.29064752929487   2.29064752929487
   24    3.40536389455625   3.40536389455625
   25    3.94386372142922   3.94386372142922
   26    4.21789489652349   4.21789489652349

   kloop=33
   k1=   0.20000 k2=   0.80000 k3=   0.00000

    1   -0.51635687031717  -0.51635687031717
    2   -0.28838003017348  -0.28838003017348
    3   -0.23517879398830  -0.23517879398830
    4   -0.15348646183429  -0.15348646183429
    5   -0.01221806475143  -0.01221806475143
    6    0.02938086278690   0.02938086278690
    7    0.04204687228607   0.04204687228607
    8    0.11405606522266   0.11405606522266
    9    0.13009648700187   0.13009648700187
   10    0.29380436871635   0.29380436871635
   11    0.31361506005032   0.31361506005032
   12    0.42828956789917   0.42828956789917
   13    0.46412919023130   0.46412919023130
   14    0.52872473218241   0.52872473218241
   15    0.60134612279620   0.60134612279620
   16    0.65803328114150   0.65803328114150
   17    0.65855844058892   0.65855844058892
   18    0.78499399812274   0.78499399812274
   19    0.90367625207805   0.90367625207805
   20    0.99531497672805   0.99531497672805
   21    1.00172329302943   1.00172329302943
   22    1.46652780407312   1.46652780407312
   23    2.49144744224263   2.49144744224263
   24    2.56335350632797   2.56335350632797
   25    3.97832528485435   3.97832528485435
   26    4.56978030035616   4.56978030035616

   kloop=34
   k1=   0.20000 k2=   0.80000 k3=   0.20000

    1   -0.49822113088950  -0.49822113088950
    2   -0.31956243022820  -0.31956243022820
    3   -0.22060908966273  -0.22060908966273
    4   -0.19685694780852  -0.19685694780852
    5   -0.05377649907797  -0.05377649907797
    6    0.04574001261790   0.04574001261790
    7    0.06600665727740   0.06600665727740
    8    0.08306287520561   0.08306287520561
    9    0.27377674798202   0.27377674798202
   10    0.27937928295274   0.27937928295274
   11    0.32435983230168   0.32435983230168
   12    0.36958375212242   0.36958375212242
   13    0.48451076752942   0.48451076752942
   14    0.51622082452837   0.51622082452837
   15    0.60470768159284   0.60470768159284
   16    0.62154025017632   0.62154025017632
   17    0.67363918773861   0.67363918773861
   18    0.71707529285655   0.71707529285655
   19    0.82940579309412   0.82940579309412
   20    0.94411943799099   0.94411943799099
   21    0.94511723191901   0.94511723191901
   22    1.39386294707744   1.39386294707744
   23    2.17202578415023   2.17202578415023
   24    3.20662787597286   3.20662787597286
   25    3.34059759296395   3.34059759296395
   26    4.38490070979377   4.38490070979377

   kloop=35
   k1=   0.20000 k2=   0.80000 k3=   0.40000

    1   -0.44902485397923  -0.44902485397923
    2   -0.36539432743266  -0.36539432743266
    3   -0.27224283110697  -0.27224283110697
    4   -0.23483109312444  -0.23483109312444
    5    0.00776414388981   0.00776414388981
    6    0.02610548345482   0.02610548345482
    7    0.05167377676861   0.05167377676861
    8    0.17782902571950   0.17782902571950
    9    0.19625936098845   0.19625936098845
   10    0.27158086971494   0.27158086971494
   11    0.38654143103564   0.38654143103564
   12    0.46240752219137   0.46240752219137
   13    0.47379765984023   0.47379765984023
   14    0.54463711858157   0.54463711858157
   15    0.59348439243492   0.59348439243492
   16    0.62688912264085   0.62688912264085
   17    0.63490859409382   0.63490859409382
   18    0.69492831252000   0.69492831252000
   19    0.81323159984142   0.81323159984142
   20    0.90111615187657   0.90111615187657
   21    0.91185345670759   0.91185345670759
   22    1.06941281648899   1.06941281648899
   23    2.29064746591697   2.29064746591697
   24    3.40536386704039   3.40536386704039
   25    3.94386373760548   3.94386373760548
   26    4.21789496082501   4.21789496082501

   kloop=36
   k1=   0.20000 k2=   0.80000 k3=   0.60000

    1   -0.44902485398041  -0.44902485398041
    2   -0.36539432743152  -0.36539432743152
    3   -0.27224283110648  -0.27224283110648
    4   -0.23483109312372  -0.23483109312372
    5    0.00776414388821   0.00776414388821
    6    0.02610548345440   0.02610548345440
    7    0.05167377676870   0.05167377676870
    8    0.17782902572257   0.17782902572257
    9    0.19625936098719   0.19625936098719
   10    0.27158086971406   0.27158086971406
   11    0.38654143103649   0.38654143103649
   12    0.46240752219229   0.46240752219229
   13    0.47379765983659   0.47379765983659
   14    0.54463711858124   0.54463711858124
   15    0.59348439243483   0.59348439243483
   16    0.62688912264270   0.62688912264270
   17    0.63490859409285   0.63490859409285
   18    0.69492831252187   0.69492831252187
   19    0.81323159983872   0.81323159983872
   20    0.90111615187807   0.90111615187807
   21    0.91185345670356   0.91185345670356
   22    1.06941281649999   1.06941281649999
   23    2.29064746579041   2.29064746579041
   24    3.40536386708696   3.40536386708696
   25    3.94386373771844   3.94386373771844
   26    4.21789496083117   4.21789496083117

   kloop=37
   k1=   0.20000 k2=   0.80000 k3=   0.80000

    1   -0.49822113089037  -0.49822113089037
    2   -0.31956243022737  -0.31956243022737
    3   -0.22060908966173  -0.22060908966173
    4   -0.19685694780811  -0.19685694780811
    5   -0.05377649907742  -0.05377649907742
    6    0.04574001261875   0.04574001261875
    7    0.06600665727608   0.06600665727608
    8    0.08306287520465   0.08306287520465
    9    0.27377674798056   0.27377674798056
   10    0.27937928295120   0.27937928295120
   11    0.32435983230176   0.32435983230176
   12    0.36958375212409   0.36958375212409
   13    0.48451076752815   0.48451076752815
   14    0.51622082452707   0.51622082452707
   15    0.60470768159375   0.60470768159375
   16    0.62154025017681   0.62154025017681
   17    0.67363918774006   0.67363918774006
   18    0.71707529285754   0.71707529285754
   19    0.82940579309570   0.82940579309570
   20    0.94411943798472   0.94411943798472
   21    0.94511723191809   0.94511723191809
   22    1.39386294701822   1.39386294701822
   23    2.17202578404572   2.17202578404572
   24    3.20662787600863   3.20662787600863
   25    3.34059759296627   3.34059759296627
   26    4.38490071024891   4.38490071024891

   kloop=38
   k1=   0.40000 k2=  -0.00000 k3=   0.00000

    1   -0.49640554487029  -0.49640554487029
    2   -0.35640071125632  -0.35640071125632
    3   -0.16412108393883  -0.16412108393883
    4   -0.16412108342197  -0.16412108342197
    5   -0.05752108617112  -0.05752108617112
    6    0.00779870541140   0.00779870541140
    7    0.00779870727660   0.00779870727660
    8    0.23107726745771   0.23107726745771
    9    0.23107726849462   0.23107726849462
   10    0.23472531566849   0.23472531566849
   11    0.30865971570972   0.30865971570972
   12    0.39420170160437   0.39420170160437
   13    0.39420170162687   0.39420170162687
   14    0.48955884733220   0.48955884733220
   15    0.65539739532538   0.65539739532538
   16    0.70039254096190   0.70039254096190
   17    0.70039254227371   0.70039254227371
   18    0.85626498807923   0.85626498807923
   19    0.85626498911924   0.85626498911924
   20    0.87206660471365   0.87206660471365
   21    1.16599655570144   1.16599655570144
   22    1.16599657390117   1.16599657390117
   23    1.54675034122992   1.54675034122992
   24    1.54675038076308   1.54675038076308
   25    2.96565107590697   2.96565107590697
   26    4.14168168722588   4.14168168722588

   kloop=39
   k1=   0.40000 k2=  -0.00000 k3=   0.20000

    1   -0.49822113088964  -0.49822113088964
    2   -0.31956243022742  -0.31956243022742
    3   -0.22060908966163  -0.22060908966163
    4   -0.19685694780981  -0.19685694780981
    5   -0.05377649907669  -0.05377649907669
    6    0.04574001261431   0.04574001261431
    7    0.06600665727768   0.06600665727768
    8    0.08306287520723   0.08306287520723
    9    0.27377674798128   0.27377674798128
   10    0.27937928295029   0.27937928295029
   11    0.32435983230102   0.32435983230102
   12    0.36958375212278   0.36958375212278
   13    0.48451076752681   0.48451076752681
   14    0.51622082452602   0.51622082452602
   15    0.60470768159231   0.60470768159231
   16    0.62154025017465   0.62154025017465
   17    0.67363918774121   0.67363918774121
   18    0.71707529285308   0.71707529285308
   19    0.82940579309752   0.82940579309752
   20    0.94411943798930   0.94411943798930
   21    0.94511723190893   0.94511723190893
   22    1.39386294700491   1.39386294700491
   23    2.17202578398611   2.17202578398611
   24    3.20662787581105   3.20662787581105
   25    3.34059759294705   3.34059759294705
   26    4.38490071019430   4.38490071019430

   kloop=40
   k1=   0.40000 k2=  -0.00000 k3=   0.40000

    1   -0.46569526880750  -0.46569526880750
    2   -0.35116712528437  -0.35116712528437
    3   -0.22294453606173  -0.22294453606173
    4   -0.22294453602423  -0.22294453602423
    5   -0.10228798052282  -0.10228798052282
    6   -0.06939102030820  -0.06939102030820
    7    0.19708277170245   0.19708277170245
    8    0.19708277187512   0.19708277187512
    9    0.30239407507393   0.30239407507393
   10    0.30904057799255   0.30904057799255
   11    0.34976108916777   0.34976108916777
   12    0.34976108961726   0.34976108961726
   13    0.40960274073062   0.40960274073062
   14    0.46981119564434   0.46981119564434
   15    0.63063151532488   0.63063151532488
   16    0.63485120065539   0.63485120065539
   17    0.66712073793625   0.66712073793625
   18    0.66712073846203   0.66712073846203
   19    0.84516382910723   0.84516382910723
   20    0.84992089020469   0.84992089020469
   21    0.84992089288530   0.84992089288530
   22    0.85554353883860   0.85554353883860
   23    3.21944147276481   3.21944147276481
   24    3.36215540245355   3.36215540245355
   25    4.56925105383462   4.56925105383462
   26    4.56925116649501   4.56925116649501

   kloop=41
   k1=   0.40000 k2=  -0.00000 k3=   0.60000

    1   -0.42035728174582  -0.42035728174582
    2   -0.39824703270221  -0.39824703270221
    3   -0.27548920948376  -0.27548920948376
    4   -0.21848454660776  -0.21848454660776
    5   -0.08381937535844  -0.08381937535844
    6    0.00032247369245   0.00032247369245
    7    0.18736019344014   0.18736019344014
    8    0.20399382256314   0.20399382256314
    9    0.21659967020092   0.21659967020092
   10    0.22371956697190   0.22371956697190
   11    0.42167528676027   0.42167528676027
   12    0.44193619052727   0.44193619052727
   13    0.45723940301469   0.45723940301469
   14    0.48753262893618   0.48753262893618
   15    0.59273215571429   0.59273215571429
   16    0.60688327853533   0.60688327853533
   17    0.66845634531950   0.66845634531950
   18    0.76834226028619   0.76834226028619
   19    0.77391309741983   0.77391309741983
   20    0.81760106704196   0.81760106704196
   21    0.88485720467309   0.88485720467309
   22    0.89595458364764   0.89595458364764
   23    3.00539404621880   3.00539404621880
   24    3.64859189579354   3.64859189579354
   25    4.20534380223365   4.20534380223365
   26    4.24504375069736   4.24504375069736

   kloop=42
   k1=   0.40000 k2=  -0.00000 k3=   0.80000

    1   -0.46488775479710  -0.46488775479710
    2   -0.37199874160832  -0.37199874160832
    3   -0.25109608856908  -0.25109608856908
    4   -0.18613760488226  -0.18613760488226
    5   -0.04344220286556  -0.04344220286556
    6    0.05535576886841   0.05535576886841
    7    0.06141283936318   0.06141283936318
    8    0.17026514857802   0.17026514857802
    9    0.20487316445715   0.20487316445715
   10    0.21011412893629   0.21011412893629
   11    0.41571334850098   0.41571334850098
   12    0.43218273468606   0.43218273468606
   13    0.45834127520113   0.45834127520113
   14    0.49853306204168   0.49853306204168
   15    0.61150698420383   0.61150698420383
   16    0.63278716227028   0.63278716227028
   17    0.66381519938206   0.66381519938206
   18    0.72254793030185   0.72254793030185
   19    0.84433829027502   0.84433829027502
   20    0.94133883018063   0.94133883018063
   21    0.99516478000432   0.99516478000432
   22    1.14752890029654   1.14752890029654
   23    2.39461577086345   2.39461577086345
   24    2.41280144963051   2.41280144963051
   25    3.63273782635407   3.63273782635407
   26    4.21162079525485   4.21162079525485

   kloop=43
   k1=   0.40000 k2=   0.20000 k3=   0.00000

    1   -0.49822113086808  -0.49822113086808
    2   -0.31956243019160  -0.31956243019160
    3   -0.22060908946351  -0.22060908946351
    4   -0.19685694779353  -0.19685694779353
    5   -0.05377649791508  -0.05377649791508
    6    0.04574001426780   0.04574001426780
    7    0.06600665758133   0.06600665758133
    8    0.08306287399132   0.08306287399132
    9    0.27377674707243   0.27377674707243
   10    0.27937928231505   0.27937928231505
   11    0.32435983242594   0.32435983242594
   12    0.36958375172553   0.36958375172553
   13    0.48451076677987   0.48451076677987
   14    0.51622081967637   0.51622081967637
   15    0.60470768154423   0.60470768154423
   16    0.62154025143351   0.62154025143351
   17    0.67363918129765   0.67363918129765
   18    0.71707529282615   0.71707529282615
   19    0.82940579437141   0.82940579437141
   20    0.94411944216303   0.94411944216303
   21    0.94511723198647   0.94511723198647
   22    1.39386295163400   1.39386295163400
   23    2.17202580445369   2.17202580445369
   24    3.20662787905473   3.20662787905473
   25    3.34059767036981   3.34059767036981
   26    4.38490077020592   4.38490077020592

   kloop=44
   k1=   0.40000 k2=   0.20000 k3=   0.20000

    1   -0.51635687029823  -0.51635687029823
    2   -0.28838003024012  -0.28838003024012
    3   -0.23517879418645  -0.23517879418645
    4   -0.15348646169358  -0.15348646169358
    5   -0.01221806521314  -0.01221806521314
    6    0.02938086425307   0.02938086425307
    7    0.04204687248711   0.04204687248711
    8    0.11405606456597   0.11405606456597
    9    0.13009648750824   0.13009648750824
   10    0.29380436877621   0.29380436877621
   11    0.31361505998522   0.31361505998522
   12    0.42828957091784   0.42828957091784
   13    0.46412918997470   0.46412918997470
   14    0.52872473011439   0.52872473011439
   15    0.60134612346160   0.60134612346160
   16    0.65803328124593   0.65803328124593
   17    0.65855843826342   0.65855843826342
   18    0.78499399832626   0.78499399832626
   19    0.90367625538966   0.90367625538966
   20    0.99531497759511   0.99531497759511
   21    1.00172329401116   1.00172329401116
   22    1.46652779280615   1.46652779280615
   23    2.49144746374254   2.49144746374254
   24    2.56335347885109   2.56335347885109
   25    3.97832540282875   3.97832540282875
   26    4.56978032143516   4.56978032143516

   kloop=45
   k1=   0.40000 k2=   0.20000 k3=   0.40000

    1   -0.49822113088980  -0.49822113088980
    2   -0.31956243022833  -0.31956243022833
    3   -0.22060908966138  -0.22060908966138
    4   -0.19685694780855  -0.19685694780855
    5   -0.05377649907973  -0.05377649907973
    6    0.04574001261541   0.04574001261541
    7    0.06600665727812   0.06600665727812
    8    0.08306287520681   0.08306287520681
    9    0.27377674798031   0.27377674798031
   10    0.27937928294883   0.27937928294883
   11    0.32435983230273   0.32435983230273
   12    0.36958375212310   0.36958375212310
   13    0.48451076752124   0.48451076752124
   14    0.51622082452543   0.51622082452543
   15    0.60470768159557   0.60470768159557
   16    0.62154025017438   0.62154025017438
   17    0.67363918774168   0.67363918774168
   18    0.71707529285078   0.71707529285078
   19    0.82940579309725   0.82940579309725
   20    0.94411943798743   0.94411943798743
   21    0.94511723191803   0.94511723191803
   22    1.39386294703690   1.39386294703690
   23    2.17202578404520   2.17202578404520
   24    3.20662787607353   3.20662787607353
   25    3.34059759308862   3.34059759308862
   26    4.38490071003810   4.38490071003810

   kloop=46
   k1=   0.40000 k2=   0.20000 k3=   0.60000

    1   -0.44902485397282  -0.44902485397282
    2   -0.36539432736026  -0.36539432736026
    3   -0.27224283085604  -0.27224283085604
    4   -0.23483109296732  -0.23483109296732
    5    0.00776414256123   0.00776414256123
    6    0.02610548377164   0.02610548377164
    7    0.05167377610647   0.05167377610647
    8    0.17782902489653   0.17782902489653
    9    0.19625936086408   0.19625936086408
   10    0.27158087086799   0.27158087086799
   11    0.38654143095253   0.38654143095253
   12    0.46240752270879   0.46240752270879
   13    0.47379765839564   0.47379765839564
   14    0.54463711516611   0.54463711516611
   15    0.59348439537290   0.59348439537290
   16    0.62688912203863   0.62688912203863
   17    0.63490858973278   0.63490858973278
   18    0.69492831029084   0.69492831029084
   19    0.81323160126663   0.81323160126663
   20    0.90111615108403   0.90111615108403
   21    0.91185345987715   0.91185345987715
   22    1.06941281866711   1.06941281866711
   23    2.29064752934403   2.29064752934403
   24    3.40536389449734   3.40536389449734
   25    3.94386372249616   3.94386372249616
   26    4.21789489643280   4.21789489643280

   kloop=47
   k1=   0.40000 k2=   0.20000 k3=   0.80000

    1   -0.44902485395438  -0.44902485395438
    2   -0.36539432737029  -0.36539432737029
    3   -0.27224283084952  -0.27224283084952
    4   -0.23483109279966  -0.23483109279966
    5    0.00776414438009   0.00776414438009
    6    0.02610548429245   0.02610548429245
    7    0.05167377574969   0.05167377574969
    8    0.17782902457930   0.17782902457930
    9    0.19625936097105   0.19625936097105
   10    0.27158086868982   0.27158086868982
   11    0.38654143248521   0.38654143248521
   12    0.46240752251977   0.46240752251977
   13    0.47379765821593   0.47379765821593
   14    0.54463711602328   0.54463711602328
   15    0.59348439208105   0.59348439208105
   16    0.62688912080427   0.62688912080427
   17    0.63490858751768   0.63490858751768
   18    0.69492831204159   0.69492831204159
   19    0.81323159809800   0.81323159809800
   20    0.90111615106523   0.90111615106523
   21    0.91185346173834   0.91185346173834
   22    1.06941281840905   1.06941281840905
   23    2.29064754846942   2.29064754846942
   24    3.40536386816845   3.40536386816845
   25    3.94386374489883   3.94386374489883
   26    4.21789504454585   4.21789504454585

   kloop=48
   k1=   0.40000 k2=   0.40000 k3=   0.00000

    1   -0.46569526877564  -0.46569526877564
    2   -0.35116712526463  -0.35116712526463
    3   -0.22294453579395  -0.22294453579395
    4   -0.22294453579255  -0.22294453579255
    5   -0.10228797916426  -0.10228797916426
    6   -0.06939101791445  -0.06939101791445
    7    0.19708277152772   0.19708277152772
    8    0.19708277152788   0.19708277152788
    9    0.30239407350178   0.30239407350178
   10    0.30904057714906   0.30904057714906
   11    0.34976108897843   0.34976108897843
   12    0.34976108897873   0.34976108897873
   13    0.40960274056847   0.40960274056847
   14    0.46981119365939   0.46981119365939
   15    0.63063150649658   0.63063150649658
   16    0.63485119132317   0.63485119132317
   17    0.66712073745369   0.66712073745369
   18    0.66712073745595   0.66712073745595
   19    0.84516383524825   0.84516383524825
   20    0.84992089217620   0.84992089217620
   21    0.84992089218336   0.84992089218336
   22    0.85554354336652   0.85554354336652
   23    3.21944149295791   3.21944149295791
   24    3.36215541014820   3.36215541014820
   25    4.56925124721172   4.56925124721172
   26    4.56925124887282   4.56925124887282

   kloop=49
   k1=   0.40000 k2=   0.40000 k3=   0.20000

    1   -0.49822113086815  -0.49822113086815
    2   -0.31956243019247  -0.31956243019247
    3   -0.22060908946339  -0.22060908946339
    4   -0.19685694779226  -0.19685694779226
    5   -0.05377649791810  -0.05377649791810
    6    0.04574001426884   0.04574001426884
    7    0.06600665758183   0.06600665758183
    8    0.08306287399089   0.08306287399089
    9    0.27377674707157   0.27377674707157
   10    0.27937928231320   0.27937928231320
   11    0.32435983242753   0.32435983242753
   12    0.36958375172568   0.36958375172568
   13    0.48451076677372   0.48451076677372
   14    0.51622081967690   0.51622081967690
   15    0.60470768154657   0.60470768154657
   16    0.62154025143467   0.62154025143467
   17    0.67363918129849   0.67363918129849
   18    0.71707529282271   0.71707529282271
   19    0.82940579436964   0.82940579436964
   20    0.94411944215979   0.94411944215979
   21    0.94511723200112   0.94511723200112
   22    1.39386295164762   1.39386295164762
   23    2.17202580435212   2.17202580435212
   24    3.20662787895289   3.20662787895289
   25    3.34059767056594   3.34059767056594
   26    4.38490077110549   4.38490077110549

   kloop=50
   k1=   0.40000 k2=   0.40000 k3=   0.40000

    1   -0.49640554487055  -0.49640554487055
    2   -0.35640071125728  -0.35640071125728
    3   -0.16412108393882  -0.16412108393882
    4   -0.16412108342033  -0.16412108342033
    5   -0.05752108617435  -0.05752108617435
    6    0.00779870541068   0.00779870541068
    7    0.00779870727495   0.00779870727495
    8    0.23107726745627   0.23107726745627
    9    0.23107726849269   0.23107726849269
   10    0.23472531566604   0.23472531566604
   11    0.30865971570519   0.30865971570519
   12    0.39420170160462   0.39420170160462
   13    0.39420170162699   0.39420170162699
   14    0.48955884732325   0.48955884732325
   15    0.65539739532707   0.65539739532707
   16    0.70039254098256   0.70039254098256
   17    0.70039254225596   0.70039254225596
   18    0.85626498809290   0.85626498809290
   19    0.85626498908795   0.85626498908795
   20    0.87206660470457   0.87206660470457
   21    1.16599655575280   1.16599655575280
   22    1.16599657390284   1.16599657390284
   23    1.54675034129331   1.54675034129331
   24    1.54675038080427   1.54675038080427
   25    2.96565107566838   2.96565107566838
   26    4.14168168641677   4.14168168641677

   kloop=51
   k1=   0.40000 k2=   0.40000 k3=   0.60000

    1   -0.46488775479903  -0.46488775479903
    2   -0.37199874155043  -0.37199874155043
    3   -0.25109608831522  -0.25109608831522
    4   -0.18613760502688  -0.18613760502688
    5   -0.04344220172637  -0.04344220172637
    6    0.05535576912303   0.05535576912303
    7    0.06141283724303   0.06141283724303
    8    0.17026514912170   0.17026514912170
    9    0.20487316395055   0.20487316395055
   10    0.21011412931481   0.21011412931481
   11    0.41571334700500   0.41571334700500
   12    0.43218273465271   0.43218273465271
   13    0.45834127380865   0.45834127380865
   14    0.49853305914543   0.49853305914543
   15    0.61150698437383   0.61150698437383
   16    0.63278716511397   0.63278716511397
   17    0.66381519795814   0.66381519795814
   18    0.72254792973148   0.72254792973148
   19    0.84433828954187   0.84433828954187
   20    0.94133883117098   0.94133883117098
   21    0.99516478176166   0.99516478176166
   22    1.14752889792188   1.14752889792188
   23    2.39461583098503   2.39461583098503
   24    2.41280144614382   2.41280144614382
   25    3.63273775953982   3.63273775953982
   26    4.21162080471978   4.21162080471978

   kloop=52
   k1=   0.40000 k2=   0.40000 k3=   0.80000

    1   -0.42035728173168  -0.42035728173168
    2   -0.39824703264918  -0.39824703264918
    3   -0.27548920916530  -0.27548920916530
    4   -0.21848454644624  -0.21848454644624
    5   -0.08381937365355  -0.08381937365355
    6    0.00032247517076   0.00032247517076
    7    0.18736019131066   0.18736019131066
    8    0.20399382265354   0.20399382265354
    9    0.21659967020877   0.21659967020877
   10    0.22371956648999   0.22371956648999
   11    0.42167528569875   0.42167528569875
   12    0.44193619007910   0.44193619007910
   13    0.45723940354682   0.45723940354682
   14    0.48753262772745   0.48753262772745
   15    0.59273214691307   0.59273214691307
   16    0.60688327774099   0.60688327774099
   17    0.66845634625072   0.66845634625072
   18    0.76834225817986   0.76834225817986
   19    0.77391309657545   0.77391309657545
   20    0.81760106624882   0.81760106624882
   21    0.88485720028289   0.88485720028289
   22    0.89595458648383   0.89595458648383
   23    3.00539407786842   3.00539407786842
   24    3.64859189186289   3.64859189186289
   25    4.20534394645821   4.20534394645821
   26    4.24504387579824   4.24504387579824

   kloop=53
   k1=   0.40000 k2=   0.60000 k3=   0.00000

    1   -0.42035728173197  -0.42035728173197
    2   -0.39824703264851  -0.39824703264851
    3   -0.27548920916427  -0.27548920916427
    4   -0.21848454644760  -0.21848454644760
    5   -0.08381937365115  -0.08381937365115
    6    0.00032247516836   0.00032247516836
    7    0.18736019131049   0.18736019131049
    8    0.20399382265243   0.20399382265243
    9    0.21659967020888   0.21659967020888
   10    0.22371956648990   0.22371956648990
   11    0.42167528569910   0.42167528569910
   12    0.44193619007921   0.44193619007921
   13    0.45723940354735   0.45723940354735
   14    0.48753262772651   0.48753262772651
   15    0.59273214690812   0.59273214690812
   16    0.60688327774092   0.60688327774092
   17    0.66845634625164   0.66845634625164
   18    0.76834225818005   0.76834225818005
   19    0.77391309657016   0.77391309657016
   20    0.81760106624728   0.81760106624728
   21    0.88485720029253   0.88485720029253
   22    0.89595458648158   0.89595458648158
   23    3.00539407766623   3.00539407766623
   24    3.64859189210420   3.64859189210420
   25    4.20534394712789   4.20534394712789
   26    4.24504387510115   4.24504387510115

   kloop=54
   k1=   0.40000 k2=   0.60000 k3=   0.20000

    1   -0.44902485395465  -0.44902485395465
    2   -0.36539432737039  -0.36539432737039
    3   -0.27224283084988  -0.27224283084988
    4   -0.23483109279890  -0.23483109279890
    5    0.00776414437901   0.00776414437901
    6    0.02610548429347   0.02610548429347
    7    0.05167377574689   0.05167377574689
    8    0.17782902457814   0.17782902457814
    9    0.19625936097150   0.19625936097150
   10    0.27158086869007   0.27158086869007
   11    0.38654143248437   0.38654143248437
   12    0.46240752252011   0.46240752252011
   13    0.47379765821428   0.47379765821428
   14    0.54463711602141   0.54463711602141
   15    0.59348439208340   0.59348439208340
   16    0.62688912080372   0.62688912080372
   17    0.63490858752048   0.63490858752048
   18    0.69492831204418   0.69492831204418
   19    0.81323159809811   0.81323159809811
   20    0.90111615106405   0.90111615106405
   21    0.91185346174734   0.91185346174734
   22    1.06941281839572   1.06941281839572
   23    2.29064754841262   2.29064754841262
   24    3.40536386830754   3.40536386830754
   25    3.94386374483725   3.94386374483725
   26    4.21789504480290   4.21789504480290

   kloop=55
   k1=   0.40000 k2=   0.60000 k3=   0.40000

    1   -0.46488775479740  -0.46488775479740
    2   -0.37199874160922  -0.37199874160922
    3   -0.25109608856901  -0.25109608856901
    4   -0.18613760488104  -0.18613760488104
    5   -0.04344220286762  -0.04344220286762
    6    0.05535576886751   0.05535576886751
    7    0.06141283936219   0.06141283936219
    8    0.17026514857666   0.17026514857666
    9    0.20487316445618   0.20487316445618
   10    0.21011412893615   0.21011412893615
   11    0.41571334849894   0.41571334849894
   12    0.43218273468577   0.43218273468577
   13    0.45834127519965   0.45834127519965
   14    0.49853306204086   0.49853306204086
   15    0.61150698420574   0.61150698420574
   16    0.63278716227038   0.63278716227038
   17    0.66381519938447   0.66381519938447
   18    0.72254793030133   0.72254793030133
   19    0.84433829027264   0.84433829027264
   20    0.94133883018365   0.94133883018365
   21    0.99516478001751   0.99516478001751
   22    1.14752890029065   1.14752890029065
   23    2.39461577109826   2.39461577109826
   24    2.41280144956923   2.41280144956923
   25    3.63273782538467   3.63273782538467
   26    4.21162079543194   4.21162079543194

   kloop=56
   k1=   0.40000 k2=   0.60000 k3=   0.60000

    1   -0.46488775479724  -0.46488775479724
    2   -0.37199874160882  -0.37199874160882
    3   -0.25109608856998  -0.25109608856998
    4   -0.18613760488121  -0.18613760488121
    5   -0.04344220286780  -0.04344220286780
    6    0.05535576886876   0.05535576886876
    7    0.06141283936308   0.06141283936308
    8    0.17026514857631   0.17026514857631
    9    0.20487316445467   0.20487316445467
   10    0.21011412893520   0.21011412893520
   11    0.41571334850049   0.41571334850049
   12    0.43218273468800   0.43218273468800
   13    0.45834127520039   0.45834127520039
   14    0.49853306204135   0.49853306204135
   15    0.61150698420381   0.61150698420381
   16    0.63278716226829   0.63278716226829
   17    0.66381519938344   0.66381519938344
   18    0.72254793030180   0.72254793030180
   19    0.84433829027181   0.84433829027181
   20    0.94133883018254   0.94133883018254
   21    0.99516478001456   0.99516478001456
   22    1.14752890029292   1.14752890029292
   23    2.39461577115224   2.39461577115224
   24    2.41280144960179   2.41280144960179
   25    3.63273782539326   3.63273782539326
   26    4.21162079542202   4.21162079542202

   kloop=57
   k1=   0.40000 k2=   0.60000 k3=   0.80000

    1   -0.44902485395411  -0.44902485395411
    2   -0.36539432737074  -0.36539432737074
    3   -0.27224283084943  -0.27224283084943
    4   -0.23483109279975  -0.23483109279975
    5    0.00776414437725   0.00776414437725
    6    0.02610548429268   0.02610548429268
    7    0.05167377574837   0.05167377574837
    8    0.17782902457873   0.17782902457873
    9    0.19625936097289   0.19625936097289
   10    0.27158086869189   0.27158086869189
   11    0.38654143248248   0.38654143248248
   12    0.46240752251863   0.46240752251863
   13    0.47379765821402   0.47379765821402
   14    0.54463711602238   0.54463711602238
   15    0.59348439208296   0.59348439208296
   16    0.62688912080552   0.62688912080552
   17    0.63490858751823   0.63490858751823
   18    0.69492831204572   0.69492831204572
   19    0.81323159809632   0.81323159809632
   20    0.90111615106133   0.90111615106133
   21    0.91185346174583   0.91185346174583
   22    1.06941281839450   1.06941281839450
   23    2.29064754841635   2.29064754841635
   24    3.40536386817967   3.40536386817967
   25    3.94386374499249   3.94386374499249
   26    4.21789504579918   4.21789504579918

   kloop=58
   k1=   0.40000 k2=   0.80000 k3=   0.00000

    1   -0.46488775479871  -0.46488775479871
    2   -0.37199874154957  -0.37199874154957
    3   -0.25109608831534  -0.25109608831534
    4   -0.18613760502807  -0.18613760502807
    5   -0.04344220172430  -0.04344220172430
    6    0.05535576912397   0.05535576912397
    7    0.06141283724403   0.06141283724403
    8    0.17026514912308   0.17026514912308
    9    0.20487316395162   0.20487316395162
   10    0.21011412931459   0.21011412931459
   11    0.41571334700679   0.41571334700679
   12    0.43218273465260   0.43218273465260
   13    0.45834127381018   0.45834127381018
   14    0.49853305914621   0.49853305914621
   15    0.61150698437245   0.61150698437245
   16    0.63278716511429   0.63278716511429
   17    0.66381519795685   0.66381519795685
   18    0.72254792973184   0.72254792973184
   19    0.84433828954369   0.84433828954369
   20    0.94133883116441   0.94133883116441
   21    0.99516478174094   0.99516478174094
   22    1.14752889792630   1.14752889792630
   23    2.39461583100729   2.39461583100729
   24    2.41280144612036   2.41280144612036
   25    3.63273776044773   3.63273776044773
   26    4.21162080500904   4.21162080500904

   kloop=59
   k1=   0.40000 k2=   0.80000 k3=   0.20000

    1   -0.44902485397252  -0.44902485397252
    2   -0.36539432736012  -0.36539432736012
    3   -0.27224283085567  -0.27224283085567
    4   -0.23483109296812  -0.23483109296812
    5    0.00776414256232   0.00776414256232
    6    0.02610548377059   0.02610548377059
    7    0.05167377610923   0.05167377610923
    8    0.17782902489771   0.17782902489771
    9    0.19625936086372   0.19625936086372
   10    0.27158087086756   0.27158087086756
   11    0.38654143095310   0.38654143095310
   12    0.46240752270795   0.46240752270795
   13    0.47379765839725   0.47379765839725
   14    0.54463711516924   0.54463711516924
   15    0.59348439537186   0.59348439537186
   16    0.62688912203901   0.62688912203901
   17    0.63490858972982   0.63490858972982
   18    0.69492831028918   0.69492831028918
   19    0.81323160126744   0.81323160126744
   20    0.90111615108763   0.90111615108763
   21    0.91185345987707   0.91185345987707
   22    1.06941281864644   1.06941281864644
   23    2.29064752935578   2.29064752935578
   24    3.40536389460679   3.40536389460679
   25    3.94386372176860   3.94386372176860
   26    4.21789489683766   4.21789489683766

   kloop=60
   k1=   0.40000 k2=   0.80000 k3=   0.40000

    1   -0.42035728174563  -0.42035728174563
    2   -0.39824703270285  -0.39824703270285
    3   -0.27548920948470  -0.27548920948470
    4   -0.21848454660640  -0.21848454660640
    5   -0.08381937536078  -0.08381937536078
    6    0.00032247369484   0.00032247369484
    7    0.18736019344035   0.18736019344035
    8    0.20399382256423   0.20399382256423
    9    0.21659967020077   0.21659967020077
   10    0.22371956697196   0.22371956697196
   11    0.42167528675952   0.42167528675952
   12    0.44193619052744   0.44193619052744
   13    0.45723940301426   0.45723940301426
   14    0.48753262893761   0.48753262893761
   15    0.59273215571913   0.59273215571913
   16    0.60688327853527   0.60688327853527
   17    0.66845634531749   0.66845634531749
   18    0.76834226028711   0.76834226028711
   19    0.77391309742606   0.77391309742606
   20    0.81760106704347   0.81760106704347
   21    0.88485720465690   0.88485720465690
   22    0.89595458364944   0.89595458364944
   23    3.00539404616412   3.00539404616412
   24    3.64859189546731   3.64859189546731
   25    4.20534380278742   4.20534380278742
   26    4.24504375007729   4.24504375007729

   kloop=61
   k1=   0.40000 k2=   0.80000 k3=   0.60000

    1   -0.44902485398114  -0.44902485398114
    2   -0.36539432743115  -0.36539432743115
    3   -0.27224283110723  -0.27224283110723
    4   -0.23483109312204  -0.23483109312204
    5    0.00776414388887   0.00776414388887
    6    0.02610548345620   0.02610548345620
    7    0.05167377676449   0.05167377676449
    8    0.17782902572054   0.17782902572054
    9    0.19625936098612   0.19625936098612
   10    0.27158086971258   0.27158086971258
   11    0.38654143103731   0.38654143103731
   12    0.46240752219443   0.46240752219443
   13    0.47379765983570   0.47379765983570
   14    0.54463711857714   0.54463711857714
   15    0.59348439243606   0.59348439243606
   16    0.62688912263888   0.62688912263888
   17    0.63490859409737   0.63490859409737
   18    0.69492831252053   0.69492831252053
   19    0.81323159983753   0.81323159983753
   20    0.90111615187890   0.90111615187890
   21    0.91185345670754   0.91185345670754
   22    1.06941281650198   1.06941281650198
   23    2.29064746576928   2.29064746576928
   24    3.40536386699933   3.40536386699933
   25    3.94386373787804   3.94386373787804
   26    4.21789495974082   4.21789495974082

   kloop=62
   k1=   0.40000 k2=   0.80000 k3=   0.80000

    1   -0.46488775479689  -0.46488775479689
    2   -0.37199874160817  -0.37199874160817
    3   -0.25109608857114  -0.25109608857114
    4   -0.18613760488132  -0.18613760488132
    5   -0.04344220286658  -0.04344220286658
    6    0.05535576887065   0.05535576887065
    7    0.06141283936226   0.06141283936226
    8    0.17026514857739   0.17026514857739
    9    0.20487316445713   0.20487316445713
   10    0.21011412893499   0.21011412893499
   11    0.41571334850176   0.41571334850176
   12    0.43218273468729   0.43218273468729
   13    0.45834127520111   0.45834127520111
   14    0.49853306204117   0.49853306204117
   15    0.61150698420212   0.61150698420212
   16    0.63278716226849   0.63278716226849
   17    0.66381519938439   0.66381519938439
   18    0.72254793030040   0.72254793030040
   19    0.84433829027310   0.84433829027310
   20    0.94133883017443   0.94133883017443
   21    0.99516478001467   0.99516478001467
   22    1.14752890029906   1.14752890029906
   23    2.39461577105149   2.39461577105149
   24    2.41280144964289   2.41280144964289
   25    3.63273782574812   3.63273782574812
   26    4.21162079550624   4.21162079550624

***********************************************************
***********************************************************
                   Mulliken populations                    
***********************************************************
***********************************************************

  Total spin moment (muB)   0.000000000

                    Up spin      Down spin     Sum           Diff
      1   Si      2.000001616  2.000001616   4.000003232   0.000000000
      2   Si      1.999998384  1.999998384   3.999996768   0.000000000

 Sum of MulP: up   =     4.00000 down          =     4.00000
              total=     8.00000 ideal(neutral)=     8.00000


  Decomposed Mulliken populations

    1   Si          Up spin      Down spin     Sum           Diff
            multiple
  s           0    0.637473537  0.637473537   1.274947074   0.000000000
   sum over m      0.637473537  0.637473537   1.274947074   0.000000000
  s           1   -0.000573917 -0.000573917  -0.001147834   0.000000000
   sum over m     -0.000573917 -0.000573917  -0.001147834   0.000000000
   sum over m+mul  0.636899620  0.636899620   1.273799240   0.000000000
  px          0    0.415805264  0.415805264   0.831610528   0.000000000
  py          0    0.415805264  0.415805264   0.831610528   0.000000000
  pz          0    0.415805261  0.415805261   0.831610522   0.000000000
   sum over m      1.247415789  1.247415789   2.494831579   0.000000000
  px          1    0.004266294  0.004266294   0.008532587   0.000000000
  py          1    0.004266294  0.004266294   0.008532587   0.000000000
  pz          1    0.004266293  0.004266293   0.008532587   0.000000000
   sum over m      0.012798880  0.012798880   0.025597761   0.000000000
   sum over m+mul  1.260214670  1.260214670   2.520429340   0.000000000
  d3z^2-r^2   0    0.012111145  0.012111145   0.024222291   0.000000000
  dx^2-y^2    0    0.012111147  0.012111147   0.024222293   0.000000000
  dxy         0    0.026221678  0.026221678   0.052443356   0.000000000
  dxz         0    0.026221678  0.026221678   0.052443356   0.000000000
  dyz         0    0.026221678  0.026221678   0.052443356   0.000000000
   sum over m      0.102887326  0.102887326   0.205774652   0.000000000
   sum over m+mul  0.102887326  0.102887326   0.205774652   0.000000000

    2   Si          Up spin      Down spin     Sum           Diff
            multiple
  s           0    0.637488610  0.637488610   1.274977220   0.000000000
   sum over m      0.637488610  0.637488610   1.274977220   0.000000000
  s           1   -0.000576808 -0.000576808  -0.001153616   0.000000000
   sum over m     -0.000576808 -0.000576808  -0.001153616   0.000000000
   sum over m+mul  0.636911802  0.636911802   1.273823604   0.000000000
  px          0    0.415800439  0.415800439   0.831600877   0.000000000
  py          0    0.415800439  0.415800439   0.831600877   0.000000000
  pz          0    0.415800435  0.415800435   0.831600870   0.000000000
   sum over m      1.247401312  1.247401312   2.494802625   0.000000000
  px          1    0.004266061  0.004266061   0.008532123   0.000000000
  py          1    0.004266061  0.004266061   0.008532123   0.000000000
  pz          1    0.004266061  0.004266061   0.008532122   0.000000000
   sum over m      0.012798184  0.012798184   0.025596368   0.000000000
   sum over m+mul  1.260199496  1.260199496   2.520398993   0.000000000
  d3z^2-r^2   0    0.012111148  0.012111148   0.024222297   0.000000000
  dx^2-y^2    0    0.012111150  0.012111150   0.024222299   0.000000000
  dxy         0    0.026221596  0.026221596   0.052443192   0.000000000
  dxz         0    0.026221596  0.026221596   0.052443192   0.000000000
  dyz         0    0.026221596  0.026221596   0.052443192   0.000000000
   sum over m      0.102887086  0.102887086   0.205774171   0.000000000
   sum over m+mul  0.102887086  0.102887086   0.205774171   0.000000000

***********************************************************
***********************************************************
                    Dipole moment (Debye)                  
***********************************************************
***********************************************************

 Absolute D      107.67436148

                      Dx                Dy                Dz
 Total            -62.16582158      -62.16582158      -62.16582158
 Core              25.92582715       25.92582715       25.92582715
 Electron         -88.09164873      -88.09164873      -88.09164873
 Back ground       -0.00000000       -0.00000000       -0.00000000

***********************************************************
***********************************************************
       xyz-coordinates (Ang) and forces (Hartree/Bohr)  
***********************************************************
***********************************************************

<coordinates.forces
  2
    1    Si     1.34940   1.34940   1.34940   0.000000000000  0.000000000000  0.000000000000
    2    Si     0.00000   0.00000   0.00000  -0.000000000000 -0.000000000000 -0.000000000000
coordinates.forces>

***********************************************************
***********************************************************
       Fractional coordinates of the final structure       
***********************************************************
***********************************************************

     1     Si     0.25000000000000   0.25000000000000   0.25000000000000
     2     Si     0.00000000000000   0.00000000000000   0.00000000000000

***********************************************************
***********************************************************
                   Wannier functions                       
***********************************************************
***********************************************************

          Center of Wannier Function (Angs)   |   Spread (Angs^2) 
 WF   1 ( 1.14582610, 1.14582610, 1.14582610) |   2.85460251
 WF   2 ( 1.55297787, 1.55297787, 1.14582610) |   2.85460252
 WF   3 ( 1.55297787, 1.14582610, 1.55297787) |   2.85460252
 WF   4 ( 1.14582610, 1.55297787, 1.55297787) |   2.85460251
 WF   5 ( 0.20358128, 0.20358128, 0.20358128) |   2.85465244
 WF   6 ( 0.20358128,-0.20358128,-0.20358128) |   2.85465244
 WF   7 (-0.20358128, 0.20358128,-0.20358128) |   2.85465244
 WF   8 (-0.20358128,-0.20358128, 0.20358128) |   2.85465244

 Total Center ( 5.39760793, 5.39760794, 5.39760794)
 Sum.of.Spreads. 22.837019800950280

The component of spread function is:
 Omega I     = 16.933997904001
 Omega D     =  0.165509464314
 Omega OD    =  5.737512432635
 Total.Omega.= 22.837019800950156

***********************************************************
***********************************************************
               Computational Time (second)                 
***********************************************************
***********************************************************

   Elapsed.Time.       114.624

                               Min_ID   Min_Time       Max_ID   Max_Time
   Total Computational Time =    16      114.543          0      114.624
   readfile                 =     0        1.836         17        1.837
   truncation               =    13        1.349          0        1.568
   MD_pac                   =     0        0.003         21        0.004
   OutData                  =     0        0.385         15        1.414
   HWF                      =     0        0.000          0        0.000
   DFT                      =     0       16.074         13       16.292

*** In DFT ***

   Set_OLP_Kin              =    17        0.041          0        0.878
   Set_Nonlocal             =     0        0.735         17        1.572
   Set_ProExpn_VNA          =    23        1.767          0        3.233
   Set_Hamiltonian          =    13        5.491          0        5.491
   Poisson                  =     8        0.003         22        0.004
   Diagonalization          =     0        0.303         13        0.304
   Mixing_DM                =    18        0.007          7        0.007
   Force                    =    19        1.669          0        1.669
   Total_Energy             =     6        0.708          0        0.709
   Set_Aden_Grid            =     0        0.027         23        1.490
   Set_Orbitals_Grid        =     4        0.000          0        0.332
   Set_Density_Grid         =     7        2.584          1        2.586
   RestartFileDFT           =    16        0.048         11        0.058
   Mulliken_Charge          =    24        0.003          0        0.003
   FFT(2D)_Density          =     6        0.004          1        0.004
   Others                   =     0        0.037         16        0.596
