***********************************************************
***********************************************************

  This calculation was performed by OpenMX Ver. 4.0
  using 28 MPI processes and 1 OpenMP threads.

  Fri Apr 10 17:09:02 2026

***********************************************************
***********************************************************

#
# File Name      
#

System.CurrrentDirectory         ./    # default=./
System.Name                     VBz
level.of.stdout                   1    # default=1 (1-3)
level.of.fileout                  1    # default=1 (0-2)

#
# Definition of Atomic Species
#

Species.Number       5
<Definition.of.Atomic.Species
 H   H5.0-s2p2        H_PBE19
 C   C5.0-s2p2d1      C_PBE19
 V   V6.0-s2p2d2f1    V_PBE19
 Cpro C5.0-s1p1d1     C_PBE19
 Vpro V6.0-s1p1d1     V_PBE19
Definition.of.Atomic.Species>

#
# Atoms
#

Atoms.Number        13 
Atoms.SpeciesAndCoordinates.Unit   Ang # Ang|AU|FRAC
<Atoms.SpeciesAndCoordinates
 1 C   7.02378   8.50000   0.00000  2.0  2.0
 2 C   7.76209   9.77664   0.00000  2.0  2.0
 3 C   9.23791   9.77664   0.00000  2.0  2.0
 4 C   9.97623   8.50000   0.00000  2.0  2.0
 5 C   9.23791   7.22336   0.00000  2.0  2.0
 6 C   7.76209   7.22336   0.00000  2.0  2.0
 7 H   5.90182   8.50000   0.00000  0.5  0.5
 8 H  11.09818   8.50000   0.00000  0.5  0.5
 9 H   7.20054  10.74840   0.00000  0.5  0.5
10 H   9.79946  10.74840   0.00000  0.5  0.5
11 H   9.79946   6.25160   0.00000  0.5  0.5
12 H   7.20054   6.25160   0.00000  0.5  0.5
13 V   8.50000   8.50000   1.65000  8.0  5.0
Atoms.SpeciesAndCoordinates>
Atoms.UnitVectors.Unit             Ang # Ang|AU
<Atoms.UnitVectors                     
  17.0 0.0 0.0    
   0.0 17.0 0.0
   0.0 0.0  3.30 
Atoms.UnitVectors>

#
# SCF or Electronic System
#

scf.XcType                  GGA-PBE    # LDA|LSDA-CA|LSDA-PW|GGA-PBE
scf.SpinPolarization        on         # On|Off|NC
scf.ElectronicTemperature  100.0       # default=300 (K)
scf.energycutoff           250.0       # default=150 (Ry)
scf.maxIter                 60         # default=40
scf.EigenvalueSolver        Band    # DC|GDC|Cluster|Band
scf.Kgrid                  1 1 21       # means n1 x n2 x n3
scf.Mixing.Type           rmm-diisk    # Simple|Rmm-Diis|Gr-Pulay|Kerker|Rmm-Diisk
scf.Init.Mixing.Weight     0.10        # default=0.30 
scf.Min.Mixing.Weight      0.001       # default=0.001 
scf.Max.Mixing.Weight      0.200       # default=0.40
scf.Kerker.factor          5.0         # default=1.0  
scf.Mixing.History         30          # default=5
scf.Mixing.StartPulay       5          # default=6
scf.Mixing.EveryPulay       1          # default=5
scf.criterion             1.0e-8       # default=1.0e-6 (Hartree) 
scf.lapack.dste            dstevx      # dstevx|dstedc|dstegr,default=dstevx

#
# 1D FFT
#

1DFFT.NumGridK             900         # default=900
1DFFT.NumGridR             900         # default=900
1DFFT.EnergyCutoff        2500.0       # default=3600 (Ry)

#
# Orbital Optimization
#

orbitalOpt.Method           off        # Off|Unrestricted|Restricted
orbitalOpt.InitCoes     Symmetrical    # Symmetrical|Free
orbitalOpt.initPrefactor   0.1         # default=0.1
orbitalOpt.scf.maxIter      15         # default=12
orbitalOpt.MD.maxIter        7         # default=5
orbitalOpt.per.MDIter       20         # default=1000000
orbitalOpt.criterion      1.0e-4       # default=1.0e-4 (Hartree/borh)^2

# 
# output of contracted orbitals
#

CntOrb.fileout               off       # on|off, default=off
Num.CntOrb.Atoms             1         # default=1
<Atoms.Cont.Orbitals
 1
Atoms.Cont.Orbitals>
 
#
# SCF Order-N
#

orderN.HoppingRanges        6.0        # default=5.0 (Ang) 
orderN.NumHoppings           2         # default=2

#
# MD or Geometry Optimization
#

MD.Type                     nomd       # Nomd|Opt|DIIS|NVE|NVT_VS|NVT_NH
MD.Opt.DIIS.History          7         # default=7
MD.Opt.StartDIIS             5         # default=5
MD.maxIter                   1         # default=1
MD.TimeStep                 1.0        # default=0.5 (fs)
MD.Opt.criterion         1.0e-5        # default=1.0e-4 (Hartree/bohr)


#
# MO output
#

MO.fileout                   off       # on|off
num.HOMOs                    10        # default=1
num.LUMOs                    10        # default=1
MO.Nkpoint                    1        # default=1 
<MO.kpoint
  0.0  0.0  0.0
MO.kpoint>

#
# DOS and PDOS
#

Dos.fileout                  off        # on|off, default=off
Dos.Erange               -10.0  10.0   # default = -20 20 
Dos.Kgrid                  1   1   51     # default = Kgrid1 Kgrid2 Kgrid3

#
# Band dispersion
#

Band.dispersion              on         # on|off, default=off
# if <Band.KPath.UnitCell does not exist,
#     the reciprical lattice vector is employed.
Band.Nkpath                1
<Band.kpath
   51  0.0 0.0 0.0   0.0 0.0 0.5  g X
Band.kpath>

#
# output Hamiltonian and overlap
#  

HS.fileout                   off       # on|off, default=off
#Voronoi.charge               on
 
Wannier.Func.Calc        on 
Wannier.Func.Num         11  
Wannier.Outer.Window.Bottom -8.7 
Wannier.Outer.Window.Top     6.0 
Wannier.Inner.Window.Bottom  -4.0 
Wannier.Inner.Window.Top      0.0 
Wannier.Initial.Guess         on 
Wannier.Initial.Projectors.Unit ANG     # AU, ANG or FRAC 
<Wannier.Initial.Projectors
 Cpro-pz   7.02378   8.50000   0.00000     0.0 0.0 1.0 1.0 0.0 0.0
 Cpro-pz   7.76209   9.77664   0.00000     0.0 0.0 1.0 1.0 0.0 0.0
 Cpro-pz   9.23791   9.77664   0.00000     0.0 0.0 1.0 1.0 0.0 0.0
 Cpro-pz   9.97623   8.50000   0.00000     0.0 0.0 1.0 1.0 0.0 0.0
 Cpro-pz   9.23791   7.22336   0.00000     0.0 0.0 1.0 1.0 0.0 0.0
 Cpro-pz   7.76209   7.22336   0.00000     0.0 0.0 1.0 1.0 0.0 0.0
 Vpro-d    8.5       8.5       1.65        0.0 0.0 1.0 1.0 0.0 0.0
Wannier.Initial.Projectors>

Wannier.Kgrid                           2 2 20
Wannier.MaxShells                       12 

Wannier.Interpolated.Bands              on   # on|off, default=off

Wannier.Function.Plot                   on   # on|off, default=off
Wannier.Function.Plot.SuperCells        0 0 1   # default=0 0 0 

Wannier.Dis.Mixing.Para                 0.5
Wannier.Dis.Conv.Criterion               1e-10 
Wannier.Dis.SCF.Max.Steps               5000 

Wannier.Minimizing.Max.Steps            800 
Wannier.Minimizing.Scheme               2
Wannier.Minimizing.StepLength           2.0 
Wannier.Minimizing.Secant.Steps         2
Wannier.Minimizing.Secant.StepLength    2.0
Wannier.Minimizing.Conv.Criterion        1e-10

Wannier.Readin.Overlap.Matrix           off         



***********************************************************
***********************************************************

  Required cutoff energy (Ryd) for 3D-grids = 250.0000
      Used cutoff energy (Ryd) for 3D-grids = 250.9772, 250.9772, 259.8808
  Num. of grids of a-, b-, and c-axes = 162, 162, 32

  Num.Grid1.   162
  Num.Grid2.   162
  Num.Grid3.    32


  Cell_Volume =   6435.885217486227 (Bohr^3)
  GridVol     =      0.007663519778 (Bohr^3)
  Cell vectors (bohr) of the grid cell (gtv)
    gtv_a =  0.198304579048,  0.000000000000,  0.000000000000
    gtv_b =  0.000000000000,  0.198304579048,  0.000000000000
    gtv_c =  0.000000000000,  0.000000000000,  0.194877992572
    |gtv_a| =  0.198304579048
    |gtv_b| =  0.198304579048
    |gtv_c| =  0.194877992572

***********************************************************
***********************************************************


***********************************************************
***********************************************************
                  SCF history at MD= 1                    
***********************************************************
***********************************************************

   SCF=   1  NormRD=  1.000000000000  Uele= -28.142754981173
   SCF=   2  NormRD=  6.898437134227  Uele= -28.142754981173
   SCF=   3  NormRD=  6.877476617446  Uele= -28.134153088099
   SCF=   4  NormRD=  5.342787274208  Uele= -27.399693151123
   SCF=   5  NormRD=  3.230598458365  Uele= -27.851408233146
   SCF=   6  NormRD=  1.939917967526  Uele= -28.187699152025
   SCF=   7  NormRD=  1.811864144124  Uele= -27.749528396041
   SCF=   8  NormRD=  1.259052150436  Uele= -27.995728998362
   SCF=   9  NormRD=  0.874584384396  Uele= -27.556512696962
   SCF=  10  NormRD=  0.636386978745  Uele= -27.437576586432
   SCF=  11  NormRD=  0.505180964885  Uele= -27.241648238751
   SCF=  12  NormRD=  0.307710239035  Uele= -27.233453517718
   SCF=  13  NormRD=  0.151140012465  Uele= -27.310764501678
   SCF=  14  NormRD=  0.065135701990  Uele= -27.369039351658
   SCF=  15  NormRD=  0.045569524604  Uele= -27.398484401999
   SCF=  16  NormRD=  0.015078060273  Uele= -27.375039205900
   SCF=  17  NormRD=  0.007272735638  Uele= -27.376966840740
   SCF=  18  NormRD=  0.003816785666  Uele= -27.375480434016
   SCF=  19  NormRD=  0.003347543199  Uele= -27.375398451215
   SCF=  20  NormRD=  0.001178768848  Uele= -27.377730989385
   SCF=  21  NormRD=  0.000330964546  Uele= -27.377495716792
   SCF=  22  NormRD=  0.000120422742  Uele= -27.377539791016
   SCF=  23  NormRD=  0.000024783083  Uele= -27.377597985852
   SCF=  24  NormRD=  0.000010015196  Uele= -27.377591757918
   SCF=  25  NormRD=  0.000003216525  Uele= -27.377592562659
   SCF=  26  NormRD=  0.000001665365  Uele= -27.377592971173
   SCF=  27  NormRD=  0.000000519386  Uele= -27.377593311596
   SCF=  28  NormRD=  0.000000375308  Uele= -27.377593317374

*******************************************************
        Total energy (Hartree) at MD = 1        
*******************************************************

  Uele.        -27.377593317374

  Ukin.         60.077760744079
  UH0.        -584.385199288873
  UH1.           0.185291332170
  Una.         -56.230934415558
  Unl.          -3.840195400118
  Uxc0.        -12.036183120067
  Uxc1.        -11.480663174426
  Ucore.       496.879404334708
  Uhub.          0.000000000000
  Ucs.           0.000000000000
  Uzs.           0.000000000000
  Uzo.           0.000000000000
  Uef.           0.000000000000
  UvdW.          0.000000000000
  Uch.           0.000000000000
  Utot.       -110.830718988083

  UpV.           0.000000000000
  Enpy.       -110.830718988083
  Note:

  Utot = Ukin+UH0+UH1+Una+Unl+Uxc0+Uxc1+Ucore+Uhub+Ucs+Uzs+Uzo+Uef+UvdW+Uch

  Uele:   band energy
  Ukin:   kinetic energy
  UH0:    electric part of screened Coulomb energy
  UH1:    difference electron-electron Coulomb energy
  Una:    neutral atom potential energy
  Unl:    non-local potential energy
  Uxc0:   exchange-correlation energy for alpha spin
  Uxc1:   exchange-correlation energy for beta spin
  Ucore:  core-core Coulomb energy
  Uhub:   LDA+U energy
  Ucs:    constraint energy for spin orientation
  Uzs:    Zeeman term for spin magnetic moment
  Uzo:    Zeeman term for orbital magnetic moment
  Uef:    electric energy by electric field
  UvdW:   semi-empirical vdW energy
  Uch:    penalty term to create a core hole

  UpV:    pressure times volume
  Enpy:   Enthalpy = Utot + UpV
  (see also PRB 72, 045121(2005) for the energy contributions)



  Chemical potential (Hartree)      -0.060764888243

***********************************************************
***********************************************************
           Eigenvalues (Hartree) of SCF KS-eq.           
***********************************************************
***********************************************************

   Chemical Potential (Hartree) =  -0.06076488824265
   Number of States             =  43.00000000000050
   Eigenvalues
              Up-spin           Down-spin

   kloop=0
   k1=   0.00000 k2=   0.00000 k3=   0.00000

    1   -2.44501849445693  -2.41284852175353
    2   -1.50144659186409  -1.46272866875642
    3   -1.48008996911063  -1.45188554271111
    4   -1.48007552224895  -1.45184437609537
    5   -0.77675508883239  -0.77580048402232
    6   -0.66407371450811  -0.66456584827055
    7   -0.66369277830410  -0.66418642814434
    8   -0.53235836480316  -0.53274682648301
    9   -0.53220560224076  -0.53260386522698
   10   -0.46708121884979  -0.46490988602555
   11   -0.40319340221578  -0.40374519193591
   12   -0.37542504651734  -0.37560247373341
   13   -0.37076036858785  -0.37075908807132
   14   -0.37031697513618  -0.37031656624887
   15   -0.30009279396425  -0.29984384246136
   16   -0.29980320395266  -0.29954180878394
   17   -0.27267634281457  -0.27365752812397
   18   -0.26463198458805  -0.26206832360716
   19   -0.26459231908065  -0.26202405481324
   20   -0.11189352747997  -0.07564196579345
   21   -0.05792318092390  -0.03392820435048
   22   -0.05692279461972  -0.03296538251155
   23   -0.02027244265760  -0.02352166576686
   24   -0.01998467809648  -0.02324669608637
   25    0.04578380069543   0.05790663771684
   26    0.04607497943969   0.05817653540695
   27    0.07067003930806   0.07495433461644
   28    0.10194307049542   0.10186502575727
   29    0.10203517229819   0.10195697922257
   30    0.11527313326943   0.11140279985304
   31    0.11952475954468   0.12018052973646
   32    0.11991257989575   0.12055502705693
   33    0.13252043149799   0.13190126273943
   34    0.18391474568340   0.19977167028795
   35    0.19388343989442   0.19990984153284
   36    0.19401220364009   0.20385926019960
   37    0.20497137847530   0.20507758846138
   38    0.21352715948288   0.21388212660394
   39    0.21363142581090   0.21397307306112
   40    0.22402291879610   0.22453642207887
   41    0.22408066427802   0.22460831432949
   42    0.34269017912475   0.34554907549521
   43    0.34322836120382   0.34607440603729
   44    0.35627892563799   0.35597171942491
   45    0.39706238800533   0.39995986596843
   46    0.39731631031302   0.40401668780591
   47    0.42318688734493   0.42309880351296
   48    0.49425657760563   0.49434867991695
   49    0.49443919171846   0.49453232748374
   50    0.51346766101659   0.51378778743835
   51    0.51368610132207   0.51400411392678
   52    0.54087729003964   0.54308462845222
   53    0.54128824385027   0.54346224043380
   54    0.56223422159308   0.56169203314634
   55    0.56237349032381   0.56182248706837
   56    0.62805196785970   0.62703123129429
   57    0.62994536284174   0.63066563172293
   58    0.63033075525149   0.63104148776955
   59    0.65026875032411   0.65016919920461
   60    0.66202560354484   0.66601701352770
   61    0.68827017811896   0.68820264506279
   62    0.69666338717510   0.69818341350528
   63    0.70225479552561   0.70742786433991
   64    0.70913522610164   0.71007795024042
   65    0.70959488745261   0.71030792762024
   66    0.70983495246973   0.71171332254472
   67    0.76892426494820   0.77211849812737
   68    0.76926963057696   0.77248164746281
   69    0.79271360788183   0.79350730717699
   70    0.86227294785816   0.87018006335160
   71    0.87067644928102   0.87062855352349
   72    0.87228772068967   0.87114789061025
   73    0.87272846803809   0.87174666975083
   74    0.93555589633256   0.93725853652487
   75    0.93556841872238   0.93726301410578
   76    1.09742188012252   1.09846329571788
   77    1.09802477412678   1.09905131262858
   78    1.12223630693626   1.12581439042016
   79    1.12232712893836   1.12588327896400
   80    1.13802559625457   1.13724322904525
   81    1.17788284527420   1.17631704875551
   82    1.17813668032542   1.17656671761437
   83    1.25417994246096   1.25568190320631
   84    1.25536617858533   1.25684769750799
   85    1.31115256718040   1.30973640366207
   86    1.31148774651948   1.31004931171724
   87    1.33046805317374   1.33415681893800
   88    1.40301160519840   1.40374565290558
   89    1.40310754616750   1.40385110380652
   90    1.40955914130532   1.41296525087389
   91    1.46909652907930   1.46900982967514
   92    1.46938988147721   1.46903112528685
   93    1.47023879212462   1.46930794845571
   94    1.54889978573406   1.54918609940952
   95    1.59620276167997   1.59711644883281
   96    1.59633625955194   1.59725380557283
   97    1.66542351778005   1.67178800551414
   98    1.69948224648576   1.69998336552330
   99    1.69955675491536   1.70004041013333
  100    1.71653002358020   1.72584564219979
  101    1.73677981423917   1.73760872652701
  102    1.73682945012944   1.73766689990685
  103    1.74268487801781   1.74411084324897
  104    1.74513092984658   1.74649581923708
  105    1.77680172639519   1.78481581955349
  106    1.77707054737965   1.78506893626947
  107    1.81736365589295   1.81815556573620
  108    1.83240272045463   1.83330551313178
  109    1.90312045526571   1.90424323784029
  110    1.95756844504060   1.95790720045203
  111    1.95816610359939   1.95850250550706
  112    2.02010057795769   2.01959972902574
  113    2.02096142714652   2.02045618001217
  114    2.05340848827625   2.05313668335047
  115    2.05357134693013   2.05330408974242
  116    2.05387466837648   2.05530963489839
  117    2.06933091956659   2.06672232059135
  118    2.16997727157517   2.17059192643377
  119    2.17133545773193   2.17194441832848
  120    2.22433579681536   2.22429314394677
  121    2.22435810778574   2.22430070171304

   kloop=1
   k1=   0.00000 k2=   0.00000 k3=   0.04762

    1   -2.44501274171827  -2.41284248270937
    2   -1.50156384561425  -1.46285325700883
    3   -1.48007519055771  -1.45186922465556
    4   -1.48006074820090  -1.45182804667120
    5   -0.77612875268309  -0.77517741992202
    6   -0.66412608118225  -0.66461741271905
    7   -0.66374558754482  -0.66423847361854
    8   -0.53206643532539  -0.53246135587260
    9   -0.53191395514345  -0.53231864446039
   10   -0.46659790060193  -0.46445165398642
   11   -0.40297484308031  -0.40352680163809
   12   -0.37529853590568  -0.37547670985409
   13   -0.37113332646281  -0.37109974333780
   14   -0.37069237853892  -0.37065950368546
   15   -0.29989922147709  -0.29965711118998
   16   -0.29960941272817  -0.29935489823166
   17   -0.27536311711816  -0.27624428577067
   18   -0.26418491883643  -0.26172202941561
   19   -0.26413881727853  -0.26167129870335
   20   -0.11099014119796  -0.07448814196721
   21   -0.06482519682001  -0.04743463698515
   22   -0.06391809072598  -0.04672167351352
   23   -0.01424495807004  -0.01081659680077
   24   -0.01386766247791  -0.01029549321268
   25    0.04180198742025   0.05384005913089
   26    0.04208132055359   0.05409743415574
   27    0.07123782842880   0.07561556882335
   28    0.10317709292121   0.10326798217775
   29    0.10327263249655   0.10336466853942
   30    0.11310441492647   0.10929014351141
   31    0.12033166274406   0.12102934801534
   32    0.12072094481226   0.12140482567352
   33    0.13314141956773   0.13252010813410
   34    0.18697783846695   0.20475114929956
   35    0.19918540397087   0.20486802772962
   36    0.19930342143932   0.20613351059688
   37    0.20602587360266   0.20653234646863
   38    0.21390239716359   0.21426483900405
   39    0.21401182405166   0.21436124598963
   40    0.22494982691310   0.22573388026672
   41    0.22502376386879   0.22583147057438
   42    0.34265395507480   0.34538192231062
   43    0.34318601682181   0.34590085694288
   44    0.35813322408444   0.35775557643197
   45    0.37723192665763   0.38174984464293
   46    0.41190261246342   0.41701084200757
   47    0.42367876850213   0.42358995794505
   48    0.48417261103822   0.48441607805693
   49    0.48436381597389   0.48460800567670
   50    0.51656734771978   0.51693443477633
   51    0.51678974667510   0.51715496273433
   52    0.52550672988219   0.52614605382571
   53    0.52588049098211   0.52649133233506
   54    0.57453919279371   0.57569504944956
   55    0.57470158444881   0.57584510666716
   56    0.61374143109731   0.61272687853056
   57    0.63107403481112   0.63170912809927
   58    0.63144185743284   0.63206882238855
   59    0.63512372737860   0.63770049056484
   60    0.65107480350243   0.65097668808067
   61    0.68894615246221   0.69297824236614
   62    0.69630840268435   0.69624165327630
   63    0.70942374034308   0.70993707683580
   64    0.70943267576743   0.71016263591747
   65    0.70966950068446   0.71629351819213
   66    0.73340012933933   0.73303318359818
   67    0.77501181132866   0.77812370651711
   68    0.77535509765446   0.77848339324725
   69    0.79676168604504   0.79768007334647
   70    0.85904487658755   0.86789029140630
   71    0.87101916158526   0.86901606908727
   72    0.87141582231870   0.86941574200544
   73    0.87787571309918   0.87900032672044
   74    0.94358531740954   0.94501451029952
   75    0.94359462329357   0.94502226738206
   76    1.08983713042954   1.09099006594053
   77    1.09050663771580   1.09164539764070
   78    1.12002945702627   1.12341938206171
   79    1.12012874711144   1.12349756784498
   80    1.12620319863329   1.12560035161763
   81    1.15874383731265   1.15768982131589
   82    1.15892458026737   1.15787688464496
   83    1.27316135508649   1.27407439819693
   84    1.27426644721352   1.27516863579172
   85    1.30971133966982   1.31130576397238
   86    1.31249042947850   1.31158653080590
   87    1.31279465511341   1.31230189415792
   88    1.40632430237681   1.40704262535106
   89    1.40644747310859   1.40717469575697
   90    1.41826798943576   1.42167452215346
   91    1.47085132890477   1.47076279169519
   92    1.47112672172113   1.47104311041771
   93    1.49595124157038   1.49567415701156
   94    1.55031524147684   1.55060060971994
   95    1.59740394684188   1.59833358965367
   96    1.59756275992146   1.59849472732722
   97    1.64521124649034   1.65183353578481
   98    1.69587455219403   1.69649932388907
   99    1.69630079036281   1.69689182595829
  100    1.72223676202994   1.72464274907829
  101    1.72232423189428   1.72472808982694
  102    1.72947919941581   1.73812093944579
  103    1.74042916167428   1.74168185718084
  104    1.74248209733384   1.74369606099976
  105    1.78118040474493   1.78709069482141
  106    1.78137354843628   1.78728052064986
  107    1.81577668579442   1.81650568161421
  108    1.83336718096910   1.83427972812162
  109    1.90461207303437   1.90594398423256
  110    1.95800046512380   1.95842390456477
  111    1.95857178337763   1.95899364792936
  112    2.01252279773358   2.01252713501969
  113    2.01332849870086   2.01333129068168
  114    2.04466508765175   2.04602862947569
  115    2.05765158417893   2.05738146185191
  116    2.05780993302318   2.05754556017672
  117    2.06836715056168   2.06575998110887
  118    2.19125419744631   2.19172709937338
  119    2.19250345730151   2.19297486438239
  120    2.20986120950886   2.20987292464217
  121    2.20987465347407   2.20987559108062

   kloop=2
   k1=   0.00000 k2=   0.00000 k3=   0.09524

    1   -2.44499589569687  -2.41282489807050
    2   -1.50190464768748  -1.46321569194141
    3   -1.48003220743285  -1.45182178653285
    4   -1.48001777778769  -1.45178057607498
    5   -0.77429339584078  -0.77335191934442
    6   -0.66428062618971  -0.66476955643206
    7   -0.66390142664719  -0.66439202392827
    8   -0.53121003644563  -0.53162405398712
    9   -0.53105839189749  -0.53148208157620
   10   -0.46517920321576  -0.46310740627362
   11   -0.40233465323255  -0.40288706472693
   12   -0.37493078550502  -0.37511096012257
   13   -0.37214840335376  -0.37202839927690
   14   -0.37171291639012  -0.37159344011756
   15   -0.29933202589153  -0.29911021543814
   16   -0.29904155895986  -0.29880746338113
   17   -0.28292690036965  -0.28354842565142
   18   -0.26300982673177  -0.26083094596766
   19   -0.26294579317647  -0.26076213419885
   20   -0.10851058663933  -0.07125127276084
   21   -0.07908261415654  -0.06532080951817
   22   -0.07826886072660  -0.06465613110690
   23   -0.00253810208009   0.00473327688741
   24   -0.00207867203290   0.00529161862865
   25    0.03199588117823   0.04402594829212
   26    0.03224961209053   0.04425763963261
   27    0.07258543096834   0.07721231241302
   28    0.10636459721487   0.10332061985123
   29    0.10646691339985   0.10673017881191
   30    0.10698800007527   0.10683273895270
   31    0.12266030235072   0.12348045437988
   32    0.12305456844450   0.12385950189885
   33    0.13499393360460   0.13436687146733
   34    0.19615105729742   0.20923836616975
   35    0.20912734912735   0.21455696157005
   36    0.21179920426915   0.21531723555937
   37    0.21184659641549   0.21543850910190
   38    0.21494054938419   0.21544393934736
   39    0.21506497797473   0.21545450210321
   40    0.22916146919778   0.23167744051248
   41    0.22931755126292   0.23188577722756
   42    0.34264853007163   0.34499003845373
   43    0.34316014907993   0.34548829520515
   44    0.35320538576977   0.35768536315385
   45    0.36322584743298   0.36265633401540
   46    0.42122020483783   0.42500790150799
   47    0.42509884345868   0.42644892759507
   48    0.46130900334492   0.46194746173132
   49    0.46151847867961   0.46215797410917
   50    0.50109435016602   0.50088594178126
   51    0.50147640890771   0.50124978908363
   52    0.52169605931941   0.52214553829119
   53    0.52192586746147   0.52237368080315
   54    0.58360443989855   0.58257337250869
   55    0.59031802600950   0.59266453357641
   56    0.59043769428522   0.59276521981245
   57    0.59435743335990   0.59647532640962
   58    0.63358495623401   0.63406303606646
   59    0.63391694966615   0.63438943752187
   60    0.65346136393120   0.65336747334089
   61    0.67964075654594   0.68470701025158
   62    0.70876537502645   0.70929738084462
   63    0.70898753408171   0.70950891357630
   64    0.70970290164378   0.70966889295803
   65    0.71735434159297   0.72299350107033
   66    0.76525445847322   0.76517395931281
   67    0.79109335457592   0.79399829681922
   68    0.79142759985152   0.79434564305050
   69    0.80746630283716   0.80872531722034
   70    0.85066521524840   0.85943082906994
   71    0.87043295457822   0.86854063075718
   72    0.87074210024766   0.86885613901853
   73    0.90029564311647   0.90153789911639
   74    0.96399093128424   0.96488709734220
   75    0.96402838130830   0.96493959442728
   76    1.06517700496215   1.06651317095363
   77    1.06593905828196   1.06726157338660
   78    1.09611408661070   1.09590014562494
   79    1.11352927101585   1.11641842049458
   80    1.11364603207019   1.11651584175866
   81    1.12904245206524   1.12843102913964
   82    1.12921134257225   1.12860640468500
   83    1.27366441723405   1.27488235622793
   84    1.30454634796512   1.30497580205455
   85    1.30568282354993   1.30610141086926
   86    1.31763493935062   1.31706435449325
   87    1.31785965776953   1.31726281336807
   88    1.41582001788984   1.41648352862536
   89    1.41600361819320   1.41667450535401
   90    1.43789627120699   1.44146663358246
   91    1.47605143810874   1.47594904726156
   92    1.47627254730931   1.47617567688650
   93    1.54588127285913   1.54654255173721
   94    1.55453452024326   1.55481711782618
   95    1.59518577440503   1.59629445235153
   96    1.59543165001116   1.59653708439601
   97    1.60737835065824   1.61374547686398
   98    1.67605856654066   1.67701478921883
   99    1.67726823098341   1.67817781582178
  100    1.69896798811958   1.70261141393871
  101    1.69904606981420   1.70269038913137
  102    1.74389777519811   1.74468792777881
  103    1.74503878653345   1.74581072671375
  104    1.74963465269800   1.75733616006893
  105    1.77943206254439   1.78256160865083
  106    1.77955525905574   1.78268671203546
  107    1.80995721159991   1.81047325135337
  108    1.83588567080557   1.83683455405724
  109    1.91103184077589   1.91296776404228
  110    1.96196028021016   1.96281295244460
  111    1.96246890015911   1.96332216125267
  112    2.00495919075954   2.00588020914028
  113    2.00574160920768   2.00665795936494
  114    2.01848191954478   2.01963956050935
  115    2.06556299450140   2.06296285749074
  116    2.06838880568133   2.06813146151920
  117    2.06854213708311   2.06829077766175
  118    2.17794089701480   2.17798760379393
  119    2.17796764952006   2.17803174885339
  120    2.20990760639712   2.20912409880592
  121    2.23911634156843   2.23943553325358

   kloop=3
   k1=   0.00000 k2=   0.00000 k3=   0.14286

    1   -2.44496924568163  -2.41279732184159
    2   -1.50243727708627  -1.46378292228493
    3   -1.47996490575134  -1.45174758191359
    4   -1.47995049483964  -1.45170632240327
    5   -0.77137907633642  -0.77045408793985
    6   -0.66452923248258  -0.66501419561479
    7   -0.66415207942590  -0.66463888756267
    8   -0.52984742294184  -0.53029229681259
    9   -0.52969713141217  -0.53015151988647
   10   -0.46291921199612  -0.46096855518040
   11   -0.40131933534333  -0.40187234091764
   12   -0.37436280896074  -0.37454242302934
   13   -0.37354030996930  -0.37330459659900
   14   -0.37310180975060  -0.37287033735951
   15   -0.29843179757091  -0.29824304667127
   16   -0.29814022348494  -0.29793938610348
   17   -0.29412810733271  -0.29441369029667
   18   -0.26154131438315  -0.25978090099225
   19   -0.26145132757990  -0.25968574875176
   20   -0.10499346732131  -0.08321752171538
   21   -0.09520213566230  -0.08257342723999
   22   -0.09444003400427  -0.06647034710118
   23    0.00957467633561   0.01896807745474
   24    0.01006724806495   0.01952779314140
   25    0.02012973397661   0.03239356861798
   26    0.02035578203376   0.03259814029326
   27    0.07396795711574   0.07886669558807
   28    0.09790959755215   0.09444408123971
   29    0.11087791580651   0.11144174528659
   30    0.11098172698123   0.11154800136761
   31    0.12623200495519   0.12723835264240
   32    0.12663657522530   0.12762548644452
   33    0.13803978792911   0.13740378477560
   34    0.21097710491757   0.21420824169030
   35    0.21409143692957   0.21680020596390
   36    0.21642792417026   0.21693046175300
   37    0.21657580631138   0.22188898400601
   38    0.22100629860037   0.22193088166297
   39    0.22104563530843   0.22761573636635
   40    0.24330955674143   0.24815385034285
   41    0.24356152620920   0.24842684883719
   42    0.32731444320398   0.33188543463844
   43    0.34289297431402   0.34461998216779
   44    0.34337836553618   0.34509025851401
   45    0.37028840142387   0.36945119209811
   46    0.42591397193367   0.42719412657032
   47    0.42728845448925   0.43124407762925
   48    0.43334680312647   0.43457652502878
   49    0.43357647568585   0.43480885660447
   50    0.47545499889927   0.47490800350077
   51    0.47585713253336   0.47529985487402
   52    0.52767422298181   0.52818101424927
   53    0.52791026074728   0.52841565377032
   54    0.54921578600450   0.54819427204232
   55    0.55487116789129   0.55684507697389
   56    0.60331904635095   0.60646404659295
   57    0.60338170478561   0.60650493440815
   58    0.63615938478454   0.63652028769964
   59    0.63645801413353   0.63681548677526
   60    0.65732385185646   0.65723671732792
   61    0.67169189490358   0.67734224802643
   62    0.70731611345753   0.70780781381591
   63    0.70751592886460   0.70799647089800
   64    0.72181886317289   0.72180282342580
   65    0.72349539143028   0.72832826577678
   66    0.78951765217993   0.78942129275897
   67    0.81246091752958   0.81511501199924
   68    0.81277760744574   0.81544062352994
   69    0.82149960883032   0.82321237818177
   70    0.83992189427132   0.84852937835683
   71    0.87423526061062   0.87245048069867
   72    0.87445187462228   0.87267209074305
   73    0.93747781612982   0.93880201344563
   74    0.99146681556878   0.99182771003094
   75    0.99161855331806   0.99199103857447
   76    1.02555730339103   1.02696764356161
   77    1.02629883385579   1.02769431465961
   78    1.05688290065506   1.05709095463357
   79    1.10367666786614   1.10497207291023
   80    1.10379545637147   1.10504586332144
   81    1.10518693884041   1.10592001226616
   82    1.10525875441342   1.10602099738622
   83    1.24423589516883   1.24441592761286
   84    1.32801821232632   1.32822856192423
   85    1.32815351421655   1.32833476809285
   86    1.33227591158702   1.33248076147083
   87    1.33347858303793   1.33367101352987
   88    1.42979329898064   1.43035811307236
   89    1.43002733799631   1.43059799610331
   90    1.45488501145268   1.45900673845069
   91    1.48524888619267   1.48511191107350
   92    1.48537204485006   1.48524125693782
   93    1.56145648940344   1.56173470064030
   94    1.57035037490380   1.57606377185094
   95    1.57590872740438   1.57762670510178
   96    1.57625620778291   1.57796608961911
   97    1.59526745269007   1.59644598472213
   98    1.63750905230396   1.63861621214831
   99    1.63900519838303   1.64007238922511
  100    1.68338649684456   1.68687319079106
  101    1.68347795334479   1.68697078195782
  102    1.75842049607835   1.75888525803949
  103    1.75914191492153   1.75958157394053
  104    1.77002206609128   1.77528079021712
  105    1.77401988532430   1.77539014535064
  106    1.77412472211345   1.77652536964692
  107    1.79720574667222   1.79728605648609
  108    1.83838131467937   1.83941964750822
  109    1.92613912549271   1.92900762136839
  110    1.97499911341995   1.97618093589044
  111    1.97542387320856   1.97661276647899
  112    1.97962984442053   1.98045529313031
  113    2.00822438794766   2.01004188000683
  114    2.00902235811888   2.01082630117068
  115    2.06120721365730   2.05861017111604
  116    2.08047189637297   2.08027805884901
  117    2.08052674853311   2.08034810143036
  118    2.12640901905925   2.12560873176840
  119    2.14356184162728   2.14359122609102
  120    2.14374179436435   2.14378605327260
  121    2.29518181526158   2.29543180548350

   kloop=4
   k1=   0.00000 k2=   0.00000 k3=   0.19048

    1   -2.44493499038246  -2.41276219889830
    2   -1.50311257393730  -1.46450317753707
    3   -1.47987926167682  -1.45165329377880
    4   -1.47986487283287  -1.45161197472063
    5   -0.76759931253809  -0.76669728204788
    6   -0.66485703874264  -0.66533658211695
    7   -0.66448252486252  -0.66496414259358
    8   -0.52807562048966  -0.52856151788382
    9   -0.52792713380127  -0.52842233358490
   10   -0.45997533656852  -0.45818726756175
   11   -0.40000585485624  -0.40055941282306
   12   -0.37498690317153  -0.37463225238449
   13   -0.37460823302225  -0.37428423308219
   14   -0.37357119886333  -0.37372881815396
   15   -0.30747053211547  -0.30741237624075
   16   -0.29726569204877  -0.29712146566760
   17   -0.29697261515399  -0.29681659305794
   18   -0.26032327586100  -0.25904983320915
   19   -0.26020358411171  -0.25892433774124
   20   -0.11134569478251  -0.10041419139085
   21   -0.11061492110626  -0.09978280017170
   22   -0.10102046922116  -0.06076487459509
   23    0.00892634678248   0.02160441664145
   24    0.00912674428481   0.02178373374592
   25    0.02061480989733   0.03153129726600
   26    0.02111330742041   0.03207759382391
   27    0.07485943701302   0.07982323775066
   28    0.08710807600449   0.08385288903942
   29    0.11642990015059   0.11712864166779
   30    0.11653511904352   0.11723618208743
   31    0.13058332893974   0.13179281756843
   32    0.13100641052061   0.13219580290952
   33    0.14218935508968   0.14154091455268
   34    0.21817145645914   0.21848373050684
   35    0.21834374001615   0.21864127926572
   36    0.22061300494503   0.22073736202941
   37    0.22491017257589   0.22516047390238
   38    0.22494594185083   0.22519718652681
   39    0.22897454152742   0.24293989231409
   40    0.26456585834929   0.26919561106600
   41    0.26481536918883   0.26946104658856
   42    0.30359732224032   0.30892281544982
   43    0.34343836619545   0.34438840821201
   44    0.34387391586577   0.34480716391371
   45    0.37750186554337   0.37637216551568
   46    0.40684039145010   0.40898944850542
   47    0.40709129541064   0.40924661625654
   48    0.42736655820778   0.42991035464212
   49    0.43000907107515   0.43273260165535
   50    0.45084494162838   0.45031707908554
   51    0.45128063270211   0.45074938269578
   52    0.51577935840896   0.51480564084149
   53    0.51902158281670   0.52093200442295
   54    0.53451474531922   0.53506474943164
   55    0.53474892471443   0.53529764303670
   56    0.61350711628461   0.61712109965414
   57    0.61351512075900   0.61713550179367
   58    0.63799872835741   0.63829714702344
   59    0.63827219608804   0.63856877309716
   60    0.66245923173534   0.66238092506051
   61    0.66552119953373   0.67169387128500
   62    0.70512808331727   0.70547954163211
   63    0.70530166766930   0.70564189821330
   64    0.72740044490484   0.73155208026134
   65    0.73265106407416   0.73262749924216
   66    0.80722853468021   0.80709016776421
   67    0.82916490180394   0.83680157509236
   68    0.83436129640674   0.83710606447746
   69    0.83466220329336   0.83755020608128
   70    0.83570456344934   0.83785225015705
   71    0.88305689176931   0.88145856988150
   72    0.88318599419182   0.88159151736901
   73    0.98032039829704   0.98173629276298
   74    0.98099877594918   0.98240284668699
   75    0.98530828355136   0.98665202195399
   76    1.01444944013712   1.01506812251407
   77    1.02183451525227   1.02175401424131
   78    1.02217721175691   1.02210334132310
   79    1.08520316988762   1.08534734981093
   80    1.08525625888641   1.08540056864255
   81    1.09331791951384   1.09491295050795
   82    1.09338022661583   1.09495965948120
   83    1.22698920374550   1.22642570275395
   84    1.34230488883277   1.34321295788563
   85    1.34239303396892   1.34327038740426
   86    1.35444724837854   1.35456922156815
   87    1.35567449883133   1.35578386406914
   88    1.44500528912529   1.44546853770296
   89    1.44527006287800   1.44573764614149
   90    1.45419916825162   1.45912676584924
   91    1.50062782952526   1.50046965605072
   92    1.50065850215070   1.50049678857085
   93    1.54091912204752   1.54317796588717
   94    1.54132259208362   1.54357263541496
   95    1.54866113169429   1.55363687879244
   96    1.57084895232055   1.57112154985533
   97    1.58856174184449   1.58966703946891
   98    1.59002827064024   1.59109982147893
   99    1.63217670729923   1.63369837319027
  100    1.66335628829374   1.66552199164399
  101    1.66353191359820   1.66570392615028
  102    1.77736084846121   1.77674440574838
  103    1.77881172006675   1.77909153765010
  104    1.77940883141944   1.77966326189622
  105    1.78789816083061   1.78901832981796
  106    1.78804298810363   1.78916729308703
  107    1.79253583520720   1.79765239673347
  108    1.83550463126351   1.83672418031752
  109    1.93685410712858   1.93722829241423
  110    1.95292496131782   1.95694224168052
  111    1.99531783820981   1.99591264024691
  112    1.99577819071826   1.99639093059768
  113    2.02278998335446   2.02581551119910
  114    2.02347228939551   2.02647041185538
  115    2.05568177945311   2.05309233629565
  116    2.06402406445840   2.06350813844724
  117    2.08170147439349   2.08180552014926
  118    2.08207955631850   2.08216016807509
  119    2.12100071496194   2.12081708451728
  120    2.12169447268708   2.12151900196394
  121    2.30556056716646   2.31327380113120

   kloop=5
   k1=   0.00000 k2=   0.00000 k3=   0.23810

    1   -2.44489609726472  -2.41272265227215
    2   -1.50386897690471  -1.46531102752923
    3   -1.47978277519759  -1.45154727671765
    4   -1.47976840964088  -1.45150589357320
    5   -0.76324513074101  -0.76237182188401
    6   -0.66524115664133  -0.66571409627335
    7   -0.66486966171043  -0.66534493745930
    8   -0.52602910575469  -0.52656372348910
    9   -0.52588277260083  -0.52642643644262
   10   -0.45656747695341  -0.45497460406104
   11   -0.39849912442161  -0.39905303611319
   12   -0.37621060638134  -0.37575212525064
   13   -0.37582245775890  -0.37536606097055
   14   -0.37275120408228  -0.37294276251600
   15   -0.32154418498575  -0.32117054927858
   16   -0.29592558743375  -0.29583527304413
   17   -0.29563059357355  -0.29552885783934
   18   -0.25981878320123  -0.25903147173657
   19   -0.25966968862008  -0.25887577962557
   20   -0.12660823274298  -0.11635949451497
   21   -0.12589810822461  -0.11573740152572
   22   -0.09708228265179  -0.05471254159784
   23   -0.00011979496657   0.01306274888825
   24    0.00005845532049   0.01322002674762
   25    0.03014571926032   0.04234311642970
   26    0.03063371623553   0.04286566017079
   27    0.07525640481859   0.07270813866927
   28    0.07576934533919   0.07989495703691
   29    0.12279547015465   0.12358387466624
   30    0.12290086204137   0.12369142186143
   31    0.13509802871157   0.13643820228786
   32    0.13555115450575   0.13686894480180
   33    0.14727024885489   0.14660550856012
   34    0.22019445195033   0.22037042754892
   35    0.22038947617571   0.22055161231973
   36    0.22733530583530   0.22742378621083
   37    0.22736669377235   0.22745697379651
   38    0.22828040493446   0.22841291990257
   39    0.23914882492629   0.24801103316245
   40    0.28187836692456   0.28506705104424
   41    0.28210345418911   0.28530325123037
   42    0.29380800614553   0.30234353414417
   43    0.34369894516187   0.34382625777393
   44    0.34406454570232   0.34417469359323
   45    0.38254477357268   0.38115359767232
   46    0.39004484430126   0.39377727225997
   47    0.39032244345508   0.39406765540479
   48    0.42707682969563   0.42902912617374
   49    0.42929561368475   0.42949009897922
   50    0.42981619179981   0.43248847854923
   51    0.43297992266519   0.43287629576586
   52    0.48697847904075   0.48605884827837
   53    0.48753866228710   0.48941505463413
   54    0.54177111140207   0.54236866048570
   55    0.54201146691804   0.54260742041636
   56    0.62135265061721   0.62518969544401
   57    0.62139480337158   0.62525336577673
   58    0.63853353634412   0.63880030971492
   59    0.63878874804214   0.63905491554055
   60    0.66133356469333   0.66807911551800
   61    0.66853643131135   0.66846834974165
   62    0.70259627924837   0.70274976645916
   63    0.70274607305543   0.70288902898509
   64    0.72841809229323   0.73195270256784
   65    0.74274040558593   0.74269198469354
   66    0.81947292865069   0.82101443696106
   67    0.82119068090375   0.82761510312335
   68    0.84817762332409   0.85063894385239
   69    0.85182643309682   0.85424653692357
   70    0.85216107028365   0.85457563244443
   71    0.89583225023442   0.89448134927767
   72    0.89588024907818   0.89453298142714
   73    0.93759617936751   0.93879239432562
   74    0.93815928692032   0.93935209203611
   75    0.97165210170270   0.97267281279644
   76    1.03937202347992   1.04070997716319
   77    1.04620930359342   1.04612062073207
   78    1.04679880563782   1.04670992330756
   79    1.06835631742221   1.06885512337982
   80    1.06852748432206   1.06902699067604
   81    1.09121476500918   1.09193920647431
   82    1.09127507699825   1.09201125026989
   83    1.22227064960697   1.22126152613122
   84    1.35611914562280   1.35746783587703
   85    1.35623493473975   1.35755292682328
   86    1.37244733480664   1.37256665765412
   87    1.37366849879715   1.37377578855761
   88    1.43394532418940   1.43914228558635
   89    1.45625690145959   1.45683828186655
   90    1.45654012872207   1.45712524106746
   91    1.50510606977169   1.50735613788877
   92    1.50553280115147   1.50777479015341
   93    1.52226862593556   1.52246893837346
   94    1.52258177966977   1.52272200711407
   95    1.53913244491900   1.53985064442198
   96    1.53987695360679   1.54064228392178
   97    1.54520605699177   1.55006476984401
   98    1.58226516175190   1.58253149003931
   99    1.63295930652327   1.63400195443025
  100    1.63320772805969   1.63425451671741
  101    1.63990980404318   1.64138767691739
  102    1.76524649709529   1.76414356583331
  103    1.80164499582899   1.80181980465581
  104    1.80221510504057   1.80236557947939
  105    1.81203387553211   1.81329667301639
  106    1.81811173251337   1.82191459457857
  107    1.82266665486935   1.82425148092397
  108    1.82292994692666   1.82451747196849
  109    1.90853887065910   1.90860113398780
  110    1.99323461963670   1.99847370815765
  111    2.01361971976670   2.01375073241968
  112    2.01424053302101   2.01437168035198
  113    2.02847077226135   2.02831459056920
  114    2.04944800972962   2.04687431869595
  115    2.05296317463187   2.05659289327288
  116    2.05336819666208   2.05698782483482
  117    2.06025303533621   2.06056380521893
  118    2.06073628777663   2.06103284395780
  119    2.12270957970409   2.12238597996688
  120    2.12360996704683   2.12329557843517
  121    2.31195878589210   2.31915988866166

   kloop=6
   k1=   0.00000 k2=   0.00000 k3=   0.28571

    1   -2.44485601694001  -2.41268220635796
    2   -1.50463856959781  -1.46613381836890
    3   -1.47968387639205  -1.45143886804383
    4   -1.47966953423781  -1.45139742108678
    5   -0.75867404865943  -0.75783360830938
    6   -0.66565036689316  -0.66611600282034
    7   -0.66528201577080  -0.66575025938701
    8   -0.52387559545778  -0.52446312393395
    9   -0.52373161521428  -0.52432790608580
   10   -0.45297292301801  -0.45159439416033
   11   -0.39692649830889  -0.39748048823904
   12   -0.37704206560740  -0.37650355112597
   13   -0.37665683979800  -0.37611867677597
   14   -0.37189420792260  -0.37209333913128
   15   -0.33514716722123  -0.33450043665051
   16   -0.29452342156621  -0.29449317653503
   17   -0.29422621355015  -0.29418500520528
   18   -0.26024830152475  -0.25988738442488
   19   -0.26007334854476  -0.25970499936916
   20   -0.14034831621100  -0.13055406220263
   21   -0.13965230192323  -0.12993888712249
   22   -0.09356085970898  -0.04885352831250
   23   -0.00641090184083   0.00729486903354
   24   -0.00625029714521   0.00743440805013
   25    0.03804951609238   0.05142654625816
   26    0.03851634997989   0.05191712056389
   27    0.06489985993018   0.06200290472866
   28    0.07556259407844   0.07948208628173
   29    0.12966447111610   0.13050221561112
   30    0.12976894646217   0.13060872278074
   31    0.13910852605215   0.14038784028971
   32    0.13960507575858   0.14086142643569
   33    0.15299652996335   0.15231160244387
   34    0.22281924025317   0.22281664715236
   35    0.22302481095876   0.22301015325583
   36    0.22782697633929   0.22849072341295
   37    0.22849621677267   0.22850105900501
   38    0.22850502399599   0.23326683276489
   39    0.23654374909257   0.23668366845923
   40    0.28568334342283   0.28714662443435
   41    0.28587476712794   0.28734325619470
   42    0.31156876617745   0.32176016907421
   43    0.34204289968963   0.34149505611257
   44    0.34232023832558   0.34175816522128
   45    0.38262170651876   0.38108491370790
   46    0.39267661487192   0.39814777459575
   47    0.39297645044960   0.39846702505030
   48    0.41307417221898   0.41312201520187
   49    0.41363329641819   0.41368207493396
   50    0.42639002574432   0.43171727588220
   51    0.43590770503329   0.43579890099133
   52    0.46065818825447   0.46251574931430
   53    0.46617965823660   0.46524362625626
   54    0.54867966970033   0.54934066087072
   55    0.54892802148340   0.54958721020895
   56    0.62736938771746   0.63125938356315
   57    0.62746003345813   0.63136972572533
   58    0.63730853384785   0.63754338834391
   59    0.63755014954935   0.63778536156198
   60    0.65932050169089   0.66673047994753
   61    0.67508071976029   0.67502339388135
   62    0.70019885909251   0.70016688869222
   63    0.70033205602338   0.70029077531750
   64    0.72580960469660   0.72878640353974
   65    0.75212202874232   0.75203977215602
   66    0.81095985170548   0.81888917196396
   67    0.83287536580457   0.83266459944578
   68    0.85498414598537   0.85790225200321
   69    0.85556628343466   0.85847079811813
   70    0.85816645333158   0.86077891803727
   71    0.90859196260739   0.90899406769924
   72    0.90882215558154   0.90922913886012
   73    0.91103893339818   0.90993624937563
   74    0.91106677984443   0.90996036956959
   75    0.92992856993627   0.93132251693919
   76    1.04844411789488   1.04870239616857
   77    1.04896436685093   1.04921880620340
   78    1.05670637404779   1.05758456351154
   79    1.05698677905613   1.05786529085929
   80    1.09693932467654   1.09827699605084
   81    1.11339037646829   1.11316163804632
   82    1.11350015071596   1.11326054644426
   83    1.22859573255193   1.22742798551726
   84    1.36524494899988   1.36676114462412
   85    1.36544119967814   1.36692699995620
   86    1.38760409641755   1.38780295021278
   87    1.38880568960587   1.38899445990109
   88    1.40937825828997   1.41442735848831
   89    1.44798912857474   1.44971389303853
   90    1.44799467342184   1.44973848249571
   91    1.47959904825695   1.48054942214743
   92    1.48091602770300   1.48183692484321
   93    1.49041397980723   1.49139241460127
   94    1.49055200142472   1.49153755528676
   95    1.54667398024890   1.55184864822079
   96    1.56536516370630   1.56535099746630
   97    1.56596181061846   1.56594163815705
   98    1.59495669009136   1.59521686731519
   99    1.59969626099726   1.60012307211800
  100    1.60000097407325   1.60042979419898
  101    1.60882456176391   1.60962429033075
  102    1.76134956854206   1.76229536581566
  103    1.77753078554927   1.77659603575492
  104    1.82499054718544   1.82511529598179
  105    1.82556766820134   1.82566983932776
  106    1.84539060228951   1.84818557340301
  107    1.86526198815664   1.86733822862945
  108    1.86564220328672   1.86771949838298
  109    1.90376781156476   1.90389580248391
  110    2.01359953294849   2.01369324173678
  111    2.02824057097066   2.02844692806479
  112    2.02895028576114   2.02915064225940
  113    2.03348390023390   2.03387276648150
  114    2.03404683993628   2.03443341132166
  115    2.04317165963441   2.04061539733295
  116    2.04725592136286   2.05365200167786
  117    2.09608175011492   2.09949246189846
  118    2.09627465636079   2.09968107699172
  119    2.13094777535183   2.13061364236644
  120    2.13188640179897   2.13156056396708
  121    2.30222526783226   2.30146282639766

   kloop=7
   k1=   0.00000 k2=   0.00000 k3=   0.33333

    1   -2.44481835025542  -2.41264446980570
    2   -1.50535335664726  -1.46689852804007
    3   -1.47959129187704  -1.45133766618054
    4   -1.47957697247427  -1.45129615980848
    5   -0.75429068996701  -0.75348448339988
    6   -0.66604682591900  -0.66650515345044
    7   -0.66568146419350  -0.66614265650812
    8   -0.52180691737951  -0.52244696356376
    9   -0.52166528877873  -0.52231381007034
   10   -0.44951268579055  -0.44834911036030
   11   -0.39542883266435  -0.39598264839330
   12   -0.37744358869519  -0.37684994868500
   13   -0.37706070680415  -0.37646699725655
   14   -0.37108975818004  -0.37129502644462
   15   -0.34728699025750  -0.34641460614362
   16   -0.29318393269331  -0.29321518460448
   17   -0.29288437313128  -0.29290518208901
   18   -0.26150803212738  -0.26147787780538
   19   -0.26131277661527  -0.26127439557485
   20   -0.15203983203689  -0.14254370242304
   21   -0.15135330061828  -0.14193345773533
   22   -0.09072442776595  -0.04369779205158
   23   -0.01002831753549   0.00416864821886
   24   -0.00988034783093   0.00429532350984
   25    0.04432009385814   0.05253247670791
   26    0.04475972164701   0.05881690200994
   27    0.05529953709321   0.05926975915267
   28    0.07628827740273   0.07927999477102
   29    0.13662728623354   0.13747276765439
   30    0.13672948284569   0.13757694594015
   31    0.14209307688667   0.14303447297024
   32    0.14264372275301   0.14356454839936
   33    0.15893712930675   0.15822889390187
   34    0.20913491333502   0.21359852275872
   35    0.22645417249458   0.22631107817245
   36    0.22665843271104   0.22650328670576
   37    0.22741528967461   0.22729999492280
   38    0.22743994176268   0.22732485156296
   39    0.24477744828032   0.24492134691046
   40    0.27825474293464   0.27897297952415
   41    0.27841163487656   0.27913027213506
   42    0.33657633447091   0.33574675912707
   43    0.33677769660835   0.33593941640575
   44    0.34194541186886   0.35145912613515
   45    0.37620652636892   0.37470756105371
   46    0.40398972836231   0.40413457212921
   47    0.40462776987854   0.40476786856826
   48    0.41302644882947   0.41925341958575
   49    0.41332552139990   0.41957640694030
   50    0.42596879309150   0.43132399391070
   51    0.43848989478689   0.43842694986677
   52    0.43854059224125   0.44033952190572
   53    0.45521016748027   0.45411943899160
   54    0.55412522145562   0.55486553159198
   55    0.55438807187665   0.55512632854488
   56    0.63188904617267   0.63443290777107
   57    0.63202861052553   0.63466478248015
   58    0.63426282610911   0.63572061826172
   59    0.63449379945985   0.63587771328612
   60    0.65919133159767   0.66729258980798
   61    0.68149088066849   0.68144384832016
   62    0.69827621215392   0.69811927375575
   63    0.69840215104941   0.69823723379485
   64    0.71956059279084   0.72220199490248
   65    0.76046165569029   0.76034387762129
   66    0.80331571370801   0.81106068441977
   67    0.83526881341176   0.83837566431632
   68    0.83604273352491   0.83913554935682
   69    0.84267032475459   0.84243577612114
   70    0.86561916214260   0.86824250320962
   71    0.89066775347208   0.89232851362979
   72    0.90301457334320   0.90291214768186
   73    0.90306993802529   0.90296804094611
   74    0.92721597239099   0.92631742479593
   75    0.92731948761692   0.92641700289368
   76    1.03995624693542   1.04012327686337
   77    1.04036374959243   1.04052058384568
   78    1.05244317282170   1.05369093517905
   79    1.05281991619494   1.05406706235148
   80    1.14738784801215   1.14684738494470
   81    1.14768608449480   1.14713863437519
   82    1.15621315852817   1.15757853180772
   83    1.24379488636321   1.24270568270770
   84    1.36869781041086   1.37022535354801
   85    1.36898096472455   1.37047766243440
   86    1.38904939445222   1.39387839395964
   87    1.39928144818708   1.39996244961385
   88    1.40035570637911   1.40105476203912
   89    1.42408031667832   1.42588029041056
   90    1.42438076419508   1.42614390927040
   91    1.42868765591432   1.42952828018035
   92    1.42988372867900   1.43069743888899
   93    1.49639425061146   1.49676040163203
   94    1.49647498899607   1.49684296987627
   95    1.54693004398447   1.55243082934471
   96    1.56017644723764   1.56042022229846
   97    1.56739708583868   1.56751601594890
   98    1.56774303284856   1.56786203793065
   99    1.60782215420477   1.60807685080762
  100    1.61236789661848   1.61242874176965
  101    1.61322816557632   1.61329151380832
  102    1.69887275101978   1.69950496718007
  103    1.80105564586738   1.80021714077297
  104    1.84750192125194   1.84761538444093
  105    1.84809858576295   1.84819175979415
  106    1.87200581780642   1.87416873208888
  107    1.90794789372580   1.90917822455299
  108    1.90829856763795   1.91051851682293
  109    1.90912556592665   1.91102191924969
  110    2.00856883079850   2.00905711191812
  111    2.00910150294151   2.00956634143643
  112    2.01057236153487   2.01078466758691
  113    2.03711437689286   2.03454252626085
  114    2.04113886002726   2.04143412795172
  115    2.04188044212822   2.04217053241569
  116    2.11175027664612   2.11918767867595
  117    2.13877272922398   2.13843306479717
  118    2.13974661313079   2.13941457721402
  119    2.14201836428677   2.14499399352309
  120    2.14203141316022   2.14500310411029
  121    2.27200702603295   2.27128752873011

   kloop=8
   k1=   0.00000 k2=   0.00000 k3=   0.38095

    1   -2.44478652237065  -2.41261280462773
    2   -1.50595111672965  -1.46753824000752
    3   -1.47951332226017  -1.45125271674650
    4   -1.47949902358836  -1.45121115964973
    5   -0.75051527046222  -0.74974076317340
    6   -0.66639010526444  -0.66684194044700
    7   -0.66602729900282  -0.66648221785291
    8   -0.52002325359420  -0.52070999641437
    9   -0.51988373073763  -0.52057868836430
   10   -0.44652498580803  -0.44555421923137
   11   -0.39414805223439  -0.39470154577520
   12   -0.37749937625164  -0.37687200727432
   13   -0.37711744915923  -0.37648992705497
   14   -0.37041161827839  -0.37062195047264
   15   -0.35715428896105  -0.35610692281323
   16   -0.29203428818504  -0.29212207589440
   17   -0.29173249166438  -0.29181036712566
   18   -0.26320273437694  -0.26339938467909
   19   -0.26299333621110  -0.26318106683594
   20   -0.16123919603078  -0.15192923627789
   21   -0.16055867508543  -0.15132222752026
   22   -0.08869996634928  -0.03966399220026
   23   -0.01155376190425   0.00306537350870
   24   -0.01141371102347   0.00318381816568
   25    0.04758030393142   0.04490857941954
   26    0.04898429654220   0.06450170054744
   27    0.04939571266763   0.06491535674765
   28    0.07771222527088   0.07984006182394
   29    0.14316098028085   0.14397580753279
   30    0.14325909135370   0.14407591824825
   31    0.14388991782132   0.14425888100642
   32    0.14449659624463   0.14485044394536
   33    0.16448929565898   0.16375679027288
   34    0.19187801886520   0.19585069366957
   35    0.22319742725693   0.22295128673892
   36    0.22327346721954   0.22302969053656
   37    0.23112155517174   0.23092747087743
   38    0.23131052188899   0.23110443642670
   39    0.25221253268094   0.25235522848276
   40    0.27010618939927   0.27068537009035
   41    0.27021820527844   0.27079420469170
   42    0.32777312290875   0.32705230774445
   43    0.32794462251998   0.32721799094912
   44    0.36600833748988   0.36464191353394
   45    0.37437495589814   0.38274016783619
   46    0.40120111201712   0.40117715512770
   47    0.40187994928896   0.40184863793245
   48    0.42121850021623   0.42306956705532
   49    0.42618255058035   0.43172653545796
   50    0.44028812902457   0.44055679780625
   51    0.44056943270117   0.44674011487425
   52    0.44067450058203   0.44704965166808
   53    0.45166500745520   0.45036693749548
   54    0.55661773693120   0.55741109679991
   55    0.55690671663029   0.55769776636991
   56    0.63015743845676   0.63021050231529
   57    0.63037973668857   0.63043354035824
   58    0.63511742750825   0.63883715063640
   59    0.63530427367979   0.63903946690508
   60    0.65912703335678   0.66744834118615
   61    0.68709897616318   0.68706076140825
   62    0.69695795895089   0.69674567244074
   63    0.69708484103675   0.69686568380131
   64    0.71195388932493   0.71520292219937
   65    0.76728331919407   0.76713435523204
   66    0.79573277736052   0.80310629463646
   67    0.81087248259566   0.81393524315680
   68    0.81167230342242   0.81472843151174
   69    0.85041688928007   0.85015021812158
   70    0.85641004069676   0.85818490097723
   71    0.87081148973923   0.87336491242471
   72    0.90483231677658   0.90452553731826
   73    0.90496980822654   0.90466243131515
   74    0.94297383885713   0.94224164914617
   75    0.94314843832652   0.94241284268167
   76    1.03029126961525   1.03025918449696
   77    1.03062313884545   1.03057764582650
   78    1.05559076829855   1.05712017056608
   79    1.05603931887599   1.05756717722549
   80    1.18270169891606   1.18211715875079
   81    1.18313061662186   1.18254003305916
   82    1.21511684401802   1.21656466595278
   83    1.26533150607955   1.26448965906206
   84    1.36723118358136   1.36855480906727
   85    1.36760393088073   1.36890867708748
   86    1.37484196748781   1.37947923944774
   87    1.38296710121285   1.38385099535587
   88    1.38403255179956   1.38488299268685
   89    1.39291301806406   1.39538251512160
   90    1.39326321696980   1.39574247244576
   91    1.41981137482187   1.41996517404277
   92    1.42088953655265   1.42101688555979
   93    1.50392658195411   1.50406756706996
   94    1.50405118836103   1.50419189880488
   95    1.51019586191869   1.51004421950183
   96    1.53757847773496   1.53758693035373
   97    1.53794954070121   1.53795512104060
   98    1.54560595063395   1.55134836736030
   99    1.61947383768208   1.61972499446985
  100    1.63470911645689   1.63506652239872
  101    1.66209298622959   1.66214864057498
  102    1.66315529134344   1.66321488524782
  103    1.82427128131296   1.82338917404016
  104    1.86793754534222   1.86806399312497
  105    1.86855696850876   1.86866593453566
  106    1.89566116156483   1.89748554746876
  107    1.91624157179122   1.91648420632877
  108    1.94762519099929   1.95070277347910
  109    1.94809894552702   1.95117227264859
  110    1.98636756021061   1.98694165394977
  111    1.98691272086281   1.98746161281460
  112    2.01307017440685   2.01330920519379
  113    2.03195778854968   2.02938728548033
  114    2.05261426584224   2.05291251442950
  115    2.05335761693558   2.05365276699589
  116    2.14542770701048   2.14507516181103
  117    2.14643455557990   2.14608930130215
  118    2.16996623130678   2.17228676983092
  119    2.17008461628854   2.17240445661100
  120    2.17907720831904   2.18750208910177
  121    2.24602879559880   2.24538137430652

   kloop=9
   k1=   0.00000 k2=   0.00000 k3=   0.42857

    1   -2.44476347363866  -2.41259001585272
    2   -1.50638041930420  -1.46799769540181
    3   -1.47945704677219  -1.45119161730667
    4   -1.47944276447263  -1.45115002280143
    5   -0.74773822997030  -0.74698839138813
    6   -0.66664289281510  -0.66708985658518
    7   -0.66628195631171  -0.66673216343455
    8   -0.51871060194635  -0.51943259240951
    9   -0.51857267826312  -0.51930268397081
   10   -0.44432509440660  -0.44350084034092
   11   -0.39321184559600  -0.39376501155412
   12   -0.37737580116046  -0.37673058277295
   13   -0.37699389938302  -0.37634855602897
   14   -0.36992170066870  -0.37013569108924
   15   -0.36411195380674  -0.36294417407720
   16   -0.29119090878158  -0.29132270908708
   17   -0.29088732041558  -0.29100966022982
   18   -0.26478217268993  -0.26511365130917
   19   -0.26456426161067  -0.26488629774812
   20   -0.16758804295334  -0.15838359615519
   21   -0.16691093509400  -0.15777845733613
   22   -0.08746376918533  -0.03698075740223
   23   -0.01184054025856   0.00309616264882
   24   -0.01170469697410   0.00321008872725
   25    0.04218876799307   0.03957925583135
   26    0.05207265382111   0.06840126978645
   27    0.05246054236117   0.06878112489764
   28    0.07956993719683   0.08110591310499
   29    0.14472820816846   0.14448693571289
   30    0.14538098378125   0.14513137335336
   31    0.14854678202055   0.14930995481163
   32    0.14863909896095   0.14940431254949
   33    0.16889312220258   0.16813942165270
   34    0.17878005958821   0.18239545172894
   35    0.21711064068240   0.21676603572764
   36    0.21723488065385   0.21689391816717
   37    0.23601048007007   0.23583060823763
   38    0.23617935196060   0.23598739733692
   39    0.25796717081466   0.25810414462631
   40    0.26559592779226   0.26617913064354
   41    0.26566913216026   0.26624719798979
   42    0.31874865324115   0.31825373732495
   43    0.31892229170803   0.31842264705553
   44    0.35665769828472   0.35540430561061
   45    0.40155077577609   0.40130694021267
   46    0.40217234011974   0.40198768651873
   47    0.40257530607109   0.40927532287889
   48    0.40921846501058   0.41107660412714
   49    0.42729558453518   0.43360431295621
   50    0.44216752000654   0.44204689981078
   51    0.45135729481851   0.44990169326274
   52    0.46650725849145   0.47321538538014
   53    0.46675039934356   0.47348773239394
   54    0.55491689565246   0.55558597061300
   55    0.55524859223822   0.55591535703420
   56    0.62654541019092   0.62645945062458
   57    0.62676093949514   0.62667484523257
   58    0.63719319640211   0.64080052406255
   59    0.63741908044302   0.64104023484611
   60    0.65570997036435   0.66300422208071
   61    0.69126537178317   0.69123357886560
   62    0.69619692522462   0.69597711153348
   63    0.69632857053180   0.69610254797204
   64    0.70825663379411   0.71409919304956
   65    0.77212692377024   0.77195531064665
   66    0.78651550733051   0.79247944474957
   67    0.79246350241752   0.79552669792302
   68    0.79325752399898   0.79631509659866
   69    0.83183858623591   0.83404412621824
   70    0.85583348332491   0.85554919462533
   71    0.87406677928097   0.87653333457073
   72    0.90639324839032   0.90594420368608
   73    0.90656185787980   0.90611217586630
   74    0.95654955891006   0.95596727376021
   75    0.95679280589642   0.95620855434303
   76    1.02158408358849   1.02134006215573
   77    1.02185137897166   1.02159152810413
   78    1.06287899510692   1.06456589687256
   79    1.06337403809553   1.06505908979401
   80    1.21645617349407   1.21594584692164
   81    1.21698956155288   1.21647335822287
   82    1.26929165828355   1.27091483872192
   83    1.28963360717335   1.28914883133346
   84    1.33934995811181   1.33974434446774
   85    1.34024277814901   1.34061829474717
   86    1.36631639829935   1.36939981059336
   87    1.36775381094168   1.36984729118441
   88    1.36824034239367   1.37083442754999
   89    1.37724955511042   1.37984414868304
   90    1.37749827235855   1.38009074046100
   91    1.43069982727193   1.43084608299260
   92    1.43194061425907   1.43207175797596
   93    1.46624722514881   1.46572580736531
   94    1.50613388733887   1.50573535471400
   95    1.50618769993545   1.50580110811253
   96    1.51518579728339   1.51555031453623
   97    1.51527453093307   1.51562153674225
   98    1.54381672643719   1.54971465058533
   99    1.57606290374957   1.57612718150885
  100    1.62838387767284   1.62863290889589
  101    1.70469497496803   1.70466422891986
  102    1.70590715877864   1.70588082010489
  103    1.84233431743597   1.84137263488488
  104    1.88478177225707   1.88492605162436
  105    1.88542029397440   1.88555059630082
  106    1.91391897723128   1.91558064602318
  107    1.92233929720750   1.92259620416124
  108    1.96774861303655   1.96841958418089
  109    1.96832592097874   1.96896933048914
  110    1.98201304933558   1.98564572912471
  111    1.98244974034198   1.98607333028841
  112    2.01709372691470   2.01730838388237
  113    2.02817059137390   2.02560066668156
  114    2.06320778514753   2.06339984233186
  115    2.06391336655279   2.06410476241481
  116    2.15062848878300   2.15025820845331
  117    2.15166289138551   2.15129968533779
  118    2.16116109492531   2.16282542793119
  119    2.16120072708404   2.16287133647241
  120    2.22632027645571   2.22575686856696
  121    2.23839164629594   2.24790158116131

   kloop=10
   k1=   0.00000 k2=   0.00000 k3=   0.47619

    1   -2.44475137193870  -2.41257810356944
    2   -1.50660460605198  -1.46823761205724
    3   -1.47942758174565  -1.45115972105059
    4   -1.47941330868382  -1.45111810657309
    5   -0.74626525875266  -0.74552898123762
    6   -0.66677684551453  -0.66722119745024
    7   -0.66641689812903  -0.66686457776189
    8   -0.51801423641074  -0.51875524156454
    9   -0.51787717897523  -0.51862609060158
   10   -0.44315814455624  -0.44241326246632
   11   -0.39271740022857  -0.39327036388757
   12   -0.37725462808057  -0.37660211660307
   13   -0.37687250616667  -0.37621990846744
   14   -0.36966492397125  -0.36988083714796
   15   -0.36770906720906  -0.36647965699798
   16   -0.29074426319670  -0.29090033969648
   17   -0.29043966732498  -0.29058654810101
   18   -0.26572800805500  -0.26612069989947
   19   -0.26550621043802  -0.26588917630374
   20   -0.17082989606613  -0.16167228667702
   21   -0.17015429274966  -0.16106797778089
   22   -0.08689746970530  -0.03566977015474
   23   -0.01172435023971   0.00338595461392
   24   -0.01159020986408   0.00349797947965
   25    0.03941948977975   0.03684062003928
   26    0.05360982563210   0.07039656455869
   27    0.05398425936501   0.07075642515381
   28    0.08097209296961   0.08223657274901
   29    0.14500640947320   0.14437269003251
   30    0.14568509861501   0.14504788400587
   31    0.15175080163188   0.15247391327181
   32    0.15183798742014   0.15256315297794
   33    0.17136131855203   0.17059489649675
   34    0.17160808320066   0.17500927613932
   35    0.21266593405215   0.21227548822842
   36    0.21281630337891   0.21242999488294
   37    0.23936844847159   0.23921148141840
   38    0.23952217597296   0.23935302213190
   39    0.26114616174161   0.26127830799323
   40    0.26395762464067   0.26455237783739
   41    0.26401600095876   0.26460398770688
   42    0.31298622294188   0.31264110156897
   43    0.31316894740916   0.31281955475098
   44    0.35128087169291   0.35008647082864
   45    0.40236187930011   0.40198895473578
   46    0.40300958578550   0.40267449369404
   47    0.40305493987252   0.40487463395038
   48    0.41767290328912   0.42225410842383
   49    0.43038882012279   0.43837963721596
   50    0.44293376910467   0.44281162603269
   51    0.45170544247990   0.45017223604191
   52    0.48423621221940   0.49144069374978
   53    0.48443296398474   0.49166588350493
   54    0.55075807327512   0.55098836251140
   55    0.55114027914186   0.55137028132935
   56    0.62466042562752   0.62448637388648
   57    0.62487219631431   0.62469716473736
   58    0.63820815745056   0.64174653877066
   59    0.63845644041900   0.64200770470236
   60    0.65034000192464   0.65656492585946
   61    0.69348601934956   0.69345747950647
   62    0.69586645603510   0.69565431775731
   63    0.69600105384012   0.69578284943448
   64    0.70972646775681   0.71861784847576
   65    0.77464237058021   0.77445896998657
   66    0.77729303752620   0.78080178958028
   67    0.78277044241295   0.78584481008033
   68    0.78355879102236   0.78662832391237
   69    0.82061261231945   0.82369320718689
   70    0.85862652328685   0.85833318328250
   71    0.87563124510930   0.87804201098239
   72    0.90719978481763   0.90668297954448
   73    0.90738001312860   0.90686286058710
   74    0.96515943641026   0.96470021336400
   75    0.96545718292380   0.96499809611863
   76    1.01575116711569   1.01534001770272
   77    1.01596725990716   1.01553790025391
   78    1.06884092229509   1.07058839012720
   79    1.06935991858518   1.07110562881183
   80    1.24456506986092   1.24413906397695
   81    1.24517748353355   1.24474683161853
   82    1.30704132388679   1.30824970914193
   83    1.30797463728722   1.30885033524134
   84    1.30881142604317   1.30891442362986
   85    1.30896774081818   1.30906613852985
   86    1.36242517525076   1.36688352469278
   87    1.36583253996773   1.36748243160146
   88    1.36632092433141   1.36793169803277
   89    1.36817182589459   1.37076812875155
   90    1.36840464511535   1.37099847568800
   91    1.43705428852121   1.43618452280617
   92    1.44073390313343   1.44103413993496
   93    1.44212025425362   1.44240663559585
   94    1.49133285578559   1.49085110244083
   95    1.49156539399378   1.49107906519225
   96    1.51463668486776   1.51491874486570
   97    1.51485155473690   1.51513653075686
   98    1.53583350441099   1.53559190051075
   99    1.54262184569770   1.54859551210071
  100    1.63322965791162   1.63347782960756
  101    1.72978661946849   1.72966465703795
  102    1.73108494009026   1.73096716783752
  103    1.85224873845459   1.85123347670917
  104    1.89541695226807   1.89555890507862
  105    1.89606356093155   1.89619534080569
  106    1.92406065935039   1.92565681123341
  107    1.92575187954695   1.92601343819714
  108    1.95562168935066   1.95638456783238
  109    1.95623481588903   1.95696662972014
  110    2.00451599769122   2.00862801774168
  111    2.00492273834160   2.00902354645778
  112    2.01991928846826   2.02010332375529
  113    2.02615828719983   2.02358833932475
  114    2.07367134651017   2.07375874296514
  115    2.07426502114498   2.07435007488651
  116    2.13700240127579   2.13827085046773
  117    2.13731324899386   2.13859136475105
  118    2.15363933383321   2.15325532552594
  119    2.15469035554446   2.15431333326618
  120    2.21545436127651   2.21495120823084
  121    2.27681477233316   2.28761568624626

***********************************************************
***********************************************************
                   Mulliken populations                    
***********************************************************
***********************************************************

  Total spin moment (muB)   0.809526849

                    Up spin      Down spin     Sum           Diff
      1    C      1.797381827  1.827959007   3.625340834  -0.030577180
      2    C      1.797143452  1.827722861   3.624866313  -0.030579408
      3    C      1.797143550  1.827723110   3.624866660  -0.030579560
      4    C      1.797381878  1.827959365   3.625341243  -0.030577487
      5    C      1.797143589  1.827723149   3.624866738  -0.030579560
      6    C      1.797143490  1.827722900   3.624866390  -0.030579409
      7    H      0.587438927  0.586223297   1.173662224   0.001215630
      8    H      0.587439080  0.586223586   1.173662667   0.001215494
      9    H      0.587459939  0.586206695   1.173666634   0.001253244
     10    H      0.587460230  0.586207028   1.173667258   0.001253203
     11    H      0.587460228  0.586207026   1.173667254   0.001253202
     12    H      0.587459937  0.586206693   1.173666629   0.001253244
     13    V      7.596707297  6.611151861  14.207859157   0.985555436

 Sum of MulP: up   =    21.90476 down          =    21.09524
              total=    43.00000 ideal(neutral)=    43.00000


  Decomposed Mulliken populations

    1    C          Up spin      Down spin     Sum           Diff
            multiple
  s           0    0.470769378  0.474361929   0.945131308  -0.003592551
   sum over m      0.470769378  0.474361929   0.945131308  -0.003592551
  s           1    0.002163220  0.002252364   0.004415584  -0.000089144
   sum over m      0.002163220  0.002252364   0.004415584  -0.000089144
   sum over m+mul  0.472932598  0.476614293   0.949546891  -0.003681695
  px          0    0.412262347  0.415923203   0.828185550  -0.003660857
  py          0    0.418629056  0.417244172   0.835873228   0.001384884
  pz          0    0.439654807  0.465214050   0.904868857  -0.025559243
   sum over m      1.270546209  1.298381425   2.568927635  -0.027835216
  px          1   -0.006980908 -0.006537321  -0.013518229  -0.000443587
  py          1    0.006130011  0.005537645   0.011667656   0.000592366
  pz          1   -0.010960684 -0.010355686  -0.021316370  -0.000604998
   sum over m     -0.011811582 -0.011355362  -0.023166944  -0.000456219
   sum over m+mul  1.258734628  1.287026063   2.545760691  -0.028291435
  d3z^2-r^2   0    0.008134569  0.007254498   0.015389067   0.000880072
  dx^2-y^2    0    0.019242601  0.018832376   0.038074977   0.000410224
  dxy         0    0.014159996  0.014139164   0.028299160   0.000020831
  dxz         0    0.007343672  0.005925599   0.013269271   0.001418073
  dyz         0    0.016833763  0.018167013   0.035000776  -0.001333250
   sum over m      0.065714601  0.064318650   0.130033251   0.001395951
   sum over m+mul  0.065714601  0.064318650   0.130033251   0.001395951

    2    C          Up spin      Down spin     Sum           Diff
            multiple
  s           0    0.470798760  0.474385079   0.945183838  -0.003586319
   sum over m      0.470798760  0.474385079   0.945183838  -0.003586319
  s           1    0.002126044  0.002215731   0.004341774  -0.000089687
   sum over m      0.002126044  0.002215731   0.004341774  -0.000089687
   sum over m+mul  0.472924803  0.476600810   0.949525613  -0.003676007
  px          0    0.416974208  0.416857228   0.833831436   0.000116980
  py          0    0.414056018  0.416453414   0.830509432  -0.002397397
  pz          0    0.439288442  0.464866388   0.904154830  -0.025577945
   sum over m      1.270318668  1.298177030   2.568495698  -0.027858362
  px          1    0.002773225  0.002442226   0.005215451   0.000331000
  py          1   -0.003672133 -0.003484293  -0.007156426  -0.000187839
  pz          1   -0.010992213 -0.010381028  -0.021373241  -0.000611184
   sum over m     -0.011891120 -0.011423096  -0.023314216  -0.000468024
   sum over m+mul  1.258427548  1.286753934   2.545181482  -0.028326386
  d3z^2-r^2   0    0.008139862  0.007253289   0.015393151   0.000886573
  dx^2-y^2    0    0.015424832  0.015304291   0.030729123   0.000120541
  dxy         0    0.017987315  0.017672637   0.035659952   0.000314678
  dxz         0    0.014493711  0.015135739   0.029629450  -0.000642027
  dyz         0    0.009745382  0.009002161   0.018747543   0.000743221
   sum over m      0.065791101  0.064368117   0.130159218   0.001422984
   sum over m+mul  0.065791101  0.064368117   0.130159218   0.001422984

    3    C          Up spin      Down spin     Sum           Diff
            multiple
  s           0    0.470799150  0.474385489   0.945184639  -0.003586338
   sum over m      0.470799150  0.474385489   0.945184639  -0.003586338
  s           1    0.002126019  0.002215710   0.004341729  -0.000089691
   sum over m      0.002126019  0.002215710   0.004341729  -0.000089691
   sum over m+mul  0.472925169  0.476601198   0.949526368  -0.003676029
  px          0    0.416974184  0.416857215   0.833831399   0.000116969
  py          0    0.414056253  0.416453687   0.830509940  -0.002397434
  pz          0    0.439288509  0.464866542   0.904155051  -0.025578032
   sum over m      1.270318946  1.298177444   2.568496390  -0.027858498
  px          1    0.002773229  0.002442235   0.005215464   0.000330994
  py          1   -0.003672369 -0.003484518  -0.007156887  -0.000187850
  pz          1   -0.010992208 -0.010381039  -0.021373246  -0.000611169
   sum over m     -0.011891348 -0.011423322  -0.023314670  -0.000468026
   sum over m+mul  1.258427599  1.286754122   2.545181721  -0.028326523
  d3z^2-r^2   0    0.008139835  0.007253269   0.015393103   0.000886566
  dx^2-y^2    0    0.015424696  0.015304144   0.030728840   0.000120552
  dxy         0    0.017987262  0.017672578   0.035659840   0.000314684
  dxz         0    0.014493706  0.015135746   0.029629453  -0.000642040
  dyz         0    0.009745284  0.009002053   0.018747337   0.000743230
   sum over m      0.065790783  0.064367790   0.130158572   0.001422993
   sum over m+mul  0.065790783  0.064367790   0.130158572   0.001422993

    4    C          Up spin      Down spin     Sum           Diff
            multiple
  s           0    0.470770478  0.474362998   0.945133476  -0.003592520
   sum over m      0.470770478  0.474362998   0.945133476  -0.003592520
  s           1    0.002163127  0.002252266   0.004415393  -0.000089139
   sum over m      0.002163127  0.002252266   0.004415393  -0.000089139
   sum over m+mul  0.472933605  0.476615264   0.949548869  -0.003681659
  px          0    0.412262478  0.415923274   0.828185752  -0.003660796
  py          0    0.418628849  0.417243900   0.835872750   0.001384949
  pz          0    0.439655018  0.465214634   0.904869652  -0.025559617
   sum over m      1.270546345  1.298381809   2.568928154  -0.027835464
  px          1   -0.006980646 -0.006537081  -0.013517727  -0.000443565
  py          1    0.006129580  0.005537212   0.011666792   0.000592368
  pz          1   -0.010960829 -0.010355791  -0.021316620  -0.000605038
   sum over m     -0.011811895 -0.011355660  -0.023167555  -0.000456235
   sum over m+mul  1.258734450  1.287026149   2.545760599  -0.028291699
  d3z^2-r^2   0    0.008134531  0.007254478   0.015389009   0.000880054
  dx^2-y^2    0    0.019242358  0.018832155   0.038074513   0.000410202
  dxy         0    0.014159937  0.014139108   0.028299045   0.000020829
  dxz         0    0.007343606  0.005925592   0.013269198   0.001418014
  dyz         0    0.016833391  0.018166618   0.035000009  -0.001333227
   sum over m      0.065713823  0.064317952   0.130031775   0.001395872
   sum over m+mul  0.065713823  0.064317952   0.130031775   0.001395872

    5    C          Up spin      Down spin     Sum           Diff
            multiple
  s           0    0.470799157  0.474385495   0.945184653  -0.003586338
   sum over m      0.470799157  0.474385495   0.945184653  -0.003586338
  s           1    0.002126019  0.002215710   0.004341730  -0.000089691
   sum over m      0.002126019  0.002215710   0.004341730  -0.000089691
   sum over m+mul  0.472925177  0.476601206   0.949526382  -0.003676029
  px          0    0.416974187  0.416857218   0.833831405   0.000116969
  py          0    0.414056259  0.416453693   0.830509952  -0.002397435
  pz          0    0.439288527  0.464866560   0.904155087  -0.025578033
   sum over m      1.270318973  1.298177471   2.568496444  -0.027858498
  px          1    0.002773230  0.002442236   0.005215466   0.000330994
  py          1   -0.003672368 -0.003484518  -0.007156886  -0.000187850
  pz          1   -0.010992207 -0.010381038  -0.021373245  -0.000611169
   sum over m     -0.011891345 -0.011423319  -0.023314665  -0.000468026
   sum over m+mul  1.258427627  1.286754152   2.545181779  -0.028326524
  d3z^2-r^2   0    0.008139835  0.007253269   0.015393104   0.000886566
  dx^2-y^2    0    0.015424696  0.015304145   0.030728841   0.000120552
  dxy         0    0.017987262  0.017672578   0.035659840   0.000314685
  dxz         0    0.014493707  0.015135747   0.029629454  -0.000642040
  dyz         0    0.009745284  0.009002053   0.018747337   0.000743231
   sum over m      0.065790785  0.064367792   0.130158577   0.001422993
   sum over m+mul  0.065790785  0.064367792   0.130158577   0.001422993

    6    C          Up spin      Down spin     Sum           Diff
            multiple
  s           0    0.470798766  0.474385085   0.945183852  -0.003586319
   sum over m      0.470798766  0.474385085   0.945183852  -0.003586319
  s           1    0.002126044  0.002215731   0.004341775  -0.000089687
   sum over m      0.002126044  0.002215731   0.004341775  -0.000089687
   sum over m+mul  0.472924810  0.476600817   0.949525627  -0.003676006
  px          0    0.416974210  0.416857231   0.833831441   0.000116980
  py          0    0.414056024  0.416453420   0.830509444  -0.002397397
  pz          0    0.439288460  0.464866406   0.904154866  -0.025577946
   sum over m      1.270318694  1.298177057   2.568495752  -0.027858363
  px          1    0.002773226  0.002442226   0.005215452   0.000331000
  py          1   -0.003672132 -0.003484292  -0.007156424  -0.000187839
  pz          1   -0.010992212 -0.010381027  -0.021373239  -0.000611184
   sum over m     -0.011891118 -0.011423094  -0.023314211  -0.000468024
   sum over m+mul  1.258427577  1.286753964   2.545181540  -0.028326387
  d3z^2-r^2   0    0.008139862  0.007253289   0.015393151   0.000886573
  dx^2-y^2    0    0.015424832  0.015304292   0.030729124   0.000120541
  dxy         0    0.017987315  0.017672637   0.035659952   0.000314678
  dxz         0    0.014493712  0.015135739   0.029629451  -0.000642027
  dyz         0    0.009745382  0.009002162   0.018747544   0.000743221
   sum over m      0.065791104  0.064368119   0.130159223   0.001422985
   sum over m+mul  0.065791104  0.064368119   0.130159223   0.001422985

    7    H          Up spin      Down spin     Sum           Diff
            multiple
  s           0    0.503786850  0.501403078   1.005189928   0.002383772
   sum over m      0.503786850  0.501403078   1.005189928   0.002383772
  s           1    0.009480580  0.009365167   0.018845748   0.000115413
   sum over m      0.009480580  0.009365167   0.018845748   0.000115413
   sum over m+mul  0.513267430  0.510768245   1.024035676   0.002499185
  px          0    0.015714245  0.015937257   0.031651503  -0.000223012
  py          0    0.017360250  0.016895983   0.034256233   0.000464267
  pz          0    0.036221838  0.037702305   0.073924143  -0.001480466
   sum over m      0.069296333  0.070535545   0.139831878  -0.001239212
  px          1    0.005131559  0.005227431   0.010358990  -0.000095871
  py          1   -0.000089492 -0.000086265  -0.000175757  -0.000003227
  pz          1   -0.000166904 -0.000221659  -0.000388563   0.000054755
   sum over m      0.004875163  0.004919507   0.009794670  -0.000044343
   sum over m+mul  0.074171497  0.075455052   0.149626548  -0.001283555

    8    H          Up spin      Down spin     Sum           Diff
            multiple
  s           0    0.503785352  0.501401635   1.005186987   0.002383717
   sum over m      0.503785352  0.501401635   1.005186987   0.002383717
  s           1    0.009481172  0.009365770   0.018846943   0.000115402
   sum over m      0.009481172  0.009365770   0.018846943   0.000115402
   sum over m+mul  0.513266524  0.510767406   1.024033930   0.002499119
  px          0    0.015714194  0.015937187   0.031651381  -0.000222993
  py          0    0.017360524  0.016896243   0.034256767   0.000464281
  pz          0    0.036222583  0.037703150   0.073925733  -0.001480566
   sum over m      0.069297302  0.070536580   0.139833881  -0.001239278
  px          1    0.005131667  0.005227540   0.010359207  -0.000095873
  py          1   -0.000089497 -0.000086271  -0.000175768  -0.000003226
  pz          1   -0.000166916 -0.000221668  -0.000388584   0.000054753
   sum over m      0.004875254  0.004919601   0.009794855  -0.000044347
   sum over m+mul  0.074172556  0.075456181   0.149628737  -0.001283625

    9    H          Up spin      Down spin     Sum           Diff
            multiple
  s           0    0.503829258  0.501424066   1.005253324   0.002405192
   sum over m      0.503829258  0.501424066   1.005253324   0.002405192
  s           1    0.009485708  0.009367063   0.018852770   0.000118645
   sum over m      0.009485708  0.009367063   0.018852770   0.000118645
   sum over m+mul  0.513314966  0.510791128   1.024106094   0.002523837
  px          0    0.016962369  0.016670215   0.033632584   0.000292154
  py          0    0.016130341  0.016177423   0.032307764  -0.000047082
  pz          0    0.036162895  0.037634929   0.073797823  -0.001472034
   sum over m      0.069255604  0.070482567   0.139738171  -0.001226963
  px          1    0.001221522  0.001247702   0.002469225  -0.000026180
  py          1    0.003833570  0.003906301   0.007739871  -0.000072732
  pz          1   -0.000165723 -0.000221005  -0.000386728   0.000055281
   sum over m      0.004889369  0.004932999   0.009822368  -0.000043630
   sum over m+mul  0.074144973  0.075415566   0.149560539  -0.001270593

   10    H          Up spin      Down spin     Sum           Diff
            multiple
  s           0    0.503829419  0.501424229   1.005253648   0.002405190
   sum over m      0.503829419  0.501424229   1.005253648   0.002405190
  s           1    0.009485727  0.009367087   0.018852814   0.000118640
   sum over m      0.009485727  0.009367087   0.018852814   0.000118640
   sum over m+mul  0.513315146  0.510791316   1.024106462   0.002523830
  px          0    0.016962373  0.016670218   0.033632591   0.000292154
  py          0    0.016130413  0.016177491   0.032307904  -0.000047078
  pz          0    0.036162912  0.037634984   0.073797896  -0.001472072
   sum over m      0.069255698  0.070482693   0.139738391  -0.001226995
  px          1    0.001221522  0.001247702   0.002469223  -0.000026180
  py          1    0.003833585  0.003906317   0.007739903  -0.000072732
  pz          1   -0.000165720 -0.000221001  -0.000386721   0.000055280
   sum over m      0.004889387  0.004933019   0.009822405  -0.000043632
   sum over m+mul  0.074145084  0.075415712   0.149560796  -0.001270627

   11    H          Up spin      Down spin     Sum           Diff
            multiple
  s           0    0.503829415  0.501424225   1.005253640   0.002405190
   sum over m      0.503829415  0.501424225   1.005253640   0.002405190
  s           1    0.009485727  0.009367087   0.018852814   0.000118640
   sum over m      0.009485727  0.009367087   0.018852814   0.000118640
   sum over m+mul  0.513315142  0.510791312   1.024106454   0.002523829
  px          0    0.016962372  0.016670218   0.033632591   0.000292154
  py          0    0.016130414  0.016177491   0.032307905  -0.000047078
  pz          0    0.036162913  0.037634985   0.073797898  -0.001472072
   sum over m      0.069255699  0.070482694   0.139738394  -0.001226995
  px          1    0.001221522  0.001247702   0.002469224  -0.000026180
  py          1    0.003833585  0.003906317   0.007739903  -0.000072732
  pz          1   -0.000165720 -0.000221001  -0.000386721   0.000055280
   sum over m      0.004889387  0.004933019   0.009822406  -0.000043632
   sum over m+mul  0.074145086  0.075415713   0.149560799  -0.001270627

   12    H          Up spin      Down spin     Sum           Diff
            multiple
  s           0    0.503829254  0.501424062   1.005253316   0.002405192
   sum over m      0.503829254  0.501424062   1.005253316   0.002405192
  s           1    0.009485708  0.009367063   0.018852771   0.000118645
   sum over m      0.009485708  0.009367063   0.018852771   0.000118645
   sum over m+mul  0.513314962  0.510791125   1.024106087   0.002523837
  px          0    0.016962369  0.016670215   0.033632584   0.000292154
  py          0    0.016130341  0.016177423   0.032307764  -0.000047082
  pz          0    0.036162896  0.037634930   0.073797826  -0.001472034
   sum over m      0.069255606  0.070482569   0.139738175  -0.001226963
  px          1    0.001221522  0.001247702   0.002469225  -0.000026180
  py          1    0.003833570  0.003906301   0.007739871  -0.000072732
  pz          1   -0.000165723 -0.000221005  -0.000386728   0.000055281
   sum over m      0.004889369  0.004932999   0.009822368  -0.000043630
   sum over m+mul  0.074144975  0.075415568   0.149560542  -0.001270593

   13    V          Up spin      Down spin     Sum           Diff
            multiple
  s           0    0.995915040  0.993932686   1.989847726   0.001982354
   sum over m      0.995915040  0.993932686   1.989847726   0.001982354
  s           1    0.324203867  0.308472772   0.632676639   0.015731095
   sum over m      0.324203867  0.308472772   0.632676639   0.015731095
   sum over m+mul  1.320118907  1.302405458   2.622524364   0.017713449
  px          0    0.993656644  0.994780381   1.988437025  -0.001123736
  py          0    0.993657537  0.994791682   1.988449219  -0.001134145
  pz          0    0.989938719  0.991891606   1.981830325  -0.001952887
   sum over m      2.977252900  2.981463669   5.958716569  -0.004210769
  px          1    0.171761191  0.161759697   0.333520889   0.010001494
  py          1    0.171934807  0.161918383   0.333853189   0.010016424
  pz          1    0.194934627  0.174587770   0.369522397   0.020346856
   sum over m      0.538630625  0.498265850   1.036896475   0.040364774
   sum over m+mul  3.515883525  3.479729520   6.995613044   0.036154005
  d3z^2-r^2   0    0.889528656  0.308037297   1.197565953   0.581491359
  dx^2-y^2    0    0.568334679  0.416526343   0.984861022   0.151808336
  dxy         0    0.570549574  0.418548006   0.989097580   0.152001569
  dxz         0    0.239588137  0.220500239   0.460088376   0.019087897
  dyz         0    0.240051150  0.220965923   0.461017073   0.019085226
   sum over m      2.508052195  1.584577808   4.092630003   0.923474388
  d3z^2-r^2   1    0.021035743  0.010081185   0.031116928   0.010954558
  dx^2-y^2    1    0.011216165  0.011948054   0.023164219  -0.000731889
  dxy         1    0.011295657  0.012037623   0.023333280  -0.000741967
  dxz         1    0.013250181  0.012941694   0.026191875   0.000308486
  dyz         1    0.013210023  0.012906618   0.026116642   0.000303405
   sum over m      0.070007769  0.059915175   0.129922944   0.010092594
   sum over m+mul  2.578059964  1.644492983   4.222552947   0.933566981
  f5z^2-3r^2  0    0.032400339  0.032571124   0.064971463  -0.000170784
  f5xz^2-xr^2 0    0.021775912  0.020426607   0.042202519   0.001349304
  f5yz^2-yr^2 0    0.021842891  0.020498028   0.042340918   0.001344863
  fzx^2-zy^2  0    0.044066643  0.046467922   0.090534565  -0.002401279
  fxyz        0    0.043986916  0.046401071   0.090387986  -0.002414155
  fx^3-3*xy^2 0    0.008481913  0.008236137   0.016718050   0.000245776
  f3yx^2-y^3  0    0.010090288  0.009923012   0.020013300   0.000167277
   sum over m      0.182644901  0.184523900   0.367168801  -0.001878999
   sum over m+mul  0.182644901  0.184523900   0.367168801  -0.001878999

***********************************************************
***********************************************************
                    Dipole moment (Debye)                  
***********************************************************
***********************************************************

 Absolute D       76.01442647

                      Dx                Dy                Dz
 Total              0.00009174        0.00008712       76.01442646
 Core            1755.57227697     1755.57208485      103.02878583
 Electron       -1755.57218524    -1755.57199772      -27.01435936
 Back ground       -0.00000000       -0.00000000       -0.00000000

***********************************************************
***********************************************************
       xyz-coordinates (Ang) and forces (Hartree/Bohr)  
***********************************************************
***********************************************************

<coordinates.forces
  13
    1     C     7.02378   8.50000  -0.00000  -0.000049392481  0.000000001624  0.000076730072
    2     C     7.76209   9.77664  -0.00000   0.000695267982  0.000786624536  0.000072100100
    3     C     9.23791   9.77664  -0.00000  -0.000692596172  0.000785890558  0.000072106800
    4     C     9.97623   8.50000  -0.00000   0.000038056830  0.000000001643  0.000076698235
    5     C     9.23791   7.22336  -0.00000  -0.000692595417 -0.000785888636  0.000072106807
    6     C     7.76209   7.22336  -0.00000   0.000695267202 -0.000786622612  0.000072100105
    7     H     5.90182   8.50000  -0.00000   0.018982265989 -0.000000000060 -0.000011329553
    8     H    11.09818   8.50000  -0.00000  -0.018977171417 -0.000000000063 -0.000011330211
    9     H     7.20054  10.74840  -0.00000   0.009648146045 -0.016498560710 -0.000003386848
   10     H     9.79946  10.74840  -0.00000  -0.009648288520 -0.016498415462 -0.000003387398
   11     H     9.79946   6.25160  -0.00000  -0.009648289848  0.016498417627 -0.000003387406
   12     H     7.20054   6.25160  -0.00000   0.009648147373  0.016498562867 -0.000003386848
   13     V     8.50000   8.50000   1.65000   0.000001440181  0.000000005292 -0.000356730470
coordinates.forces>

***********************************************************
***********************************************************
       Fractional coordinates of the final structure       
***********************************************************
***********************************************************

     1      C     0.41316352941176   0.50000000000000  -0.00000000000000
     2      C     0.45659352941176   0.57509647058824  -0.00000000000000
     3      C     0.54340647058824   0.57509647058824  -0.00000000000000
     4      C     0.58683705882353   0.50000000000000  -0.00000000000000
     5      C     0.54340647058824   0.42490352941176  -0.00000000000000
     6      C     0.45659352941176   0.42490352941176  -0.00000000000000
     7      H     0.34716588235294   0.50000000000000  -0.00000000000000
     8      H     0.65283411764706   0.50000000000000  -0.00000000000000
     9      H     0.42356117647059   0.63225882352941  -0.00000000000000
    10      H     0.57643882352941   0.63225882352941  -0.00000000000000
    11      H     0.57643882352941   0.36774117647059  -0.00000000000000
    12      H     0.42356117647059   0.36774117647059  -0.00000000000000
    13      V     0.50000000000000   0.50000000000000   0.50000000000000

***********************************************************
***********************************************************
                   Wannier functions                       
***********************************************************
***********************************************************

          Center of Wannier Function (Angs)   |   Spread (Angs^2) 
 WF   1 ( 6.97483067, 8.50000000,-0.00000599) |   1.22058881
 WF   2 ( 7.73754480, 9.81886389,-0.00000317) |   1.22119994
 WF   3 ( 9.26245507, 9.81886297,-0.00000317) |   1.22120090
 WF   4 (10.02517988, 8.50000000,-0.00000599) |   1.22058642
 WF   5 ( 9.26245506, 7.18113703,-0.00000317) |   1.22120088
 WF   6 ( 7.73754480, 7.18113611,-0.00000317) |   1.22119992
 WF   7 ( 8.49999650, 8.50000000, 1.65000495) |   2.21518400
 WF   8 ( 8.50000032, 8.50000000, 1.65000283) |   1.01476030
 WF   9 ( 8.50000026, 8.50000000, 1.65000179) |   1.01684463
 WF  10 ( 8.49999944, 8.50000000, 1.64997328) |   1.08774786
 WF  11 ( 8.50000000, 8.50000000, 1.64998901) |   1.08817368

 Total Center (93.50000681,93.49999999, 8.24994717)
 Sum.of.Spreads. 13.748687343953204

The component of spread function is:
 Omega I     = 13.466150733346
 Omega D     =  0.002956078193
 Omega OD    =  0.279580532415
 Total.Omega.= 13.748687343952971

***********************************************************
***********************************************************
               Computational Time (second)                 
***********************************************************
***********************************************************

   Elapsed.Time.       225.413

                               Min_ID   Min_Time       Max_ID   Max_Time
   Total Computational Time =     1      224.808          0      225.413
   readfile                 =     1        2.440         24        2.440
   truncation               =    16        0.382          6        0.600
   MD_pac                   =     0        0.003         23        0.005
   OutData                  =     0        5.715         15        7.127
   HWF                      =     0        0.000          0        0.000
   DFT                      =     6       29.508         16       29.726

*** In DFT ***

   Set_OLP_Kin              =    13        0.049          6        0.847
   Set_Nonlocal             =     6        0.974         13        1.771
   Set_ProExpn_VNA          =    23        2.098          6        2.977
   Set_Hamiltonian          =    15       12.620          8       12.621
   Poisson                  =     0        0.081          1        0.090
   Diagonalization          =     0        1.076         13        1.078
   Mixing_DM                =    13        1.524          2        1.524
   Force                    =     7        1.153          6        1.153
   Total_Energy             =    11        0.440          0        0.442
   Set_Aden_Grid            =     6        0.029         23        0.927
   Set_Orbitals_Grid        =    13        0.000          6        0.223
   Set_Density_Grid         =    24        0.023         14        6.844
   RestartFileDFT           =    19        0.122         27        0.273
   Mulliken_Charge          =    23        0.010          8        0.010
   FFT(2D)_Density          =    26        0.213         27        0.213
   Others                   =     6        0.267         24        7.578
