***********************************************************
***********************************************************

  This calculation was performed by OpenMX Ver. 4.0
  using 192 MPI processes and 1 OpenMP threads.

  Sun Apr 12 12:59:09 2026

***********************************************************
***********************************************************

#
#  sialic acid
#

System.CurrrentDirectory         ./    # default=./
System.Name                    SialicAcid
level.of.stdout                   1    # default=1 (1-3)
level.of.fileout                  0    # default=1 (1-3)

#
# Definition of Atomic Species
#

Species.Number       4
<Definition.of.Atomic.Species
 H   H7.0-s2         H_PBE19
 C   C7.0-s2p2d1     C_PBE19
 N   N7.0-s2p2d1     N_PBE19
 O   O7.0-s2p2d1     O_PBE19
Definition.of.Atomic.Species>

#
# Atoms
#

Atoms.Number        40
Atoms.SpeciesAndCoordinates.Unit   Ang # Ang|AU
<Atoms.SpeciesAndCoordinates           # Unit=Ang.
  1    C      2.582389    0.082263    0.275981  2.0 2.0
  2    C      2.373302   -1.138641    1.194045  2.0 2.0
  3    C      1.025279   -1.046303    1.915805  2.0 2.0
  4    O      1.494760    0.417412   -0.551026  3.0 3.0
  5    O      2.737365    1.290409    0.959881  3.0 3.0
  6    C      3.786642   -0.218196   -0.669598  2.0 2.0
  7    C     -0.094548   -0.880994    0.852978  2.0 2.0
  8    O      0.818810   -2.142299    2.769607  3.0 3.0
  9    C      0.189860    0.406427    0.032303  2.0 2.0
 10    O      3.643031   -0.765984   -1.887826  3.0 3.0
 11    N     -1.439593   -0.763227    1.473170  2.5 2.5
 12    C     -0.794830    0.555420   -1.164775  2.0 2.0
 13    C     -2.201474   -1.933622    1.785979  2.0 2.0
 14    C     -0.699037    1.970172   -1.816905  2.0 2.0
 15    O     -0.492165   -0.473838   -2.086758  3.0 3.0
 16    C     -3.380212   -1.734942    2.703342  2.0 2.0
 17    C     -1.692264    2.084875   -3.001286  2.0 2.0
 18    O     -1.043670    2.903447   -0.812168  3.0 3.0
 19    O     -1.330304    3.229879   -3.734910  3.0 3.0
 20    H      2.425174   -2.068894    0.591604  0.5 0.5
 21    H      3.200545   -1.206435    1.928208  0.5 0.5
 22    H      1.026448   -0.193694    2.636486  0.5 0.5
 23    H      3.581516    1.287328    1.392610  0.5 0.5
 24    O      4.952256   -0.033514   -0.388556  3.0 3.0
 25    H     -0.102022   -1.766810    0.166650  0.5 0.5
 26    H      0.735183   -2.921643    2.231726  0.5 0.5
 27    H      0.107549    1.303998    0.694823  0.5 0.5
 28    H      2.725125   -0.850757   -2.119188  0.5 0.5
 29    H     -1.471475   -0.065661    2.186538  0.5 0.5
 30    H     -1.836523    0.400014   -0.786384  0.5 0.5
 31    O     -1.917639   -2.999691    1.261455  3.0 3.0
 32    H      0.345774    2.154635   -2.170503  0.5 0.5
 33    H     -0.997689   -0.290669   -2.871991  0.5 0.5
 34    H     -4.034390   -0.927209    2.348403  0.5 0.5
 35    H     -3.989613   -2.645567    2.777278  0.5 0.5
 36    H     -3.048059   -1.477466    3.718235  0.5 0.5
 37    H     -1.627818    1.184534   -3.650635  0.5 0.5
 38    H     -2.737481    2.157517   -2.640910  0.5 0.5
 39    H     -0.814953    3.755808   -1.157336  0.5 0.5
 40    H     -2.005246    3.361919   -4.386353  0.5 0.5
Atoms.SpeciesAndCoordinates>
Atoms.UnitVectors.Unit             Ang #  Ang|AU
<Atoms.UnitVectors          
  16.0   0.0   0.0
   0.0  14.0   0.0
   0.0   0.0  15.0
Atoms.UnitVectors>

#
# SCF or Electronic System
#

scf.XcType                GGA-PBE      # LDA|LSDA-CA|LSDA-PW
scf.SpinPolarization       off         # On|Off
scf.ElectronicTemperature  900.0       # default=300 (K)
scf.energycutoff           150.0       # default=150 (Ry)
scf.maxIter                 3          # default=40
scf.EigenvalueSolver       cluster     # Recursion|Cluster|Band
scf.Kgrid                  1 1 1       # means 4x4x4
scf.Mixing.Type           rmm-diisk    # Simple|Rmm-Diis|Gr-Pulay
scf.Init.Mixing.Weight     0.100       # default=0.30 
scf.Min.Mixing.Weight      0.001       # default=0.001 
scf.Max.Mixing.Weight      0.600       # default=0.40 
scf.Mixing.History          15         # default=5
scf.Mixing.StartPulay       9          # default=6
scf.criterion             1.0e-10      # default=1.0e-6 (Hartree) 

#
# MD or Geometry Optimization
#

MD.Type                     nomd       # Nomd|Opt|NVE|NVT_VS|NVT_NH
MD.maxIter                   1         # default=1
MD.TimeStep                1.0         # default=0.5 (fs)
MD.Opt.criterion          1.0e-4       # default=1.0e-4 (Hartree/bohr)



***********************************************************
***********************************************************

  Required cutoff energy (Ryd) for 3D-grids = 150.0000
      Used cutoff energy (Ryd) for 3D-grids = 155.4621, 155.4621, 154.0833
  Num. of grids of a-, b-, and c-axes = 120, 105, 112

  Num.Grid1.   120
  Num.Grid2.   105
  Num.Grid3.   112


  Cell_Volume =  22674.399004669944 (Bohr^3)
  GridVol     =      0.016067459612 (Bohr^3)
  Cell vectors (bohr) of the grid cell (gtv)
    gtv_a =  0.251963465144,  0.000000000000,  0.000000000000
    gtv_b =  0.000000000000,  0.251963465144,  0.000000000000
    gtv_c =  0.000000000000,  0.000000000000,  0.253088302042
    |gtv_a| =  0.251963465144
    |gtv_b| =  0.251963465144
    |gtv_c| =  0.253088302042

***********************************************************
***********************************************************


***********************************************************
***********************************************************
                  SCF history at MD= 1                    
***********************************************************
***********************************************************

   SCF=   1  NormRD=  1.000000000000  Uele= -68.542792453852
   SCF=   2  NormRD=  5.276639032015  Uele= -68.542792453852
   SCF=   3  NormRD=  5.239215401584  Uele= -68.502141038704

*******************************************************
        Total energy (Hartree) at MD = 1        
*******************************************************

  Uele.        -68.502141038704

  Ukin.        180.594642346045
  UH0.       -1198.310945845791
  UH1.           0.006955924897
  Una.        -198.348757141444
  Unl.          29.463016651381
  Uxc0.        -33.294415067708
  Uxc1.        -33.294415067708
  Ucore.      1020.638740305686
  Uhub.          0.000000000000
  Ucs.           0.000000000000
  Uzs.           0.000000000000
  Uzo.           0.000000000000
  Uef.           0.000000000000
  UvdW.          0.000000000000
  Uch.           0.000000000000
  Utot.       -232.545177894642

  UpV.           0.000000000000
  Enpy.       -232.545177894642
  Note:

  Utot = Ukin+UH0+UH1+Una+Unl+Uxc0+Uxc1+Ucore+Uhub+Ucs+Uzs+Uzo+Uef+UvdW+Uch

  Uele:   band energy
  Ukin:   kinetic energy
  UH0:    electric part of screened Coulomb energy
  UH1:    difference electron-electron Coulomb energy
  Una:    neutral atom potential energy
  Unl:    non-local potential energy
  Uxc0:   exchange-correlation energy for alpha spin
  Uxc1:   exchange-correlation energy for beta spin
  Ucore:  core-core Coulomb energy
  Uhub:   LDA+U energy
  Ucs:    constraint energy for spin orientation
  Uzs:    Zeeman term for spin magnetic moment
  Uzo:    Zeeman term for orbital magnetic moment
  Uef:    electric energy by electric field
  UvdW:   semi-empirical vdW energy
  Uch:    penalty term to create a core hole

  UpV:    pressure times volume
  Enpy:   Enthalpy = Utot + UpV
  (see also PRB 72, 045121(2005) for the energy contributions)



  Chemical potential (Hartree)      -0.135955810547

***********************************************************
***********************************************************
            Eigenvalues (Hartree) for SCF KS-eq.           
***********************************************************
***********************************************************

   Chemical Potential (Hartree) =  -0.13595581054688
   Number of States             = 122.00000000000000
   HOMO = 61
   Eigenvalues
                Up-spin            Down-spin
          1  -1.09461061998513  -1.09461061998513
          2  -1.07705372566793  -1.07705372566793
          3  -1.07320894177216  -1.07320894177216
          4  -1.06750118235851  -1.06750118235851
          5  -1.06569022009442  -1.06569022009442
          6  -1.06283744391347  -1.06283744391347
          7  -1.03917480928959  -1.03917480928959
          8  -1.02160542222895  -1.02160542222895
          9  -1.00743133313487  -1.00743133313487
         10  -0.91615496737141  -0.91615496737141
         11  -0.72330141005450  -0.72330141005450
         12  -0.71832048510493  -0.71832048510493
         13  -0.69922218399300  -0.69922218399300
         14  -0.68865439411938  -0.68865439411938
         15  -0.65155609510604  -0.65155609510604
         16  -0.63362547860790  -0.63362547860790
         17  -0.62844071092365  -0.62844071092365
         18  -0.62132892739315  -0.62132892739315
         19  -0.60789407346384  -0.60789407346384
         20  -0.59625499275467  -0.59625499275467
         21  -0.58234623343330  -0.58234623343330
         22  -0.56676777083097  -0.56676777083097
         23  -0.54790260889455  -0.54790260889455
         24  -0.54152703526607  -0.54152703526607
         25  -0.52931872209486  -0.52931872209486
         26  -0.51758407503856  -0.51758407503856
         27  -0.50862006917730  -0.50862006917730
         28  -0.49879142935654  -0.49879142935654
         29  -0.49541515117430  -0.49541515117430
         30  -0.48865182132966  -0.48865182132966
         31  -0.48028705255943  -0.48028705255943
         32  -0.47521726264612  -0.47521726264612
         33  -0.46840156639268  -0.46840156639268
         34  -0.46205678668145  -0.46205678668145
         35  -0.45727028217404  -0.45727028217404
         36  -0.45430040079788  -0.45430040079788
         37  -0.44795786578885  -0.44795786578885
         38  -0.44388339057470  -0.44388339057470
         39  -0.43658118082071  -0.43658118082071
         40  -0.43109817411414  -0.43109817411414
         41  -0.42692570898025  -0.42692570898025
         42  -0.42193927152336  -0.42193927152336
         43  -0.41138821066389  -0.41138821066389
         44  -0.40934023796702  -0.40934023796702
         45  -0.40206231903759  -0.40206231903759
         46  -0.39821505824599  -0.39821505824599
         47  -0.39593197066478  -0.39593197066478
         48  -0.38811189071791  -0.38811189071791
         49  -0.38611688810643  -0.38611688810643
         50  -0.38145483442860  -0.38145483442860
         51  -0.36349489720911  -0.36349489720911
         52  -0.34806877472171  -0.34806877472171
         53  -0.34325774178921  -0.34325774178921
         54  -0.33274976037023  -0.33274976037023
         55  -0.32369885718484  -0.32369885718484
         56  -0.31820000189596  -0.31820000189596
         57  -0.30811498267466  -0.30811498267466
         58  -0.29027386197977  -0.29027386197977
         59  -0.28198384197062  -0.28198384197062
         60  -0.25620356274132  -0.25620356274132
         61  -0.23569154900510  -0.23569154900510
         62  -0.03540585889451  -0.03540585889451
         63  -0.02818923827117  -0.02818923827117
         64  -0.01606006189831  -0.01606006189831
         65  -0.00905508625819  -0.00905508625819
         66   0.00451655135984   0.00451655135984
         67   0.00831246710371   0.00831246710371
         68   0.01203345822707   0.01203345822707
         69   0.01794561128769   0.01794561128769
         70   0.02642288330006   0.02642288330006
         71   0.06232528783457   0.06232528783457
         72   0.06736553203209   0.06736553203209
         73   0.08315716442934   0.08315716442934
         74   0.08594092438770   0.08594092438770
         75   0.09352223819894   0.09352223819894
         76   0.09824462857721   0.09824462857721
         77   0.10529136434661   0.10529136434661
         78   0.10973582027148   0.10973582027148
         79   0.11091075991302   0.11091075991302
         80   0.12039980220681   0.12039980220681
         81   0.13184097752686   0.13184097752686
         82   0.13559333527105   0.13559333527105
         83   0.13731428839166   0.13731428839166
         84   0.14205825567091   0.14205825567091
         85   0.15138641704553   0.15138641704553
         86   0.15750804607790   0.15750804607790
         87   0.17417943634252   0.17417943634252
         88   0.17460014671039   0.17460014671039
         89   0.18094611417882   0.18094611417882
         90   0.18972001290248   0.18972001290248
         91   0.19831083721078   0.19831083721078
         92   0.20861402019186   0.20861402019186
         93   0.21317188259000   0.21317188259000
         94   0.21842690512759   0.21842690512759
         95   0.22546735231270   0.22546735231270
         96   0.23687074580096   0.23687074580096
         97   0.23765721755139   0.23765721755139
         98   0.24110169948816   0.24110169948816
         99   0.24366666730618   0.24366666730618
        100   0.24989856253770   0.24989856253770
        101   0.25423702987920   0.25423702987920
        102   0.26518578555161   0.26518578555161
        103   0.26663398664361   0.26663398664361
        104   0.27237847560347   0.27237847560347
        105   0.27456962328573   0.27456962328573
        106   0.28501359762517   0.28501359762517
        107   0.28675977560902   0.28675977560902
        108   0.29382078382408   0.29382078382408
        109   0.30157336471644   0.30157336471644
        110   0.30334295258189   0.30334295258189
        111   0.31583750030305   0.31583750030305
        112   0.31768070881491   0.31768070881491
        113   0.31968469718939   0.31968469718939
        114   0.32925823458742   0.32925823458742
        115   0.33832904754136   0.33832904754136
        116   0.34202739757333   0.34202739757333
        117   0.34557376563825   0.34557376563825
        118   0.34739194835513   0.34739194835513
        119   0.35877159658126   0.35877159658126
        120   0.37156959769450   0.37156959769450
        121   0.37628695704199   0.37628695704199
        122   0.38760735842681   0.38760735842681
        123   0.39493816797846   0.39493816797846
        124   0.39844454722386   0.39844454722386
        125   0.40358641030992   0.40358641030992
        126   0.41259308509992   0.41259308509992
        127   0.43042571036299   0.43042571036299
        128   0.43482059378954   0.43482059378954
        129   0.43738516588834   0.43738516588834
        130   0.43962972834054   0.43962972834054
        131   0.44812695345386   0.44812695345386
        132   0.46288609539549   0.46288609539549
        133   0.48114330693006   0.48114330693006
        134   0.48965180273197   0.48965180273197
        135   0.49231688615383   0.49231688615383
        136   0.51201284970072   0.51201284970072
        137   0.52181366111571   0.52181366111571
        138   0.53273550350926   0.53273550350926
        139   0.54521680285178   0.54521680285178
        140   0.55841720473087   0.55841720473087
        141   0.57300603590901   0.57300603590901
        142   0.58281421200178   0.58281421200178
        143   0.58981267473105   0.58981267473105
        144   0.60131015085145   0.60131015085145
        145   0.61375569116750   0.61375569116750
        146   0.63197578242776   0.63197578242776
        147   0.64613068983543   0.64613068983543
        148   0.65027514922403   0.65027514922403
        149   0.67415381567731   0.67415381567731
        150   0.69083997421449   0.69083997421449
        151   0.69841732654962   0.69841732654962
        152   0.70863316034781   0.70863316034781
        153   0.73174403483483   0.73174403483483
        154   0.74136708585184   0.74136708585184
        155   0.74771887556370   0.74771887556370
        156   0.76036450144462   0.76036450144462
        157   0.77059681399912   0.77059681399912
        158   0.77818902890409   0.77818902890409
        159   0.78181717887268   0.78181717887268
        160   0.78947154831732   0.78947154831732
        161   0.79125975180054   0.79125975180054
        162   0.80969460458872   0.80969460458872
        163   0.81886084627259   0.81886084627259
        164   0.82398201123156   0.82398201123156
        165   0.83583340316514   0.83583340316514
        166   0.84759056095760   0.84759056095760
        167   0.85881402816692   0.85881402816692
        168   0.86631115892520   0.86631115892520
        169   0.88225128209679   0.88225128209679
        170   0.88854918926941   0.88854918926941
        171   0.89480242703182   0.89480242703182
        172   0.90560167438604   0.90560167438604
        173   0.91845710792578   0.91845710792578
        174   0.92709063556602   0.92709063556602
        175   0.93192523477137   0.93192523477137
        176   0.95134203650700   0.95134203650700
        177   0.96087488955557   0.96087488955557
        178   0.97485959255721   0.97485959255721
        179   0.99720787023958   0.99720787023958
        180   1.00470216822137   1.00470216822137
        181   1.01327571056857   1.01327571056857
        182   1.03554660298239   1.03554660298239
        183   1.03767814404736   1.03767814404736
        184   1.04783418483768   1.04783418483768
        185   1.07225602410573   1.07225602410573
        186   1.08385632901018   1.08385632901018
        187   1.09058965382038   1.09058965382038
        188   1.11019810353992   1.11019810353992
        189   1.12874547626022   1.12874547626022
        190   1.13478578318663   1.13478578318663
        191   1.17227764952784   1.17227764952784
        192   1.17922561575566   1.17922561575566
        193   1.19389804958798   1.19389804958798
        194   1.21078885464722   1.21078885464722
        195   1.23107306186229   1.23107306186229
        196   1.24783323672364   1.24783323672364
        197   1.25316138771813   1.25316138771813
        198   1.26339259591058   1.26339259591058
        199   1.27796418536388   1.27796418536388
        200   1.29621644529491   1.29621644529491
        201   1.31249108862643   1.31249108862643
        202   1.32546800728941   1.32546800728941
        203   1.33332395188032   1.33332395188032
        204   1.34065522248179   1.34065522248179
        205   1.35842619536847   1.35842619536847
        206   1.37268228505475   1.37268228505475
        207   1.39148252255917   1.39148252255917
        208   1.41035355684042   1.41035355684042
        209   1.41507046815040   1.41507046815040
        210   1.42939306026225   1.42939306026225
        211   1.44839718308788   1.44839718308788
        212   1.45333489711151   1.45333489711151
        213   1.46963856137623   1.46963856137623
        214   1.48586780227053   1.48586780227053
        215   1.49118505849098   1.49118505849098
        216   1.50799203573319   1.50799203573319
        217   1.51513838743157   1.51513838743157
        218   1.52311637817933   1.52311637817933
        219   1.53257427104597   1.53257427104597
        220   1.54213998107653   1.54213998107653
        221   1.54856853722733   1.54856853722733
        222   1.57480871342891   1.57480871342891
        223   1.57559037543792   1.57559037543792
        224   1.58322638437092   1.58322638437092
        225   1.59846569413217   1.59846569413217
        226   1.61146989896069   1.61146989896069
        227   1.61722612371733   1.61722612371733
        228   1.63466398565330   1.63466398565330
        229   1.63642928348772   1.63642928348772
        230   1.64510486370385   1.64510486370385
        231   1.65616872389636   1.65616872389636
        232   1.66116988680174   1.66116988680174
        233   1.66884736621358   1.66884736621358
        234   1.67294791851383   1.67294791851383
        235   1.68138968474652   1.68138968474652
        236   1.68875669059550   1.68875669059550
        237   1.69414597902759   1.69414597902759
        238   1.70457975892732   1.70457975892732
        239   1.71431776595186   1.71431776595186
        240   1.72182575330775   1.72182575330775
        241   1.73057457416426   1.73057457416426
        242   1.73832011560762   1.73832011560762
        243   1.74764077376352   1.74764077376352
        244   1.75357171010810   1.75357171010810
        245   1.75735186893822   1.75735186893822
        246   1.76299611185187   1.76299611185187
        247   1.77389652056896   1.77389652056896
        248   1.79411885989609   1.79411885989609
        249   1.79715780303119   1.79715780303119
        250   1.81482054714553   1.81482054714553
        251   1.83021901638208   1.83021901638208
        252   1.83455358700866   1.83455358700866
        253   1.84868978397912   1.84868978397912
        254   1.85390467216027   1.85390467216027
        255   1.87311443080524   1.87311443080524
        256   1.87882518173445   1.87882518173445
        257   1.89616240670543   1.89616240670543
        258   1.90475384776884   1.90475384776884
        259   1.90878250168868   1.90878250168868
        260   1.91750951796635   1.91750951796635
        261   1.93016886647307   1.93016886647307
        262   1.93849188015143   1.93849188015143
        263   1.94960323174242   1.94960323174242
        264   1.96285658764334   1.96285658764334
        265   1.96710057542685   1.96710057542685
        266   1.98239857695094   1.98239857695094
        267   1.99896755086067   1.99896755086067
        268   2.01274640146666   2.01274640146666
        269   2.04337921820919   2.04337921820919
        270   2.04874446246609   2.04874446246609
        271   2.06699741003667   2.06699741003667
        272   2.07124130103789   2.07124130103789
        273   2.08803144191253   2.08803144191253
        274   2.09255231927948   2.09255231927948
        275   2.09802733562611   2.09802733562611
        276   2.12753432536111   2.12753432536111
        277   2.14660073809986   2.14660073809986
        278   2.17386340676076   2.17386340676076
        279   2.18179735827370   2.18179735827370
        280   2.19167948595442   2.19167948595442
        281   2.21557251338059   2.21557251338059
        282   2.22596811538442   2.22596811538442
        283   2.26019294318036   2.26019294318036
        284   2.30227011937476   2.30227011937476
        285   2.32455221671430   2.32455221671430
        286   2.34770460585767   2.34770460585767
        287   2.38301715845650   2.38301715845650
        288   2.40490569254284   2.40490569254284
        289   2.43906226459364   2.43906226459364
        290   2.46070331045539   2.46070331045539
        291   2.51321479204149   2.51321479204149
        292   2.55356404490830   2.55356404490830
        293   2.57558654847346   2.57558654847346
        294   2.60009762149740   2.60009762149740
        295   2.61849480515171   2.61849480515171
        296   2.64812855455689   2.64812855455689
        297   2.67857680864181   2.67857680864181
        298   2.71103619055633   2.71103619055633
        299   2.82486994253111   2.82486994253111
        300   2.96443031260842   2.96443031260842
        301   3.28650890029276   3.28650890029276
        302   3.34665064102473   3.34665064102473
        303   3.80339497934714   3.80339497934714
        304   4.06138381149580   4.06138381149580
        305   4.19783867773123   4.19783867773123
        306   4.33563334557346   4.33563334557346
        307   4.48646616140176   4.48646616140176
        308   4.78463065706370   4.78463065706370
        309   5.02207774384414   5.02207774384414
        310   5.25014192284277   5.25014192284277
        311   5.41551612836908   5.41551612836908

***********************************************************
***********************************************************
                   Mulliken populations                    
***********************************************************
***********************************************************

  Total spin moment (muB)   0.000000000

                    Up spin      Down spin     Sum           Diff
      1    C      1.512861476  1.512861476   3.025722952   0.000000000
      2    C      2.161943483  2.161943483   4.323886965   0.000000000
      3    C      1.778545394  1.778545394   3.557090788   0.000000000
      4    O      3.410703714  3.410703714   6.821407429   0.000000000
      5    O      3.460247574  3.460247574   6.920495149   0.000000000
      6    C      1.312304184  1.312304184   2.624608368   0.000000000
      7    C      1.794414185  1.794414185   3.588828371   0.000000000
      8    O      3.437216960  3.437216960   6.874433920   0.000000000
      9    C      1.814941582  1.814941582   3.629883163   0.000000000
     10    O      3.427209065  3.427209065   6.854418131   0.000000000
     11    N      3.235928492  3.235928492   6.471856985   0.000000000
     12    C      1.820109547  1.820109547   3.640219095   0.000000000
     13    C      1.224377658  1.224377658   2.448755316   0.000000000
     14    C      1.807072129  1.807072129   3.614144257   0.000000000
     15    O      3.442358173  3.442358173   6.884716345   0.000000000
     16    C      2.257643672  2.257643672   4.515287345   0.000000000
     17    C      1.913924508  1.913924508   3.827849017   0.000000000
     18    O      3.437061883  3.437061883   6.874123766   0.000000000
     19    O      3.419463288  3.419463288   6.838926576   0.000000000
     20    H      0.454942713  0.454942713   0.909885426   0.000000000
     21    H      0.453354826  0.453354826   0.906709652   0.000000000
     22    H      0.479727257  0.479727257   0.959454513   0.000000000
     23    H      0.259967666  0.259967666   0.519935333   0.000000000
     24    O      3.513623251  3.513623251   7.027246502   0.000000000
     25    H      0.472855164  0.472855164   0.945710328   0.000000000
     26    H      0.263087553  0.263087553   0.526175107   0.000000000
     27    H      0.478349487  0.478349487   0.956698973   0.000000000
     28    H      0.253093986  0.253093986   0.506187971   0.000000000
     29    H      0.239587320  0.239587320   0.479174640   0.000000000
     30    H      0.478201933  0.478201933   0.956403866   0.000000000
     31    O      3.505237089  3.505237089   7.010474178   0.000000000
     32    H      0.474824684  0.474824684   0.949649369   0.000000000
     33    H      0.264116973  0.264116973   0.528233946   0.000000000
     34    H      0.431041312  0.431041312   0.862082625   0.000000000
     35    H      0.432966763  0.432966763   0.865933525   0.000000000
     36    H      0.431383181  0.431383181   0.862766362   0.000000000
     37    H      0.464848747  0.464848747   0.929697494   0.000000000
     38    H      0.457399057  0.457399057   0.914798115   0.000000000
     39    H      0.259889066  0.259889066   0.519778131   0.000000000
     40    H      0.263175004  0.263175004   0.526350008   0.000000000

 Sum of MulP: up   =    61.00000 down          =    61.00000
              total=   122.00000 ideal(neutral)=   122.00000


  Decomposed Mulliken populations

    1    C          Up spin      Down spin     Sum           Diff
            multiple
  s           0    0.395333578  0.395333578   0.790667155   0.000000000
   sum over m      0.395333578  0.395333578   0.790667155   0.000000000
  s           1    0.018074877  0.018074877   0.036149753   0.000000000
   sum over m      0.018074877  0.018074877   0.036149753   0.000000000
   sum over m+mul  0.413408454  0.413408454   0.826816909   0.000000000
  px          0    0.348491058  0.348491058   0.696982117   0.000000000
  py          0    0.271351863  0.271351863   0.542703725   0.000000000
  pz          0    0.339803211  0.339803211   0.679606421   0.000000000
   sum over m      0.959646132  0.959646132   1.919292263   0.000000000
  px          1    0.016895915  0.016895915   0.033791830   0.000000000
  py          1    0.023643201  0.023643201   0.047286402   0.000000000
  pz          1    0.016547644  0.016547644   0.033095287   0.000000000
   sum over m      0.057086760  0.057086760   0.114173519   0.000000000
   sum over m+mul  1.016732891  1.016732891   2.033465782   0.000000000
  d3z^2-r^2   0    0.012630411  0.012630411   0.025260822   0.000000000
  dx^2-y^2    0    0.018239286  0.018239286   0.036478572   0.000000000
  dxy         0    0.014019915  0.014019915   0.028039830   0.000000000
  dxz         0    0.017997900  0.017997900   0.035995800   0.000000000
  dyz         0    0.019832619  0.019832619   0.039665238   0.000000000
   sum over m      0.082720131  0.082720131   0.165440261   0.000000000
   sum over m+mul  0.082720131  0.082720131   0.165440261   0.000000000

    2    C          Up spin      Down spin     Sum           Diff
            multiple
  s           0    0.507497378  0.507497378   1.014994755   0.000000000
   sum over m      0.507497378  0.507497378   1.014994755   0.000000000
  s           1    0.007509263  0.007509263   0.015018525   0.000000000
   sum over m      0.007509263  0.007509263   0.015018525   0.000000000
   sum over m+mul  0.515006640  0.515006640   1.030013280   0.000000000
  px          0    0.525261960  0.525261960   1.050523920   0.000000000
  py          0    0.533833979  0.533833979   1.067667959   0.000000000
  pz          0    0.529245234  0.529245234   1.058490467   0.000000000
   sum over m      1.588341173  1.588341173   3.176682346   0.000000000
  px          1    0.008689669  0.008689669   0.017379338   0.000000000
  py          1    0.003391387  0.003391387   0.006782775   0.000000000
  pz          1    0.003078771  0.003078771   0.006157541   0.000000000
   sum over m      0.015159827  0.015159827   0.030319654   0.000000000
   sum over m+mul  1.603501000  1.603501000   3.207002000   0.000000000
  d3z^2-r^2   0    0.003701305  0.003701305   0.007402610   0.000000000
  dx^2-y^2    0    0.012057856  0.012057856   0.024115712   0.000000000
  dxy         0    0.003923629  0.003923629   0.007847258   0.000000000
  dxz         0    0.013472066  0.013472066   0.026944133   0.000000000
  dyz         0    0.010280986  0.010280986   0.020561972   0.000000000
   sum over m      0.043435843  0.043435843   0.086871685   0.000000000
   sum over m+mul  0.043435843  0.043435843   0.086871685   0.000000000

    3    C          Up spin      Down spin     Sum           Diff
            multiple
  s           0    0.441610700  0.441610700   0.883221400   0.000000000
   sum over m      0.441610700  0.441610700   0.883221400   0.000000000
  s           1    0.011955334  0.011955334   0.023910669   0.000000000
   sum over m      0.011955334  0.011955334   0.023910669   0.000000000
   sum over m+mul  0.453566034  0.453566034   0.907132069   0.000000000
  px          0    0.489510813  0.489510813   0.979021627   0.000000000
  py          0    0.339314561  0.339314561   0.678629121   0.000000000
  pz          0    0.391713623  0.391713623   0.783427246   0.000000000
   sum over m      1.220538997  1.220538997   2.441077994   0.000000000
  px          1    0.012790379  0.012790379   0.025580758   0.000000000
  py          1    0.005119644  0.005119644   0.010239289   0.000000000
  pz          1    0.017033935  0.017033935   0.034067870   0.000000000
   sum over m      0.034943958  0.034943958   0.069887917   0.000000000
   sum over m+mul  1.255482955  1.255482955   2.510965911   0.000000000
  d3z^2-r^2   0    0.008066201  0.008066201   0.016132402   0.000000000
  dx^2-y^2    0    0.013095231  0.013095231   0.026190463   0.000000000
  dxy         0    0.010283691  0.010283691   0.020567383   0.000000000
  dxz         0    0.014421986  0.014421986   0.028843971   0.000000000
  dyz         0    0.023629295  0.023629295   0.047258589   0.000000000
   sum over m      0.069496404  0.069496404   0.138992808   0.000000000
   sum over m+mul  0.069496404  0.069496404   0.138992808   0.000000000

    4    O          Up spin      Down spin     Sum           Diff
            multiple
  s           0    0.921225627  0.921225627   1.842451254   0.000000000
   sum over m      0.921225627  0.921225627   1.842451254   0.000000000
  s           1   -0.004873133 -0.004873133  -0.009746266   0.000000000
   sum over m     -0.004873133 -0.004873133  -0.009746266   0.000000000
   sum over m+mul  0.916352494  0.916352494   1.832704989   0.000000000
  px          0    0.716464041  0.716464041   1.432928082   0.000000000
  py          0    0.943557240  0.943557240   1.887114480   0.000000000
  pz          0    0.865067419  0.865067419   1.730134839   0.000000000
   sum over m      2.525088700  2.525088700   5.050177401   0.000000000
  px          1    0.008516594  0.008516594   0.017033188   0.000000000
  py          1   -0.012731249 -0.012731249  -0.025462499   0.000000000
  pz          1   -0.012715548 -0.012715548  -0.025431096   0.000000000
   sum over m     -0.016930203 -0.016930203  -0.033860407   0.000000000
   sum over m+mul  2.508158497  2.508158497   5.016316994   0.000000000
  d3z^2-r^2   0   -0.002718811 -0.002718811  -0.005437623   0.000000000
  dx^2-y^2    0   -0.003074797 -0.003074797  -0.006149593   0.000000000
  dxy         0   -0.004014944 -0.004014944  -0.008029889   0.000000000
  dxz         0   -0.001946069 -0.001946069  -0.003892137   0.000000000
  dyz         0   -0.002052656 -0.002052656  -0.004105312   0.000000000
   sum over m     -0.013807277 -0.013807277  -0.027614554   0.000000000
   sum over m+mul -0.013807277 -0.013807277  -0.027614554   0.000000000

    5    O          Up spin      Down spin     Sum           Diff
            multiple
  s           0    0.928166578  0.928166578   1.856333157   0.000000000
   sum over m      0.928166578  0.928166578   1.856333157   0.000000000
  s           1   -0.004519988 -0.004519988  -0.009039976   0.000000000
   sum over m     -0.004519988 -0.004519988  -0.009039976   0.000000000
   sum over m+mul  0.923646590  0.923646590   1.847293180   0.000000000
  px          0    0.813262999  0.813262999   1.626525999   0.000000000
  py          0    0.845141854  0.845141854   1.690283709   0.000000000
  pz          0    0.897942209  0.897942209   1.795884419   0.000000000
   sum over m      2.556347063  2.556347063   5.112694126   0.000000000
  px          1   -0.002978829 -0.002978829  -0.005957658   0.000000000
  py          1   -0.004532315 -0.004532315  -0.009064629   0.000000000
  pz          1   -0.008655490 -0.008655490  -0.017310981   0.000000000
   sum over m     -0.016166634 -0.016166634  -0.032333268   0.000000000
   sum over m+mul  2.540180429  2.540180429   5.080360858   0.000000000
  d3z^2-r^2   0   -0.001579385 -0.001579385  -0.003158769   0.000000000
  dx^2-y^2    0    0.000263539  0.000263539   0.000527078   0.000000000
  dxy         0   -0.001212600 -0.001212600  -0.002425199   0.000000000
  dxz         0   -0.000357127 -0.000357127  -0.000714254   0.000000000
  dyz         0   -0.000693873 -0.000693873  -0.001387745   0.000000000
   sum over m     -0.003579445 -0.003579445  -0.007158890   0.000000000
   sum over m+mul -0.003579445 -0.003579445  -0.007158890   0.000000000

    6    C          Up spin      Down spin     Sum           Diff
            multiple
  s           0    0.410786131  0.410786131   0.821572263   0.000000000
   sum over m      0.410786131  0.410786131   0.821572263   0.000000000
  s           1    0.023559639  0.023559639   0.047119278   0.000000000
   sum over m      0.023559639  0.023559639   0.047119278   0.000000000
   sum over m+mul  0.434345770  0.434345770   0.868691540   0.000000000
  px          0    0.266824793  0.266824793   0.533649585   0.000000000
  py          0    0.207169027  0.207169027   0.414338054   0.000000000
  pz          0    0.224786782  0.224786782   0.449573565   0.000000000
   sum over m      0.698780602  0.698780602   1.397561204   0.000000000
  px          1    0.064700264  0.064700264   0.129400528   0.000000000
  py          1    0.000515193  0.000515193   0.001030385   0.000000000
  pz          1    0.027494801  0.027494801   0.054989601   0.000000000
   sum over m      0.092710257  0.092710257   0.185420515   0.000000000
   sum over m+mul  0.791490860  0.791490860   1.582981719   0.000000000
  d3z^2-r^2   0    0.018484618  0.018484618   0.036969236   0.000000000
  dx^2-y^2    0    0.011984494  0.011984494   0.023968988   0.000000000
  dxy         0    0.017846523  0.017846523   0.035693046   0.000000000
  dxz         0    0.026954205  0.026954205   0.053908409   0.000000000
  dyz         0    0.011197715  0.011197715   0.022395430   0.000000000
   sum over m      0.086467554  0.086467554   0.172935108   0.000000000
   sum over m+mul  0.086467554  0.086467554   0.172935108   0.000000000

    7    C          Up spin      Down spin     Sum           Diff
            multiple
  s           0    0.409096236  0.409096236   0.818192473   0.000000000
   sum over m      0.409096236  0.409096236   0.818192473   0.000000000
  s           1    0.013301772  0.013301772   0.026603543   0.000000000
   sum over m      0.013301772  0.013301772   0.026603543   0.000000000
   sum over m+mul  0.422398008  0.422398008   0.844796016   0.000000000
  px          0    0.332086032  0.332086032   0.664172063   0.000000000
  py          0    0.487978704  0.487978704   0.975957408   0.000000000
  pz          0    0.461318967  0.461318967   0.922637934   0.000000000
   sum over m      1.281383702  1.281383702   2.562767405   0.000000000
  px          1    0.020563842  0.020563842   0.041127684   0.000000000
  py          1    0.005619102  0.005619102   0.011238203   0.000000000
  pz          1    0.004844853  0.004844853   0.009689706   0.000000000
   sum over m      0.031027797  0.031027797   0.062055593   0.000000000
   sum over m+mul  1.312411499  1.312411499   2.624822998   0.000000000
  d3z^2-r^2   0    0.008265684  0.008265684   0.016531368   0.000000000
  dx^2-y^2    0    0.016855279  0.016855279   0.033710558   0.000000000
  dxy         0    0.007224873  0.007224873   0.014449746   0.000000000
  dxz         0    0.012671586  0.012671586   0.025343173   0.000000000
  dyz         0    0.014587256  0.014587256   0.029174512   0.000000000
   sum over m      0.059604678  0.059604678   0.119209357   0.000000000
   sum over m+mul  0.059604678  0.059604678   0.119209357   0.000000000

    8    O          Up spin      Down spin     Sum           Diff
            multiple
  s           0    0.924706358  0.924706358   1.849412716   0.000000000
   sum over m      0.924706358  0.924706358   1.849412716   0.000000000
  s           1   -0.004665765 -0.004665765  -0.009331530   0.000000000
   sum over m     -0.004665765 -0.004665765  -0.009331530   0.000000000
   sum over m+mul  0.920040593  0.920040593   1.840081186   0.000000000
  px          0    0.974256029  0.974256029   1.948512058   0.000000000
  py          0    0.722541831  0.722541831   1.445083663   0.000000000
  pz          0    0.848880028  0.848880028   1.697760057   0.000000000
   sum over m      2.545677889  2.545677889   5.091355777   0.000000000
  px          1   -0.010481217 -0.010481217  -0.020962433   0.000000000
  py          1   -0.007440762 -0.007440762  -0.014881523   0.000000000
  pz          1   -0.005523862 -0.005523862  -0.011047724   0.000000000
   sum over m     -0.023445840 -0.023445840  -0.046891681   0.000000000
   sum over m+mul  2.522232048  2.522232048   5.044464096   0.000000000
  d3z^2-r^2   0   -0.001636304 -0.001636304  -0.003272608   0.000000000
  dx^2-y^2    0   -0.002195193 -0.002195193  -0.004390385   0.000000000
  dxy         0   -0.001871617 -0.001871617  -0.003743234   0.000000000
  dxz         0   -0.000685391 -0.000685391  -0.001370781   0.000000000
  dyz         0    0.001332823  0.001332823   0.002665647   0.000000000
   sum over m     -0.005055681 -0.005055681  -0.010111362   0.000000000
   sum over m+mul -0.005055681 -0.005055681  -0.010111362   0.000000000

    9    C          Up spin      Down spin     Sum           Diff
            multiple
  s           0    0.449411838  0.449411838   0.898823677   0.000000000
   sum over m      0.449411838  0.449411838   0.898823677   0.000000000
  s           1    0.015825827  0.015825827   0.031651655   0.000000000
   sum over m      0.015825827  0.015825827   0.031651655   0.000000000
   sum over m+mul  0.465237666  0.465237666   0.930475332   0.000000000
  px          0    0.290575551  0.290575551   0.581151102   0.000000000
  py          0    0.488990155  0.488990155   0.977980310   0.000000000
  pz          0    0.461994564  0.461994564   0.923989128   0.000000000
   sum over m      1.241560270  1.241560270   2.483120539   0.000000000
  px          1    0.019680241  0.019680241   0.039360483   0.000000000
  py          1    0.004966280  0.004966280   0.009932560   0.000000000
  pz          1    0.018494969  0.018494969   0.036989938   0.000000000
   sum over m      0.043141490  0.043141490   0.086282981   0.000000000
   sum over m+mul  1.284701760  1.284701760   2.569403520   0.000000000
  d3z^2-r^2   0    0.007681845  0.007681845   0.015363690   0.000000000
  dx^2-y^2    0    0.014666231  0.014666231   0.029332463   0.000000000
  dxy         0    0.011192561  0.011192561   0.022385122   0.000000000
  dxz         0    0.013578286  0.013578286   0.027156572   0.000000000
  dyz         0    0.017883232  0.017883232   0.035766465   0.000000000
   sum over m      0.065002156  0.065002156   0.130004312   0.000000000
   sum over m+mul  0.065002156  0.065002156   0.130004312   0.000000000

   10    O          Up spin      Down spin     Sum           Diff
            multiple
  s           0    0.923392945  0.923392945   1.846785889   0.000000000
   sum over m      0.923392945  0.923392945   1.846785889   0.000000000
  s           1   -0.004897848 -0.004897848  -0.009795696   0.000000000
   sum over m     -0.004897848 -0.004897848  -0.009795696   0.000000000
   sum over m+mul  0.918495097  0.918495097   1.836990193   0.000000000
  px          0    0.788370355  0.788370355   1.576740710   0.000000000
  py          0    0.915447224  0.915447224   1.830894449   0.000000000
  pz          0    0.811344121  0.811344121   1.622688243   0.000000000
   sum over m      2.515161701  2.515161701   5.030323402   0.000000000
  px          1   -0.000107116 -0.000107116  -0.000214232   0.000000000
  py          1   -0.003679777 -0.003679777  -0.007359553   0.000000000
  pz          1   -0.002677424 -0.002677424  -0.005354848   0.000000000
   sum over m     -0.006464317 -0.006464317  -0.012928633   0.000000000
   sum over m+mul  2.508697384  2.508697384   5.017394768   0.000000000
  d3z^2-r^2   0    0.000255401  0.000255401   0.000510802   0.000000000
  dx^2-y^2    0    0.001153733  0.001153733   0.002307467   0.000000000
  dxy         0   -0.000499027 -0.000499027  -0.000998054   0.000000000
  dxz         0   -0.000770127 -0.000770127  -0.001540254   0.000000000
  dyz         0   -0.000123396 -0.000123396  -0.000246792   0.000000000
   sum over m      0.000016585  0.000016585   0.000033169   0.000000000
   sum over m+mul  0.000016585  0.000016585   0.000033169   0.000000000

   11    N          Up spin      Down spin     Sum           Diff
            multiple
  s           0    0.850213008  0.850213008   1.700426015   0.000000000
   sum over m      0.850213008  0.850213008   1.700426015   0.000000000
  s           1    0.015198708  0.015198708   0.030397416   0.000000000
   sum over m      0.015198708  0.015198708   0.030397416   0.000000000
   sum over m+mul  0.865411715  0.865411715   1.730823431   0.000000000
  px          0    0.758622649  0.758622649   1.517245298   0.000000000
  py          0    0.744446343  0.744446343   1.488892686   0.000000000
  pz          0    0.804699014  0.804699014   1.609398029   0.000000000
   sum over m      2.307768006  2.307768006   4.615536012   0.000000000
  px          1    0.010504844  0.010504844   0.021009688   0.000000000
  py          1    0.005881272  0.005881272   0.011762543   0.000000000
  pz          1   -0.000327362 -0.000327362  -0.000654724   0.000000000
   sum over m      0.016058754  0.016058754   0.032117508   0.000000000
   sum over m+mul  2.323826760  2.323826760   4.647653520   0.000000000
  d3z^2-r^2   0    0.006697738  0.006697738   0.013395476   0.000000000
  dx^2-y^2    0    0.011133250  0.011133250   0.022266500   0.000000000
  dxy         0    0.008900116  0.008900116   0.017800231   0.000000000
  dxz         0    0.006549461  0.006549461   0.013098923   0.000000000
  dyz         0    0.013409452  0.013409452   0.026818904   0.000000000
   sum over m      0.046690017  0.046690017   0.093380034   0.000000000
   sum over m+mul  0.046690017  0.046690017   0.093380034   0.000000000

   12    C          Up spin      Down spin     Sum           Diff
            multiple
  s           0    0.451894864  0.451894864   0.903789727   0.000000000
   sum over m      0.451894864  0.451894864   0.903789727   0.000000000
  s           1    0.015226145  0.015226145   0.030452290   0.000000000
   sum over m      0.015226145  0.015226145   0.030452290   0.000000000
   sum over m+mul  0.467121008  0.467121008   0.934242017   0.000000000
  px          0    0.491117222  0.491117222   0.982234445   0.000000000
  py          0    0.360256224  0.360256224   0.720512448   0.000000000
  pz          0    0.404620653  0.404620653   0.809241307   0.000000000
   sum over m      1.255994100  1.255994100   2.511988199   0.000000000
  px          1    0.003283334  0.003283334   0.006566668   0.000000000
  py          1    0.021081624  0.021081624   0.042163248   0.000000000
  pz          1    0.009615356  0.009615356   0.019230713   0.000000000
   sum over m      0.033980314  0.033980314   0.067960629   0.000000000
   sum over m+mul  1.289974414  1.289974414   2.579948828   0.000000000
  d3z^2-r^2   0    0.010864249  0.010864249   0.021728498   0.000000000
  dx^2-y^2    0    0.017194628  0.017194628   0.034389256   0.000000000
  dxy         0    0.007733966  0.007733966   0.015467932   0.000000000
  dxz         0    0.013005786  0.013005786   0.026011572   0.000000000
  dyz         0    0.014215496  0.014215496   0.028430992   0.000000000
   sum over m      0.063014125  0.063014125   0.126028250   0.000000000
   sum over m+mul  0.063014125  0.063014125   0.126028250   0.000000000

   13    C          Up spin      Down spin     Sum           Diff
            multiple
  s           0    0.329116611  0.329116611   0.658233221   0.000000000
   sum over m      0.329116611  0.329116611   0.658233221   0.000000000
  s           1    0.030378832  0.030378832   0.060757665   0.000000000
   sum over m      0.030378832  0.030378832   0.060757665   0.000000000
   sum over m+mul  0.359495443  0.359495443   0.718990886   0.000000000
  px          0    0.281691746  0.281691746   0.563383492   0.000000000
  py          0    0.187498173  0.187498173   0.374996345   0.000000000
  pz          0    0.239075611  0.239075611   0.478151222   0.000000000
   sum over m      0.708265530  0.708265530   1.416531059   0.000000000
  px          1    0.011959286  0.011959286   0.023918571   0.000000000
  py          1    0.048657228  0.048657228   0.097314456   0.000000000
  pz          1    0.008465190  0.008465190   0.016930379   0.000000000
   sum over m      0.069081703  0.069081703   0.138163406   0.000000000
   sum over m+mul  0.777347233  0.777347233   1.554694465   0.000000000
  d3z^2-r^2   0    0.013089707  0.013089707   0.026179414   0.000000000
  dx^2-y^2    0    0.021097463  0.021097463   0.042194926   0.000000000
  dxy         0    0.026040856  0.026040856   0.052081711   0.000000000
  dxz         0    0.008938535  0.008938535   0.017877069   0.000000000
  dyz         0    0.018368422  0.018368422   0.036736845   0.000000000
   sum over m      0.087534982  0.087534982   0.175069965   0.000000000
   sum over m+mul  0.087534982  0.087534982   0.175069965   0.000000000

   14    C          Up spin      Down spin     Sum           Diff
            multiple
  s           0    0.452224653  0.452224653   0.904449306   0.000000000
   sum over m      0.452224653  0.452224653   0.904449306   0.000000000
  s           1    0.013840738  0.013840738   0.027681476   0.000000000
   sum over m      0.013840738  0.013840738   0.027681476   0.000000000
   sum over m+mul  0.466065391  0.466065391   0.932130782   0.000000000
  px          0    0.466855812  0.466855812   0.933711625   0.000000000
  py          0    0.415835069  0.415835069   0.831670137   0.000000000
  pz          0    0.368860591  0.368860591   0.737721181   0.000000000
   sum over m      1.251551472  1.251551472   2.503102943   0.000000000
  px          1    0.002427486  0.002427486   0.004854973   0.000000000
  py          1    0.004813090  0.004813090   0.009626179   0.000000000
  pz          1    0.020062262  0.020062262   0.040124524   0.000000000
   sum over m      0.027302838  0.027302838   0.054605676   0.000000000
   sum over m+mul  1.278854310  1.278854310   2.557708619   0.000000000
  d3z^2-r^2   0    0.012205944  0.012205944   0.024411888   0.000000000
  dx^2-y^2    0    0.014479629  0.014479629   0.028959259   0.000000000
  dxy         0    0.008320901  0.008320901   0.016641801   0.000000000
  dxz         0    0.013842808  0.013842808   0.027685615   0.000000000
  dyz         0    0.013303147  0.013303147   0.026606293   0.000000000
   sum over m      0.062152428  0.062152428   0.124304856   0.000000000
   sum over m+mul  0.062152428  0.062152428   0.124304856   0.000000000

   15    O          Up spin      Down spin     Sum           Diff
            multiple
  s           0    0.927231166  0.927231166   1.854462331   0.000000000
   sum over m      0.927231166  0.927231166   1.854462331   0.000000000
  s           1   -0.003004854 -0.003004854  -0.006009708   0.000000000
   sum over m     -0.003004854 -0.003004854  -0.006009708   0.000000000
   sum over m+mul  0.924226312  0.924226312   1.848452623   0.000000000
  px          0    0.915359633  0.915359633   1.830719266   0.000000000
  py          0    0.878347571  0.878347571   1.756695141   0.000000000
  pz          0    0.751956816  0.751956816   1.503913633   0.000000000
   sum over m      2.545664020  2.545664020   5.091328040   0.000000000
  px          1   -0.010576895 -0.010576895  -0.021153791   0.000000000
  py          1   -0.005289698 -0.005289698  -0.010579395   0.000000000
  pz          1   -0.006093833 -0.006093833  -0.012187666   0.000000000
   sum over m     -0.021960426 -0.021960426  -0.043920852   0.000000000
   sum over m+mul  2.523703594  2.523703594   5.047407188   0.000000000
  d3z^2-r^2   0   -0.002501652 -0.002501652  -0.005003304   0.000000000
  dx^2-y^2    0   -0.000793818 -0.000793818  -0.001587636   0.000000000
  dxy         0   -0.000666916 -0.000666916  -0.001333832   0.000000000
  dxz         0   -0.000746307 -0.000746307  -0.001492615   0.000000000
  dyz         0   -0.000863040 -0.000863040  -0.001726080   0.000000000
   sum over m     -0.005571733 -0.005571733  -0.011143466   0.000000000
   sum over m+mul -0.005571733 -0.005571733  -0.011143466   0.000000000

   16    C          Up spin      Down spin     Sum           Diff
            multiple
  s           0    0.558926679  0.558926679   1.117853357   0.000000000
   sum over m      0.558926679  0.558926679   1.117853357   0.000000000
  s           1   -0.000156968 -0.000156968  -0.000313937   0.000000000
   sum over m     -0.000156968 -0.000156968  -0.000313937   0.000000000
   sum over m+mul  0.558769710  0.558769710   1.117539420   0.000000000
  px          0    0.555611298  0.555611298   1.111222596   0.000000000
  py          0    0.554843813  0.554843813   1.109687626   0.000000000
  pz          0    0.554229561  0.554229561   1.108459122   0.000000000
   sum over m      1.664684672  1.664684672   3.329369344   0.000000000
  px          1    0.001463079  0.001463079   0.002926159   0.000000000
  py          1    0.000209890  0.000209890   0.000419780   0.000000000
  pz          1   -0.000986955 -0.000986955  -0.001973911   0.000000000
   sum over m      0.000686014  0.000686014   0.001372027   0.000000000
   sum over m+mul  1.665370685  1.665370685   3.330741371   0.000000000
  d3z^2-r^2   0    0.009537368  0.009537368   0.019074735   0.000000000
  dx^2-y^2    0    0.002077289  0.002077289   0.004154579   0.000000000
  dxy         0    0.013190518  0.013190518   0.026381036   0.000000000
  dxz         0    0.004950996  0.004950996   0.009901992   0.000000000
  dyz         0    0.003747106  0.003747106   0.007494212   0.000000000
   sum over m      0.033503277  0.033503277   0.067006553   0.000000000
   sum over m+mul  0.033503277  0.033503277   0.067006553   0.000000000

   17    C          Up spin      Down spin     Sum           Diff
            multiple
  s           0    0.492199536  0.492199536   0.984399073   0.000000000
   sum over m      0.492199536  0.492199536   0.984399073   0.000000000
  s           1    0.006905776  0.006905776   0.013811552   0.000000000
   sum over m      0.006905776  0.006905776   0.013811552   0.000000000
   sum over m+mul  0.499105313  0.499105313   0.998210625   0.000000000
  px          0    0.517871569  0.517871569   1.035743138   0.000000000
  py          0    0.352930864  0.352930864   0.705861727   0.000000000
  pz          0    0.469397567  0.469397567   0.938795133   0.000000000
   sum over m      1.340199999  1.340199999   2.680399999   0.000000000
  px          1    0.002151002  0.002151002   0.004302004   0.000000000
  py          1    0.008533697  0.008533697   0.017067394   0.000000000
  pz          1    0.003357650  0.003357650   0.006715300   0.000000000
   sum over m      0.014042349  0.014042349   0.028084698   0.000000000
   sum over m+mul  1.354242348  1.354242348   2.708484696   0.000000000
  d3z^2-r^2   0    0.009492033  0.009492033   0.018984066   0.000000000
  dx^2-y^2    0    0.019397562  0.019397562   0.038795124   0.000000000
  dxy         0    0.005374012  0.005374012   0.010748023   0.000000000
  dxz         0    0.009043633  0.009043633   0.018087266   0.000000000
  dyz         0    0.017269609  0.017269609   0.034539217   0.000000000
   sum over m      0.060576848  0.060576848   0.121153696   0.000000000
   sum over m+mul  0.060576848  0.060576848   0.121153696   0.000000000

   18    O          Up spin      Down spin     Sum           Diff
            multiple
  s           0    0.924069036  0.924069036   1.848138071   0.000000000
   sum over m      0.924069036  0.924069036   1.848138071   0.000000000
  s           1   -0.003421465 -0.003421465  -0.006842930   0.000000000
   sum over m     -0.003421465 -0.003421465  -0.006842930   0.000000000
   sum over m+mul  0.920647570  0.920647570   1.841295141   0.000000000
  px          0    0.957228434  0.957228434   1.914456868   0.000000000
  py          0    0.720751540  0.720751540   1.441503081   0.000000000
  pz          0    0.864441387  0.864441387   1.728882774   0.000000000
   sum over m      2.542421361  2.542421361   5.084842723   0.000000000
  px          1   -0.009668372 -0.009668372  -0.019336743   0.000000000
  py          1   -0.003792843 -0.003792843  -0.007585685   0.000000000
  pz          1   -0.006594716 -0.006594716  -0.013189431   0.000000000
   sum over m     -0.020055930 -0.020055930  -0.040111860   0.000000000
   sum over m+mul  2.522365431  2.522365431   5.044730863   0.000000000
  d3z^2-r^2   0   -0.001491307 -0.001491307  -0.002982614   0.000000000
  dx^2-y^2    0   -0.001501694 -0.001501694  -0.003003387   0.000000000
  dxy         0   -0.001378107 -0.001378107  -0.002756213   0.000000000
  dxz         0   -0.001246724 -0.001246724  -0.002493449   0.000000000
  dyz         0   -0.000333287 -0.000333287  -0.000666574   0.000000000
   sum over m     -0.005951119 -0.005951119  -0.011902237   0.000000000
   sum over m+mul -0.005951119 -0.005951119  -0.011902237   0.000000000

   19    O          Up spin      Down spin     Sum           Diff
            multiple
  s           0    0.921919197  0.921919197   1.843838395   0.000000000
   sum over m      0.921919197  0.921919197   1.843838395   0.000000000
  s           1   -0.004627528 -0.004627528  -0.009255056   0.000000000
   sum over m     -0.004627528 -0.004627528  -0.009255056   0.000000000
   sum over m+mul  0.917291669  0.917291669   1.834583339   0.000000000
  px          0    0.860533932  0.860533932   1.721067863   0.000000000
  py          0    0.844802355  0.844802355   1.689604710   0.000000000
  pz          0    0.822843452  0.822843452   1.645686904   0.000000000
   sum over m      2.528179739  2.528179739   5.056359477   0.000000000
  px          1   -0.009438775 -0.009438775  -0.018877550   0.000000000
  py          1   -0.005161248 -0.005161248  -0.010322496   0.000000000
  pz          1   -0.006585784 -0.006585784  -0.013171569   0.000000000
   sum over m     -0.021185807 -0.021185807  -0.042371614   0.000000000
   sum over m+mul  2.506993931  2.506993931   5.013987863   0.000000000
  d3z^2-r^2   0   -0.001625511 -0.001625511  -0.003251022   0.000000000
  dx^2-y^2    0   -0.000940943 -0.000940943  -0.001881886   0.000000000
  dxy         0   -0.001173211 -0.001173211  -0.002346422   0.000000000
  dxz         0    0.000325391  0.000325391   0.000650783   0.000000000
  dyz         0   -0.001408039 -0.001408039  -0.002816077   0.000000000
   sum over m     -0.004822313 -0.004822313  -0.009644626   0.000000000
   sum over m+mul -0.004822313 -0.004822313  -0.009644626   0.000000000

   20    H          Up spin      Down spin     Sum           Diff
            multiple
  s           0    0.436636684  0.436636684   0.873273368   0.000000000
   sum over m      0.436636684  0.436636684   0.873273368   0.000000000
  s           1    0.018306029  0.018306029   0.036612059   0.000000000
   sum over m      0.018306029  0.018306029   0.036612059   0.000000000
   sum over m+mul  0.454942713  0.454942713   0.909885426   0.000000000

   21    H          Up spin      Down spin     Sum           Diff
            multiple
  s           0    0.435856407  0.435856407   0.871712815   0.000000000
   sum over m      0.435856407  0.435856407   0.871712815   0.000000000
  s           1    0.017498418  0.017498418   0.034996837   0.000000000
   sum over m      0.017498418  0.017498418   0.034996837   0.000000000
   sum over m+mul  0.453354826  0.453354826   0.906709652   0.000000000

   22    H          Up spin      Down spin     Sum           Diff
            multiple
  s           0    0.462182926  0.462182926   0.924365853   0.000000000
   sum over m      0.462182926  0.462182926   0.924365853   0.000000000
  s           1    0.017544330  0.017544330   0.035088660   0.000000000
   sum over m      0.017544330  0.017544330   0.035088660   0.000000000
   sum over m+mul  0.479727257  0.479727257   0.959454513   0.000000000

   23    H          Up spin      Down spin     Sum           Diff
            multiple
  s           0    0.227425206  0.227425206   0.454850413   0.000000000
   sum over m      0.227425206  0.227425206   0.454850413   0.000000000
  s           1    0.032542460  0.032542460   0.065084920   0.000000000
   sum over m      0.032542460  0.032542460   0.065084920   0.000000000
   sum over m+mul  0.259967666  0.259967666   0.519935333   0.000000000

   24    O          Up spin      Down spin     Sum           Diff
            multiple
  s           0    0.944290391  0.944290391   1.888580783   0.000000000
   sum over m      0.944290391  0.944290391   1.888580783   0.000000000
  s           1   -0.001983315 -0.001983315  -0.003966629   0.000000000
   sum over m     -0.001983315 -0.001983315  -0.003966629   0.000000000
   sum over m+mul  0.942307077  0.942307077   1.884614153   0.000000000
  px          0    0.774203317  0.774203317   1.548406634   0.000000000
  py          0    0.873396199  0.873396199   1.746792398   0.000000000
  pz          0    0.922567285  0.922567285   1.845134569   0.000000000
   sum over m      2.570166801  2.570166801   5.140333602   0.000000000
  px          1    0.002262265  0.002262265   0.004524530   0.000000000
  py          1   -0.003525638 -0.003525638  -0.007051276   0.000000000
  pz          1   -0.001084879 -0.001084879  -0.002169759   0.000000000
   sum over m     -0.002348252 -0.002348252  -0.004696505   0.000000000
   sum over m+mul  2.567818548  2.567818548   5.135637097   0.000000000
  d3z^2-r^2   0    0.000265598  0.000265598   0.000531197   0.000000000
  dx^2-y^2    0    0.002793402  0.002793402   0.005586804   0.000000000
  dxy         0   -0.000093025 -0.000093025  -0.000186050   0.000000000
  dxz         0    0.000786781  0.000786781   0.001573562   0.000000000
  dyz         0   -0.000255131 -0.000255131  -0.000510262   0.000000000
   sum over m      0.003497626  0.003497626   0.006995251   0.000000000
   sum over m+mul  0.003497626  0.003497626   0.006995251   0.000000000

   25    H          Up spin      Down spin     Sum           Diff
            multiple
  s           0    0.457727861  0.457727861   0.915455722   0.000000000
   sum over m      0.457727861  0.457727861   0.915455722   0.000000000
  s           1    0.015127303  0.015127303   0.030254606   0.000000000
   sum over m      0.015127303  0.015127303   0.030254606   0.000000000
   sum over m+mul  0.472855164  0.472855164   0.945710328   0.000000000

   26    H          Up spin      Down spin     Sum           Diff
            multiple
  s           0    0.231118797  0.231118797   0.462237594   0.000000000
   sum over m      0.231118797  0.231118797   0.462237594   0.000000000
  s           1    0.031968757  0.031968757   0.063937513   0.000000000
   sum over m      0.031968757  0.031968757   0.063937513   0.000000000
   sum over m+mul  0.263087553  0.263087553   0.526175107   0.000000000

   27    H          Up spin      Down spin     Sum           Diff
            multiple
  s           0    0.463037917  0.463037917   0.926075833   0.000000000
   sum over m      0.463037917  0.463037917   0.926075833   0.000000000
  s           1    0.015311570  0.015311570   0.030623140   0.000000000
   sum over m      0.015311570  0.015311570   0.030623140   0.000000000
   sum over m+mul  0.478349487  0.478349487   0.956698973   0.000000000

   28    H          Up spin      Down spin     Sum           Diff
            multiple
  s           0    0.219985488  0.219985488   0.439970976   0.000000000
   sum over m      0.219985488  0.219985488   0.439970976   0.000000000
  s           1    0.033108498  0.033108498   0.066216995   0.000000000
   sum over m      0.033108498  0.033108498   0.066216995   0.000000000
   sum over m+mul  0.253093986  0.253093986   0.506187971   0.000000000

   29    H          Up spin      Down spin     Sum           Diff
            multiple
  s           0    0.196492054  0.196492054   0.392984108   0.000000000
   sum over m      0.196492054  0.196492054   0.392984108   0.000000000
  s           1    0.043095266  0.043095266   0.086190532   0.000000000
   sum over m      0.043095266  0.043095266   0.086190532   0.000000000
   sum over m+mul  0.239587320  0.239587320   0.479174640   0.000000000

   30    H          Up spin      Down spin     Sum           Diff
            multiple
  s           0    0.463189342  0.463189342   0.926378683   0.000000000
   sum over m      0.463189342  0.463189342   0.926378683   0.000000000
  s           1    0.015012592  0.015012592   0.030025183   0.000000000
   sum over m      0.015012592  0.015012592   0.030025183   0.000000000
   sum over m+mul  0.478201933  0.478201933   0.956403866   0.000000000

   31    O          Up spin      Down spin     Sum           Diff
            multiple
  s           0    0.942779239  0.942779239   1.885558478   0.000000000
   sum over m      0.942779239  0.942779239   1.885558478   0.000000000
  s           1   -0.002007616 -0.002007616  -0.004015232   0.000000000
   sum over m     -0.002007616 -0.002007616  -0.004015232   0.000000000
   sum over m+mul  0.940771623  0.940771623   1.881543246   0.000000000
  px          0    0.907453247  0.907453247   1.814906495   0.000000000
  py          0    0.797389910  0.797389910   1.594779820   0.000000000
  pz          0    0.862526224  0.862526224   1.725052448   0.000000000
   sum over m      2.567369381  2.567369381   5.134738762   0.000000000
  px          1   -0.004643112 -0.004643112  -0.009286223   0.000000000
  py          1    0.004645478  0.004645478   0.009290955   0.000000000
  pz          1   -0.004384526 -0.004384526  -0.008769052   0.000000000
   sum over m     -0.004382160 -0.004382160  -0.008764321   0.000000000
   sum over m+mul  2.562987221  2.562987221   5.125974442   0.000000000
  d3z^2-r^2   0   -0.000157903 -0.000157903  -0.000315806   0.000000000
  dx^2-y^2    0    0.001318878  0.001318878   0.002637756   0.000000000
  dxy         0   -0.000412561 -0.000412561  -0.000825122   0.000000000
  dxz         0   -0.000520465 -0.000520465  -0.001040930   0.000000000
  dyz         0    0.001250297  0.001250297   0.002500593   0.000000000
   sum over m      0.001478245  0.001478245   0.002956490   0.000000000
   sum over m+mul  0.001478245  0.001478245   0.002956490   0.000000000

   32    H          Up spin      Down spin     Sum           Diff
            multiple
  s           0    0.460577161  0.460577161   0.921154323   0.000000000
   sum over m      0.460577161  0.460577161   0.921154323   0.000000000
  s           1    0.014247523  0.014247523   0.028495046   0.000000000
   sum over m      0.014247523  0.014247523   0.028495046   0.000000000
   sum over m+mul  0.474824684  0.474824684   0.949649369   0.000000000

   33    H          Up spin      Down spin     Sum           Diff
            multiple
  s           0    0.229060848  0.229060848   0.458121696   0.000000000
   sum over m      0.229060848  0.229060848   0.458121696   0.000000000
  s           1    0.035056125  0.035056125   0.070112250   0.000000000
   sum over m      0.035056125  0.035056125   0.070112250   0.000000000
   sum over m+mul  0.264116973  0.264116973   0.528233946   0.000000000

   34    H          Up spin      Down spin     Sum           Diff
            multiple
  s           0    0.410535291  0.410535291   0.821070582   0.000000000
   sum over m      0.410535291  0.410535291   0.821070582   0.000000000
  s           1    0.020506021  0.020506021   0.041012043   0.000000000
   sum over m      0.020506021  0.020506021   0.041012043   0.000000000
   sum over m+mul  0.431041312  0.431041312   0.862082625   0.000000000

   35    H          Up spin      Down spin     Sum           Diff
            multiple
  s           0    0.412699553  0.412699553   0.825399107   0.000000000
   sum over m      0.412699553  0.412699553   0.825399107   0.000000000
  s           1    0.020267209  0.020267209   0.040534419   0.000000000
   sum over m      0.020267209  0.020267209   0.040534419   0.000000000
   sum over m+mul  0.432966763  0.432966763   0.865933525   0.000000000

   36    H          Up spin      Down spin     Sum           Diff
            multiple
  s           0    0.411070959  0.411070959   0.822141917   0.000000000
   sum over m      0.411070959  0.411070959   0.822141917   0.000000000
  s           1    0.020312222  0.020312222   0.040624444   0.000000000
   sum over m      0.020312222  0.020312222   0.040624444   0.000000000
   sum over m+mul  0.431383181  0.431383181   0.862766362   0.000000000

   37    H          Up spin      Down spin     Sum           Diff
            multiple
  s           0    0.447047987  0.447047987   0.894095974   0.000000000
   sum over m      0.447047987  0.447047987   0.894095974   0.000000000
  s           1    0.017800760  0.017800760   0.035601519   0.000000000
   sum over m      0.017800760  0.017800760   0.035601519   0.000000000
   sum over m+mul  0.464848747  0.464848747   0.929697494   0.000000000

   38    H          Up spin      Down spin     Sum           Diff
            multiple
  s           0    0.439387380  0.439387380   0.878774761   0.000000000
   sum over m      0.439387380  0.439387380   0.878774761   0.000000000
  s           1    0.018011677  0.018011677   0.036023354   0.000000000
   sum over m      0.018011677  0.018011677   0.036023354   0.000000000
   sum over m+mul  0.457399057  0.457399057   0.914798115   0.000000000

   39    H          Up spin      Down spin     Sum           Diff
            multiple
  s           0    0.228287519  0.228287519   0.456575038   0.000000000
   sum over m      0.228287519  0.228287519   0.456575038   0.000000000
  s           1    0.031601547  0.031601547   0.063203094   0.000000000
   sum over m      0.031601547  0.031601547   0.063203094   0.000000000
   sum over m+mul  0.259889066  0.259889066   0.519778131   0.000000000

   40    H          Up spin      Down spin     Sum           Diff
            multiple
  s           0    0.231870934  0.231870934   0.463741868   0.000000000
   sum over m      0.231870934  0.231870934   0.463741868   0.000000000
  s           1    0.031304070  0.031304070   0.062608140   0.000000000
   sum over m      0.031304070  0.031304070   0.062608140   0.000000000
   sum over m+mul  0.263175004  0.263175004   0.526350008   0.000000000

***********************************************************
***********************************************************
                    Dipole moment (Debye)                  
***********************************************************
***********************************************************

 Absolute D        3.46732806

                      Dx                Dy                Dz
 Total             -3.23798260        1.10349181       -0.56580777
 Core             200.96219539       -7.13000025      -48.68155280
 Electron        -204.20017799        8.23349206       48.11574504
 Back ground       -0.00000000       -0.00000000        0.00000000

***********************************************************
***********************************************************
       xyz-coordinates (Ang) and forces (Hartree/Bohr)  
***********************************************************
***********************************************************

<coordinates.forces
  40
    1     C     2.58239   0.08226   0.27598   0.003186957404 -0.019639035142 -0.029466729140
    2     C     2.37330  -1.13864   1.19404  -0.017102604705  0.017402463224  0.003347902656
    3     C     1.02528  -1.04630   1.91580  -0.000437684237 -0.012092470619 -0.029958084268
    4     O     1.49476   0.41741  -0.55103  -0.023651192088 -0.031829848655  0.052264617020
    5     O     2.73737   1.29041   0.95988   0.069662075480 -0.019068858214  0.036138846763
    6     C     3.78664  -0.21820  -0.66960  -0.082004160819 -0.001182939536 -0.001580845596
    7     C    -0.09455  -0.88099   0.85298  -0.001774981320  0.024092149130  0.030410610789
    8     O     0.81881  -2.14230   2.76961  -0.003579069524 -0.043426276782 -0.051260560905
    9     C     0.18986   0.40643   0.03230   0.003879272031 -0.027609711139 -0.027484689430
   10     O     3.64303  -0.76598  -1.88783  -0.066226688781 -0.001123785913  0.003238732173
   11     N    -1.43959  -0.76323   1.47317   0.019504205581 -0.007863734961  0.034271178996
   12     C    -0.79483   0.55542  -1.16477   0.031397648330  0.016129756044  0.003516269920
   13     C    -2.20147  -1.93362   1.78598  -0.012916679358  0.086487865760  0.032981142628
   14     C    -0.69904   1.97017  -1.81690  -0.040408209129 -0.025898978924 -0.001681852053
   15     O    -0.49217  -0.47384  -2.08676  -0.048507773227  0.042830790882 -0.030408844744
   16     C    -3.38021  -1.73494   2.70334   0.011895353226 -0.002858388191 -0.008476804646
   17     C    -1.69226   2.08487  -3.00129   0.038995559239  0.020596036400  0.014594611994
   18     O    -1.04367   2.90345  -0.81217   0.033459250694  0.037253868663 -0.052376528364
   19     O    -1.33030   3.22988  -3.73491  -0.070012646412 -0.026861302888 -0.030655070108
   20     H     2.42517  -2.06889   0.59160   0.001056110043 -0.012696135398 -0.006759901264
   21     H     3.20055  -1.20643   1.92821   0.012795241823 -0.002319215944  0.007720703271
   22     H     1.02645  -0.19369   2.63649  -0.001293226464  0.020402077298  0.013866725050
   23     H     3.58152   1.28733   1.39261   0.014534838606  0.006875630070  0.011890837165
   24     O     4.95226  -0.03351  -0.38856   0.031296806828  0.005011345836  0.013530522199
   25     H    -0.10202  -1.76681   0.16665  -0.004179284068 -0.014594600055 -0.009278210578
   26     H     0.73518  -2.92164   2.23173  -0.001777534820 -0.016360783270 -0.003021338998
   27     H     0.10755   1.30400   0.69482  -0.001816318422  0.018188057880  0.014512449383
   28     H     2.72512  -0.85076  -2.11919  -0.023400761970 -0.004440002648 -0.010418977356
   29     H    -1.47148  -0.06566   2.18654  -0.002299134079 -0.003793988038 -0.005918343058
   30     H    -1.83652   0.40001  -0.78638  -0.021948692220 -0.004553479257  0.005634428100
   31     O    -1.91764  -2.99969   1.26145   0.011561907292 -0.005239561368 -0.009888995113
   32     H     0.34577   2.15463  -2.17050   0.021615164336  0.007050040656 -0.006023042210
   33     H    -0.99769  -0.29067  -2.87199  -0.003110721790 -0.007650541867 -0.014163298954
   34     H    -4.03439  -0.92721   2.34840  -0.010686545252  0.012935219569 -0.003099919835
   35     H    -3.98961  -2.64557   2.77728  -0.009445304157 -0.012042965955  0.002373446341
   36     H    -3.04806  -1.47747   3.71823   0.002857110593  0.005369364925  0.016835835135
   37     H    -1.62782   1.18453  -3.65063  -0.000236416984 -0.019185866071 -0.019978221963
   38     H    -2.73748   2.15752  -2.64091  -0.024141106140  0.003196666745  0.007015361515
   39     H    -0.81495   3.75581  -1.15734   0.000637405204  0.021639416654  0.001113159230
   40     H    -2.00525   3.36192  -4.38635  -0.011001672838  0.012032730616 -0.019737419243
coordinates.forces>

***********************************************************
***********************************************************
       Fractional coordinates of the final structure       
***********************************************************
***********************************************************

     1      C     0.16139931250000   0.00587592857143   0.01839873333333
     2      C     0.14833137500000   0.91866850000000   0.07960300000000
     3      C     0.06407993750000   0.92526407142857   0.12772033333333
     4      O     0.09342250000000   0.02981514285714   0.96326493333333
     5      O     0.17108531250000   0.09217207142857   0.06399206666667
     6      C     0.23666512500000   0.98441457142857   0.95536013333333
     7      C     0.99409075000000   0.93707185714286   0.05686520000000
     8      O     0.05117562500000   0.84697864285714   0.18464046666667
     9      C     0.01186625000000   0.02903050000000   0.00215353333333
    10      O     0.22768943750000   0.94528685714286   0.87414493333333
    11      N     0.91002543750000   0.94548378571429   0.09821133333333
    12      C     0.95032312500000   0.03967285714286   0.92234833333333
    13      C     0.86240787500000   0.86188414285714   0.11906526666667
    14      C     0.95631018750000   0.14072657142857   0.87887300000000
    15      O     0.96923968750000   0.96615442857143   0.86088280000000
    16      C     0.78873675000000   0.87607557142857   0.18022280000000
    17      C     0.89423350000000   0.14891964285714   0.79991426666667
    18      O     0.93477062500000   0.20738907142857   0.94585546666667
    19      O     0.91685600000000   0.23070564285714   0.75100600000000
    20      H     0.15157337500000   0.85222185714286   0.03944026666667
    21      H     0.20003406250000   0.91382607142857   0.12854720000000
    22      H     0.06415300000000   0.98616471428571   0.17576573333333
    23      H     0.22384475000000   0.09195200000000   0.09284066666667
    24      O     0.30951600000000   0.99760614285714   0.97409626666667
    25      H     0.99362362500000   0.87379928571429   0.01111000000000
    26      H     0.04594893750000   0.79131121428571   0.14878173333333
    27      H     0.00672181250000   0.09314271428571   0.04632153333333
    28      H     0.17032031250000   0.93923164285714   0.85872080000000
    29      H     0.90803281250000   0.99530992857143   0.14576920000000
    30      H     0.88521731250000   0.02857242857143   0.94757440000000
    31      O     0.88014756250000   0.78573635714286   0.08409700000000
    32      H     0.02161087500000   0.15390250000000   0.85529980000000
    33      H     0.93764443750000   0.97923792857143   0.80853393333333
    34      H     0.74785062500000   0.93377078571429   0.15656020000000
    35      H     0.75064918750000   0.81103092857143   0.18515186666667
    36      H     0.80949631250000   0.89446671428571   0.24788233333333
    37      H     0.89826137500000   0.08460957142857   0.75662433333333
    38      H     0.82890743750000   0.15410835714286   0.82393933333333
    39      H     0.94906543750000   0.26827200000000   0.92284426666667
    40      H     0.87467212500000   0.24013707142857   0.70757646666667

***********************************************************
***********************************************************
               Computational Time (second)                 
***********************************************************
***********************************************************

   Elapsed.Time.         4.434

                               Min_ID   Min_Time       Max_ID   Max_Time
   Total Computational Time =    80        4.432          0        4.434
   readfile                 =    43        1.095          0        1.095
   truncation               =   144        0.243          7        0.285
   MD_pac                   =     0        0.003         64        0.004
   OutData                  =     8        0.000          0        0.001
   HWF                      =     0        0.000          0        0.000
   DFT                      =     7        3.045         95        3.086

*** In DFT ***

   Set_OLP_Kin              =   164        0.042         23        0.220
   Set_Nonlocal             =    23        0.255         87        0.433
   Set_ProExpn_VNA          =    48        0.384          0        0.721
   Set_Hamiltonian          =    64        0.240        180        0.240
   Poisson                  =    67        0.013        166        0.013
   Diagonalization          =     3        0.135        188        0.135
   Mixing_DM                =   160        0.032        116        0.032
   Force                    =    64        0.411        176        0.411
   Total_Energy             =   172        0.328          0        0.330
   Set_Aden_Grid            =     0        0.019         40        0.348
   Set_Orbitals_Grid        =    40        0.000         29        0.225
   Set_Density_Grid         =   186        0.107        115        0.177
   RestartFileDFT           =   179        0.043        127        0.235
   Mulliken_Charge          =   119        0.002        164        0.002
   FFT(2D)_Density          =    20        0.024        120        0.024
   Others                   =    29        0.055        179        0.548
