***********************************************************
***********************************************************

  This calculation was performed by OpenMX Ver. 4.0 GPU
  using 48 MPI processes and 1 OpenMP threads.

  Wed Aug 19 15:45:27 2026

***********************************************************
***********************************************************

#
# File Name      
#

System.CurrrentDirectory         ./    # default=./
System.Name                     simani_fb3
level.of.stdout                   1    # default=1 (1-3)
level.of.fileout                  1    # default=1 (0-2)

#
# Definition of Atomic Species
#

Species.Number       1
<Definition.of.Atomic.Species
 Cr    Cr8.0-s2p1d1       Cr_CA19
Definition.of.Atomic.Species>

<Hubbard.U.values                 #  eV
  Cr   1s 0.0 2s 0.0 1p 0.0 1d 1.0
Hubbard.U.values>

#
# Atoms
#

Atoms.Number         2
Atoms.SpeciesAndCoordinates.Unit   Ang # Ang|AU
<Atoms.SpeciesAndCoordinates           
  1     Cr    0.00000   0.00000   0.00000    6.0  8.0  42.0 79.0 42.0 79.0  1 off  
  2     Cr    2.00000   0.00000   0.00000    8.0  6.0  42.0 79.0 42.0 79.0  1 off
Atoms.SpeciesAndCoordinates>
Atoms.UnitVectors.Unit             Ang # Ang|AU
#<Atoms.UnitVectors                     
#  10.0   0.0   0.0  
#   0.0  10.0   0.0  
#   0.0   0.0  10.0  
#Atoms.UnitVectors>

#
# SCF or Electronic System1
#

scf.XcType                LSDA-CA      # LDA|LSDA-CA|LSDA-PW|GGA-PBE
scf.SpinPolarization        nc         # On|Off|NC
scf.Hubbard.U               on         # On|Off , default=off
scf.Hubbard.Occupation      dual       # onsite|full|dual, default=dual
scf.SpinOrbit.Coupling      on         # On|Off, default=off
scf.Constraint.NC.Spin      on         # On|Off, default=off
scf.Constraint.NC.Spin.v    0.5        # default=0.0 (eV)
scf.ElectronicTemperature  800.0       # default=300 (K)
scf.energycutoff           180.0       # default=150 (Ry)
scf.maxIter                3         # default=40
scf.EigenvalueSolver       cluster     # Recursion|Cluster|Band
scf.eigen.lib             gpusolver
scf.gemmul8.enable        off       # A/B: plain cuBLAS FP64
scf.Kgrid                  1 1 1       # means n1 x n2 x n3
scf.Mixing.Type           rmm-diis     # Simple|Rmm-Diis|Gr-Pulay|Kerker|Rmm-Diisk
scf.Init.Mixing.Weight     0.0010      # default=0.30 
scf.Min.Mixing.Weight      0.0001      # default=0.001 
scf.Max.Mixing.Weight      0.3000      # default=0.40 
scf.Mixing.History         20          # default=5
scf.Mixing.StartPulay       5          # default=6
scf.criterion             1.0e-10      # default=1.0e-6 (Hartree) 

#
# MD or Geometry Optimization
#

MD.Type                     Opt        # site convention: run the force step
MD.maxIter                    1
MD.TimeStep                 1.0        # default=0.5 (fs)
MD.Opt.criterion         1.0e-4        # default=1.0e-4 (Hartree/bohr)
DATA.PATH                       ../../DFT_DATA19


***********************************************************
***********************************************************

  Required cutoff energy (Ryd) for 3D-grids = 180.0000
      Used cutoff energy (Ryd) for 3D-grids = 180.0010, 180.0010, 180.0010
  Num. of grids of a-, b-, and c-axes = 96, 80, 80

  Num.Grid1.    96
  Num.Grid2.    80
  Num.Grid3.    80


  Cell_Volume =   7888.391352601706 (Bohr^3)
  GridVol     =      0.012839178634 (Bohr^3)
  Cell vectors (bohr) of the grid cell (gtv)
    gtv_a =  0.234159840592,  0.000000000000,  0.000000000000
    gtv_b =  0.000000000000,  0.234159840592,  0.000000000000
    gtv_c =  0.000000000000,  0.000000000000,  0.234159840592
    |gtv_a| =  0.234159840592
    |gtv_b| =  0.234159840592
    |gtv_c| =  0.234159840592

***********************************************************
***********************************************************


***********************************************************
***********************************************************
                  SCF history at MD= 1                    
***********************************************************
***********************************************************

   SCF=   1  NormRD=  1.000000000000  Uele= -36.869452199244
   SCF=   2  NormRD=  0.677190436575  Uele= -36.862008930700
   SCF=   3  NormRD=  0.560048828538  Uele= -32.860214083175

*******************************************************
        Total energy (Hartree) at MD = 1        
*******************************************************

  Uele.        -32.860214083175

  Ukin.         81.586910535838
  UH0.        -193.568713009041
  UH1.           0.065774039451
  Una.         -80.875477008629
  Unl.         -11.416904645756
  Uxc0.        -13.023355355256
  Uxc1.         -9.174613415792
  Ucore.        51.859370402000
  Uhub.          0.053665811013
  Ucs.           0.000000001032
  Uzs.           0.000000000000
  Uzo.           0.000000000000
  Uef.           0.000000000000
  UvdW.          0.000000000000
  Uch.           0.000000000000
  Utot.       -174.493342645141

  UpV.           0.000000000000
  Enpy.       -174.493342645141
  Note:

  Utot = Ukin+UH0+UH1+Una+Unl+Uxc0+Uxc1+Ucore+Uhub+Ucs+Uzs+Uzo+Uef+UvdW+Uch

  Uele:   band energy
  Ukin:   kinetic energy
  UH0:    electric part of screened Coulomb energy
  UH1:    difference electron-electron Coulomb energy
  Una:    neutral atom potential energy
  Unl:    non-local potential energy
  Uxc0:   exchange-correlation energy for alpha spin
  Uxc1:   exchange-correlation energy for beta spin
  Ucore:  core-core Coulomb energy
  Uhub:   LDA+U energy
  Ucs:    constraint energy for spin orientation
  Uzs:    Zeeman term for spin magnetic moment
  Uzo:    Zeeman term for orbital magnetic moment
  Uef:    electric energy by electric field
  UvdW:   semi-empirical vdW energy
  Uch:    penalty term to create a core hole

  UpV:    pressure times volume
  Enpy:   Enthalpy = Utot + UpV
  (see also PRB 72, 045121(2005) for the energy contributions)



  Chemical potential (Hartree)      -0.119872862853

*******************************************************
                  DFT+U Type and DC                    
*******************************************************
             scf.DFTU.Type: 1(Simplified)           


***********************************************************
***********************************************************
      Eigenvalues (Hartree) for non-collinear KS-eq.       
***********************************************************
***********************************************************

   Chemical Potential (Hartree) =  -0.11987286285340
   Number of States             =  28.00000000000045
   HOMO = 28
   Eigenvalues

          1  -2.74811498476645
          2  -2.74811498447033
          3  -2.65124109735333
          4  -2.65124109703723
          5  -1.73129579473829
          6  -1.73129579459993
          7  -1.71409565988943
          8  -1.71409565976414
          9  -1.70172591490850
         10  -1.70172591481475
         11  -1.62474766393954
         12  -1.62474766379729
         13  -1.60549637886658
         14  -1.60549637871695
         15  -1.59916945316846
         16  -1.59916945307890
         17  -0.18392685796490
         18  -0.18392685790543
         19  -0.18315322958324
         20  -0.18315322949993
         21  -0.18188871609471
         22  -0.18188871604462
         23  -0.17164662892726
         24  -0.17164662891715
         25  -0.16725599507611
         26  -0.16725599501401
         27  -0.16634866907515
         28  -0.16634866900866
         29  -0.07492378622753
         30  -0.07492378616808
         31  -0.04721445169726
         32  -0.04721445161396
         33  -0.04611785994115
         34  -0.04611785980081
         35  -0.04080843493567
         36  -0.04080843484150
         37  -0.03959281333700
         38  -0.03959281326052
         39  -0.02776853951378
         40  -0.02776853945221

***********************************************************
***********************************************************
              History of geometry optimization             
***********************************************************
***********************************************************

  MD_iter   SD_scaling     |Maximum force|   Maximum step        Utot
                           (Hartree/Bohr)        (Ang)         (Hartree)

    1       1.25981732       0.05830732       0.03887155    -174.49334265

***********************************************************
***********************************************************
                   Mulliken populations                    
***********************************************************
***********************************************************

   Total spin moment (muB)   0.000000001   Angles (Deg) 132.353518691  92.969436952

               Up       Down      Sum      Diff        theta      phi
    1   Cr   8.58827  5.41173  14.00000   3.17654   138.00061  259.00632
    2   Cr   8.58827  5.41173  14.00000   3.17654    41.99939   79.00632

 Sum of MulP: up   =    17.17654 down          =    10.82346
              total=    28.00000 ideal(neutral)=    28.00000


  Decomposed Mulliken populations

    1   Cr          Up spin      Down spin     Sum           Diff           Angles(Deg)
            multiple
  s           0    1.000574825  1.000086428   2.000661253   0.000488397    42.0000   78.9997
   sum over m      1.000574825  1.000086428   2.000661253   0.000488397
  s           1    0.563268652  0.420218589   0.983487241   0.143050063   137.9998  258.9983
   sum over m      0.563268652  0.420218589   0.983487241   0.143050063
   sum over m+mul  1.563843477  1.420305017   2.984148494   0.143538461
  px          0    1.000867221  1.000679237   2.001546458   0.000187983    42.0009   78.9908
  py          0    1.000278046  1.000266788   2.000544834   0.000011258   137.5853  259.1782
  pz          0    1.000278082  1.000266755   2.000544837   0.000011327   138.4309  259.0177
   sum over m      3.001423349  3.001212781   6.002636130   0.000210568
   sum over m+mul  3.001423349  3.001212781   6.002636130   0.000210568
  d3z^2-r^2   0    0.879996809  0.123875047   1.003871856   0.756121762   138.0073  259.0104
  dx^2-y^2    0    0.766617522  0.241946858   1.008564380   0.524670663   137.9915  259.0058
  dxy         0    0.720165559  0.279384545   0.999550104   0.440781014   137.9923  258.9984
  dxz         0    0.720170986  0.279380353   0.999551339   0.440790632   138.0071  258.9956
  dyz         0    0.936731083  0.064946615   1.001677698   0.871784468   138.0013  259.0138
   sum over m      4.023681958  0.989533419   5.013215376   3.034148539
   sum over m+mul  4.023681958  0.989533419   5.013215376   3.034148539

    2   Cr          Up spin      Down spin     Sum           Diff           Angles(Deg)
            multiple
  s           0    1.000574825  1.000086428   2.000661253   0.000488397   138.0000  259.0000
   sum over m      1.000574825  1.000086428   2.000661253   0.000488397
  s           1    0.563268656  0.420218585   0.983487241   0.143050071    42.0002   78.9982
   sum over m      0.563268656  0.420218585   0.983487241   0.143050071
   sum over m+mul  1.563843481  1.420305013   2.984148494   0.143538468
  px          0    1.000867220  1.000679238   2.001546458   0.000187981   137.9997  258.9969
  py          0    1.000278069  1.000266766   2.000544834   0.000011303    42.6656   79.0968
  pz          0    1.000278062  1.000266775   2.000544837   0.000011287    41.3393   78.8411
   sum over m      3.001423351  3.001212779   6.002636130   0.000210571
   sum over m+mul  3.001423351  3.001212779   6.002636130   0.000210571
  d3z^2-r^2   0    0.879996744  0.123875114   1.003871859   0.756121630    41.9927   79.0104
  dx^2-y^2    0    0.766617583  0.241946797   1.008564379   0.524670786    42.0085   79.0058
  dxy         0    0.720165536  0.279384567   0.999550104   0.440780969    42.0077   78.9984
  dxz         0    0.720171005  0.279380332   0.999551338   0.440790673    41.9929   78.9956
  dyz         0    0.936731083  0.064946615   1.001677697   0.871784468    41.9987   79.0138
   sum over m      4.023681951  0.989533426   5.013215376   3.034148525
   sum over m+mul  4.023681951  0.989533426   5.013215376   3.034148525

***********************************************************
***********************************************************
                     Orbital moments                       
***********************************************************
***********************************************************

   Total Orbital Moment (muB)   0.000000000   Angles  (Deg) 67.255737935  266.841487182

          Orbital moment (muB)   theta (Deg)  phi (Deg)
    1   Cr   0.00239            41.68378   83.01968
    2   Cr   0.00239           138.31621  263.01968


  Decomposed Orbital Moments

    1   Cr         Orbital Moment(muB)    Angles (Deg)
            multiple
  s           0    0.000000000           90.0000    0.0000
   sum over m      0.000000000           90.0000    0.0000
  s           1    0.000000000           90.0000    0.0000
   sum over m      0.000000000           90.0000    0.0000
  px          0    0.000007798           41.4722   90.0000
  py          0    0.000006012           13.6419   -0.0000
  pz          0    0.000005355           90.0000   74.6456
   sum over m      0.000015852           42.5077   74.6456
  d3z^2-r^2   0    0.000536455           90.0000   86.3504
  dx^2-y^2    0    0.000577637            2.7645  -65.8953
  dxy         0    0.000640504           25.7369   79.7212
  dxz         0    0.000598627           58.8557   84.4412
  dyz         0    0.000415720           41.8626   80.5550
   sum over m      0.002374110           41.6804   83.0763

    2   Cr         Orbital Moment(muB)    Angles (Deg)
            multiple
  s           0    0.000000000           90.0000    0.0000
   sum over m      0.000000000           90.0000    0.0000
  s           1    0.000000000           90.0000    0.0000
   sum over m      0.000000000           90.0000    0.0000
  px          0    0.000007798          138.5278  -90.0000
  py          0    0.000006012          166.3581  180.0000
  pz          0    0.000005355           90.0000  254.6456
   sum over m      0.000015852          137.4924  254.6456
  d3z^2-r^2   0    0.000536456           90.0000  266.3504
  dx^2-y^2    0    0.000577636          177.2355  114.1047
  dxy         0    0.000640503          154.2631  259.7212
  dxz         0    0.000598628          121.1443  264.4412
  dyz         0    0.000415720          138.1375  260.5550
   sum over m      0.002374110          138.3196  263.0763




***********************************************************
***********************************************************
       Occupation Number in LDA+U and Constraint DFT       
                                                           
    Eigenvalues and eigenvectors for a matrix consisting   
           of occupation numbers on each site              
***********************************************************
***********************************************************


   1   Cr
    Sum of occupancy numbers = 13.999999999770

                         1                                       2                                   
                         0.06451                                 0.06462                             

                          Re(U)     Im(U)     Re(D)     Im(D)     Re(U)     Im(U)     Re(D)     Im(D)

   1  Cr  0 s            -0.00000   0.00000  -0.00000  -0.00000  -0.00000   0.00000   0.00000   0.00000
          1 s             0.00001  -0.00000   0.00001   0.00002   0.00000   0.00000  -0.00001  -0.00000
          0 px           -0.00000   0.00000  -0.00000  -0.00000  -0.00000  -0.00000   0.00000   0.00000
          0 py            0.00000   0.00000  -0.00001   0.00000  -0.00000  -0.00000   0.00001  -0.00000
          0 pz            0.00000  -0.00000   0.00001  -0.00000  -0.00000  -0.00000   0.00001   0.00000
          0 d3z^2-r^2    -0.74378   0.26509   0.04240   0.30061  -0.02311  -0.17121  -0.06452   0.01095
          0 dx^2-y^2     -0.42945   0.15305   0.02446   0.17352  -0.01342  -0.09884  -0.03723   0.00635
          0 dxy           0.00257   0.01182  -0.00029   0.00196  -0.00199   0.00749   0.00879  -0.00131
          0 dxz           0.00435   0.00595   0.00846  -0.00247  -0.00351  -0.01184   0.00112   0.00194
          0 dyz          -0.07146  -0.18451  -0.07967  -0.00287  -0.90026   0.14668  -0.00689   0.34954

                         3                                       4                                   
                         0.26718                                 0.27910                             

                          Re(U)     Im(U)     Re(D)     Im(D)     Re(U)     Im(U)     Re(D)     Im(D)

   1  Cr  0 s            -0.01785   0.00000  -0.00128   0.00673   0.00020   0.00000   0.00017   0.00048
          1 s            -0.33071   0.00010  -0.02390   0.12463   0.00203   0.00091   0.00182   0.00408
          0 px           -0.00875  -0.00000  -0.00062   0.00330   0.00015  -0.00003   0.00012   0.00038
          0 py            0.00000   0.00317   0.00105   0.00020  -0.00198  -0.00587  -0.00227   0.00029
          0 pz            0.00001  -0.00270  -0.00118  -0.00019  -0.00216  -0.00661  -0.00272   0.00035
          0 d3z^2-r^2     0.37863   0.00018   0.02752  -0.14711  -0.01512   0.00396  -0.00376  -0.00456
          0 dx^2-y^2     -0.65764   0.00018  -0.04696   0.24531  -0.00039   0.00307   0.00495   0.01659
          0 dxy          -0.00051   0.32632   0.11313   0.02212  -0.19898  -0.58560  -0.23387   0.03174
          0 dxz           0.00005  -0.28183  -0.11742  -0.01987  -0.21619  -0.66452  -0.26743   0.03316
          0 dyz           0.00650  -0.00024   0.00096  -0.00181  -0.00184   0.00126  -0.00262  -0.01044

                         5                                       6                                   
                         0.28257                                 0.44413                             

                          Re(U)     Im(U)     Re(D)     Im(D)     Re(U)     Im(U)     Re(D)     Im(D)

   1  Cr  0 s            -0.00926   0.00000  -0.00074   0.00349   0.08656   0.00000   0.00634  -0.03262
          1 s            -0.17704  -0.00022  -0.01359   0.06667  -0.85118  -0.00001  -0.06234   0.32074
          0 px           -0.00459   0.00001  -0.00038   0.00173   0.04307  -0.00000   0.00316  -0.01623
          0 py           -0.00005  -0.00619  -0.00251  -0.00046   0.00000  -0.00085   0.00035   0.00007
          0 pz           -0.00007   0.00559   0.00190   0.00044  -0.00007   0.00030   0.00088  -0.00000
          0 d3z^2-r^2     0.19809  -0.00023   0.01489  -0.06554  -0.18555   0.00001  -0.01360   0.06982
          0 dx^2-y^2     -0.33916  -0.00032  -0.02718   0.13292   0.32132  -0.00000   0.02356  -0.12113
          0 dxy          -0.00338  -0.61791  -0.24010  -0.04524  -0.00001   0.00269   0.00353   0.00068
          0 dxz          -0.00601   0.55084   0.19909   0.04300  -0.00025  -0.00407   0.00133  -0.00038
          0 dyz          -0.01262   0.00048  -0.00204   0.00343   0.00007  -0.00000   0.00002  -0.00001

                         7                                       8                                   
                         0.53920                                 0.71591                             

                          Re(U)     Im(U)     Re(D)     Im(D)     Re(U)     Im(U)     Re(D)     Im(D)

   1  Cr  0 s            -0.03903   0.00000   0.01940  -0.09979  -0.00716   0.00000   0.00389  -0.01820
          1 s             0.33727   0.00002  -0.16768   0.86246  -0.06217  -0.00066   0.03359  -0.15828
          0 px           -0.01951  -0.00000   0.00970  -0.04990  -0.00708  -0.00008   0.00383  -0.01803
          0 py            0.00000   0.00035   0.00114   0.00022   0.00027  -0.00899   0.02145   0.00470
          0 pz           -0.00020   0.00105  -0.00051  -0.00002   0.00006   0.00697  -0.01939  -0.00392
          0 d3z^2-r^2     0.05647  -0.00001  -0.02810   0.14447   0.08182  -0.00021  -0.04767   0.22344
          0 dx^2-y^2     -0.09788   0.00002   0.04866  -0.25024  -0.15517  -0.00152   0.08204  -0.38593
          0 dxy           0.00000  -0.00284   0.00429   0.00083   0.00514  -0.23438   0.58164   0.12713
          0 dxz           0.00029   0.00051  -0.00453  -0.00099   0.00021   0.19715  -0.51943  -0.10574
          0 dyz          -0.00004   0.00000   0.00002  -0.00011  -0.00481   0.00089   0.00331  -0.01397

                         9                                      10                                   
                         0.71991                                 0.73013                             

                          Re(U)     Im(U)     Re(D)     Im(D)     Re(U)     Im(U)     Re(D)     Im(D)

   1  Cr  0 s            -0.00115   0.00000   0.00011   0.00043   0.01274   0.00000  -0.00612   0.03265
          1 s            -0.00344  -0.00035   0.00126   0.00126   0.09784  -0.00035  -0.04715   0.25058
          0 px           -0.00040  -0.00004   0.00015   0.00015   0.01211  -0.00005  -0.00584   0.03102
          0 py           -0.00169  -0.00812   0.02318  -0.00007   0.00000  -0.00534   0.01334   0.00249
          0 pz           -0.00203  -0.01025   0.02582  -0.00028   0.00002   0.00449  -0.01187  -0.00225
          0 d3z^2-r^2     0.00348   0.00214  -0.00139  -0.01748  -0.14805  -0.00003   0.06951  -0.37060
          0 dx^2-y^2     -0.01657   0.00049   0.00295  -0.00318   0.24881  -0.00077  -0.12082   0.64237
          0 dxy          -0.04579  -0.23457   0.61689  -0.00133  -0.00122  -0.12835   0.36079   0.06715
          0 dxz          -0.05415  -0.26099   0.69939  -0.00810  -0.00261   0.13505  -0.31064  -0.05841
          0 dyz           0.00775  -0.00067   0.00037  -0.00064  -0.00286   0.00052   0.00177  -0.00835

                        11                                      12                                   
                         0.93701                                 0.93717                             

                          Re(U)     Im(U)     Re(D)     Im(D)     Re(U)     Im(U)     Re(D)     Im(D)

   1  Cr  0 s             0.00001   0.00000  -0.00001  -0.00000  -0.00001   0.00000  -0.00001  -0.00000
          1 s            -0.00001   0.00000   0.00000   0.00000   0.00001   0.00000   0.00000  -0.00000
          0 px           -0.00000   0.00000  -0.00000   0.00000  -0.00000   0.00000  -0.00000  -0.00000
          0 py            0.00040  -0.00027  -0.00064   0.00057   0.00051   0.00043   0.00029   0.00074
          0 pz            0.00030   0.00057  -0.00061  -0.00040   0.00037  -0.00036   0.00076  -0.00052
          0 d3z^2-r^2    -0.21779   0.11660  -0.21372  -0.61034   0.17658   0.06497  -0.27736   0.39765
          0 dx^2-y^2     -0.12572   0.06733  -0.12342  -0.35238   0.10193   0.03752  -0.16017   0.22957
          0 dxy           0.00575  -0.00380  -0.00927   0.00834   0.00731   0.00608   0.00418   0.01069
          0 dxz           0.00428   0.00812  -0.00886  -0.00579   0.00518  -0.00523   0.01095  -0.00740
          0 dyz           0.09605   0.19093  -0.52899   0.18745  -0.10593   0.26771  -0.61314  -0.42439

                        13                                      14                                   
                         1.00002                                 1.00002                             

                          Re(U)     Im(U)     Re(D)     Im(D)     Re(U)     Im(U)     Re(D)     Im(D)

   1  Cr  0 s            -0.48565   0.00000  -0.03561   0.18300   0.19270   0.00000  -0.09587   0.49275
          1 s            -0.00678   0.00000  -0.00050   0.00255   0.00559   0.00000  -0.00278   0.01429
          0 px            0.79726   0.00000   0.05845  -0.30042  -0.30210   0.00000   0.15030  -0.77248
          0 py           -0.00000  -0.00179   0.00055   0.00011   0.00000  -0.00032  -0.00052  -0.00010
          0 pz           -0.00012   0.00076   0.00168   0.00001   0.00013  -0.00062   0.00013  -0.00003
          0 d3z^2-r^2    -0.00260   0.00000  -0.00019   0.00098  -0.00114   0.00000   0.00057  -0.00293
          0 dx^2-y^2      0.00450   0.00000   0.00033  -0.00170   0.00199   0.00000  -0.00099   0.00507
          0 dxy           0.00000   0.00008  -0.00016  -0.00003   0.00000   0.00011  -0.00003  -0.00001
          0 dxz           0.00002   0.00006  -0.00020   0.00001  -0.00002   0.00007   0.00009   0.00003
          0 dyz          -0.00000  -0.00000   0.00000   0.00000  -0.00000  -0.00000   0.00000  -0.00000

                        15                                      16                                   
                         1.00034                                 1.00034                             

                          Re(U)     Im(U)     Re(D)     Im(D)     Re(U)     Im(U)     Re(D)     Im(D)

   1  Cr  0 s             0.00154   0.00000   0.00221   0.00249  -0.00489   0.00000   0.00101   0.00178
          1 s             0.00054  -0.00015   0.00087   0.00108  -0.00128  -0.00007   0.00046   0.00045
          0 px            0.00089  -0.00062   0.00168   0.00232  -0.00094  -0.00031   0.00102   0.00028
          0 py           -0.23831  -0.57505  -0.23367   0.04718  -0.07508   0.69163   0.25570   0.07878
          0 pz           -0.52208  -0.45976  -0.21207   0.16325  -0.21225  -0.58520  -0.23538   0.03721
          0 d3z^2-r^2     0.00026  -0.00005   0.00001   0.00027  -0.00046  -0.00000   0.00007  -0.00038
          0 dx^2-y^2     -0.00014   0.00007  -0.00048  -0.00046   0.00034   0.00005  -0.00022  -0.00043
          0 dxy           0.00255   0.00588   0.00194  -0.00005   0.00082  -0.00672  -0.00304  -0.00063
          0 dxz           0.00513   0.00441   0.00260  -0.00181   0.00211   0.00606   0.00178  -0.00045
          0 dyz          -0.00016   0.00019  -0.00030  -0.00050  -0.00012   0.00003  -0.00006   0.00013

                        17                                      18                                   
                         1.00067                                 1.00067                             

                          Re(U)     Im(U)     Re(D)     Im(D)     Re(U)     Im(U)     Re(D)     Im(D)

   1  Cr  0 s             0.00339   0.00000  -0.00204  -0.00086  -0.00364   0.00000  -0.00277   0.00063
          1 s             0.00093   0.00013  -0.00089  -0.00016  -0.00095   0.00016  -0.00112   0.00004
          0 px            0.00090   0.00044  -0.00166   0.00004  -0.00083   0.00053  -0.00193  -0.00026
          0 py           -0.23025  -0.10087   0.37103  -0.53963  -0.21453   0.13798  -0.24459  -0.61778
          0 pz            0.07431  -0.24384   0.58774   0.31003   0.15982   0.19423  -0.57655   0.31045
          0 d3z^2-r^2    -0.00005  -0.00007  -0.00033  -0.00032   0.00003  -0.00008  -0.00038   0.00023
          0 dx^2-y^2     -0.00033  -0.00012   0.00019  -0.00016   0.00032  -0.00014   0.00025   0.00016
          0 dxy           0.00860   0.00372  -0.01384   0.02011   0.00799  -0.00508   0.00909   0.02293
          0 dxz          -0.00273   0.00911  -0.02190  -0.01157  -0.00589  -0.00723   0.02140  -0.01155
          0 dyz          -0.00015   0.00019  -0.00031   0.00019   0.00011   0.00020  -0.00033  -0.00020

                        19                                      20                                   
                         1.00790                                 1.00860                             

                          Re(U)     Im(U)     Re(D)     Im(D)     Re(U)     Im(U)     Re(D)     Im(D)

   1  Cr  0 s             0.79232   0.00000   0.05806  -0.29855  -0.29926   0.00000   0.14881  -0.76526
          1 s             0.07929  -0.00000   0.00581  -0.02988  -0.03473  -0.00000   0.01727  -0.08880
          0 px            0.48372  -0.00000   0.03544  -0.18227  -0.19128  -0.00000   0.09512  -0.48915
          0 py           -0.00000   0.00479  -0.00176  -0.00034   0.00000  -0.00197  -0.00415  -0.00081
          0 pz            0.00035  -0.00184  -0.00475  -0.00000   0.00089  -0.00443   0.00140  -0.00008
          0 d3z^2-r^2     0.02953  -0.00000   0.00216  -0.01112  -0.01637  -0.00000   0.00814  -0.04185
          0 dx^2-y^2     -0.05114   0.00000  -0.00375   0.01927   0.02835   0.00000  -0.01410   0.07249
          0 dxy           0.00000  -0.00056   0.00025   0.00005  -0.00000   0.00016   0.00076   0.00015
          0 dxz          -0.00005   0.00018   0.00060  -0.00000  -0.00011   0.00064  -0.00039  -0.00003
          0 dyz           0.00000   0.00000  -0.00000  -0.00000   0.00000   0.00000   0.00000   0.00000

   2   Cr
    Sum of occupancy numbers = 14.000000000230

                         1                                       2                                   
                         0.06451                                 0.06462                             

                          Re(U)     Im(U)     Re(D)     Im(D)     Re(U)     Im(U)     Re(D)     Im(D)

   2  Cr  0 s            -0.00000   0.00000   0.00000   0.00000  -0.00000   0.00000  -0.00000  -0.00000
          1 s             0.00003  -0.00000  -0.00000  -0.00001   0.00001   0.00001   0.00001   0.00000
          0 px            0.00000  -0.00000  -0.00000  -0.00000   0.00000   0.00000   0.00000   0.00000
          0 py           -0.00000   0.00001   0.00000  -0.00000   0.00000   0.00001   0.00000   0.00000
          0 pz           -0.00000  -0.00001  -0.00000   0.00000   0.00001   0.00000   0.00000  -0.00000
          0 d3z^2-r^2     0.29290  -0.07986   0.05045   0.78800   0.02784   0.05922  -0.15376   0.07876
          0 dx^2-y^2      0.16906  -0.04611   0.02915   0.45498   0.01604   0.03420  -0.08881   0.04541
          0 dxy           0.00169  -0.00104  -0.01188   0.00232  -0.00394  -0.00796   0.00502  -0.00591
          0 dxz           0.00108   0.00875  -0.00718  -0.00164  -0.00223   0.00019  -0.01172   0.00388
          0 dyz          -0.03412  -0.07205   0.19774  -0.00728  -0.28305   0.20520  -0.39351  -0.82288

                         3                                       4                                   
                         0.26718                                 0.27910                             

                          Re(U)     Im(U)     Re(D)     Im(D)     Re(U)     Im(U)     Re(D)     Im(D)

   2  Cr  0 s             0.00685   0.00000  -0.00333   0.01754  -0.00051   0.00000   0.00007   0.00019
          1 s             0.12690  -0.00025  -0.06173   0.32489  -0.00445  -0.00036   0.00154   0.00161
          0 px           -0.00335  -0.00001   0.00163  -0.00859   0.00040  -0.00001  -0.00003  -0.00015
          0 py           -0.00000  -0.00107   0.00311   0.00059  -0.00048  -0.00224   0.00620  -0.00009
          0 pz           -0.00004   0.00120  -0.00266  -0.00049  -0.00057  -0.00268   0.00695  -0.00016
          0 d3z^2-r^2    -0.14966  -0.00039   0.07039  -0.37203   0.00555   0.00203  -0.00130  -0.01558
          0 dx^2-y^2      0.24977  -0.00042  -0.12275   0.64608  -0.01729   0.00086   0.00276  -0.00139
          0 dxy           0.00065   0.11527  -0.32069  -0.06032   0.04800   0.23108  -0.61844   0.00752
          0 dxz           0.00236  -0.11906   0.27690   0.05248   0.05784   0.26319  -0.69858   0.01759
          0 dyz          -0.00195   0.00061   0.00145  -0.00634   0.01072  -0.00101   0.00058  -0.00216

                         5                                       6                                   
                         0.28257                                 0.44413                             

                          Re(U)     Im(U)     Re(D)     Im(D)     Re(U)     Im(U)     Re(D)     Im(D)

   2  Cr  0 s            -0.00356   0.00000   0.00192  -0.00906   0.03323   0.00000  -0.01652   0.08497
          1 s            -0.06804  -0.00056   0.03657  -0.17322  -0.32674  -0.00001   0.16244  -0.83554
          0 px            0.00177  -0.00002  -0.00096   0.00449  -0.01653   0.00000   0.00822  -0.04228
          0 py            0.00007  -0.00255   0.00605   0.00133  -0.00000   0.00036   0.00083   0.00016
          0 pz            0.00004   0.00195  -0.00548  -0.00109  -0.00017   0.00086  -0.00030   0.00001
          0 d3z^2-r^2     0.06720  -0.00095  -0.04138   0.19372  -0.07114   0.00002   0.03542  -0.18214
          0 dx^2-y^2     -0.13566  -0.00103   0.07015  -0.33183   0.12340  -0.00001  -0.06133   0.31542
          0 dxy          -0.00563   0.24426  -0.60372  -0.13169   0.00000  -0.00360   0.00264   0.00051
          0 dxz          -0.00070  -0.20368   0.54006   0.10857   0.00063  -0.00124  -0.00395  -0.00102
          0 dyz          -0.00378   0.00129   0.00309  -0.01225   0.00001  -0.00001  -0.00002   0.00006

                         7                                       8                                   
                         0.53920                                 0.71591                             

                          Re(U)     Im(U)     Re(D)     Im(D)     Re(U)     Im(U)     Re(D)     Im(D)

   2  Cr  0 s             0.10166   0.00000   0.00745  -0.03831   0.01861   0.00000   0.00150  -0.00701
          1 s            -0.87861  -0.00001  -0.06435   0.33107   0.16180   0.00025   0.01235  -0.06093
          0 px           -0.05083  -0.00000  -0.00372   0.01916  -0.01843  -0.00003  -0.00141   0.00694
          0 py           -0.00000   0.00116  -0.00034  -0.00007   0.00012   0.02196   0.00885   0.00161
          0 pz            0.00008  -0.00050  -0.00107  -0.00001   0.00023  -0.01978  -0.00680  -0.00152
          0 d3z^2-r^2    -0.14718   0.00000  -0.01079   0.05543  -0.22847  -0.00011  -0.01731   0.07997
          0 dx^2-y^2      0.25492  -0.00001   0.01870  -0.09608   0.39456   0.00047   0.03096  -0.15206
          0 dxy           0.00000  -0.00437  -0.00279  -0.00054  -0.00270  -0.59536  -0.23027  -0.04399
          0 dxz           0.00011   0.00463   0.00045   0.00038  -0.00521   0.53006   0.19275   0.04143
          0 dyz           0.00011  -0.00000   0.00001  -0.00004   0.01435  -0.00032   0.00188  -0.00451

                         9                                      10                                   
                         0.71991                                 0.73013                             

                          Re(U)     Im(U)     Re(D)     Im(D)     Re(U)     Im(U)     Re(D)     Im(D)

   2  Cr  0 s            -0.00044   0.00000  -0.00028  -0.00111  -0.03322   0.00000  -0.00235   0.01252
          1 s            -0.00153  -0.00091  -0.00119  -0.00325  -0.25498   0.00013  -0.01838   0.09610
          0 px            0.00018   0.00011   0.00014   0.00037   0.03156  -0.00002   0.00228  -0.01190
          0 py            0.00565   0.02248   0.00829  -0.00037  -0.00001   0.01357   0.00524   0.00098
          0 pz            0.00609   0.02509   0.01043  -0.00057  -0.00002  -0.01208  -0.00440  -0.00085
          0 d3z^2-r^2     0.01728  -0.00297   0.00294   0.00284   0.37707   0.00002   0.02727  -0.14552
          0 dx^2-y^2      0.00235  -0.00364  -0.00361  -0.01618  -0.65363   0.00030  -0.04664   0.24440
          0 dxy          -0.15090  -0.59815  -0.23861   0.01349   0.00053  -0.36699  -0.12592  -0.02486
          0 dxz          -0.16469  -0.67977  -0.26628   0.01191   0.00013   0.31608   0.13321   0.02234
          0 dyz           0.00053  -0.00051   0.00126   0.00767   0.00853  -0.00020   0.00104  -0.00272

                        11                                      12                                   
                         0.93701                                 0.93717                             

                          Re(U)     Im(U)     Re(D)     Im(D)     Re(U)     Im(U)     Re(D)     Im(D)

   2  Cr  0 s             0.00001   0.00000   0.00001   0.00000   0.00001   0.00000  -0.00001  -0.00000
          1 s            -0.00000   0.00000  -0.00001  -0.00000  -0.00000  -0.00000   0.00001  -0.00000
          0 px           -0.00000  -0.00000  -0.00000   0.00000  -0.00000   0.00000  -0.00000   0.00000
          0 py           -0.00046  -0.00073  -0.00031  -0.00037   0.00042  -0.00068  -0.00058   0.00034
          0 pz           -0.00070   0.00022  -0.00045   0.00046   0.00066   0.00064  -0.00030  -0.00042
          0 d3z^2-r^2     0.37598  -0.52614  -0.17646  -0.17290   0.20474   0.43947   0.18513  -0.03360
          0 dx^2-y^2      0.21710  -0.30376  -0.10185  -0.09982   0.11825   0.25372   0.10687  -0.01941
          0 dxy           0.00656   0.01060   0.00446   0.00526  -0.00596   0.00981   0.00824  -0.00473
          0 dxz           0.01012  -0.00308   0.00638  -0.00660  -0.00952  -0.00917   0.00420   0.00604
          0 dyz           0.45539   0.32800   0.14565  -0.15642   0.67706  -0.31247  -0.05825  -0.28195

                        13                                      14                                   
                         1.00002                                 1.00002                             

                          Re(U)     Im(U)     Re(D)     Im(D)     Re(U)     Im(U)     Re(D)     Im(D)

   2  Cr  0 s             0.18643   0.00000  -0.09276   0.47671   0.50199   0.00000   0.03680  -0.18916
          1 s             0.00260  -0.00000  -0.00129   0.00665   0.01455   0.00000   0.00107  -0.00548
          0 px            0.30605   0.00000  -0.15227   0.78259   0.78697  -0.00000   0.05770  -0.29654
          0 py           -0.00000  -0.00056  -0.00176  -0.00034   0.00000   0.00053  -0.00032  -0.00006
          0 pz            0.00031  -0.00166   0.00077   0.00003   0.00005  -0.00012  -0.00063   0.00001
          0 d3z^2-r^2     0.00099  -0.00000  -0.00050   0.00255  -0.00299   0.00000  -0.00022   0.00112
          0 dx^2-y^2     -0.00173  -0.00000   0.00086  -0.00441   0.00517   0.00000   0.00038  -0.00195
          0 dxy          -0.00000  -0.00017  -0.00008  -0.00002   0.00000  -0.00003  -0.00010  -0.00002
          0 dxz           0.00005  -0.00019  -0.00005  -0.00003   0.00001   0.00009  -0.00007   0.00001
          0 dyz           0.00000   0.00000  -0.00000   0.00000  -0.00000  -0.00000   0.00000   0.00000

                        15                                      16                                   
                         1.00034                                 1.00034                             

                          Re(U)     Im(U)     Re(D)     Im(D)     Re(U)     Im(U)     Re(D)     Im(D)

   2  Cr  0 s            -0.00332   0.00000   0.00102   0.00115   0.00205   0.00000   0.00241   0.00425
          1 s            -0.00139   0.00007   0.00025   0.00050   0.00062   0.00018   0.00070   0.00108
          0 px            0.00285  -0.00029  -0.00012  -0.00108  -0.00074  -0.00075  -0.00074  -0.00066
          0 py           -0.11987  -0.20605   0.58822  -0.20362  -0.19474  -0.18349   0.56444  -0.40670
          0 pz           -0.01874  -0.26697   0.69045   0.08512   0.08383   0.22307  -0.61370   0.10427
          0 d3z^2-r^2    -0.00021   0.00018   0.00013   0.00023  -0.00029   0.00025   0.00023   0.00040
          0 dx^2-y^2      0.00066   0.00005  -0.00004  -0.00015  -0.00048   0.00002  -0.00021  -0.00028
          0 dxy          -0.00125  -0.00148   0.00609  -0.00199  -0.00205  -0.00234   0.00544  -0.00404
          0 dxz          -0.00037  -0.00315   0.00670   0.00090   0.00048   0.00177  -0.00631   0.00116
          0 dyz           0.00057  -0.00011   0.00004  -0.00025   0.00008  -0.00011   0.00003   0.00012

                        17                                      18                                   
                         1.00067                                 1.00067                             

                          Re(U)     Im(U)     Re(D)     Im(D)     Re(U)     Im(U)     Re(D)     Im(D)

   2  Cr  0 s             0.00221   0.00000   0.00313   0.00132  -0.00284   0.00000   0.00355  -0.00081
          1 s             0.00088   0.00020   0.00090   0.00024  -0.00110   0.00021   0.00096  -0.00005
          0 px           -0.00151  -0.00068  -0.00100   0.00006   0.00183  -0.00068  -0.00093  -0.00034
          0 py            0.13107   0.64163   0.25135  -0.00304   0.10190  -0.65658  -0.23974  -0.08712
          0 pz            0.66212  -0.05613   0.02672  -0.25351   0.63093   0.17525   0.11290  -0.22477
          0 d3z^2-r^2     0.00043  -0.00017  -0.00007   0.00005  -0.00042  -0.00014  -0.00005  -0.00007
          0 dx^2-y^2     -0.00012  -0.00022  -0.00035  -0.00002   0.00021  -0.00021  -0.00034  -0.00007
          0 dxy           0.00490   0.02392   0.00937  -0.00007   0.00380  -0.02438  -0.00892  -0.00319
          0 dxz           0.02468  -0.00211   0.00104  -0.00946   0.02342   0.00653   0.00415  -0.00835
          0 dyz           0.00021   0.00030  -0.00006  -0.00023  -0.00027   0.00027  -0.00007   0.00022

                        19                                      20                                   
                         1.00790                                 1.00860                             

                          Re(U)     Im(U)     Re(D)     Im(D)     Re(U)     Im(U)     Re(D)     Im(D)

   2  Cr  0 s             0.30415   0.00000  -0.15124   0.77775   0.77959   0.00000   0.05712  -0.29376
          1 s             0.03044  -0.00000  -0.01514   0.07784   0.09046   0.00000   0.00663  -0.03409
          0 px           -0.18568   0.00000   0.09233  -0.47482  -0.49831  -0.00000  -0.03651   0.18777
          0 py           -0.00000  -0.00179  -0.00470  -0.00091   0.00000  -0.00422   0.00193   0.00037
          0 pz            0.00090  -0.00466   0.00187   0.00001  -0.00034   0.00136   0.00452  -0.00003
          0 d3z^2-r^2     0.01133  -0.00000  -0.00564   0.02899   0.04263   0.00000   0.00312  -0.01607
          0 dx^2-y^2     -0.01964   0.00000   0.00976  -0.05020  -0.07385  -0.00000  -0.00541   0.02782
          0 dxy           0.00000  -0.00026  -0.00055  -0.00011   0.00000  -0.00078   0.00015   0.00003
          0 dxz           0.00012  -0.00059   0.00019  -0.00001  -0.00004   0.00039   0.00065   0.00001
          0 dyz           0.00000   0.00000   0.00000   0.00000  -0.00000  -0.00000   0.00000   0.00000

***********************************************************
***********************************************************
                    Dipole moment (Debye)                  
***********************************************************
***********************************************************

 Absolute D        0.00005613

                      Dx                Dy                Dz
 Total             -0.00005613        0.00000000        0.00000000
 Core             134.48979036        0.00000000        0.00000000
 Electron        -134.48984649        0.00000000        0.00000000
 Back ground       -0.00000000        0.00000000        0.00000000

***********************************************************
***********************************************************
       xyz-coordinates (Ang) and forces (Hartree/Bohr)  
***********************************************************
***********************************************************

<coordinates.forces
  2
    1    Cr     0.00000   0.00000   0.00000   0.058305985460  0.000002838708 -0.000015978526
    2    Cr     2.00000   0.00000   0.00000  -0.058307315108 -0.000002215102 -0.000021696072
coordinates.forces>

***********************************************************
***********************************************************
       Fractional coordinates of the final structure       
***********************************************************
***********************************************************

     1     Cr     0.00000000000000   0.00000000000000   0.00000000000000
     2     Cr     0.16812998902486   0.00000000000000   0.00000000000000

***********************************************************
***********************************************************
               Computational Time (second)                 
***********************************************************
***********************************************************

   Elapsed.Time.        13.712

                               Min_ID   Min_Time       Max_ID   Max_Time
   Total Computational Time =    43       13.391          0       13.712
   readfile                 =     7        3.346          3        3.354
   truncation               =    25        6.436          1        6.445
   MD_pac                   =     0        0.004          3        0.006
   OutData                  =    22        2.608          0        2.922
   HWF                      =     0        0.000          0        0.000
   DFT                      =     1        0.974          7        0.983

*** In DFT ***

   Set_OLP_Kin              =    26        0.133         14        0.135
   Set_Nonlocal             =    14        0.006         26        0.008
   Set_ProExpn_VNA          =    21        0.017          0        0.019
   Set_Hamiltonian          =    40        0.121          0        0.121
   Poisson                  =    30        0.016          0        0.016
   Diagonalization          =    32        0.097         19        0.097
   Mixing_DM                =     5        0.001          0        0.001
   Force                    =     0        0.107          1        0.107
   Total_Energy             =     0        0.016         46        0.016
   Set_Aden_Grid            =    45        0.017         47        0.024
   Set_Orbitals_Grid        =     2        0.000          1        0.007
   Set_Density_Grid         =     2        0.053          0        0.056
   RestartFileDFT           =    20        0.050         29        0.101
   Mulliken_Charge          =     4        0.002         40        0.002
   FFT(2D)_Density          =     0        0.000          0        0.000
   Others                   =     0        0.278         20        0.337
