***********************************************************
***********************************************************

  This calculation was performed by OpenMX Ver. 4.0
  using 1 MPI processes and 1 OpenMP threads.

  Sat Apr  4 23:36:09 2026

***********************************************************
***********************************************************

#
#      File Name
#

System.CurrrentDirectory         ./    # default=./
System.Name                      Glycine
level.of.stdout                   1    # default=1 (1-3)
level.of.fileout                  1    # default=1 (0-2)

#
# Definition of Atomic Species
#

Species.Number       4
<Definition.of.Atomic.Species
 H    H5.0-s1     H_PBE19
 C    C5.0-s1p1   C_PBE19
 N    N5.0-s1p1   N_PBE19
 O    O5.0-s1p1   O_PBE19
Definition.of.Atomic.Species>

#
# Atoms
#

Atoms.Number        10
Atoms.SpeciesAndCoordinates.Unit   Ang # Ang|AU
<Atoms.SpeciesAndCoordinates           
  1  C  -0.555017   -0.051675    0.354086   2.0  2.0
  2  C   0.815000   -0.465853   -0.137825   2.0  2.0
  3  O   0.868601   -1.679578   -0.731357   3.0  3.0
  4  N  -0.896974    1.284812   -0.176738   2.5  2.5
  5  H  -1.335795   -0.760116    0.008336   0.5  0.5
  6  H  -0.547565   -0.109411    1.464499   0.5  0.5
  7  O   1.870955    0.133646   -0.045947   3.0  3.0
  8  H   1.758633   -1.867358   -1.013112   0.5  0.5
  9  H  -1.778440    1.565012    0.196758   0.5  0.5
 10  H  -0.199398    1.950523    0.081299   0.5  0.5
Atoms.SpeciesAndCoordinates>
Atoms.UnitVectors.Unit             Ang #  Ang|AU
#<Atoms.UnitVectors                     
#  10.0   0.0   0.0
#   0.0  10.0   0.0
#   0.0   0.0  10.0
#Atoms.UnitVectors>

#
# SCF or Electronic System
#

scf.XcType                 GGA-PBE     # LDA|LSDA-CA|LSDA-PW|GGA-PBE
scf.SpinPolarization       off         # On|Off|NC
scf.ElectronicTemperature  200.0       # default=300 (K)
scf.energycutoff           170         # default=150 (Ry)
scf.maxIter                40          # default=40
scf.EigenvalueSolver       cluster     # DC|GDC|Cluster|Band
scf.Kgrid                  1 1 1       # means 4x4x4
scf.Mixing.Type           rmm-diisk    # Simple|Rmm-Diis|Gr-Pulay|Kerker|Rmm-Diisk
scf.Init.Mixing.Weight     0.10        # default=0.30 
scf.Min.Mixing.Weight      0.001       # default=0.001 
scf.Max.Mixing.Weight      0.200       # default=0.40 
scf.Mixing.History          10         # default=5
scf.Mixing.StartPulay       5          # default=6
scf.criterion             1.0e-10      # default=1.0e-6 (Hartree) 

#
# MD or Geometry Optimization
#

MD.Type                     nomd       # Nomd|Opt|NVE|NVT_VS|NVT_NH
                                       # Constraint_Opt|DIIS2|Constraint_DIIS2
MD.maxIter                   1         # default=1
MD.TimeStep                1.0         # default=0.5 (fs)
MD.Opt.criterion          1.0e-14      # default=1.0e-4 (Hartree/bohr)
MD.Opt.DIIS_Mixing          0.1        # default=0.5


***********************************************************
***********************************************************

  Required cutoff energy (Ryd) for 3D-grids = 170.0000
      Used cutoff energy (Ryd) for 3D-grids = 170.0010, 170.0010, 170.0010
  Num. of grids of a-, b-, and c-axes = 80, 80, 70

  Num.Grid1.    80
  Num.Grid2.    80
  Num.Grid3.    70


  Cell_Volume =   6266.866136064819 (Bohr^3)
  GridVol     =      0.013988540482 (Bohr^3)
  Cell vectors (bohr) of the grid cell (gtv)
    gtv_a =  0.240948448781,  0.000000000000,  0.000000000000
    gtv_b =  0.000000000000,  0.240948448781,  0.000000000000
    gtv_c =  0.000000000000,  0.000000000000,  0.240948448781
    |gtv_a| =  0.240948448781
    |gtv_b| =  0.240948448781
    |gtv_c| =  0.240948448781

***********************************************************
***********************************************************


***********************************************************
***********************************************************
                  SCF history at MD= 1                    
***********************************************************
***********************************************************

   SCF=   1  NormRD=  1.000000000000  Uele= -16.248989074259
   SCF=   2  NormRD=  3.076408974638  Uele= -16.248989074259
   SCF=   3  NormRD=  3.025757959381  Uele= -16.236707839031
   SCF=   4  NormRD=  1.972981186046  Uele= -16.020355678194
   SCF=   5  NormRD=  1.361568876250  Uele= -15.999325123118
   SCF=   6  NormRD=  0.194032828727  Uele= -16.659799534262
   SCF=   7  NormRD=  0.094807820800  Uele= -16.630187436755
   SCF=   8  NormRD=  0.028272402717  Uele= -16.607132540600
   SCF=   9  NormRD=  0.015674966518  Uele= -16.595236406779
   SCF=  10  NormRD=  0.001670078938  Uele= -16.593240563224
   SCF=  11  NormRD=  0.000642994457  Uele= -16.592493727096
   SCF=  12  NormRD=  0.000098709392  Uele= -16.592678883103
   SCF=  13  NormRD=  0.000020568838  Uele= -16.592666411446
   SCF=  14  NormRD=  0.000002892192  Uele= -16.592675644939
   SCF=  15  NormRD=  0.000000426228  Uele= -16.592673115979
   SCF=  16  NormRD=  0.000000081758  Uele= -16.592673268593
   SCF=  17  NormRD=  0.000000007154  Uele= -16.592673284375
   SCF=  18  NormRD=  0.000000001004  Uele= -16.592673281165
   SCF=  19  NormRD=  0.000000000175  Uele= -16.592673281518
   SCF=  20  NormRD=  0.000000000015  Uele= -16.592673281462

*******************************************************
        Total energy (Hartree) at MD = 1        
*******************************************************

  Uele.        -16.592673281462

  Ukin.         40.401553344520
  UH0.        -144.142599850953
  UH1.           0.336294152990
  Una.         -43.586120737262
  Unl.           6.167545195960
  Uxc0.         -7.920048462474
  Uxc1.         -7.920048462474
  Ucore.        99.950365047936
  Uhub.          0.000000000000
  Ucs.           0.000000000000
  Uzs.           0.000000000000
  Uzo.           0.000000000000
  Uef.           0.000000000000
  UvdW.          0.000000000000
  Uch.           0.000000000000
  Utot.        -56.713059771758

  UpV.           0.000000000000
  Enpy.        -56.713059771758
  Note:

  Utot = Ukin+UH0+UH1+Una+Unl+Uxc0+Uxc1+Ucore+Uhub+Ucs+Uzs+Uzo+Uef+UvdW+Uch

  Uele:   band energy
  Ukin:   kinetic energy
  UH0:    electric part of screened Coulomb energy
  UH1:    difference electron-electron Coulomb energy
  Una:    neutral atom potential energy
  Unl:    non-local potential energy
  Uxc0:   exchange-correlation energy for alpha spin
  Uxc1:   exchange-correlation energy for beta spin
  Ucore:  core-core Coulomb energy
  Uhub:   LDA+U energy
  Ucs:    constraint energy for spin orientation
  Uzs:    Zeeman term for spin magnetic moment
  Uzo:    Zeeman term for orbital magnetic moment
  Uef:    electric energy by electric field
  UvdW:   semi-empirical vdW energy
  Uch:    penalty term to create a core hole

  UpV:    pressure times volume
  Enpy:   Enthalpy = Utot + UpV
  (see also PRB 72, 045121(2005) for the energy contributions)



  Chemical potential (Hartree)      -0.157767776982

***********************************************************
***********************************************************
            Eigenvalues (Hartree) for SCF KS-eq.           
***********************************************************
***********************************************************

   Chemical Potential (Hartree) =  -0.15776777698193
   Number of States             =  30.00000000000000
   HOMO = 15
   Eigenvalues
                Up-spin            Down-spin
          1  -1.11189257731660  -1.11189257731660
          2  -1.00768584774736  -1.00768584774736
          3  -0.88207632252778  -0.88207632252778
          4  -0.73347768373317  -0.73347768373317
          5  -0.61703511000387  -0.61703511000387
          6  -0.53893695782593  -0.53893695782593
          7  -0.49564233246073  -0.49564233246073
          8  -0.46565025989052  -0.46565025989052
          9  -0.44381583254266  -0.44381583254266
         10  -0.43069501926773  -0.43069501926773
         11  -0.41381024567955  -0.41381024567955
         12  -0.35907125619524  -0.35907125619524
         13  -0.31414351309452  -0.31414351309452
         14  -0.27025943452850  -0.27025943452850
         15  -0.21214424792298  -0.21214424792298
         16  -0.10339130697342  -0.10339130697342
         17   0.08903087887850   0.08903087887850
         18   0.12559493405531   0.12559493405531
         19   0.15764096746873   0.15764096746873
         20   0.17421324091707   0.17421324091707
         21   0.19999627778011   0.19999627778011
         22   0.23228705569661   0.23228705569661
         23   0.24456464552651   0.24456464552651
         24   0.27257715840944   0.27257715840944
         25   0.42086973530983   0.42086973530983

***********************************************************
***********************************************************
                   Mulliken populations                    
***********************************************************
***********************************************************

  Total spin moment (muB)   0.000000000

                    Up spin      Down spin     Sum           Diff
      1    C      2.239445083  2.239445083   4.478890166   0.000000000
      2    C      1.826559856  1.826559856   3.653119712   0.000000000
      3    O      3.244330865  3.244330865   6.488661730   0.000000000
      4    N      2.813186520  2.813186520   5.626373040   0.000000000
      5    H      0.355309723  0.355309723   0.710619447   0.000000000
      6    H      0.372000157  0.372000157   0.744000313   0.000000000
      7    O      3.188604304  3.188604304   6.377208608   0.000000000
      8    H      0.274533519  0.274533519   0.549067038   0.000000000
      9    H      0.343884127  0.343884127   0.687768253   0.000000000
     10    H      0.342145847  0.342145847   0.684291693   0.000000000

 Sum of MulP: up   =    15.00000 down          =    15.00000
              total=    30.00000 ideal(neutral)=    30.00000


  Decomposed Mulliken populations

    1    C          Up spin      Down spin     Sum           Diff
            multiple
  s           0    0.614643845  0.614643845   1.229287691   0.000000000
   sum over m      0.614643845  0.614643845   1.229287691   0.000000000
   sum over m+mul  0.614643845  0.614643845   1.229287691   0.000000000
  px          0    0.524728326  0.524728326   1.049456652   0.000000000
  py          0    0.510749431  0.510749431   1.021498863   0.000000000
  pz          0    0.589323481  0.589323481   1.178646961   0.000000000
   sum over m      1.624801238  1.624801238   3.249602476   0.000000000
   sum over m+mul  1.624801238  1.624801238   3.249602476   0.000000000

    2    C          Up spin      Down spin     Sum           Diff
            multiple
  s           0    0.468290629  0.468290629   0.936581258   0.000000000
   sum over m      0.468290629  0.468290629   0.936581258   0.000000000
   sum over m+mul  0.468290629  0.468290629   0.936581258   0.000000000
  px          0    0.465435557  0.465435557   0.930871114   0.000000000
  py          0    0.414034257  0.414034257   0.828068514   0.000000000
  pz          0    0.478799413  0.478799413   0.957598825   0.000000000
   sum over m      1.358269227  1.358269227   2.716538454   0.000000000
   sum over m+mul  1.358269227  1.358269227   2.716538454   0.000000000

    3    O          Up spin      Down spin     Sum           Diff
            multiple
  s           0    0.906399287  0.906399287   1.812798575   0.000000000
   sum over m      0.906399287  0.906399287   1.812798575   0.000000000
   sum over m+mul  0.906399287  0.906399287   1.812798575   0.000000000
  px          0    0.790710160  0.790710160   1.581420320   0.000000000
  py          0    0.733040097  0.733040097   1.466080194   0.000000000
  pz          0    0.814181320  0.814181320   1.628362641   0.000000000
   sum over m      2.337931578  2.337931578   4.675863155   0.000000000
   sum over m+mul  2.337931578  2.337931578   4.675863155   0.000000000

    4    N          Up spin      Down spin     Sum           Diff
            multiple
  s           0    0.787100867  0.787100867   1.574201734   0.000000000
   sum over m      0.787100867  0.787100867   1.574201734   0.000000000
   sum over m+mul  0.787100867  0.787100867   1.574201734   0.000000000
  px          0    0.598113989  0.598113989   1.196227978   0.000000000
  py          0    0.529446297  0.529446297   1.058892594   0.000000000
  pz          0    0.898525367  0.898525367   1.797050734   0.000000000
   sum over m      2.026085653  2.026085653   4.052171306   0.000000000
   sum over m+mul  2.026085653  2.026085653   4.052171306   0.000000000

    5    H          Up spin      Down spin     Sum           Diff
            multiple
  s           0    0.355309723  0.355309723   0.710619447   0.000000000
   sum over m      0.355309723  0.355309723   0.710619447   0.000000000
   sum over m+mul  0.355309723  0.355309723   0.710619447   0.000000000

    6    H          Up spin      Down spin     Sum           Diff
            multiple
  s           0    0.372000157  0.372000157   0.744000313   0.000000000
   sum over m      0.372000157  0.372000157   0.744000313   0.000000000
   sum over m+mul  0.372000157  0.372000157   0.744000313   0.000000000

    7    O          Up spin      Down spin     Sum           Diff
            multiple
  s           0    0.936206821  0.936206821   1.872413643   0.000000000
   sum over m      0.936206821  0.936206821   1.872413643   0.000000000
   sum over m+mul  0.936206821  0.936206821   1.872413643   0.000000000
  px          0    0.731044003  0.731044003   1.462088006   0.000000000
  py          0    0.812607054  0.812607054   1.625214107   0.000000000
  pz          0    0.708746426  0.708746426   1.417492852   0.000000000
   sum over m      2.252397483  2.252397483   4.504794965   0.000000000
   sum over m+mul  2.252397483  2.252397483   4.504794965   0.000000000

    8    H          Up spin      Down spin     Sum           Diff
            multiple
  s           0    0.274533519  0.274533519   0.549067038   0.000000000
   sum over m      0.274533519  0.274533519   0.549067038   0.000000000
   sum over m+mul  0.274533519  0.274533519   0.549067038   0.000000000

    9    H          Up spin      Down spin     Sum           Diff
            multiple
  s           0    0.343884127  0.343884127   0.687768253   0.000000000
   sum over m      0.343884127  0.343884127   0.687768253   0.000000000
   sum over m+mul  0.343884127  0.343884127   0.687768253   0.000000000

   10    H          Up spin      Down spin     Sum           Diff
            multiple
  s           0    0.342145847  0.342145847   0.684291693   0.000000000
   sum over m      0.342145847  0.342145847   0.684291693   0.000000000
   sum over m+mul  0.342145847  0.342145847   0.684291693   0.000000000

***********************************************************
***********************************************************
                    Dipole moment (Debye)                  
***********************************************************
***********************************************************

 Absolute D        1.64091870

                      Dx                Dy                Dz
 Total             -0.84978567       -0.47765370        1.31997175
 Core              52.30611990      -19.89965695      -18.94716183
 Electron         -53.15590557       19.42200325       20.26713358
 Back ground        0.00000000       -0.00000000        0.00000000

***********************************************************
***********************************************************
       xyz-coordinates (Ang) and forces (Hartree/Bohr)  
***********************************************************
***********************************************************

<coordinates.forces
  10
    1     C    -0.55502  -0.05168   0.35409  -0.013213617356  0.035526076214 -0.017644855953
    2     C     0.81500  -0.46585  -0.13783  -0.101173026820 -0.025619533666  0.006010510663
    3     O     0.86860  -1.67958  -0.73136  -0.157481082186 -0.099501152455 -0.015955313404
    4     N    -0.89697   1.28481  -0.17674   0.013730506899 -0.060478002033 -0.073697546903
    5     H    -1.33580  -0.76012   0.00834  -0.044347729080 -0.048585573285 -0.022292380987
    6     H    -0.54756  -0.10941   1.46450   0.004696083446 -0.009474162037  0.075939460319
    7     O     1.87095   0.13365  -0.04595   0.183595201312  0.133906146047  0.028370824403
    8     H     1.75863  -1.86736  -1.01311   0.132090727849 -0.021931521150 -0.038657845606
    9     H    -1.77844   1.56501   0.19676  -0.094313691485  0.028617534755  0.034154804006
   10     H    -0.19940   1.95052   0.08130   0.076865423872  0.067873886047  0.023520741160
coordinates.forces>

***********************************************************
***********************************************************
       Fractional coordinates of the final structure       
***********************************************************
***********************************************************

     1      C     0.94558846226718   0.99493399983722   0.03967212072457
     2      C     0.07989918011926   0.95432972667964   0.98455796038572
     3      O     0.08515399724021   0.83534122067933   0.91805808985174
     4      N     0.91206443289780   0.12595757718698   0.98019811211791
     5      H     0.86904426342650   0.92548141693800   0.00093397309795
     6      H     0.94631902507730   0.98927380466745   0.16408381333634
     7      O     0.18342057734973   0.01310209303830   0.99485205591034
     8      H     0.17240899979224   0.81693205743664   0.88649000081475
     9      H     0.82564920504135   0.15342720941939   0.02204494707366
    10      H     0.98045185678844   0.19122109018866   0.00910881464612

***********************************************************
***********************************************************
               Computational Time (second)                 
***********************************************************
***********************************************************

   Elapsed.Time.        13.963

                               Min_ID   Min_Time       Max_ID   Max_Time
   Total Computational Time =     0       13.963          0       13.963
   readfile                 =     0        3.119          0        3.119
   truncation               =     0        0.399          0        0.399
   MD_pac                   =     0        0.003          0        0.003
   OutData                  =     0        1.832          0        1.832
   HWF                      =     0        0.000          0        0.000
   DFT                      =     0        8.607          0        8.607

*** In DFT ***

   Set_OLP_Kin              =     0        0.129          0        0.129
   Set_Nonlocal             =     0        0.232          0        0.232
   Set_ProExpn_VNA          =     0        0.339          0        0.339
   Set_Hamiltonian          =     0        3.805          0        3.805
   Poisson                  =     0        0.370          0        0.370
   Diagonalization          =     0        0.038          0        0.038
   Mixing_DM                =     0        1.583          0        1.583
   Force                    =     0        0.148          0        0.148
   Total_Energy             =     0        0.818          0        0.818
   Set_Aden_Grid            =     0        0.049          0        0.049
   Set_Orbitals_Grid        =     0        0.059          0        0.059
   Set_Density_Grid         =     0        0.583          0        0.583
   RestartFileDFT           =     0        0.082          0        0.082
   Mulliken_Charge          =     0        0.003          0        0.003
   FFT(2D)_Density          =     0        0.296          0        0.296
   Others                   =     0        0.074          0        0.074
