***********************************************************
***********************************************************

  This calculation was performed by OpenMX Ver. 4.0
  using 1 MPI processes and 1 OpenMP threads.

  Sat Apr  4 23:36:16 2026

***********************************************************
***********************************************************

#
#      File Name      
#

System.CurrrentDirectory         ./    # default=./
System.Name                      Graphite4
level.of.stdout                   1    # default=1 (1-3)
level.of.fileout                  1    # default=1 (0-2)

#
# Definition of Atomic Species
#

Species.Number       1
<Definition.of.Atomic.Species
 C   C5.0-s2p2   C_PBE19
Definition.of.Atomic.Species>

#
# Atoms
#

Atoms.Number         4
Atoms.SpeciesAndCoordinates.Unit   Ang # Ang|AU
<Atoms.SpeciesAndCoordinates           # Unit=Ang.
 1  C  0.000000000  0.000000000  0.000000000  2.0 2.0
 2  C  2.840000000  0.000000000  0.000000000  2.0 2.0
 3  C  0.710000000  1.229756000  0.000000000  2.0 2.0
 4  C  2.130000000  1.229756000  0.000000000  2.0 2.0
Atoms.SpeciesAndCoordinates>
Atoms.UnitVectors.Unit             Ang #  Ang|AU
<Atoms.UnitVectors                     # unit=Ang.
4.26000000000000 0.00000000000000  0.00000000000000
0.00000000000000 2.45951214674781  0.00000000000000
0.00000000000000 0.00000000000000 10.00000000000000
Atoms.UnitVectors>

#
# SCF or Electronic System
#

scf.XcType                 GGA-PBE     # LDA|LSDA-CA|LSDA-PW|GGA-PBE
scf.SpinPolarization       Off         # On|Off|NC
scf.ElectronicTemperature  300.0       # default=300 (K)
scf.energycutoff           150.0       # default=150 (Ry)
scf.maxIter                100         # default=40
scf.EigenvalueSolver       band        # DC|GDC|Cluster|Band
scf.Kgrid                 5 5 1        # means 4x4x4
scf.Mixing.Type           rmm-diis     # Simple|Rmm-Diis|Gr-Pulay|Kerker|Rmm-Diisk
scf.Init.Mixing.Weight     0.010       # default=0.30 
scf.Min.Mixing.Weight      0.001       # default=0.001 
scf.Max.Mixing.Weight      0.002       # default=0.40 
scf.Mixing.History          7          # default=5
scf.Mixing.StartPulay       5          # default=6
scf.criterion             1.0e-9       # default=1.0e-6 (Hartree) 

#
# MD or Geometry Optimization
#

MD.Type                     nomd       # Nomd|Opt|NVE|NVT_VS|NVT_NH
MD.maxIter                   1         # default=1
MD.TimeStep                0.5         # default=0.5 (fs)
MD.Opt.criterion          1.0e-4       # default=1.0e-4 (Hartree/bohr)


***********************************************************
***********************************************************

  Required cutoff energy (Ryd) for 3D-grids = 150.0000
      Used cutoff energy (Ryd) for 3D-grids = 155.9491, 148.0298, 155.4621
  Num. of grids of a-, b-, and c-axes = 32, 18, 75

  Num.Grid1.    32
  Num.Grid2.    18
  Num.Grid3.    75


  Cell_Volume =    707.058061397437 (Bohr^3)
  GridVol     =      0.016367084755 (Bohr^3)
  Cell vectors (bohr) of the grid cell (gtv)
    gtv_a =  0.251569772230,  0.000000000000,  0.000000000000
    gtv_b =  0.000000000000,  0.258211334607,  0.000000000000
    gtv_c =  0.000000000000,  0.000000000000,  0.251963465144
    |gtv_a| =  0.251569772230
    |gtv_b| =  0.258211334607
    |gtv_c| =  0.251963465144

***********************************************************
***********************************************************


***********************************************************
***********************************************************
                  SCF history at MD= 1                    
***********************************************************
***********************************************************

   SCF=   1  NormRD=  1.000000000000  Uele= -6.143694477599
   SCF=   2  NormRD=  0.412689208674  Uele= -6.147300920618
   SCF=   3  NormRD=  0.176574023531  Uele= -7.961858557450
   SCF=   4  NormRD=  0.176226297764  Uele= -7.961937875048
   SCF=   5  NormRD=  0.175738676352  Uele= -7.960369050664
   SCF=   6  NormRD=  0.175252404397  Uele= -7.958804561692
   SCF=   7  NormRD=  0.002281735728  Uele= -7.394319307811
   SCF=   8  NormRD=  0.000508820171  Uele= -7.397202486303
   SCF=   9  NormRD=  0.000137288427  Uele= -7.395840175910
   SCF=  10  NormRD=  0.000031719809  Uele= -7.395619431952
   SCF=  11  NormRD=  0.000000207319  Uele= -7.395545773323
   SCF=  12  NormRD=  0.000000002674  Uele= -7.395546241893
   SCF=  13  NormRD=  0.000000002710  Uele= -7.395546237018
   SCF=  14  NormRD=  0.000000000046  Uele= -7.395546237300

*******************************************************
        Total energy (Hartree) at MD = 1        
*******************************************************

  Uele.         -7.395546237300

  Ukin.         16.946667358114
  UH0.        -205.149225762336
  UH1.           0.050889699766
  Una.         -11.516265779794
  Unl.          -2.244593394860
  Uxc0.         -3.886833831807
  Uxc1.         -3.886833831807
  Ucore.       186.366267826204
  Uhub.          0.000000000000
  Ucs.           0.000000000000
  Uzs.           0.000000000000
  Uzo.           0.000000000000
  Uef.           0.000000000000
  UvdW.          0.000000000000
  Uch.           0.000000000000
  Utot.        -23.319927716521

  UpV.           0.000000000000
  Enpy.        -23.319927716521
  Note:

  Utot = Ukin+UH0+UH1+Una+Unl+Uxc0+Uxc1+Ucore+Uhub+Ucs+Uzs+Uzo+Uef+UvdW+Uch

  Uele:   band energy
  Ukin:   kinetic energy
  UH0:    electric part of screened Coulomb energy
  UH1:    difference electron-electron Coulomb energy
  Una:    neutral atom potential energy
  Unl:    non-local potential energy
  Uxc0:   exchange-correlation energy for alpha spin
  Uxc1:   exchange-correlation energy for beta spin
  Ucore:  core-core Coulomb energy
  Uhub:   LDA+U energy
  Ucs:    constraint energy for spin orientation
  Uzs:    Zeeman term for spin magnetic moment
  Uzo:    Zeeman term for orbital magnetic moment
  Uef:    electric energy by electric field
  UvdW:   semi-empirical vdW energy
  Uch:    penalty term to create a core hole

  UpV:    pressure times volume
  Enpy:   Enthalpy = Utot + UpV
  (see also PRB 72, 045121(2005) for the energy contributions)



  Chemical potential (Hartree)      -0.114820867341

***********************************************************
***********************************************************
           Eigenvalues (Hartree) of SCF KS-eq.           
***********************************************************
***********************************************************

   Chemical Potential (Hartree) =  -0.11482086734077
   Number of States             =  16.00000000000000
   Eigenvalues
              Up-spin           Down-spin

   kloop=0
   k1=   0.00000 k2=  -0.00000 k3=   0.00000

    1   -0.84627653506675  -0.84627653506675
    2   -0.65266980203572  -0.65266980203572
    3   -0.61643268952481  -0.61643268952481
    4   -0.40324119876911  -0.40324119876911
    5   -0.36604834613983  -0.36604834613983
    6   -0.23511744082216  -0.23511744082216
    7   -0.23495562646011  -0.23495562646011
    8   -0.20640374438146  -0.20640374438146
    9   -0.03749365205342  -0.03749365205342
   10    0.25350814672525   0.25350814672525
   11    0.25555860909452   0.25555860909452
   12    0.25568815892328   0.25568815892328
   13    0.31527672071800   0.31527672071800
   14    0.41690837477447   0.41690837477447
   15    0.50899464591397   0.50899464591397
   16    0.54582305332908   0.54582305332908
   17    0.60140593535364   0.60140593535364
   18    0.63006901088506   0.63006901088506
   19    0.63033761502931   0.63033761502931
   20    0.66144945096938   0.66144945096938
   21    0.73640733541423   0.73640733541423
   22    1.06094945348078   1.06094945348078
   23    1.23590670533267   1.23590670533267
   24    1.98729161149172   1.98729161149172
   25    1.98846964596015   1.98846964596015
   26    2.15887250844445   2.15887250844445
   27    2.34302802069870   2.34302802069870
   28    2.34333724270885   2.34333724270885
   29    3.83503307945653   3.83503307945653
   30    4.01170161944097   4.01170161944097
   31    4.25176815738286   4.25176815738286
   32    9.17177355292397   9.17177355292397

   kloop=1
   k1=   0.00000 k2=   0.20000 k3=   0.00000

    1   -0.82050189174083  -0.82050189174083
    2   -0.63039358643516  -0.63039358643516
    3   -0.59542589538671  -0.59542589538671
    4   -0.45430828780901  -0.45430828780901
    5   -0.37148040065322  -0.37148040065322
    6   -0.32104750800998  -0.32104750800998
    7   -0.28994467708116  -0.28994467708116
    8   -0.17310628812279  -0.17310628812279
    9   -0.05877600394212  -0.05877600394212
   10    0.24551505739291   0.24551505739291
   11    0.28534696485780   0.28534696485780
   12    0.34897166478351   0.34897166478351
   13    0.36152314067899   0.36152314067899
   14    0.45340838176862   0.45340838176862
   15    0.51326471060737   0.51326471060737
   16    0.52524860646265   0.52524860646265
   17    0.54971177642233   0.54971177642233
   18    0.58104352641246   0.58104352641246
   19    0.74896826916132   0.74896826916132
   20    0.75567601759457   0.75567601759457
   21    0.76544538171573   0.76544538171573
   22    1.07637744225794   1.07637744225794
   23    1.16425506562664   1.16425506562664
   24    1.24741903443395   1.24741903443395
   25    1.57642710216721   1.57642710216721
   26    1.60647399754672   1.60647399754672
   27    2.29287908948953   2.29287908948953
   28    2.81269597070921   2.81269597070921
   29    3.60509886279127   3.60509886279127
   30    4.08911633959933   4.08911633959933
   31    4.88942773093125   4.88942773093125
   32    8.01755916506270   8.01755916506270

   kloop=2
   k1=   0.00000 k2=   0.40000 k3=   0.00000

    1   -0.74404880132869  -0.74404880132869
    2   -0.62630416567526  -0.62630416567526
    3   -0.56412882133709  -0.56412882133709
    4   -0.50403115865162  -0.50403115865162
    5   -0.45662280897869  -0.45662280897869
    6   -0.40286638180533  -0.40286638180533
    7   -0.28029968734985  -0.28029968734985
    8   -0.15374708747852  -0.15374708747852
    9   -0.07471644650898  -0.07471644650898
   10    0.07954045693563   0.07954045693563
   11    0.35891345339524   0.35891345339524
   12    0.40160903601972   0.40160903601972
   13    0.44301556664672   0.44301556664672
   14    0.45506923641008   0.45506923641008
   15    0.55825037722759   0.55825037722759
   16    0.58765516345134   0.58765516345134
   17    0.59529581397436   0.59529581397436
   18    0.65058386346073   0.65058386346073
   19    0.75096883281667   0.75096883281667
   20    0.79431187646725   0.79431187646725
   21    0.81709373116309   0.81709373116309
   22    0.96730555899810   0.96730555899810
   23    1.01778810790670   1.01778810790670
   24    1.09417994891714   1.09417994891714
   25    1.21706798431132   1.21706798431132
   26    1.42212808726076   1.42212808726076
   27    2.71340538000093   2.71340538000093
   28    3.25067587506296   3.25067587506296
   29    3.34072708272485   3.34072708272485
   30    3.64104197564568   3.64104197564568
   31    6.33017857056276   6.33017857056276
   32    7.89351833157971   7.89351833157971

   kloop=3
   k1=   0.20000 k2=  -0.00000 k3=   0.00000

    1   -0.83770877407584  -0.83770877407584
    2   -0.71093737596223  -0.71093737596223
    3   -0.54513871427083  -0.54513871427083
    4   -0.39260244862912  -0.39260244862912
    5   -0.35710633330103  -0.35710633330103
    6   -0.26984972933691  -0.26984972933691
    7   -0.25372791654393  -0.25372791654393
    8   -0.24742674026716  -0.24742674026716
    9    0.01845585671613   0.01845585671613
   10    0.25549432166719   0.25549432166719
   11    0.26337429166348   0.26337429166348
   12    0.29191066008065   0.29191066008065
   13    0.30068183684478   0.30068183684478
   14    0.42142837564066   0.42142837564066
   15    0.51400235127572   0.51400235127572
   16    0.54624777366599   0.54624777366599
   17    0.57432928801960   0.57432928801960
   18    0.59785224416642   0.59785224416642
   19    0.61874856014103   0.61874856014103
   20    0.62111096967910   0.62111096967910
   21    0.80646178063780   0.80646178063780
   22    1.05270352283789   1.05270352283789
   23    1.26335352826663   1.26335352826663
   24    1.45093000188886   1.45093000188886
   25    1.65918631165752   1.65918631165752
   26    2.22921965643535   2.22921965643535
   27    2.32310103712129   2.32310103712129
   28    2.49542742873528   2.49542742873528
   29    3.55632553820403   3.55632553820403
   30    3.80259162459063   3.80259162459063
   31    4.28154426843338   4.28154426843338
   32    8.65166416166628   8.65166416166628

   kloop=4
   k1=   0.20000 k2=   0.20000 k3=   0.00000

    1   -0.81190088212863  -0.81190088212863
    2   -0.68678819183720  -0.68678819183720
    3   -0.53022240575420  -0.53022240575420
    4   -0.44301406102282  -0.44301406102282
    5   -0.36109926012062  -0.36109926012062
    6   -0.35206933211126  -0.35206933211126
    7   -0.29317501431358  -0.29317501431358
    8   -0.21733479642664  -0.21733479642664
    9   -0.00630751832687  -0.00630751832687
   10    0.22256158115380   0.22256158115380
   11    0.26772432331367   0.26772432331367
   12    0.36550022381114   0.36550022381114
   13    0.40436779293353   0.40436779293353
   14    0.45598434124754   0.45598434124754
   15    0.46297965512574   0.46297965512574
   16    0.52994019414647   0.52994019414647
   17    0.55652175258347   0.55652175258347
   18    0.59526021712732   0.59526021712732
   19    0.66400567653341   0.66400567653341
   20    0.73450171929497   0.73450171929497
   21    0.85327384733646   0.85327384733646
   22    1.03773097953556   1.03773097953556
   23    1.13050464517434   1.13050464517434
   24    1.32000133534196   1.32000133534196
   25    1.39375452347889   1.39375452347889
   26    1.45424688703620   1.45424688703620
   27    2.26423647104410   2.26423647104410
   28    2.88870759749437   2.88870759749437
   29    3.50003016802082   3.50003016802082
   30    4.14305958445326   4.14305958445326
   31    6.47167834407746   6.47167834407746
   32    7.35442122657507   7.35442122657507

   kloop=5
   k1=   0.20000 k2=   0.40000 k3=   0.00000

    1   -0.73567151922852  -0.73567151922852
    2   -0.63014580118793  -0.63014580118793
    3   -0.59576711602807  -0.59576711602807
    4   -0.49517178081617  -0.49517178081617
    5   -0.45419923945561  -0.45419923945561
    6   -0.37214047107501  -0.37214047107501
    7   -0.27190183057788  -0.27190183057788
    8   -0.17309284446894  -0.17309284446894
    9   -0.05877367905747  -0.05877367905747
   10    0.06104700434661   0.06104700434661
   11    0.29161834728800   0.29161834728800
   12    0.36169710780169   0.36169710780169
   13    0.48868249747538   0.48868249747538
   14    0.51314202910981   0.51314202910981
   15    0.58110588698994   0.58110588698994
   16    0.59209318086353   0.59209318086353
   17    0.59947197325619   0.59947197325619
   18    0.63582095085876   0.63582095085876
   19    0.74912612913115   0.74912612913115
   20    0.75549066999550   0.75549066999550
   21    0.76537870229224   0.76537870229224
   22    0.89566928665851   0.89566928665851
   23    1.03339215225218   1.03339215225218
   24    1.07610596576591   1.07610596576591
   25    1.24762226463121   1.24762226463121
   26    1.34769279863854   1.34769279863854
   27    2.42841512343499   2.42841512343499
   28    2.81439223195884   2.81439223195884
   29    3.60421351720193   3.60421351720193
   30    3.75442988055894   3.75442988055894
   31    7.44157120611603   7.44157120611603
   32    8.01831601942852   8.01831601942852

   kloop=6
   k1=   0.20000 k2=   0.60000 k3=   0.00000

    1   -0.73567151922755  -0.73567151922755
    2   -0.63014580118820  -0.63014580118820
    3   -0.59576711602825  -0.59576711602825
    4   -0.49517178081753  -0.49517178081753
    5   -0.45419923945492  -0.45419923945492
    6   -0.37214047107588  -0.37214047107588
    7   -0.27190183057676  -0.27190183057676
    8   -0.17309284446929  -0.17309284446929
    9   -0.05877367905721  -0.05877367905721
   10    0.06104700434492   0.06104700434492
   11    0.29161834728867   0.29161834728867
   12    0.36169710780100   0.36169710780100
   13    0.48868249747575   0.48868249747575
   14    0.51314202911034   0.51314202911034
   15    0.58110588699030   0.58110588699030
   16    0.59209318086451   0.59209318086451
   17    0.59947197325647   0.59947197325647
   18    0.63582095086079   0.63582095086079
   19    0.74912612913008   0.74912612913008
   20    0.75549066999539   0.75549066999539
   21    0.76537870229178   0.76537870229178
   22    0.89566928665574   0.89566928665574
   23    1.03339215225382   1.03339215225382
   24    1.07610596576600   1.07610596576600
   25    1.24762226463124   1.24762226463124
   26    1.34769279863790   1.34769279863790
   27    2.42841512345944   2.42841512345944
   28    2.81439223193162   2.81439223193162
   29    3.60421351723962   3.60421351723962
   30    3.75442988059012   3.75442988059012
   31    7.44157120676032   7.44157120676032
   32    8.01831601911985   8.01831601911985

   kloop=7
   k1=   0.20000 k2=   0.80000 k3=   0.00000

    1   -0.81190088212813  -0.81190088212813
    2   -0.68678819183685  -0.68678819183685
    3   -0.53022240575399  -0.53022240575399
    4   -0.44301406102408  -0.44301406102408
    5   -0.36109926012000  -0.36109926012000
    6   -0.35206933211262  -0.35206933211262
    7   -0.29317501431423  -0.29317501431423
    8   -0.21733479642610  -0.21733479642610
    9   -0.00630751832743  -0.00630751832743
   10    0.22256158115242   0.22256158115242
   11    0.26772432331353   0.26772432331353
   12    0.36550022381282   0.36550022381282
   13    0.40436779293545   0.40436779293545
   14    0.45598434124839   0.45598434124839
   15    0.46297965512464   0.46297965512464
   16    0.52994019414680   0.52994019414680
   17    0.55652175258378   0.55652175258378
   18    0.59526021712707   0.59526021712707
   19    0.66400567653443   0.66400567653443
   20    0.73450171929616   0.73450171929616
   21    0.85327384733654   0.85327384733654
   22    1.03773097953527   1.03773097953527
   23    1.13050464517300   1.13050464517300
   24    1.32000133534165   1.32000133534165
   25    1.39375452346356   1.39375452346356
   26    1.45424688703551   1.45424688703551
   27    2.26423647106296   2.26423647106296
   28    2.88870759752975   2.88870759752975
   29    3.50003016817164   3.50003016817164
   30    4.14305958461865   4.14305958461865
   31    6.47167834414818   6.47167834414818
   32    7.35442122689753   7.35442122689753

   kloop=8
   k1=   0.40000 k2=  -0.00000 k3=   0.00000

    1   -0.81189779016458  -0.81189779016458
    2   -0.76923824238874  -0.76923824238874
    3   -0.44955499861062  -0.44955499861062
    4   -0.36110276938509  -0.36110276938509
    5   -0.35197996753330  -0.35197996753330
    6   -0.33141237909592  -0.33141237909592
    7   -0.31053384274943  -0.31053384274943
    8   -0.29326929317047  -0.29326929317047
    9    0.12172973971321   0.12172973971321
   10    0.22255533264343   0.22255533264343
   11    0.26138965584844   0.26138965584844
   12    0.26747483005606   0.26747483005606
   13    0.40442185062419   0.40442185062419
   14    0.45604826514972   0.45604826514972
   15    0.51635744461503   0.51635744461503
   16    0.52231525644354   0.52231525644354
   17    0.52994611184685   0.52994611184685
   18    0.55654889228334   0.55654889228334
   19    0.55782097023670   0.55782097023670
   20    0.58638847994754   0.58638847994754
   21    0.98663133946254   0.98663133946254
   22    1.05632442110035   1.05632442110035
   23    1.13057071577132   1.13057071577132
   24    1.33643074430935   1.33643074430935
   25    1.39371852683658   1.39371852683658
   26    1.45430303699610   1.45430303699610
   27    2.26364470472933   2.26364470472933
   28    2.28773269638659   2.28773269638659
   29    3.88764202682031   3.88764202682031
   30    4.14259173187939   4.14259173187939
   31    6.47692805867439   6.47692805867439
   32    8.09080995112405   8.09080995112405

   kloop=9
   k1=   0.40000 k2=   0.20000 k3=   0.00000

    1   -0.78623985025156  -0.78623985025156
    2   -0.74405941834290  -0.74405941834290
    3   -0.45642022493834  -0.45642022493834
    4   -0.40307828790566  -0.40307828790566
    5   -0.40182226877679  -0.40182226877679
    6   -0.33741308704926  -0.33741308704926
    7   -0.33015517496996  -0.33015517496996
    8   -0.28030539163675  -0.28030539163675
    9    0.07953388198778   0.07953388198778
   10    0.16141296938999   0.16141296938999
   11    0.29753610751278   0.29753610751278
   12    0.35907988678623   0.35907988678623
   13    0.40127182152052   0.40127182152052
   14    0.41055836004550   0.41055836004550
   15    0.54072899182273   0.54072899182273
   16    0.55075256442931   0.55075256442931
   17    0.56882297265496   0.56882297265496
   18    0.58764528409895   0.58764528409895
   19    0.59535389288492   0.59535389288492
   20    0.65075889074039   0.65075889074039
   21    0.96719734694910   0.96719734694910
   22    1.01799843952092   1.01799843952092
   23    1.05187999836779   1.05187999836779
   24    1.12598448396425   1.12598448396425
   25    1.42194874787656   1.42194874787656
   26    1.45672125133719   1.45672125133719
   27    2.36288348365291   2.36288348365291
   28    2.71362173218634   2.71362173218634
   29    3.64046071579770   3.64046071579770
   30    3.98118111011634   3.98118111011634
   31    6.27499625150938   6.27499625150938
   32    6.32790929612030   6.32790929612030

   kloop=10
   k1=   0.40000 k2=   0.40000 k3=   0.00000

    1   -0.71090534085296  -0.71090534085296
    2   -0.67146247927968  -0.67146247927968
    3   -0.58345459779717  -0.58345459779717
    4   -0.54524666240077  -0.54524666240077
    5   -0.39023843743308  -0.39023843743308
    6   -0.35702100594823  -0.35702100594823
    7   -0.24741307671060  -0.24741307671060
    8   -0.21099341325081  -0.21099341325081
    9   -0.02503089985887  -0.02503089985887
   10    0.01847655744361   0.01847655744361
   11    0.25585582212871   0.25585582212871
   12    0.28676775901496   0.28676775901496
   13    0.55133484721269   0.55133484721269
   14    0.57421063588921   0.57421063588921
   15    0.59788537287886   0.59788537287886
   16    0.61509331086782   0.61509331086782
   17    0.61873362693042   0.61873362693042
   18    0.62106849650395   0.62106849650395
   19    0.64797037708806   0.64797037708806
   20    0.69710559310593   0.69710559310593
   21    0.76711600163831   0.76711600163831
   22    0.80634729840783   0.80634729840783
   23    1.05253830926400   1.05253830926400
   24    1.05541801830053   1.05541801830053
   25    1.26339813138946   1.26339813138946
   26    1.26941958415648   1.26941958415648
   27    2.23037575372412   2.23037575372412
   28    2.35419285861900   2.35419285861900
   29    3.76632790079524   3.76632790079524
   30    3.80301091721247   3.80301091721247
   31    8.42458154383373   8.42458154383373
   32    8.64375063700156   8.64375063700156

   kloop=11
   k1=   0.40000 k2=   0.60000 k3=   0.00000

    1   -0.71090534085198  -0.71090534085198
    2   -0.67146247927885  -0.67146247927885
    3   -0.58345459779841  -0.58345459779841
    4   -0.54524666240219  -0.54524666240219
    5   -0.39023843743276  -0.39023843743276
    6   -0.35702100594844  -0.35702100594844
    7   -0.24741307670963  -0.24741307670963
    8   -0.21099341325030  -0.21099341325030
    9   -0.02503089985969  -0.02503089985969
   10    0.01847655744222   0.01847655744222
   11    0.25585582212883   0.25585582212883
   12    0.28676775901438   0.28676775901438
   13    0.55133484721383   0.55133484721383
   14    0.57421063588983   0.57421063588983
   15    0.59788537287942   0.59788537287942
   16    0.61509331086810   0.61509331086810
   17    0.61873362693078   0.61873362693078
   18    0.62106849650530   0.62106849650530
   19    0.64797037708839   0.64797037708839
   20    0.69710559310581   0.69710559310581
   21    0.76711600163668   0.76711600163668
   22    0.80634729840585   0.80634729840585
   23    1.05253830926585   1.05253830926585
   24    1.05541801830053   1.05541801830053
   25    1.26339813138920   1.26339813138920
   26    1.26941958415434   1.26941958415434
   27    2.23037575374825   2.23037575374825
   28    2.35419285860341   2.35419285860341
   29    3.76632790069043   3.76632790069043
   30    3.80301091731027   3.80301091731027
   31    8.42458154340787   8.42458154340787
   32    8.64375063772681   8.64375063772681

   kloop=12
   k1=   0.40000 k2=   0.80000 k3=   0.00000

    1   -0.78623985025100  -0.78623985025100
    2   -0.74405941834252  -0.74405941834252
    3   -0.45642022493896  -0.45642022493896
    4   -0.40307828790626  -0.40307828790626
    5   -0.40182226877810  -0.40182226877810
    6   -0.33741308704944  -0.33741308704944
    7   -0.33015517496934  -0.33015517496934
    8   -0.28030539163621  -0.28030539163621
    9    0.07953388198690   0.07953388198690
   10    0.16141296938880   0.16141296938880
   11    0.29753610751215   0.29753610751215
   12    0.35907988678656   0.35907988678656
   13    0.40127182152075   0.40127182152075
   14    0.41055836004736   0.41055836004736
   15    0.54072899182368   0.54072899182368
   16    0.55075256442969   0.55075256442969
   17    0.56882297265551   0.56882297265551
   18    0.58764528409889   0.58764528409889
   19    0.59535389288548   0.59535389288548
   20    0.65075889074138   0.65075889074138
   21    0.96719734694780   0.96719734694780
   22    1.01799843952080   1.01799843952080
   23    1.05187999836754   1.05187999836754
   24    1.12598448395793   1.12598448395793
   25    1.42194874787479   1.42194874787479
   26    1.45672125133657   1.45672125133657
   27    2.36288348367788   2.36288348367788
   28    2.71362173218942   2.71362173218942
   29    3.64046071592068   3.64046071592068
   30    3.98118111013824   3.98118111013824
   31    6.27499625163717   6.27499625163717
   32    6.32790929632582   6.32790929632582

***********************************************************
***********************************************************
                   Mulliken populations                    
***********************************************************
***********************************************************

  Total spin moment (muB)   0.000000000

                    Up spin      Down spin     Sum           Diff
      1    C      2.000000000  2.000000000   4.000000000   0.000000000
      2    C      2.000000000  2.000000000   4.000000000   0.000000000
      3    C      2.000000000  2.000000000   4.000000000   0.000000000
      4    C      2.000000000  2.000000000   4.000000000   0.000000000

 Sum of MulP: up   =     8.00000 down          =     8.00000
              total=    16.00000 ideal(neutral)=    16.00000


  Decomposed Mulliken populations

    1    C          Up spin      Down spin     Sum           Diff
            multiple
  s           0    0.558981208  0.558981208   1.117962416   0.000000000
   sum over m      0.558981208  0.558981208   1.117962416   0.000000000
  s           1    0.009486469  0.009486469   0.018972938   0.000000000
   sum over m      0.009486469  0.009486469   0.018972938   0.000000000
   sum over m+mul  0.568467677  0.568467677   1.136935354   0.000000000
  px          0    0.450270813  0.450270813   0.900541626   0.000000000
  py          0    0.450738644  0.450738644   0.901477288   0.000000000
  pz          0    0.507998782  0.507998782   1.015997564   0.000000000
   sum over m      1.409008239  1.409008239   2.818016479   0.000000000
  px          1    0.015045503  0.015045503   0.030091005   0.000000000
  py          1    0.015477363  0.015477363   0.030954726   0.000000000
  pz          1   -0.007998782 -0.007998782  -0.015997564   0.000000000
   sum over m      0.022524084  0.022524084   0.045048167   0.000000000
   sum over m+mul  1.431532323  1.431532323   2.863064646   0.000000000

    2    C          Up spin      Down spin     Sum           Diff
            multiple
  s           0    0.558981208  0.558981208   1.117962416   0.000000000
   sum over m      0.558981208  0.558981208   1.117962416   0.000000000
  s           1    0.009486469  0.009486469   0.018972938   0.000000000
   sum over m      0.009486469  0.009486469   0.018972938   0.000000000
   sum over m+mul  0.568467677  0.568467677   1.136935354   0.000000000
  px          0    0.450270813  0.450270813   0.900541627   0.000000000
  py          0    0.450738644  0.450738644   0.901477288   0.000000000
  pz          0    0.507998782  0.507998782   1.015997564   0.000000000
   sum over m      1.409008239  1.409008239   2.818016479   0.000000000
  px          1    0.015045503  0.015045503   0.030091006   0.000000000
  py          1    0.015477363  0.015477363   0.030954726   0.000000000
  pz          1   -0.007998782 -0.007998782  -0.015997564   0.000000000
   sum over m      0.022524084  0.022524084   0.045048167   0.000000000
   sum over m+mul  1.431532323  1.431532323   2.863064646   0.000000000

    3    C          Up spin      Down spin     Sum           Diff
            multiple
  s           0    0.558981208  0.558981208   1.117962416   0.000000000
   sum over m      0.558981208  0.558981208   1.117962416   0.000000000
  s           1    0.009486469  0.009486469   0.018972938   0.000000000
   sum over m      0.009486469  0.009486469   0.018972938   0.000000000
   sum over m+mul  0.568467677  0.568467677   1.136935354   0.000000000
  px          0    0.450270813  0.450270813   0.900541627   0.000000000
  py          0    0.450738644  0.450738644   0.901477288   0.000000000
  pz          0    0.507998782  0.507998782   1.015997564   0.000000000
   sum over m      1.409008239  1.409008239   2.818016479   0.000000000
  px          1    0.015045503  0.015045503   0.030091006   0.000000000
  py          1    0.015477363  0.015477363   0.030954726   0.000000000
  pz          1   -0.007998782 -0.007998782  -0.015997564   0.000000000
   sum over m      0.022524084  0.022524084   0.045048167   0.000000000
   sum over m+mul  1.431532323  1.431532323   2.863064646   0.000000000

    4    C          Up spin      Down spin     Sum           Diff
            multiple
  s           0    0.558981208  0.558981208   1.117962416   0.000000000
   sum over m      0.558981208  0.558981208   1.117962416   0.000000000
  s           1    0.009486469  0.009486469   0.018972938   0.000000000
   sum over m      0.009486469  0.009486469   0.018972938   0.000000000
   sum over m+mul  0.568467677  0.568467677   1.136935354   0.000000000
  px          0    0.450270813  0.450270813   0.900541626   0.000000000
  py          0    0.450738644  0.450738644   0.901477288   0.000000000
  pz          0    0.507998782  0.507998782   1.015997564   0.000000000
   sum over m      1.409008239  1.409008239   2.818016479   0.000000000
  px          1    0.015045503  0.015045503   0.030091005   0.000000000
  py          1    0.015477363  0.015477363   0.030954726   0.000000000
  pz          1   -0.007998782 -0.007998782  -0.015997564   0.000000000
   sum over m      0.022524084  0.022524084   0.045048167   0.000000000
   sum over m+mul  1.431532323  1.431532323   2.863064646   0.000000000

***********************************************************
***********************************************************
       xyz-coordinates (Ang) and forces (Hartree/Bohr)  
***********************************************************
***********************************************************

<coordinates.forces
  4
    1     C     0.00000  -0.00000   0.00000  -0.003738461969 -0.000000068172 -0.000000000000
    2     C     2.84000  -0.00000   0.00000   0.003738461969 -0.000000068172 -0.000000000000
    3     C     0.71000   1.22976   0.00000   0.003738461969  0.000000068172  0.000000000000
    4     C     2.13000   1.22976   0.00000  -0.003738461969  0.000000068172  0.000000000000
coordinates.forces>

***********************************************************
***********************************************************
       Fractional coordinates of the final structure       
***********************************************************
***********************************************************

     1      C     0.00000000000000  -0.00000000000000   0.00000000000000
     2      C     0.66666666666667  -0.00000000000000   0.00000000000000
     3      C     0.16666666666667   0.49999997016729   0.00000000000000
     4      C     0.50000000000000   0.49999997016729   0.00000000000000

***********************************************************
***********************************************************
               Computational Time (second)                 
***********************************************************
***********************************************************

   Elapsed.Time.         6.737

                               Min_ID   Min_Time       Max_ID   Max_Time
   Total Computational Time =     0        6.737          0        6.737
   readfile                 =     0        0.835          0        0.835
   truncation               =     0        0.301          0        0.301
   MD_pac                   =     0        0.003          0        0.003
   OutData                  =     0        0.196          0        0.196
   HWF                      =     0        0.000          0        0.000
   DFT                      =     0        5.399          0        5.399

*** In DFT ***

   Set_OLP_Kin              =     0        0.554          0        0.554
   Set_Nonlocal             =     0        1.246          0        1.246
   Set_ProExpn_VNA          =     0        1.056          0        1.056
   Set_Hamiltonian          =     0        0.589          0        0.589
   Poisson                  =     0        0.039          0        0.039
   Diagonalization          =     0        0.351          0        0.351
   Mixing_DM                =     0        0.007          0        0.007
   Force                    =     0        0.282          0        0.282
   Total_Energy             =     0        0.864          0        0.864
   Set_Aden_Grid            =     0        0.015          0        0.015
   Set_Orbitals_Grid        =     0        0.023          0        0.023
   Set_Density_Grid         =     0        0.333          0        0.333
   RestartFileDFT           =     0        0.018          0        0.018
   Mulliken_Charge          =     0        0.002          0        0.002
   FFT(2D)_Density          =     0        0.000          0        0.000
   Others                   =     0        0.019          0        0.019
