***********************************************************
***********************************************************

  This calculation was performed by OpenMX Ver. 4.0
  using 1 MPI processes and 1 OpenMP threads.

  Sat Apr  4 23:37:27 2026

***********************************************************
***********************************************************

#
#      File Name      
#

System.CurrrentDirectory         ./    # default=./
System.Name                      Mol_MnO
level.of.stdout                   1    # default=1 (1-3)
level.of.fileout                  1    # default=1 (0-2)

#
# Definition of Atomic Species
#

Species.Number       2
<Definition.of.Atomic.Species
 Mn  Mn8.0-s2p2d2       Mn_PBE19
 O   O5.0-s2p2d1        O_PBE19
Definition.of.Atomic.Species>

#
# Atoms
#

Atoms.Number        2
Atoms.SpeciesAndCoordinates.Unit   Ang # Ang|AU
<Atoms.SpeciesAndCoordinates           # Unit=Ang
  1  Mn    0.00000   0.00000   0.00000   9.0  6.0
  2  O     1.70000   0.00000   0.00000   3.0  3.0
Atoms.SpeciesAndCoordinates>
Atoms.UnitVectors.Unit             Ang #  Ang|AU
#<Atoms.UnitVectors                     # unit=Ang.
#  18.0   0.0   0.0
#   0.0  18.0   0.0
#   0.0   0.0  18.0
#Atoms.UnitVectors>

#
# SCF or Electronic System 
#

scf.XcType                 GGA-PBE     # LDA|LSDA-CA|LSDA-PW|GGA-PBE
scf.SpinPolarization       On          # On|Off|NC
scf.ElectronicTemperature  300.0       # default=300 (K)
scf.energycutoff          150.0        # default=150 (Ry)
scf.maxIter                80          # default=40
scf.EigenvalueSolver      Cluster      # Recursion|Cluster|Band
scf.Kgrid                  1 1 1       # means 4x4x4
scf.Mixing.Type           rmm-diisk    # Simple|Rmm-Diis|Gr-Pulay|Kerker|Rmm-Diisk
scf.Init.Mixing.Weight     0.001       # default=0.30 
scf.Min.Mixing.Weight      0.001       # default=0.001 
scf.Max.Mixing.Weight      0.60        # default=0.40 
scf.Mixing.History          20         # default=5
scf.Mixing.StartPulay       10         # default=6
scf.criterion             1.0e-10      # default=1.0e-6 (Hartree) 


#
# MD or Geometry Optimization
#

MD.Type                     nomd       # Nomd|Opt|NVE|NVT_VS|NVT_NH
                                       # Constraint_Opt|DIIS2|Constraint_DIIS2
MD.maxIter                   1         # default=1
MD.TimeStep                1.0         # default=0.5 (fs)
MD.Opt.criterion          1.0e-14      # default=1.0e-4 (Hartree/bohr)
MD.Opt.DIIS_Mixing          0.01       # default=0.5


***********************************************************
***********************************************************

  Required cutoff energy (Ryd) for 3D-grids = 150.0000
      Used cutoff energy (Ryd) for 3D-grids = 150.0010, 150.0010, 150.0010
  Num. of grids of a-, b-, and c-axes = 70, 70, 70

  Num.Grid1.    70
  Num.Grid2.    70
  Num.Grid3.    70


  Cell_Volume =   5788.986097769213 (Bohr^3)
  GridVol     =      0.016877510489 (Bohr^3)
  Cell vectors (bohr) of the grid cell (gtv)
    gtv_a =  0.256509111003,  0.000000000000,  0.000000000000
    gtv_b =  0.000000000000,  0.256509111003,  0.000000000000
    gtv_c =  0.000000000000,  0.000000000000,  0.256509111003
    |gtv_a| =  0.256509111003
    |gtv_b| =  0.256509111003
    |gtv_c| =  0.256509111003

***********************************************************
***********************************************************


***********************************************************
***********************************************************
                  SCF history at MD= 1                    
***********************************************************
***********************************************************

   SCF=   1  NormRD=  1.000000000000  Uele= -23.978392233594
   SCF=   2  NormRD=  3.617912531329  Uele= -23.978392233594
   SCF=   3  NormRD=  3.610341821012  Uele= -23.973893482003
   SCF=   4  NormRD=  2.051527844524  Uele= -22.960572938656
   SCF=   5  NormRD=  1.381046335020  Uele= -21.704880395317
   SCF=   6  NormRD=  8.109752551948  Uele= -22.511352543252
   SCF=   7  NormRD=  5.009154286079  Uele= -22.204274431501
   SCF=   8  NormRD=  1.250684147180  Uele= -21.991837206201
   SCF=   9  NormRD=  1.023235225116  Uele= -21.944975825017
   SCF=  10  NormRD=  0.458533072958  Uele= -21.842812039679
   SCF=  11  NormRD=  0.317960673507  Uele= -21.819578843971
   SCF=  12  NormRD=  0.061340482991  Uele= -21.820450151618
   SCF=  13  NormRD=  0.028793725723  Uele= -21.757403429950
   SCF=  14  NormRD=  0.018554502461  Uele= -21.788744974987
   SCF=  15  NormRD=  0.004564227256  Uele= -21.790282208540
   SCF=  16  NormRD=  0.003102230836  Uele= -21.792538636571
   SCF=  17  NormRD=  0.001345900981  Uele= -21.792965248008
   SCF=  18  NormRD=  0.000111673932  Uele= -21.793009882542
   SCF=  19  NormRD=  0.000069567534  Uele= -21.793035688321
   SCF=  20  NormRD=  0.000005579756  Uele= -21.793008324682
   SCF=  21  NormRD=  0.000002016875  Uele= -21.793005366741
   SCF=  22  NormRD=  0.000000635955  Uele= -21.793005551335
   SCF=  23  NormRD=  0.000000038244  Uele= -21.793005632315
   SCF=  24  NormRD=  0.000000005817  Uele= -21.793005640519
   SCF=  25  NormRD=  0.000000000560  Uele= -21.793005639848
   SCF=  26  NormRD=  0.000000000433  Uele= -21.793005639880

*******************************************************
        Total energy (Hartree) at MD = 1        
*******************************************************

  Uele.        -21.793005639880

  Ukin.         67.314444540330
  UH0.        -128.484096555298
  UH1.           0.054688233007
  Una.         -68.840970465578
  Unl.          -2.553260757310
  Uxc0.        -10.034377737121
  Uxc1.         -6.573058047105
  Ucore.        28.015266123529
  Uhub.          0.000000000000
  Ucs.           0.000000000000
  Uzs.           0.000000000000
  Uzo.           0.000000000000
  Uef.           0.000000000000
  UvdW.          0.000000000000
  Uch.           0.000000000000
  Utot.       -121.101364665547

  UpV.           0.000000000000
  Enpy.       -121.101364665547
  Note:

  Utot = Ukin+UH0+UH1+Una+Unl+Uxc0+Uxc1+Ucore+Uhub+Ucs+Uzs+Uzo+Uef+UvdW+Uch

  Uele:   band energy
  Ukin:   kinetic energy
  UH0:    electric part of screened Coulomb energy
  UH1:    difference electron-electron Coulomb energy
  Una:    neutral atom potential energy
  Unl:    non-local potential energy
  Uxc0:   exchange-correlation energy for alpha spin
  Uxc1:   exchange-correlation energy for beta spin
  Ucore:  core-core Coulomb energy
  Uhub:   LDA+U energy
  Ucs:    constraint energy for spin orientation
  Uzs:    Zeeman term for spin magnetic moment
  Uzo:    Zeeman term for orbital magnetic moment
  Uef:    electric energy by electric field
  UvdW:   semi-empirical vdW energy
  Uch:    penalty term to create a core hole

  UpV:    pressure times volume
  Enpy:   Enthalpy = Utot + UpV
  (see also PRB 72, 045121(2005) for the energy contributions)



  Chemical potential (Hartree)      -0.143210110708

***********************************************************
***********************************************************
            Eigenvalues (Hartree) for SCF KS-eq.           
***********************************************************
***********************************************************

   Chemical Potential (Hartree) =  -0.14321011070759
   Number of States             =  21.00000000000021
   HOMO for up-spin   = 13
   HOMO for down-spin =  8
   Eigenvalues
                Up-spin            Down-spin
          1  -3.14495769929407  -2.98624080875178
          2  -2.00401540846904  -1.85331782550916
          3  -2.00401540453045  -1.84010127311243
          4  -1.99252987692165  -1.84010127134157
          5  -0.76948573950833  -0.75117302218206
          6  -0.29077362581268  -0.25453729556051
          7  -0.28533175428705  -0.21786658731367
          8  -0.28533175321208  -0.21786658659443
          9  -0.25718863684839  -0.11791829474993
         10  -0.25534763561410  -0.10653726893469
         11  -0.20435255633045  -0.10647703413528
         12  -0.16923544000385  -0.07288169753590
         13  -0.16923543898204  -0.07288169572855
         14  -0.10668930663288  -0.04481232901430
         15   0.08860133364057   0.17549286428423
         16   0.08860133433625   0.17549286514155
         17   0.20870700480780   0.27401759336611
         18   0.25702547218447   0.33817248339442
         19   0.25751880330808   0.33839504684486
         20   0.31973043520090   0.37580504213857
         21   0.31973043576361   0.37580504315088
         22   0.44205576548710   0.46634056321053
         23   0.67918078453198   0.69843243443695
         24   0.67918078494754   0.69843243461099
         25   0.68399393996716   0.70119854976487
         26   1.13258714384115   1.14673658686860
         27   1.13298591243270   1.14712460054712
         28   1.21786221982704   1.23876209783468
         29   1.45743372506521   1.47086637493992
         30   1.45743372535936   1.47086637511938
         31   2.36855396059841   2.38161652578942

***********************************************************
***********************************************************
                   Mulliken populations                    
***********************************************************
***********************************************************

  Total spin moment (muB)   5.000000000

                    Up spin      Down spin     Sum           Diff
      1   Mn      9.602356485  4.950192353  14.552548838   4.652164132
      2    O      3.397643515  3.049807647   6.447451162   0.347835868

 Sum of MulP: up   =    13.00000 down          =     8.00000
              total=    21.00000 ideal(neutral)=    21.00000


  Decomposed Mulliken populations

    1   Mn          Up spin      Down spin     Sum           Diff
            multiple
  s           0    1.000344027  0.999649319   1.999993345   0.000694708
   sum over m      1.000344027  0.999649319   1.999993345   0.000694708
  s           1    0.658994544  0.049098488   0.708093031   0.609896056
   sum over m      0.658994544  0.049098488   0.708093031   0.609896056
   sum over m+mul  1.659338570  1.048747806   2.708086376   0.610590764
  px          0    1.001264834  1.002260261   2.003525095  -0.000995427
  py          0    1.000354416  1.000305616   2.000660031   0.000048800
  pz          0    1.000354416  1.000305616   2.000660031   0.000048800
   sum over m      3.001973665  3.002871492   6.004845158  -0.000897827
  px          1    0.026625950  0.023483851   0.050109801   0.003142099
  py          1    0.067897568  0.020722705   0.088620273   0.047174864
  pz          1    0.067897568  0.020722705   0.088620273   0.047174864
   sum over m      0.162421087  0.064929261   0.227350348   0.097491826
   sum over m+mul  3.164394752  3.067800753   6.232195505   0.096593999
  d3z^2-r^2   0    0.933661088  0.054903559   0.988564647   0.878757529
  dx^2-y^2    0    0.801993607  0.164710611   0.966704218   0.637282996
  dxy         0    0.999812242  0.271376546   1.271188788   0.728435696
  dxz         0    0.999812242  0.271376541   1.271188783   0.728435701
  dyz         0    0.999131573  0.000000000   0.999131573   0.999131573
   sum over m      4.734410752  0.762367258   5.496778010   3.972043494
  d3z^2-r^2   1    0.003693385  0.001495160   0.005188545   0.002198226
  dx^2-y^2    1    0.008749700  0.004485497   0.013235197   0.004264203
  dxy         1    0.015100043  0.032647939   0.047747982  -0.017547897
  dxz         1    0.015100043  0.032647939   0.047747982  -0.017547897
  dyz         1    0.001569241  0.000000000   0.001569241   0.001569241
   sum over m      0.044212411  0.071276535   0.115488946  -0.027064124
   sum over m+mul  4.778623163  0.833643793   5.612266956   3.944979370

    2    O          Up spin      Down spin     Sum           Diff
            multiple
  s           0    0.957948592  0.945508152   1.903456744   0.012440441
   sum over m      0.957948592  0.945508152   1.903456744   0.012440441
  s           1   -0.002196760 -0.001418843  -0.003615604  -0.000777917
   sum over m     -0.002196760 -0.001418843  -0.003615604  -0.000777917
   sum over m+mul  0.955751832  0.944089308   1.899841141   0.011662524
  px          0    0.601351128  0.755660879   1.357012007  -0.154309751
  py          0    0.922983161  0.677111191   1.600094352   0.245871970
  pz          0    0.922983161  0.677111196   1.600094357   0.245871965
   sum over m      2.447317450  2.109883266   4.557200716   0.337434184
  px          1    0.008034959 -0.000772320   0.007262639   0.008807279
  py          1   -0.003534261  0.000682050  -0.002852211  -0.004216311
  pz          1   -0.003534261  0.000682050  -0.002852211  -0.004216311
   sum over m      0.000966437  0.000591780   0.001558217   0.000374657
   sum over m+mul  2.448283888  2.110475046   4.558758934   0.337808841
  d3z^2-r^2   0   -0.000446299  0.000233845  -0.000212454  -0.000680144
  dx^2-y^2    0   -0.000018754  0.000701542   0.000682788  -0.000720296
  dxy         0   -0.002613169 -0.002846047  -0.005459216   0.000232878
  dxz         0   -0.002613169 -0.002846047  -0.005459216   0.000232878
  dyz         0   -0.000700814 -0.000000000  -0.000700814  -0.000700814
   sum over m     -0.006392205 -0.004756707  -0.011148912  -0.001635497
   sum over m+mul -0.006392205 -0.004756707  -0.011148912  -0.001635497

***********************************************************
***********************************************************
                    Dipole moment (Debye)                  
***********************************************************
***********************************************************

 Absolute D        5.10031102

                      Dx                Dy                Dz
 Total             -5.10031102        0.00000000        0.00000000
 Core              48.99270934        0.00000000        0.00000000
 Electron         -54.09302036        0.00000000        0.00000000
 Back ground       -0.00000000       -0.00000000        0.00000000

***********************************************************
***********************************************************
       xyz-coordinates (Ang) and forces (Hartree/Bohr)  
***********************************************************
***********************************************************

<coordinates.forces
  2
    1    Mn     0.00000   0.00000   0.00000   0.012279201848 -0.000000000000 -0.000000000000
    2     O     1.70000   0.00000   0.00000  -0.023163024030 -0.000000000000 -0.000000000000
coordinates.forces>

***********************************************************
***********************************************************
       Fractional coordinates of the final structure       
***********************************************************
***********************************************************

     1     Mn     0.00000000000000   0.00000000000000   0.00000000000000
     2      O     0.17891506955596   0.00000000000000   0.00000000000000

***********************************************************
***********************************************************
               Computational Time (second)                 
***********************************************************
***********************************************************

   Elapsed.Time.        17.442

                               Min_ID   Min_Time       Max_ID   Max_Time
   Total Computational Time =     0       17.442          0       17.442
   readfile                 =     0        1.858          0        1.858
   truncation               =     0        0.176          0        0.176
   MD_pac                   =     0        0.003          0        0.003
   OutData                  =     0        2.708          0        2.708
   HWF                      =     0        0.000          0        0.000
   DFT                      =     0       12.692          0       12.692

*** In DFT ***

   Set_OLP_Kin              =     0        0.074          0        0.074
   Set_Nonlocal             =     0        0.050          0        0.050
   Set_ProExpn_VNA          =     0        0.166          0        0.166
   Set_Hamiltonian          =     0        5.580          0        5.580
   Poisson                  =     0        0.363          0        0.363
   Diagonalization          =     0        0.061          0        0.061
   Mixing_DM                =     0        4.167          0        4.167
   Force                    =     0        0.139          0        0.139
   Total_Energy             =     0        0.133          0        0.133
   Set_Aden_Grid            =     0        0.023          0        0.023
   Set_Orbitals_Grid        =     0        0.033          0        0.033
   Set_Density_Grid         =     0        0.777          0        0.777
   RestartFileDFT           =     0        0.087          0        0.087
   Mulliken_Charge          =     0        0.002          0        0.002
   FFT(2D)_Density          =     0        0.862          0        0.862
   Others                   =     0        0.174          0        0.174
