***********************************************************
***********************************************************

  This calculation was performed by OpenMX Ver. 4.0
  using 1 MPI processes and 1 OpenMP threads.

  Sat Apr  4 23:37:33 2026

***********************************************************
***********************************************************

#
# File Name
#

System.CurrrentDirectory         ./    # default=./
System.Name                      Ndia2
level.of.stdout                   1    # default=1 (1-3)
level.of.fileout                  1    # default=1 (0-2)

#
# Definition of Atomic Species
#

Species.Number       1
<Definition.of.Atomic.Species
 C   C5.0-s1p1  C_CA19
Definition.of.Atomic.Species>

#
# Atoms
#

Atoms.Number         2
Atoms.SpeciesAndCoordinates.Unit   Ang # Ang|AU
<Atoms.SpeciesAndCoordinates           
 1  C  0.100 -0.020  0.010   2.0 2.0
 2  C  0.890  0.890  0.890   2.0 2.0
Atoms.SpeciesAndCoordinates>
Atoms.UnitVectors.Unit             Ang # Ang|AU
<Atoms.UnitVectors                     
   1.7800  1.7800  0.0000
   1.7800  0.0000  1.7800
   0.0000  1.7800  1.7800
Atoms.UnitVectors>

#
# SCF or Electronic System
#

scf.XcType                  LDA        # LDA|LSDA-CA|LSDA-PW|GGA-PBE
scf.SpinPolarization        off        # On|Off|NC
scf.ElectronicTemperature  300.0       # default=300 (K)
scf.energycutoff           100.0       # default=150 (Ry)
scf.maxIter                  100       # default=40
scf.EigenvalueSolver       band        # DC|GDC|Cluster|Band
scf.Kgrid                  7 7 7       # means n1 x n2 x n3
scf.Mixing.Type           rmm-diisk    # Simple|Rmm-Diis|Gr-Pulay|Kerker|Rmm-Diisk
scf.Init.Mixing.Weight     0.30        # default=0.30 
scf.Min.Mixing.Weight      0.001       # default=0.001 
scf.Max.Mixing.Weight      0.700       # default=0.40 
scf.Mixing.History          7          # default=5
scf.Mixing.StartPulay       5          # default=6
scf.criterion             1.0e-10      # default=1.0e-6 (Hartree) 
scf.lapack.dste            dstevx      # dstegr|dstedc|dstevx, default=dstevx
  
#
# MD or Geometry Optimization
#

MD.Type                     nomd       # Nomd|Opt|NVE|NVT_VS|NVT_NH
MD.maxIter                    1        # default=1
MD.TimeStep                   1        # default=0.5 (fs)
MD.Opt.criterion         1.0e-5        # default=1.0e-4 (Hartree/bohr)


***********************************************************
***********************************************************

  Required cutoff energy (Ryd) for 3D-grids = 100.0000
      Used cutoff energy (Ryd) for 3D-grids = 94.2076, 94.2076, 94.2076
  Num. of grids of a-, b-, and c-axes = 12, 12, 12

  Num.Grid1.    12
  Num.Grid2.    12
  Num.Grid3.    12


  Cell_Volume =     76.117849485348 (Bohr^3)
  GridVol     =      0.044049681415 (Bohr^3)
  Cell vectors (bohr) of the grid cell (gtv)
    gtv_a =  0.280309354973,  0.280309354973,  0.000000000000
    gtv_b =  0.280309354973,  0.000000000000,  0.280309354973
    gtv_c =  0.000000000000,  0.280309354973,  0.280309354973
    |gtv_a| =  0.396417291462
    |gtv_b| =  0.396417291462
    |gtv_c| =  0.396417291462

***********************************************************
***********************************************************


***********************************************************
***********************************************************
                  SCF history at MD= 1                    
***********************************************************
***********************************************************

   SCF=   1  NormRD=  1.000000000000  Uele= -2.927912048641
   SCF=   2  NormRD=  0.560499689141  Uele= -2.927912048641
   SCF=   3  NormRD=  0.320256449469  Uele= -3.089023038460
   SCF=   4  NormRD=  0.116372375627  Uele= -3.221907668179
   SCF=   5  NormRD=  0.036543511638  Uele= -3.273408455204
   SCF=   6  NormRD=  0.000068677206  Uele= -3.297211503417
   SCF=   7  NormRD=  0.000021961135  Uele= -3.297172412677
   SCF=   8  NormRD=  0.000000798655  Uele= -3.297188290697
   SCF=   9  NormRD=  0.000000009447  Uele= -3.297188915558
   SCF=  10  NormRD=  0.000000000836  Uele= -3.297188908543
   SCF=  11  NormRD=  0.000000000120  Uele= -3.297188908024
   SCF=  12  NormRD=  0.000000000004  Uele= -3.297188907918
   SCF=  13  NormRD=  0.000000000004  Uele= -3.297188907918

*******************************************************
        Total energy (Hartree) at MD = 1        
*******************************************************

  Uele.         -3.297188907918

  Ukin.          7.708091045017
  UH0.        -267.084357403855
  UH1.           0.071892331123
  Una.          -5.252376331910
  Unl.          -0.788715778916
  Uxc0.         -1.905513004151
  Uxc1.         -1.905513004151
  Ucore.       257.584823537260
  Uhub.          0.000000000000
  Ucs.           0.000000000000
  Uzs.           0.000000000000
  Uzo.           0.000000000000
  Uef.           0.000000000000
  UvdW.          0.000000000000
  Uch.           0.000000000000
  Utot.        -11.571668609583

  UpV.           0.000000000000
  Enpy.        -11.571668609583
  Note:

  Utot = Ukin+UH0+UH1+Una+Unl+Uxc0+Uxc1+Ucore+Uhub+Ucs+Uzs+Uzo+Uef+UvdW+Uch

  Uele:   band energy
  Ukin:   kinetic energy
  UH0:    electric part of screened Coulomb energy
  UH1:    difference electron-electron Coulomb energy
  Una:    neutral atom potential energy
  Unl:    non-local potential energy
  Uxc0:   exchange-correlation energy for alpha spin
  Uxc1:   exchange-correlation energy for beta spin
  Ucore:  core-core Coulomb energy
  Uhub:   LDA+U energy
  Ucs:    constraint energy for spin orientation
  Uzs:    Zeeman term for spin magnetic moment
  Uzo:    Zeeman term for orbital magnetic moment
  Uef:    electric energy by electric field
  UvdW:   semi-empirical vdW energy
  Uch:    penalty term to create a core hole

  UpV:    pressure times volume
  Enpy:   Enthalpy = Utot + UpV
  (see also PRB 72, 045121(2005) for the energy contributions)



  Chemical potential (Hartree)       0.028565884859

***********************************************************
***********************************************************
           Eigenvalues (Hartree) of SCF KS-eq.           
***********************************************************
***********************************************************

   Chemical Potential (Hartree) =   0.02856588485884
   Number of States             =   8.00000000000000
   Eigenvalues
              Up-spin           Down-spin

   kloop=0
   k1=   0.00000 k2=  -0.00000 k3=   0.00000

    1   -0.86428822360865  -0.86428822360865
    2   -0.15684128665977  -0.15684128665977
    3   -0.08914338632298  -0.08914338632298
    4   -0.02477226079542  -0.02477226079542
    5    0.08361789958173   0.08361789958173
    6    0.14133951989902   0.14133951989902
    7    0.21985157252588   0.21985157252588
    8    0.49729701134018   0.49729701134018

   kloop=1
   k1=   0.00000 k2=  -0.00000 k3=   0.14286

    1   -0.84273589480958  -0.84273589480958
    2   -0.23406263454835  -0.23406263454835
    3   -0.13488112254991  -0.13488112254991
    4   -0.07582798399132  -0.07582798399132
    5    0.14390514734405   0.14390514734405
    6    0.19574370466684   0.19574370466684
    7    0.28717295132661   0.28717295132661
    8    0.52585919943411   0.52585919943411

   kloop=2
   k1=   0.00000 k2=  -0.00000 k3=   0.28571

    1   -0.78035835485205  -0.78035835485205
    2   -0.38369454532458  -0.38369454532458
    3   -0.18836993298004  -0.18836993298004
    4   -0.13111972926325  -0.13111972926325
    5    0.21032354207693   0.21032354207693
    6    0.27574812667088   0.27574812667088
    7    0.36651739039819   0.36651739039819
    8    0.59760504331748   0.59760504331748

   kloop=3
   k1=   0.00000 k2=  -0.00000 k3=   0.42857

    1   -0.68711624739575  -0.68711624739575
    2   -0.52739603572366  -0.52739603572366
    3   -0.21644433707013  -0.21644433707013
    4   -0.15888850234415  -0.15888850234415
    5    0.23641373904012   0.23641373904012
    6    0.31392332646648   0.31392332646648
    7    0.40618401685688   0.40618401685688
    8    0.65269974773609   0.65269974773609

   kloop=4
   k1=   0.00000 k2=   0.14286 k3=   0.00000

    1   -0.84322626040654  -0.84322626040654
    2   -0.18209408224449  -0.18209408224449
    3   -0.17543773700900  -0.17543773700900
    4   -0.10289604342627  -0.10289604342627
    5    0.15258718594490   0.15258718594490
    6    0.21287537074323   0.21287537074323
    7    0.25894516950205   0.25894516950205
    8    0.50786112057690   0.50786112057690

   kloop=5
   k1=   0.00000 k2=   0.14286 k3=   0.14286

    1   -0.83583625779274  -0.83583625779274
    2   -0.21450595118790  -0.21450595118790
    3   -0.16848320547586  -0.16848320547586
    4   -0.11305305806117  -0.11305305806117
    5    0.11444217383641   0.11444217383641
    6    0.25805421945466   0.25805421945466
    7    0.30614969385670   0.30614969385670
    8    0.51135254884641   0.51135254884641

   kloop=6
   k1=   0.00000 k2=   0.14286 k3=   0.28571

    1   -0.78680446694530  -0.78680446694530
    2   -0.33273577772272  -0.33273577772272
    3   -0.22200105824884  -0.22200105824884
    4   -0.14713226412403  -0.14713226412403
    5    0.15164391503878   0.15164391503878
    6    0.32928461330325   0.32928461330325
    7    0.40239618823326   0.40239618823326
    8    0.55689800608865   0.55689800608865

   kloop=7
   k1=   0.00000 k2=   0.14286 k3=   0.42857

    1   -0.70212587771712  -0.70212587771712
    2   -0.47423021779084  -0.47423021779084
    3   -0.24711761280564  -0.24711761280564
    4   -0.20232022114170  -0.20232022114170
    5    0.21956355435246   0.21956355435246
    6    0.35871201008271   0.35871201008271
    7    0.44630326125138   0.44630326125138
    8    0.62592234997589   0.62592234997589

   kloop=8
   k1=   0.00000 k2=   0.14286 k3=   0.57143

    1   -0.64377036399834  -0.64377036399834
    2   -0.54715246218448  -0.54715246218448
    3   -0.25778536206584  -0.25778536206584
    4   -0.21784903875777  -0.21784903875777
    5    0.25720481555348   0.25720481555348
    6    0.36717089501413   0.36717089501413
    7    0.43387914565740   0.43387914565740
    8    0.64466007378215   0.64466007378215

   kloop=9
   k1=   0.00000 k2=   0.14286 k3=   0.71429

    1   -0.73480270462946  -0.73480270462946
    2   -0.42233600948757  -0.42233600948757
    3   -0.25835730257298  -0.25835730257298
    4   -0.18369993370952  -0.18369993370952
    5    0.25634191796045   0.25634191796045
    6    0.34410127423168   0.34410127423168
    7    0.39176748063712   0.39176748063712
    8    0.59198543165535   0.59198543165535

   kloop=10
   k1=   0.00000 k2=   0.14286 k3=   0.85714

    1   -0.80822698729967  -0.80822698729967
    2   -0.27625458810247  -0.27625458810247
    3   -0.23000673672821  -0.23000673672821
    4   -0.12886102129833  -0.12886102129833
    5    0.19384618894198   0.19384618894198
    6    0.27670905851173   0.27670905851173
    7    0.33381859722106   0.33381859722106
    8    0.53135443960703   0.53135443960703

   kloop=11
   k1=   0.00000 k2=   0.28571 k3=   0.00000

    1   -0.78256385357096  -0.78256385357096
    2   -0.35409456981801  -0.35409456981801
    3   -0.21134915401621  -0.21134915401621
    4   -0.14683773737931  -0.14683773737931
    5    0.20185961026525   0.20185961026525
    6    0.29653650370406   0.29653650370406
    7    0.32410663859372   0.32410663859372
    8    0.53118223654235   0.53118223654235

   kloop=12
   k1=   0.00000 k2=   0.28571 k3=   0.14286

    1   -0.78835707262001  -0.78835707262001
    2   -0.28808890658026  -0.28808890658026
    3   -0.23941170554428  -0.23941170554428
    4   -0.19167564017072  -0.19167564017072
    5    0.18170958272814   0.18170958272814
    6    0.33221764748533   0.33221764748533
    7    0.36326555967468   0.36326555967468
    8    0.50107362484230   0.50107362484230

   kloop=13
   k1=   0.00000 k2=   0.28571 k3=   0.28571

    1   -0.75323004882478  -0.75323004882478
    2   -0.32066514367157  -0.32066514367157
    3   -0.25772457326318  -0.25772457326318
    4   -0.23554296226842  -0.23554296226842
    5    0.12800732713303   0.12800732713303
    6    0.37550119654044   0.37550119654044
    7    0.46873679526201   0.46873679526201
    8    0.50655917419040   0.50655917419040

   kloop=14
   k1=   0.00000 k2=   0.28571 k3=   0.42857

    1   -0.68107057596000  -0.68107057596000
    2   -0.42577858404937  -0.42577858404937
    3   -0.29418365875414  -0.29418365875414
    4   -0.27354883804437  -0.27354883804437
    5    0.18230246093468   0.18230246093468
    6    0.36622972961625   0.36622972961625
    7    0.52386216114473   0.52386216114473
    8    0.57726354112145   0.57726354112145

   kloop=15
   k1=   0.00000 k2=   0.28571 k3=   0.57143

    1   -0.59369852950349  -0.59369852950349
    2   -0.52326890722588  -0.52326890722588
    3   -0.35899033217275  -0.35899033217275
    4   -0.26934181535624  -0.26934181535624
    5    0.24276937415551   0.24276937415551
    6    0.41038183998473   0.41038183998473
    7    0.50774203906719   0.50774203906719
    8    0.61368972704731   0.61368972704731

   kloop=16
   k1=   0.00000 k2=   0.28571 k3=   0.71429

    1   -0.65823243066760  -0.65823243066760
    2   -0.44366904297055  -0.44366904297055
    3   -0.38483901915931  -0.38483901915931
    4   -0.22930577285765  -0.22930577285765
    5    0.26490635466018   0.26490635466018
    6    0.42298294810544   0.42298294810544
    7    0.46365060086684   0.46365060086684
    8    0.56768138744203   0.56768138744203

   kloop=17
   k1=   0.00000 k2=   0.28571 k3=   0.85714

    1   -0.73704300458962  -0.73704300458962
    2   -0.39705548709727  -0.39705548709727
    3   -0.29325049268411  -0.29325049268411
    4   -0.17138033214907  -0.17138033214907
    5    0.23321407993741   0.23321407993741
    6    0.34284947210175   0.34284947210175
    7    0.41003371893202   0.41003371893202
    8    0.52629940398348   0.52629940398348

   kloop=18
   k1=   0.00000 k2=   0.42857 k3=   0.00000

    1   -0.69692330367843  -0.69692330367843
    2   -0.49820035339738  -0.49820035339738
    3   -0.23217013549317  -0.23217013549317
    4   -0.16980450289027  -0.16980450289027
    5    0.21869629151428   0.21869629151428
    6    0.33413464162251   0.33413464162251
    7    0.35799134966875   0.35799134966875
    8    0.54815620623478   0.54815620623478

   kloop=19
   k1=   0.00000 k2=   0.42857 k3=   0.14286

    1   -0.70838897750280  -0.70838897750280
    2   -0.44225709979451  -0.44225709979451
    3   -0.27132588314901  -0.27132588314901
    4   -0.21476821726919  -0.21476821726919
    5    0.23944647324248   0.23944647324248
    6    0.37329430800479   0.37329430800479
    7    0.40463396451787   0.40463396451787
    8    0.51036095279098   0.51036095279098

   kloop=20
   k1=   0.00000 k2=   0.42857 k3=   0.28571

    1   -0.68465052146447  -0.68465052146447
    2   -0.38664152591105  -0.38664152591105
    3   -0.33631442829665  -0.33631442829665
    4   -0.27392904182650  -0.27392904182650
    5    0.20100477885992   0.20100477885992
    6    0.37801177315509   0.37801177315509
    7    0.49842954582915   0.49842954582915
    8    0.51598109148443   0.51598109148443

   kloop=21
   k1=   0.00000 k2=   0.42857 k3=   0.42857

    1   -0.62545444019315  -0.62545444019315
    2   -0.46966362522143  -0.46966362522143
    3   -0.30375060462038  -0.30375060462038
    4   -0.29672377721675  -0.29672377721675
    5    0.17468238549739   0.17468238549739
    6    0.27698371886271   0.27698371886271
    7    0.57004817789570   0.57004817789570
    8    0.58242207198118   0.58242207198118

   kloop=22
   k1=   0.00000 k2=   0.42857 k3=   0.57143

    1   -0.55147744993224  -0.55147744993224
    2   -0.53604261312021  -0.53604261312021
    3   -0.35617918173248  -0.35617918173248
    4   -0.30007593703003  -0.30007593703003
    5    0.23000379580938   0.23000379580938
    6    0.30408706315447   0.30408706315447
    7    0.56347228333336   0.56347228333336
    8    0.59370203042832   0.59370203042832

   kloop=23
   k1=   0.00000 k2=   0.42857 k3=   0.71429

    1   -0.61086751930852  -0.61086751930852
    2   -0.47789528573036  -0.47789528573036
    3   -0.39423607404017  -0.39423607404017
    4   -0.26472872124993  -0.26472872124993
    5    0.24938534930546   0.24938534930546
    6    0.44796144205972   0.44796144205972
    7    0.47813191492567   0.47813191492567
    8    0.54173948542435   0.54173948542435

   kloop=24
   k1=   0.00000 k2=   0.42857 k3=   0.85714

    1   -0.65956803031199  -0.65956803031199
    2   -0.51085234700603  -0.51085234700603
    3   -0.29324230058505  -0.29324230058505
    4   -0.20591390801457  -0.20591390801457
    5    0.25024380393673   0.25024380393673
    6    0.37048675176632   0.37048675176632
    7    0.42921534135319   0.42921534135319
    8    0.52835987827465   0.52835987827465

   kloop=25
   k1=   0.14286 k2=  -0.00000 k3=   0.00000

    1   -0.84312545507750  -0.84312545507750
    2   -0.19338151914871  -0.19338151914871
    3   -0.17804849552828  -0.17804849552828
    4   -0.08187127274346  -0.08187127274346
    5    0.13302856011044   0.13302856011044
    6    0.22562604850381   0.22562604850381
    7    0.26441663281762   0.26441663281762
    8    0.51105712246196   0.51105712246196

   kloop=26
   k1=   0.14286 k2=  -0.00000 k3=   0.14286

    1   -0.83583531954240  -0.83583531954240
    2   -0.21447047869086  -0.21447047869086
    3   -0.16812356528659  -0.16812356528659
    4   -0.11367710437637  -0.11367710437637
    5    0.11499357923671   0.11499357923671
    6    0.25686342946434   0.25686342946434
    7    0.30714520873402   0.30714520873402
    8    0.51118923006715   0.51118923006715

   kloop=27
   k1=   0.14286 k2=  -0.00000 k3=   0.28571

    1   -0.78690885769854  -0.78690885769854
    2   -0.33126755368121  -0.33126755368121
    3   -0.21792841942332  -0.21792841942332
    4   -0.15568379429957  -0.15568379429957
    5    0.16038492026274   0.16038492026274
    6    0.32384416290026   0.32384416290026
    7    0.40144277371424   0.40144277371424
    8    0.55124757371259   0.55124757371259

   kloop=28
   k1=   0.14286 k2=  -0.00000 k3=   0.42857

    1   -0.70234930750496  -0.70234930750496
    2   -0.47326323095143  -0.47326323095143
    3   -0.24953428660261  -0.24953428660261
    4   -0.20132997344137  -0.20132997344137
    5    0.22486214529307   0.22486214529307
    6    0.36017023814968   0.36017023814968
    7    0.44366016386021   0.44366016386021
    8    0.61830747115223   0.61830747115223

   kloop=29
   k1=   0.14286 k2=  -0.00000 k3=   0.57143

    1   -0.64349848669177  -0.64349848669177
    2   -0.54738669866937  -0.54738669866937
    3   -0.26873174992397  -0.26873174992397
    4   -0.20469160683579  -0.20469160683579
    5    0.24860383867982   0.24860383867982
    6    0.38039559735626   0.38039559735626
    7    0.43297935551867   0.43297935551867
    8    0.64309724158952   0.64309724158952

   kloop=30
   k1=   0.14286 k2=  -0.00000 k3=   0.71429

    1   -0.73448036719871  -0.73448036719871
    2   -0.42353944415006  -0.42353944415006
    3   -0.26855956772133  -0.26855956772133
    4   -0.16749839161151  -0.16749839161151
    5    0.23145412342613   0.23145412342613
    6    0.36752113103549   0.36752113103549
    7    0.39654581524428   0.39654581524428
    8    0.59651273389607   0.59651273389607

   kloop=31
   k1=   0.14286 k2=  -0.00000 k3=   0.85714

    1   -0.80802243492002  -0.80802243492002
    2   -0.28016062620674  -0.28016062620674
    3   -0.23787437965954  -0.23787437965954
    4   -0.10940094104122  -0.10940094104122
    5    0.16796292830849   0.16796292830849
    6    0.29594761719100   0.29594761719100
    7    0.34170235905655   0.34170235905655
    8    0.53733592768746   0.53733592768746

   kloop=32
   k1=   0.14286 k2=   0.14286 k3=   0.00000

    1   -0.83580158369085  -0.83580158369085
    2   -0.21078037613364  -0.21078037613364
    3   -0.15715934217441  -0.15715934217441
    4   -0.13526005071048  -0.13526005071048
    5    0.13357324105031   0.13357324105031
    6    0.23432557652590   0.23432557652590
    7    0.32045534670052   0.32045534670052
    8    0.50778006229546   0.50778006229546

   kloop=33
   k1=   0.14286 k2=   0.14286 k3=   0.14286

    1   -0.84278978421306  -0.84278978421306
    2   -0.23141541631132  -0.23141541631132
    3   -0.13893219063073  -0.13893219063073
    4   -0.07454750149606  -0.07454750149606
    5    0.14146928105720   0.14146928105720
    6    0.19477467206217   0.19477467206217
    7    0.28999511994185   0.28999511994185
    8    0.52348833833952   0.52348833833952

   kloop=34
   k1=   0.14286 k2=   0.14286 k3=   0.28571

    1   -0.80735785522961  -0.80735785522961
    2   -0.30346827998830  -0.30346827998830
    3   -0.22707014389805  -0.22707014389805
    4   -0.08051904486870  -0.08051904486870
    5    0.15190807958772   0.15190807958772
    6    0.26709307432812   0.26709307432812
    7    0.39176743910339   0.39176743910339
    8    0.55763733284334   0.55763733284334

   kloop=35
   k1=   0.14286 k2=   0.14286 k3=   0.42857

    1   -0.73341564807912  -0.73341564807912
    2   -0.42849744343031  -0.42849744343031
    3   -0.27949063510285  -0.27949063510285
    4   -0.14211889693715  -0.14211889693715
    5    0.23013766889310   0.23013766889310
    6    0.31024917488071   0.31024917488071
    7    0.46956964852821   0.46956964852821
    8    0.60852318493167   0.60852318493167

   kloop=36
   k1=   0.14286 k2=   0.14286 k3=   0.57143

    1   -0.64258042582827  -0.64258042582827
    2   -0.54812375740561  -0.54812375740561
    3   -0.28230637481399  -0.28230637481399
    4   -0.18854981845622  -0.18854981845622
    5    0.28444629463571   0.28444629463571
    6    0.32828461211820   0.32828461211820
    7    0.46224536036603   0.46224536036603
    8    0.63786824944564   0.63786824944564

   kloop=37
   k1=   0.14286 k2=   0.14286 k3=   0.71429

    1   -0.70301779332500  -0.70301779332500
    2   -0.46964974559082  -0.46964974559082
    3   -0.25365863696228  -0.25365863696228
    4   -0.20482191276534  -0.20482191276534
    5    0.27798680269469   0.27798680269469
    6    0.33432996988867   0.33432996988867
    7    0.42742772158849   0.42742772158849
    8    0.59724324277036   0.59724324277036

   kloop=38
   k1=   0.14286 k2=   0.14286 k3=   0.85714

    1   -0.78719316077456  -0.78719316077456
    2   -0.32327457782379  -0.32327457782379
    3   -0.20564237891778  -0.20564237891778
    4   -0.18612704885700  -0.18612704885700
    5    0.19362208195880   0.19362208195880
    6    0.30998073072397   0.30998073072397
    7    0.39082765835260   0.39082765835260
    8    0.53419408332751   0.53419408332751

   kloop=39
   k1=   0.14286 k2=   0.28571 k3=   0.00000

    1   -0.78789027188874  -0.78789027188874
    2   -0.29477031366454  -0.29477031366454
    3   -0.24562659393953  -0.24562659393953
    4   -0.17526587921345  -0.17526587921345
    5    0.17197511813357   0.17197511813357
    6    0.31927562896560   0.31927562896560
    7    0.39372080998524   0.39372080998524
    8    0.50643519160327   0.50643519160327

   kloop=40
   k1=   0.14286 k2=   0.28571 k3=   0.14286

    1   -0.80833357149271  -0.80833357149271
    2   -0.27233891603665  -0.27233891603665
    3   -0.23202505863001  -0.23202505863001
    4   -0.13206169133610  -0.13206169133610
    5    0.19393935235683   0.19393935235683
    6    0.27564988965083   0.27564988965083
    7    0.33468749831531   0.33468749831531
    8    0.52786578418824   0.52786578418824

   kloop=41
   k1=   0.14286 k2=   0.28571 k3=   0.28571

    1   -0.78702196435289  -0.78702196435289
    2   -0.32916805035692  -0.32916805035692
    3   -0.22094667192943  -0.22094667192943
    4   -0.15466713747776  -0.15466713747776
    5    0.15780691125421   0.15780691125421
    6    0.32223720401027   0.32223720401027
    7    0.40579923487072   0.40579923487072
    8    0.54639803930519   0.54639803930519

   kloop=42
   k1=   0.14286 k2=   0.28571 k3=   0.42857

    1   -0.72626830920196  -0.72626830920196
    2   -0.39285191920028  -0.39285191920028
    3   -0.30931823743428  -0.30931823743428
    4   -0.19138908595553  -0.19138908595553
    5    0.20622906885896   0.20622906885896
    6    0.35540313441061   0.35540313441061
    7    0.51564340943234   0.51564340943234
    8    0.55955930635221   0.55955930635221

   kloop=43
   k1=   0.14286 k2=   0.28571 k3=   0.57143

    1   -0.63556151844682  -0.63556151844682
    2   -0.49899077366376  -0.49899077366376
    3   -0.34153749324825  -0.34153749324825
    4   -0.24750425244558  -0.24750425244558
    5    0.29711677454498   0.29711677454498
    6    0.36833863540330   0.36833863540330
    7    0.51372317607103   0.51372317607103
    8    0.60557254454831   0.60557254454831

   kloop=44
   k1=   0.14286 k2=   0.28571 k3=   0.71429

    1   -0.63894480065029  -0.63894480065029
    2   -0.48997873173813  -0.48997873173813
    3   -0.33709439945903  -0.33709439945903
    4   -0.26284393324449  -0.26284393324449
    5    0.33925014196057   0.33925014196057
    6    0.36328975859602   0.36328975859602
    7    0.46952957354540   0.46952957354540
    8    0.58577037111965   0.58577037111965

   kloop=45
   k1=   0.14286 k2=   0.28571 k3=   0.85714

    1   -0.72824452452824  -0.72824452452824
    2   -0.36325034503003  -0.36325034503003
    3   -0.31613238735279  -0.31613238735279
    4   -0.22678375357992  -0.22678375357992
    5    0.24420652194550   0.24420652194550
    6    0.36548099387997   0.36548099387997
    7    0.45569049041506   0.45569049041506
    8    0.51664197799946   0.51664197799946

   kloop=46
   k1=   0.14286 k2=   0.42857 k3=   0.00000

    1   -0.70754092745658  -0.70754092745658
    2   -0.44595710654223  -0.44595710654223
    3   -0.26111101575896  -0.26111101575896
    4   -0.22096176263078  -0.22096176263078
    5    0.21948190282321   0.21948190282321
    6    0.36768008409055   0.36768008409055
    7    0.42586439216526   0.42586439216526
    8    0.52439548995817   0.52439548995817

   kloop=47
   k1=   0.14286 k2=   0.42857 k3=   0.14286

    1   -0.73719976407672  -0.73719976407672
    2   -0.39635705043938  -0.39635705043938
    3   -0.29178065979231  -0.29178065979231
    4   -0.17455787302657  -0.17455787302657
    5    0.23138002117073   0.23138002117073
    6    0.35339051719826   0.35339051719826
    7    0.39957208606561   0.39957208606561
    8    0.52504623856272   0.52504623856272

   kloop=48
   k1=   0.14286 k2=   0.42857 k3=   0.28571

    1   -0.72859422461703  -0.72859422461703
    2   -0.36554999982072  -0.36554999982072
    3   -0.31291220334317  -0.31291220334317
    4   -0.22542013006505  -0.22542013006505
    5    0.22154378406260   0.22154378406260
    6    0.40276211783239   0.40276211783239
    7    0.42607454727011   0.42607454727011
    8    0.52651534152707   0.52651534152707

   kloop=49
   k1=   0.14286 k2=   0.42857 k3=   0.42857

    1   -0.68156796958755  -0.68156796958755
    2   -0.42151674019478  -0.42151674019478
    3   -0.30578958582408  -0.30578958582408
    4   -0.26613268901027  -0.26613268901027
    5    0.18283716982045   0.18283716982045
    6    0.37069455768364   0.37069455768364
    7    0.53114632928466   0.53114632928466
    8    0.55727328097029   0.55727328097029

   kloop=50
   k1=   0.14286 k2=   0.42857 k3=   0.57143

    1   -0.60170916112913  -0.60170916112913
    2   -0.48583433893895  -0.48583433893895
    3   -0.35257150939969  -0.35257150939969
    4   -0.31367006258809  -0.31367006258809
    5    0.26347000837375   0.26347000837375
    6    0.36182623876742   0.36182623876742
    7    0.55775813258202   0.55775813258202
    8    0.57472929351240   0.57472929351240

   kloop=51
   k1=   0.14286 k2=   0.42857 k3=   0.71429

    1   -0.56833939594331  -0.56833939594331
    2   -0.49741758905991  -0.49741758905991
    3   -0.40180255736626  -0.40180255736626
    4   -0.32215120891423  -0.32215120891423
    5    0.33495740774510   0.33495740774510
    6    0.42618401881874   0.42618401881874
    7    0.47802250341198   0.47802250341198
    8    0.56868174573584   0.56868174573584

   kloop=52
   k1=   0.14286 k2=   0.42857 k3=   0.85714

    1   -0.64605457248486  -0.64605457248486
    2   -0.46361774014876  -0.46361774014876
    3   -0.34790966676018  -0.34790966676018
    4   -0.27529617613445  -0.27529617613445
    5    0.29796029968173   0.29796029968173
    6    0.38544027396825   0.38544027396825
    7    0.49416875753770   0.49416875753770
    8    0.51676005242307   0.51676005242307

   kloop=53
   k1=   0.14286 k2=   0.57143 k3=   0.00000

    1   -0.66023726844769  -0.66023726844769
    2   -0.51034224789995  -0.51034224789995
    3   -0.25532031160724  -0.25532031160724
    4   -0.24987870349624  -0.24987870349624
    5    0.25226610351097   0.25226610351097
    6    0.37389248496925   0.37389248496925
    7    0.41026917494137   0.41026917494137
    8    0.53590622245765   0.53590622245765

   kloop=54
   k1=   0.14286 k2=   0.57143 k3=   0.14286

    1   -0.65965772798488  -0.65965772798488
    2   -0.51078794602482  -0.51078794602482
    3   -0.29160295250828  -0.29160295250828
    4   -0.20785691127203  -0.20785691127203
    5    0.24492299229835   0.24492299229835
    6    0.38475935147689   0.38475935147689
    7    0.41846228213613   0.41846228213613
    8    0.52916083690460   0.52916083690460

   kloop=55
   k1=   0.14286 k2=   0.57143 k3=   0.28571

    1   -0.64661382433568  -0.64661382433568
    2   -0.45934807796079  -0.45934807796079
    3   -0.36490732576005  -0.36490732576005
    4   -0.25911101470106  -0.25911101470106
    5    0.28124846582237   0.28124846582237
    6    0.43363301207646   0.43363301207646
    7    0.46686992569474   0.46686992569474
    8    0.51618599435210   0.51618599435210

   kloop=56
   k1=   0.14286 k2=   0.57143 k3=   0.42857

    1   -0.60771202178067  -0.60771202178067
    2   -0.46935451557366  -0.46935451557366
    3   -0.34955420920549  -0.34955420920549
    4   -0.33017997690197  -0.33017997690197
    5    0.27372712335548   0.27372712335548
    6    0.35324457592002   0.35324457592002
    7    0.53571205018018   0.53571205018018
    8    0.57208383447845   0.57208383447845

   kloop=57
   k1=   0.14286 k2=   0.57143 k3=   0.57143

    1   -0.54981163978064  -0.54981163978064
    2   -0.53743589504653  -0.53743589504653
    3   -0.36193748797778  -0.36193748797778
    4   -0.29363841671928  -0.29363841671928
    5    0.22062986495095   0.22062986495095
    6    0.31513152848252   0.31513152848252
    7    0.57347733300908   0.57347733300908
    8    0.58357552369852   0.58357552369852

   kloop=58
   k1=   0.14286 k2=   0.57143 k3=   0.71429

    1   -0.61146839520178  -0.61146839520178
    2   -0.45405481157190  -0.45405481157190
    3   -0.34997430918719  -0.34997430918719
    4   -0.34382084504945  -0.34382084504945
    5    0.29447654060685   0.29447654060685
    6    0.35171942604282   0.35171942604282
    7    0.50333721508393   0.50333721508393
    8    0.56107428860579   0.56107428860579

   kloop=59
   k1=   0.14286 k2=   0.57143 k3=   0.85714

    1   -0.64844120453959  -0.64844120453959
    2   -0.45674853640869  -0.45674853640869
    3   -0.33733288218546  -0.33733288218546
    4   -0.29381465321712  -0.29381465321712
    5    0.32168834919244   0.32168834919244
    6    0.36835985828972   0.36835985828972
    7    0.48557140472272   0.48557140472272
    8    0.49935776218583   0.49935776218583

   kloop=60
   k1=   0.14286 k2=   0.71429 k3=   0.00000

    1   -0.73822990569389  -0.73822990569389
    2   -0.39254487908891  -0.39254487908891
    3   -0.26015227249166  -0.26015227249166
    4   -0.22144995967254  -0.22144995967254
    5    0.27700064052355   0.27700064052355
    6    0.33603275499706   0.33603275499706
    7    0.35832701089412   0.35832701089412
    8    0.51952910215993   0.51952910215993

   kloop=61
   k1=   0.14286 k2=   0.71429 k3=   0.14286

    1   -0.70828727754952  -0.70828727754952
    2   -0.44274914146641  -0.44274914146641
    3   -0.27079255698287  -0.27079255698287
    4   -0.21443797639214  -0.21443797639214
    5    0.23300753167229   0.23300753167229
    6    0.38673250494319   0.38673250494319
    7    0.39718951405747   0.39718951405747
    8    0.51176251485726   0.51176251485726

   kloop=62
   k1=   0.14286 k2=   0.71429 k3=   0.28571

    1   -0.64631184341895  -0.64631184341895
    2   -0.46037969367966  -0.46037969367966
    3   -0.36487793897718  -0.36487793897718
    4   -0.25804476192524  -0.25804476192524
    5    0.28063820373165   0.28063820373165
    6    0.43083855818196   0.43083855818196
    7    0.46901615150891   0.46901615150891
    8    0.51980102375656   0.51980102375656

   kloop=63
   k1=   0.14286 k2=   0.71429 k3=   0.42857

    1   -0.56716490957113  -0.56716490957113
    2   -0.50189589165552  -0.50189589165552
    3   -0.39822975735368  -0.39822975735368
    4   -0.32176725812406  -0.32176725812406
    5    0.31711200763518   0.31711200763518
    6    0.40973076916529   0.40973076916529
    7    0.50934923459972   0.50934923459972
    8    0.58016341602325   0.58016341602325

   kloop=64
   k1=   0.14286 k2=   0.71429 k3=   0.57143

    1   -0.60590920092636  -0.60590920092636
    2   -0.47479500741903  -0.47479500741903
    3   -0.35372156791797  -0.35372156791797
    4   -0.32114595345338  -0.32114595345338
    5    0.26432900782197   0.26432900782197
    6    0.35937273195121   0.35937273195121
    7    0.54258672888725   0.54258672888725
    8    0.57808766998046   0.57808766998046

   kloop=65
   k1=   0.14286 k2=   0.71429 k3=   0.71429

    1   -0.68402746382672  -0.68402746382672
    2   -0.39437626472333  -0.39437626472333
    3   -0.33533586082471  -0.33533586082471
    4   -0.26570396628714  -0.26570396628714
    5    0.19216123246147   0.19216123246147
    6    0.38533732870427   0.38533732870427
    7    0.50532960724712   0.50532960724712
    8    0.52166088020507   0.52166088020507

   kloop=66
   k1=   0.14286 k2=   0.71429 k3=   0.85714

    1   -0.73012379701587  -0.73012379701587
    2   -0.33347595300274  -0.33347595300274
    3   -0.31390160548049  -0.31390160548049
    4   -0.26469526416241  -0.26469526416241
    5    0.25773119310670   0.25773119310670
    6    0.35454753449584   0.35454753449584
    7    0.44493773701323   0.44493773701323
    8    0.48201166259417   0.48201166259417

   kloop=67
   k1=   0.14286 k2=   0.85714 k3=   0.00000

    1   -0.80902135200794  -0.80902135200794
    2   -0.23844732327965  -0.23844732327965
    3   -0.22667297214851  -0.22667297214851
    4   -0.18571441698190  -0.18571441698190
    5    0.23628098475193   0.23628098475193
    6    0.27226421479392   0.27226421479392
    7    0.29027184223046   0.29027184223046
    8    0.51092787110232   0.51092787110232

   kloop=68
   k1=   0.14286 k2=   0.85714 k3=   0.14286

    1   -0.78830185179055  -0.78830185179055
    2   -0.28937258907202  -0.28937258907202
    3   -0.24013538629189  -0.24013538629189
    4   -0.18894609520254  -0.18894609520254
    5    0.17899643072846   0.17899643072846
    6    0.33659596378905   0.33659596378905
    7    0.36136793642019   0.36136793642019
    8    0.50256562746201   0.50256562746201

   kloop=69
   k1=   0.14286 k2=   0.85714 k3=   0.28571

    1   -0.72835772962236  -0.72835772962236
    2   -0.36870593066035  -0.36870593066035
    3   -0.31157233370215  -0.31157233370215
    4   -0.22303863136327  -0.22303863136327
    5    0.22200905177257   0.22200905177257
    6    0.40700570268009   0.40700570268009
    7    0.41971123996787   0.41971123996787
    8    0.53331632395156   0.53331632395156

   kloop=70
   k1=   0.14286 k2=   0.85714 k3=   0.42857

    1   -0.63869851040028  -0.63869851040028
    2   -0.49422374918844  -0.49422374918844
    3   -0.31551085631147  -0.31551085631147
    4   -0.28046267143907  -0.28046267143907
    5    0.27824277854640   0.27824277854640
    6    0.40942433058941   0.40942433058941
    7    0.46380770386278   0.46380770386278
    8    0.60803758594888   0.60803758594888

   kloop=71
   k1=   0.14286 k2=   0.85714 k3=   0.57143

    1   -0.63790939293314  -0.63790939293314
    2   -0.49606636774247  -0.49606636774247
    3   -0.32194338236527  -0.32194338236527
    4   -0.27146889453588  -0.27146889453588
    5    0.26935095218554   0.26935095218554
    6    0.41030679847270   0.41030679847270
    7    0.47332664780578   0.47332664780578
    8    0.61343046900690   0.61343046900690

   kloop=72
   k1=   0.14286 k2=   0.85714 k3=   0.71429

    1   -0.72787686157796  -0.72787686157796
    2   -0.37380298387294  -0.37380298387294
    3   -0.31629538622952  -0.31629538622952
    4   -0.20951437011462  -0.20951437011462
    5    0.20687006352889   0.20687006352889
    6    0.40796521088592   0.40796521088592
    7    0.43779765353366   0.43779765353366
    8    0.54363827616770   0.54363827616770

   kloop=73
   k1=   0.14286 k2=   0.85714 k3=   0.85714

    1   -0.78808619105893  -0.78808619105893
    2   -0.29814364551607  -0.29814364551607
    3   -0.24147904600417  -0.24147904600417
    4   -0.17577227311384  -0.17577227311384
    5    0.17042557608512   0.17042557608512
    6    0.34567196279262   0.34567196279262
    7    0.36438473563980   0.36438473563980
    8    0.50973467507452   0.50973467507452

   kloop=74
   k1=   0.28571 k2=  -0.00000 k3=   0.00000

    1   -0.78210547408171  -0.78210547408171
    2   -0.36117236325175  -0.36117236325175
    3   -0.21513071073968  -0.21513071073968
    4   -0.13101689392335  -0.13101689392335
    5    0.18283063834365   0.18283063834365
    6    0.30787233446973   0.30787233446973
    7    0.34065876575229   0.34065876575229
    8    0.54364914371317   0.54364914371317

   kloop=75
   k1=   0.28571 k2=  -0.00000 k3=   0.14286

    1   -0.78813808680018  -0.78813808680018
    2   -0.29675888301227  -0.29675888301227
    3   -0.24127151046548  -0.24127151046548
    4   -0.17829983480376  -0.17829983480376
    5    0.17358268049968   0.17358268049968
    6    0.33783024607523   0.33783024607523
    7    0.37015730697476   0.37015730697476
    8    0.50746753474025   0.50746753474025

   kloop=76
   k1=   0.28571 k2=  -0.00000 k3=   0.28571

    1   -0.75322576767946  -0.75322576767946
    2   -0.32030926479835  -0.32030926479835
    3   -0.25792402608077  -0.25792402608077
    4   -0.23588891724279  -0.23588891724279
    5    0.12843435313507   0.12843435313507
    6    0.37488135404859   0.37488135404859
    7    0.47217525220698   0.47217525220698
    8    0.50345506728704   0.50345506728704

   kloop=77
   k1=   0.28571 k2=  -0.00000 k3=   0.42857

    1   -0.68132045799148  -0.68132045799148
    2   -0.42301732235796  -0.42301732235796
    3   -0.30434988946128  -0.30434988946128
    4   -0.26634085268296  -0.26634085268296
    5    0.18626821241384   0.18626821241384
    6    0.36944006487168   0.36944006487168
    7    0.52321075064891   0.52321075064891
    8    0.56660981723950   0.56660981723950

   kloop=78
   k1=   0.28571 k2=  -0.00000 k3=   0.57143

    1   -0.59348577698788  -0.59348577698788
    2   -0.52228956259743  -0.52228956259743
    3   -0.36799310018494  -0.36799310018494
    4   -0.25971179631724  -0.25971179631724
    5    0.24024182308984   0.24024182308984
    6    0.42474057444924   0.42474057444924
    7    0.50680379402721   0.50680379402721
    8    0.60610825236722   0.60610825236722

   kloop=79
   k1=   0.28571 k2=  -0.00000 k3=   0.71429

    1   -0.65690912001640  -0.65690912001640
    2   -0.44852491300810  -0.44852491300810
    3   -0.38833061862698  -0.38833061862698
    4   -0.21819628799292  -0.21819628799292
    5    0.25064565256935   0.25064565256935
    6    0.43297205817465   0.43297205817465
    7    0.48048938122191   0.48048938122191
    8    0.57247819755480   0.57247819755480

   kloop=80
   k1=   0.28571 k2=  -0.00000 k3=   0.85714

    1   -0.73624998527571  -0.73624998527571
    2   -0.40460316104859  -0.40460316104859
    3   -0.29459642236589  -0.29459642236589
    4   -0.15730284906419  -0.15730284906419
    5    0.21031963764988   0.21031963764988
    6    0.35788668178888   0.35788668178888
    7    0.42718562266866   0.42718562266866
    8    0.54179525308370   0.54179525308370

   kloop=81
   k1=   0.28571 k2=   0.14286 k3=   0.00000

    1   -0.78756503882699  -0.78756503882699
    2   -0.30508692866541  -0.30508692866541
    3   -0.24751485884181  -0.24751485884181
    4   -0.15763599044208  -0.15763599044208
    5    0.15726326803910   0.15726326803910
    6    0.32679458282517   0.32679458282517
    7    0.40393476618511   0.40393476618511
    8    0.51785248598185   0.51785248598185

   kloop=82
   k1=   0.28571 k2=   0.14286 k3=   0.14286

    1   -0.80812861396583  -0.80812861396583
    2   -0.27582738088631  -0.27582738088631
    3   -0.24081813565723  -0.24081813565723
    4   -0.11213817514331  -0.11213817514331
    5    0.16788483373866   0.16788483373866
    6    0.29589918444860   0.29589918444860
    7    0.34180779820784   0.34180779820784
    8    0.53364659764616   0.53364659764616

   kloop=83
   k1=   0.28571 k2=   0.14286 k3=   0.28571

    1   -0.78691405591498  -0.78691405591498
    2   -0.33055999843806  -0.33055999843806
    3   -0.22464312874137  -0.22464312874137
    4   -0.14684753086957  -0.14684753086957
    5    0.15013554944379   0.15013554944379
    6    0.32567408889513   0.32567408889513
    7    0.40851030366314   0.40851030366314
    8    0.55135311082949   0.55135311082949

   kloop=84
   k1=   0.28571 k2=   0.14286 k3=   0.42857

    1   -0.72626496625335  -0.72626496625335
    2   -0.39277752420264  -0.39277752420264
    3   -0.30935133778563  -0.30935133778563
    4   -0.19155003337291  -0.19155003337291
    5    0.20700121399970   0.20700121399970
    6    0.35434594472501   0.35434594472501
    7    0.51807155541066   0.51807155541066
    8    0.55741583138744   0.55741583138744

   kloop=85
   k1=   0.28571 k2=   0.14286 k3=   0.57143

    1   -0.63565653963537  -0.63565653963537
    2   -0.49797848144347  -0.49797848144347
    3   -0.34661853525730  -0.34661853525730
    4   -0.24238715806226  -0.24238715806226
    5    0.29093543319249   0.29093543319249
    6    0.37982813049709   0.37982813049709
    7    0.51812875947889   0.51812875947889
    8    0.59676228642219   0.59676228642219

   kloop=86
   k1=   0.28571 k2=   0.14286 k3=   0.71429

    1   -0.63824693943546  -0.63824693943546
    2   -0.49078732751488  -0.49078732751488
    3   -0.34575926080326  -0.34575926080326
    4   -0.25168060669911  -0.25168060669911
    5    0.30559979737417   0.30559979737417
    6    0.40087488187609   0.40087488187609
    7    0.47683709015439   0.47683709015439
    8    0.58233910612838   0.58233910612838

   kloop=87
   k1=   0.28571 k2=   0.14286 k3=   0.85714

    1   -0.72775673857138  -0.72775673857138
    2   -0.36880180844782  -0.36880180844782
    3   -0.32037433362940  -0.32037433362940
    4   -0.21364130832150  -0.21364130832150
    5    0.22665749107173   0.22665749107173
    6    0.37517807255471   0.37517807255471
    7    0.47256674510806   0.47256674510806
    8    0.52200331975318   0.52200331975318

   kloop=88
   k1=   0.28571 k2=   0.28571 k3=   0.00000

    1   -0.75306760446384  -0.75306760446384
    2   -0.29713149510169  -0.29713149510169
    3   -0.28369662464593  -0.28369662464593
    4   -0.23905856133712  -0.23905856133712
    5    0.13967751764423   0.13967751764423
    6    0.40183464757004   0.40183464757004
    7    0.45163855757382   0.45163855757382
    8    0.49096692366650   0.49096692366650

   kloop=89
   k1=   0.28571 k2=   0.28571 k3=   0.14286

    1   -0.78735844545706  -0.78735844545706
    2   -0.31996662209285  -0.31996662209285
    3   -0.21002376149101  -0.21002376149101
    4   -0.18582760313138  -0.18582760313138
    5    0.19338266192985   0.19338266192985
    6    0.30680462267605   0.30680462267605
    7    0.39530459325248   0.39530459325248
    8    0.52723276309546   0.52723276309546

   kloop=90
   k1=   0.28571 k2=   0.28571 k3=   0.28571

    1   -0.78059400071974  -0.78059400071974
    2   -0.38151739372932  -0.38151739372932
    3   -0.19243694242809  -0.19243694242809
    4   -0.12884510393781  -0.12884510393781
    5    0.20459042228575   0.20459042228575
    6    0.27215063731793   0.27215063731793
    7    0.37409882684828   0.37409882684828
    8    0.58979221732691   0.58979221732691

   kloop=91
   k1=   0.28571 k2=   0.28571 k3=   0.42857

    1   -0.73364958760063  -0.73364958760063
    2   -0.42672742710598  -0.42672742710598
    3   -0.28198845848107  -0.28198845848107
    4   -0.14066101674723  -0.14066101674723
    5    0.22625069074384   0.22625069074384
    6    0.30857841730031   0.30857841730031
    7    0.47680715807933   0.47680715807933
    8    0.60006825837312   0.60006825837312

   kloop=92
   k1=   0.28571 k2=   0.28571 k3=   0.57143

    1   -0.65244119568983  -0.65244119568983
    2   -0.46702403993572  -0.46702403993572
    3   -0.38456257587368  -0.38456257587368
    4   -0.20201301263348  -0.20201301263348
    5    0.30125722047569   0.30125722047569
    6    0.34759644527661   0.34759644527661
    7    0.55013104348910   0.55013104348910
    8    0.58755609542702   0.58755609542702

   kloop=93
   k1=   0.28571 k2=   0.28571 k3=   0.71429

    1   -0.59323996389833  -0.59323996389833
    2   -0.51743720934965  -0.51743720934965
    3   -0.38536316550296  -0.38536316550296
    4   -0.24719415380923  -0.24719415380923
    5    0.29431753690835   0.29431753690835
    6    0.42229629520916   0.42229629520916
    7    0.47788069621853   0.47788069621853
    8    0.59160615751372   0.59160615751372

   kloop=94
   k1=   0.28571 k2=   0.28571 k3=   0.85714

    1   -0.68196531842124  -0.68196531842124
    2   -0.40693102988659  -0.40693102988659
    3   -0.33131996898979  -0.33131996898979
    4   -0.26026627965694  -0.26026627965694
    5    0.21973576954975   0.21973576954975
    6    0.40880961521207   0.40880961521207
    7    0.45072636152458   0.45072636152458
    8    0.55719855409706   0.55719855409706

   kloop=95
   k1=   0.28571 k2=   0.42857 k3=   0.00000

    1   -0.68357211158535  -0.68357211158535
    2   -0.39563127784913  -0.39563127784913
    3   -0.30343209019916  -0.30343209019916
    4   -0.30078183809032  -0.30078183809032
    5    0.19060929619660   0.19060929619660
    6    0.41986410928370   0.41986410928370
    7    0.46173624687649   0.46173624687649
    8    0.53550664574254   0.53550664574254

   kloop=96
   k1=   0.28571 k2=   0.42857 k3=   0.14286

    1   -0.72847861406019  -0.72847861406019
    2   -0.35912350185343  -0.35912350185343
    3   -0.31849813239961  -0.31849813239961
    4   -0.22913036446965  -0.22913036446965
    5    0.24357633371074   0.24357633371074
    6    0.36572346460079   0.36572346460079
    7    0.46056381883247   0.46056381883247
    8    0.50696208503341   0.50696208503341

   kloop=97
   k1=   0.28571 k2=   0.42857 k3=   0.28571

    1   -0.73519383636406  -0.73519383636406
    2   -0.41989929391411  -0.41989929391411
    3   -0.25956866712882  -0.25956866712882
    4   -0.18528074780625  -0.18528074780625
    5    0.25030129668900   0.25030129668900
    6    0.34346490339332   0.34346490339332
    7    0.39791753761848   0.39791753761848
    8    0.58282031597880   0.58282031597880

   kloop=98
   k1=   0.28571 k2=   0.42857 k3=   0.42857

    1   -0.70289424724261  -0.70289424724261
    2   -0.47114791214798  -0.47114791214798
    3   -0.25287456778670  -0.25287456778670
    4   -0.19937945143891  -0.19937945143891
    5    0.21800839756099   0.21800839756099
    6    0.35836907475734   0.35836907475734
    7    0.45240587382726   0.45240587382726
    8    0.60809640171918   0.60809640171918

   kloop=99
   k1=   0.28571 k2=   0.42857 k3=   0.57143

    1   -0.63647652648477  -0.63647652648477
    2   -0.49559392933791  -0.49559392933791
    3   -0.34885516109779  -0.34885516109779
    4   -0.24163609677213  -0.24163609677213
    5    0.28551569614992   0.28551569614992
    6    0.38131216700896   0.38131216700896
    7    0.52876493474979   0.52876493474979
    8    0.58471645228139   0.58471645228139

   kloop=100
   k1=   0.28571 k2=   0.42857 k3=   0.71429

    1   -0.55001242957547  -0.55001242957547
    2   -0.52137705751537  -0.52137705751537
    3   -0.41293182571657  -0.41293182571657
    4   -0.30253171973107  -0.30253171973107
    5    0.35953833024671   0.35953833024671
    6    0.42264286997237   0.42264286997237
    7    0.48119606162034   0.48119606162034
    8    0.57396172976286   0.57396172976286

   kloop=101
   k1=   0.28571 k2=   0.42857 k3=   0.85714

    1   -0.60755427941655  -0.60755427941655
    2   -0.46251722461035  -0.46251722461035
    3   -0.36445992449504  -0.36445992449504
    4   -0.32471956205058  -0.32471956205058
    5    0.29282687204469   0.29282687204469
    6    0.38758439307495   0.38758439307495
    7    0.47442117512263   0.47442117512263
    8    0.57874304809973   0.57874304809973

   kloop=102
   k1=   0.28571 k2=   0.57143 k3=   0.00000

    1   -0.61174353252747  -0.61174353252747
    2   -0.48088856372256  -0.48088856372256
    3   -0.36731604304731  -0.36731604304731
    4   -0.29341499488595  -0.29341499488595
    5    0.23343191186648   0.23343191186648
    6    0.44828509250710   0.44828509250710
    7    0.50347575602514   0.50347575602514
    8    0.52228487051709   0.52228487051709

   kloop=103
   k1=   0.28571 k2=   0.57143 k3=   0.14286

    1   -0.64632980029219  -0.64632980029219
    2   -0.46319699063149  -0.46319699063149
    3   -0.34526699981445  -0.34526699981445
    4   -0.27853428349652  -0.27853428349652
    5    0.29207868179452   0.29207868179452
    6    0.39298709424107   0.39298709424107
    7    0.49548726026769   0.49548726026769
    8    0.51090746389998   0.51090746389998

   kloop=104
   k1=   0.28571 k2=   0.57143 k3=   0.28571

    1   -0.65882454752451  -0.65882454752451
    2   -0.44065147625461  -0.44065147625461
    3   -0.38581140333114  -0.38581140333114
    4   -0.23142047962169  -0.23142047962169
    5    0.25791928651717   0.25791928651717
    6    0.43288236698560   0.43288236698560
    7    0.46403573967119   0.46403573967119
    8    0.55803418233146   0.55803418233146

   kloop=105
   k1=   0.28571 k2=   0.57143 k3=   0.42857

    1   -0.63978175080444  -0.63978175080444
    2   -0.49145147201128  -0.49145147201128
    3   -0.31497260011505  -0.31497260011505
    4   -0.28311717232625  -0.28311717232625
    5    0.27132862297152   0.27132862297152
    6    0.40849933199349   0.40849933199349
    7    0.47376456758508   0.47376456758508
    8    0.59765785997280   0.59765785997280

   kloop=106
   k1=   0.28571 k2=   0.57143 k3=   0.57143

    1   -0.59576150214463  -0.59576150214463
    2   -0.51844211792824  -0.51844211792824
    3   -0.36888102171644  -0.36888102171644
    4   -0.26049029574991  -0.26049029574991
    5    0.23271612716193   0.23271612716193
    6    0.42647779418802   0.42647779418802
    7    0.51738407495401   0.51738407495401
    8    0.59504083219264   0.59504083219264

   kloop=107
   k1=   0.28571 k2=   0.57143 k3=   0.71429

    1   -0.56658231413520  -0.56658231413520
    2   -0.49937724255176  -0.49937724255176
    3   -0.40726707248461  -0.40726707248461
    4   -0.31531349736013  -0.31531349736013
    5    0.31481913820079   0.31481913820079
    6    0.44972361242159   0.44972361242159
    7    0.49339804609706   0.49339804609706
    8    0.55512012033419   0.55512012033419

   kloop=108
   k1=   0.28571 k2=   0.57143 k3=   0.85714

    1   -0.57811779410060  -0.57811779410060
    2   -0.47739353146550  -0.47739353146550
    3   -0.39178377958985  -0.39178377958985
    4   -0.34609991035537  -0.34609991035537
    5    0.32460210502842   0.32460210502842
    6    0.43165402972127   0.43165402972127
    7    0.48383885085497   0.48383885085497
    8    0.54591222863249   0.54591222863249

   kloop=109
   k1=   0.28571 k2=   0.71429 k3=   0.00000

    1   -0.66274615462030  -0.66274615462030
    2   -0.41791302155720  -0.41791302155720
    3   -0.38376304427784  -0.38376304427784
    4   -0.26235684535779  -0.26235684535779
    5    0.26347576173066   0.26347576173066
    6    0.43474087845201   0.43474087845201
    7    0.45713711025582   0.45713711025582
    8    0.51350043423459   0.51350043423459

   kloop=110
   k1=   0.28571 k2=   0.71429 k3=   0.14286

    1   -0.64841432805445  -0.64841432805445
    2   -0.45733435700079  -0.45733435700079
    3   -0.33340342463107  -0.33340342463107
    4   -0.29728584843834  -0.29728584843834
    5    0.31059788168661   0.31059788168661
    6    0.38001745086020   0.38001745086020
    7    0.48611600014034   0.48611600014034
    8    0.49773221623592   0.49773221623592

   kloop=111
   k1=   0.28571 k2=   0.71429 k3=   0.28571

    1   -0.61096618037404  -0.61096618037404
    2   -0.47844291391474  -0.47844291391474
    3   -0.39208973432835  -0.39208973432835
    4   -0.26638053462524  -0.26638053462524
    5    0.24214604488731   0.24214604488731
    6    0.45114628782023   0.45114628782023
    7    0.49019320415531   0.49019320415531
    8    0.53241016252723   0.53241016252723

   kloop=112
   k1=   0.28571 k2=   0.71429 k3=   0.42857

    1   -0.56861637779878  -0.56861637779878
    2   -0.49945672125786  -0.49945672125786
    3   -0.39795198970719  -0.39795198970719
    4   -0.32323544836517  -0.32323544836517
    5    0.31128004355945   0.31128004355945
    6    0.41202821094122   0.41202821094122
    7    0.51875243242662   0.51875243242662
    8    0.57157823793598   0.57157823793598

   kloop=113
   k1=   0.28571 k2=   0.71429 k3=   0.57143

    1   -0.56529115869153  -0.56529115869153
    2   -0.50400942570759  -0.50400942570759
    3   -0.40379514614544  -0.40379514614544
    4   -0.31476110060918  -0.31476110060918
    5    0.30073988264077   0.30073988264077
    6    0.42596077386020   0.42596077386020
    7    0.52865341911184   0.52865341911184
    8    0.56625953107966   0.56625953107966

   kloop=114
   k1=   0.28571 k2=   0.71429 k3=   0.71429

    1   -0.60776765595135  -0.60776765595135
    2   -0.48724273421839  -0.48724273421839
    3   -0.39270599755290  -0.39270599755290
    4   -0.25737480239016  -0.25737480239016
    5    0.23410248126351   0.23410248126351
    6    0.46347708266473   0.46347708266473
    7    0.49762890602236   0.49762890602236
    8    0.53828657631326   0.53828657631326

   kloop=115
   k1=   0.28571 k2=   0.71429 k3=   0.85714

    1   -0.64697163541662  -0.64697163541662
    2   -0.46466988762699  -0.46466988762699
    3   -0.32774350508792  -0.32774350508792
    4   -0.29604759469777  -0.29604759469777
    5    0.29696787138034   0.29696787138034
    6    0.39213718850877   0.39213718850877
    7    0.48279061647277   0.48279061647277
    8    0.51787515975191   0.51787515975191

   kloop=116
   k1=   0.28571 k2=   0.85714 k3=   0.00000

    1   -0.73776104634658  -0.73776104634658
    2   -0.39885168939257  -0.39885168939257
    3   -0.25122712960873  -0.25122712960873
    4   -0.22385955042132  -0.22385955042132
    5    0.26758534415974   0.26758534415974
    6    0.33916772800216   0.33916772800216
    7    0.37031430503017   0.37031430503017
    8    0.53096502439320   0.53096502439320

   kloop=117
   k1=   0.28571 k2=   0.85714 k3=   0.14286

    1   -0.73012089698548  -0.73012089698548
    2   -0.33282088368059  -0.33282088368059
    3   -0.31456199986296  -0.31456199986296
    4   -0.26476036529040  -0.26476036529040
    5    0.25889615291809   0.25889615291809
    6    0.35217008689149   0.35217008689149
    7    0.44901507869302   0.44901507869302
    8    0.47912355043405   0.47912355043405

   kloop=118
   k1=   0.28571 k2=   0.85714 k3=   0.28571

    1   -0.68453236728863  -0.68453236728863
    2   -0.38881268111200  -0.38881268111200
    3   -0.33315588767457  -0.33315588767457
    4   -0.27481147963002  -0.27481147963002
    5    0.19731204310135   0.19731204310135
    6    0.38126786384883   0.38126786384883
    7    0.50613773456248   0.50613773456248
    8    0.50999228222534   0.50999228222534

   kloop=119
   k1=   0.28571 k2=   0.85714 k3=   0.42857

    1   -0.60717870953000  -0.60717870953000
    2   -0.47089202138226  -0.47089202138226
    3   -0.34902189258288  -0.34902189258288
    4   -0.32956860227693  -0.32956860227693
    5    0.27407531933813   0.27407531933813
    6    0.35377119520266   0.35377119520266
    7    0.53310062226614   0.53310062226614
    8    0.57625663691380   0.57625663691380

   kloop=120
   k1=   0.28571 k2=   0.85714 k3=   0.57143

    1   -0.56365575752752  -0.56365575752752
    2   -0.50652493052600  -0.50652493052600
    3   -0.40395379558173  -0.40395379558173
    4   -0.31358167996813  -0.31358167996813
    5    0.30634780936573   0.30634780936573
    6    0.42413586879409   0.42413586879409
    7    0.51737163999136   0.51737163999136
    8    0.57652721003945   0.57652721003945

   kloop=121
   k1=   0.28571 k2=   0.85714 k3=   0.71429

    1   -0.64419336129006  -0.64419336129006
    2   -0.46849242496113  -0.46849242496113
    3   -0.36692468273853  -0.36692468273853
    4   -0.24643567536434  -0.24643567536434
    5    0.26114776560635   0.26114776560635
    6    0.45047288221776   0.45047288221776
    7    0.48861378910263   0.48861378910263
    8    0.52321245424727   0.52321245424727

   kloop=122
   k1=   0.28571 k2=   0.85714 k3=   0.85714

    1   -0.70719948414388  -0.70719948414388
    2   -0.44930352532278  -0.44930352532278
    3   -0.27407563560863  -0.27407563560863
    4   -0.20240357026154  -0.20240357026154
    5    0.21943831497813   0.21943831497813
    6    0.39760875078755   0.39760875078755
    7    0.40936432477668   0.40936432477668
    8    0.52842244357698   0.52842244357698

   kloop=123
   k1=   0.42857 k2=  -0.00000 k3=   0.00000

    1   -0.69494223519509  -0.69494223519509
    2   -0.50499491672830  -0.50499491672830
    3   -0.23712909830951  -0.23712909830951
    4   -0.15566011292373  -0.15566011292373
    5    0.19983960041929   0.19983960041929
    6    0.34223518693325   0.34223518693325
    7    0.38285600543591   0.38285600543591
    8    0.56908533341262   0.56908533341262

   kloop=124
   k1=   0.42857 k2=  -0.00000 k3=   0.14286

    1   -0.70729982057511  -0.70729982057511
    2   -0.44879690254291  -0.44879690254291
    3   -0.27449111515525  -0.27449111515525
    4   -0.20299212132897  -0.20299212132897
    5    0.22526525441719   0.22526525441719
    6    0.38634214397724   0.38634214397724
    7    0.41590491387387   0.41590491387387
    8    0.52631875957792   0.52631875957792

   kloop=125
   k1=   0.42857 k2=  -0.00000 k3=   0.28571

    1   -0.68413820545671  -0.68413820545671
    2   -0.39182332905543  -0.39182332905543
    3   -0.33864707398396  -0.33864707398396
    4   -0.26529284791992  -0.26529284791992
    5    0.19659453805542   0.19659453805542
    6    0.38256468691100   0.38256468691100
    7    0.50570126616566   0.50570126616566
    8    0.51839897266431   0.51839897266431

   kloop=126
   k1=   0.42857 k2=  -0.00000 k3=   0.42857

    1   -0.62546030144908  -0.62546030144908
    2   -0.46945241814830  -0.46945241814830
    3   -0.30476265960425  -0.30476265960425
    4   -0.29607890093870  -0.29607890093870
    5    0.17523919147744   0.17523919147744
    6    0.27731805294678   0.27731805294678
    7    0.57208948922957   0.57208948922957
    8    0.57957995534781   0.57957995534781

   kloop=127
   k1=   0.42857 k2=  -0.00000 k3=   0.57143

    1   -0.54832655231760  -0.54832655231760
    2   -0.53880340471842  -0.53880340471842
    3   -0.36306332850737  -0.36306332850737
    4   -0.29277747568134  -0.29277747568134
    5    0.22838338068046   0.22838338068046
    6    0.30945475318517   0.30945475318517
    7    0.56446947146227   0.56446947146227
    8    0.59138903038920   0.59138903038920

   kloop=128
   k1=   0.42857 k2=  -0.00000 k3=   0.71429

    1   -0.60767826027434  -0.60767826027434
    2   -0.48662600180786  -0.48662600180786
    3   -0.39467097363021  -0.39467097363021
    4   -0.25613118865033  -0.25613118865033
    5    0.24172408269807   0.24172408269807
    6    0.46129018605377   0.46129018605377
    7    0.48583697348671   0.48583697348671
    8    0.54592987710384   0.54592987710384

   kloop=129
   k1=   0.42857 k2=  -0.00000 k3=   0.85714

    1   -0.65641448018805  -0.65641448018805
    2   -0.51905650357152  -0.51905650357152
    3   -0.29587885953645  -0.29587885953645
    4   -0.19421600907759  -0.19421600907759
    5    0.23112735290365   0.23112735290365
    6    0.38696830251384   0.38696830251384
    7    0.44257741468442   0.44257741468442
    8    0.55003652701860   0.55003652701860

   kloop=130
   k1=   0.42857 k2=   0.14286 k3=   0.00000

    1   -0.70622236720366  -0.70622236720366
    2   -0.45348065837647  -0.45348065837647
    3   -0.26412575624095  -0.26412575624095
    4   -0.20803540755427  -0.20803540755427
    5    0.20524453996449   0.20524453996449
    6    0.36824651078218   0.36824651078218
    7    0.44457009491584   0.44457009491584
    8    0.54901862649312   0.54901862649312

   kloop=131
   k1=   0.42857 k2=   0.14286 k3=   0.14286

    1   -0.73640863873052  -0.73640863873052
    2   -0.40386831378447  -0.40386831378447
    3   -0.29358842865227  -0.29358842865227
    4   -0.15999962416433  -0.15999962416433
    5    0.20877847181341   0.20877847181341
    6    0.36852559487973   0.36852559487973
    7    0.41629642271423   0.41629642271423
    8    0.54032325254515   0.54032325254515

   kloop=132
   k1=   0.42857 k2=   0.14286 k3=   0.28571

    1   -0.72810995287548  -0.72810995287548
    2   -0.37045923481949  -0.37045923481949
    3   -0.31818012431740  -0.31818012431740
    4   -0.21165954550766  -0.21165954550766
    5    0.20693621234657   0.20693621234657
    6    0.40523074681260   0.40523074681260
    7    0.44344929055751   0.44344929055751
    8    0.53538316586118   0.53538316586118

   kloop=133
   k1=   0.42857 k2=   0.14286 k3=   0.42857

    1   -0.68130964884473  -0.68130964884473
    2   -0.42407538811410  -0.42407538811410
    3   -0.29614771362088  -0.29614771362088
    4   -0.27329053772116  -0.27329053772116
    5    0.18003137799453   0.18003137799453
    6    0.36714414704435   0.36714414704435
    7    0.53261697501289   0.53261697501289
    8    0.56635514511993   0.56635514511993

   kloop=134
   k1=   0.42857 k2=   0.14286 k3=   0.57143

    1   -0.60172585036092  -0.60172585036092
    2   -0.48564597770778  -0.48564597770778
    3   -0.35281347374861  -0.35281347374861
    4   -0.31368875261848  -0.31368875261848
    5    0.26444578078637   0.26444578078637
    6    0.36146621636010   0.36146621636010
    7    0.56258251582977   0.56258251582977
    8    0.56913688135750   0.56913688135750

   kloop=135
   k1=   0.42857 k2=   0.14286 k3=   0.71429

    1   -0.56511462739525  -0.56511462739525
    2   -0.50170810049295  -0.50170810049295
    3   -0.40741530686129  -0.40741530686129
    4   -0.31419102856280  -0.31419102856280
    5    0.32250735801478   0.32250735801478
    6    0.44711515034428   0.44711515034428
    7    0.48336420766564   0.48336420766564
    8    0.56253161418115   0.56253161418115

   kloop=136
   k1=   0.42857 k2=   0.14286 k3=   0.85714

    1   -0.64384151272375  -0.64384151272375
    2   -0.47270715410435  -0.47270715410435
    3   -0.34636340295095  -0.34636340295095
    4   -0.26760546936112  -0.26760546936112
    5    0.27921632319997   0.27921632319997
    6    0.39432072706175   0.39432072706175
    7    0.52015914846488   0.52015914846488
    8    0.52258615268802   0.52258615268802

   kloop=137
   k1=   0.42857 k2=   0.28571 k3=   0.00000

    1   -0.68280098378778  -0.68280098378778
    2   -0.40455262577355  -0.40455262577355
    3   -0.30277515470368  -0.30277515470368
    4   -0.29137064471331  -0.29137064471331
    5    0.18398474376301   0.18398474376301
    6    0.40453623963244   0.40453623963244
    7    0.49041964250589   0.49041964250589
    8    0.54289391425408   0.54289391425408

   kloop=138
   k1=   0.42857 k2=   0.28571 k3=   0.14286

    1   -0.72799367462738  -0.72799367462738
    2   -0.36487973242281  -0.36487973242281
    3   -0.32293940698715  -0.32293940698715
    4   -0.21551473507438  -0.21551473507438
    5    0.22519623342727   0.22519623342727
    6    0.37832782364475   0.37832782364475
    7    0.47472828348283   0.47472828348283
    8    0.51285720073140   0.51285720073140

   kloop=139
   k1=   0.42857 k2=   0.28571 k3=   0.28571

    1   -0.73487310883376  -0.73487310883376
    2   -0.42106630128123  -0.42106630128123
    3   -0.27009646616514  -0.27009646616514
    4   -0.16870244289143  -0.16870244289143
    5    0.22627915971981   0.22627915971981
    6    0.36715684204270   0.36715684204270
    7    0.40156126475198   0.40156126475198
    8    0.58705216571058   0.58705216571058

   kloop=140
   k1=   0.42857 k2=   0.28571 k3=   0.42857

    1   -0.70266879836051  -0.70266879836051
    2   -0.47210160177212  -0.47210160177212
    3   -0.25043744635219  -0.25043744635219
    4   -0.20054932666362  -0.20054932666362
    5    0.21397618293216   0.21397618293216
    6    0.35571305926151   0.35571305926151
    7    0.45517138879144   0.45517138879144
    8    0.61546600787173   0.61546600787173

   kloop=141
   k1=   0.42857 k2=   0.28571 k3=   0.57143

    1   -0.63638293485057  -0.63638293485057
    2   -0.49656890896224  -0.49656890896224
    3   -0.34384025930074  -0.34384025930074
    4   -0.24684727671419  -0.24684727671419
    5    0.29396912152767   0.29396912152767
    6    0.36723519181903   0.36723519181903
    7    0.52445537007047   0.52445537007047
    8    0.59347206536046   0.59347206536046

   kloop=142
   k1=   0.42857 k2=   0.28571 k3=   0.71429

    1   -0.55013346237167  -0.55013346237167
    2   -0.52116614169748  -0.52116614169748
    3   -0.41301753022543  -0.41301753022543
    4   -0.30255925957197  -0.30255925957197
    5    0.36129017550587   0.36129017550587
    6    0.42047698385357   0.42047698385357
    7    0.48243157305987   0.48243157305987
    8    0.57285746756771   0.57285746756771

   kloop=143
   k1=   0.42857 k2=   0.28571 k3=   0.85714

    1   -0.60631506633028  -0.60631506633028
    2   -0.46668283852900  -0.46668283852900
    3   -0.36607644746493  -0.36607644746493
    4   -0.31923469775503  -0.31923469775503
    5    0.28400337777096   0.28400337777096
    6    0.38892566810906   0.38892566810906
    7    0.48864777537558   0.48864777537558
    8    0.57904030170158   0.57904030170158

   kloop=144
   k1=   0.42857 k2=   0.42857 k3=   0.00000

    1   -0.62559001975838  -0.62559001975838
    2   -0.46182234271284  -0.46182234271284
    3   -0.32466772894661  -0.32466772894661
    4   -0.28860707709957  -0.28860707709957
    5    0.18301130509582   0.18301130509582
    6    0.31352288239827   0.31352288239827
    7    0.51179971968516   0.51179971968516
    8    0.60058111288980   0.60058111288980

   kloop=145
   k1=   0.42857 k2=   0.42857 k3=   0.14286

    1   -0.68232438355659  -0.68232438355659
    2   -0.40276956726394  -0.40276956726394
    3   -0.33591769247897  -0.33591769247897
    4   -0.25988042853622  -0.25988042853622
    5    0.22010514809060   0.22010514809060
    6    0.41068925450396   0.41068925450396
    7    0.44909985444424   0.44909985444424
    8    0.55175237896230   0.55175237896230

   kloop=146
   k1=   0.42857 k2=   0.42857 k3=   0.28571

    1   -0.70366343911875  -0.70366343911875
    2   -0.46703497919162  -0.46703497919162
    3   -0.25739961538960  -0.25739961538960
    4   -0.20344820580070  -0.20344820580070
    5    0.27618997446156   0.27618997446156
    6    0.32904523422175   0.32904523422175
    7    0.43581474283021   0.43581474283021
    8    0.58483397356180   0.58483397356180

   kloop=147
   k1=   0.42857 k2=   0.42857 k3=   0.42857

    1   -0.68816868799581  -0.68816868799581
    2   -0.52490938386468  -0.52490938386468
    3   -0.22012557649382  -0.22012557649382
    4   -0.15614406191943  -0.15614406191943
    5    0.22843702025110   0.22843702025110
    6    0.30970588748749   0.30970588748749
    7    0.41546200061739   0.41546200061739
    8    0.64134785160088   0.64134785160088

   kloop=148
   k1=   0.42857 k2=   0.42857 k3=   0.57143

    1   -0.64448492213410  -0.64448492213410
    2   -0.54468401251476  -0.54468401251476
    3   -0.28530123908849  -0.28530123908849
    4   -0.18686957585497  -0.18686957585497
    5    0.27961887469733   0.27961887469733
    6    0.32508504217024   0.32508504217024
    7    0.47141704613340   0.47141704613340
    8    0.62538887886284   0.62538887886284

   kloop=149
   k1=   0.42857 k2=   0.42857 k3=   0.71429

    1   -0.59536856811347  -0.59536856811347
    2   -0.51304616109536  -0.51304616109536
    3   -0.38816993095864  -0.38816993095864
    4   -0.24675144330962  -0.24675144330962
    5    0.29408459515057   0.29408459515057
    6    0.41995799535094   0.41995799535094
    7    0.48359880738951   0.48359880738951
    8    0.58348230484882   0.58348230484882

   kloop=150
   k1=   0.42857 k2=   0.42857 k3=   0.85714

    1   -0.55416279444172  -0.55416279444172
    2   -0.52639608151997  -0.52639608151997
    3   -0.38094360977161  -0.38094360977161
    4   -0.28402356646805  -0.28402356646805
    5    0.28278167692921   0.28278167692921
    6    0.30802703517764   0.30802703517764
    7    0.50186772854503   0.50186772854503
    8    0.60898064834490   0.60898064834490

   kloop=151
   k1=   0.42857 k2=   0.57143 k3=   0.00000

    1   -0.56521668994445  -0.56521668994445
    2   -0.51547697041518  -0.51547697041518
    3   -0.34630543434446  -0.34630543434446
    4   -0.32165341624761  -0.32165341624761
    5    0.21261069130116   0.21261069130116
    6    0.35364422799583   0.35364422799583
    7    0.52374905070591   0.52374905070591
    8    0.59611347944301   0.59611347944301

   kloop=152
   k1=   0.42857 k2=   0.57143 k3=   0.14286

    1   -0.60809002864460  -0.60809002864460
    2   -0.46045256092164  -0.46045256092164
    3   -0.36589516420325  -0.36589516420325
    4   -0.32501928382849  -0.32501928382849
    5    0.29283948793360   0.29283948793360
    6    0.38838530321520   0.38838530321520
    7    0.47370574104767   0.47370574104767
    8    0.57606570708111   0.57606570708111

   kloop=153
   k1=   0.42857 k2=   0.57143 k3=   0.28571

    1   -0.64005119147420  -0.64005119147420
    2   -0.48661794625294  -0.48661794625294
    3   -0.33954513791482  -0.33954513791482
    4   -0.26303747968026  -0.26303747968026
    5    0.33254274324593   0.33254274324593
    6    0.36536032131538   0.36536032131538
    7    0.47907638934101   0.47907638934101
    8    0.57291058835416   0.57291058835416

   kloop=154
   k1=   0.42857 k2=   0.57143 k3=   0.42857

    1   -0.64574159673186  -0.64574159673186
    2   -0.54367127806882  -0.54367127806882
    3   -0.26017076258861  -0.26017076258861
    4   -0.21712496174069  -0.21712496174069
    5    0.24951347218931   0.24951347218931
    6    0.36446114111513   0.36446114111513
    7    0.44359874085104   0.44359874085104
    8    0.63302054296241   0.63302054296241

   kloop=155
   k1=   0.42857 k2=   0.57143 k3=   0.57143

    1   -0.64548525561038  -0.64548525561038
    2   -0.54389157931908  -0.54389157931908
    3   -0.27080254887677  -0.27080254887677
    4   -0.20416403740700  -0.20416403740700
    5    0.24060203025529   0.24060203025529
    6    0.37774761053655   0.37774761053655
    7    0.44289764978650   0.44289764978650
    8    0.63140661714381   0.63140661714381

   kloop=156
   k1=   0.42857 k2=   0.57143 k3=   0.71429

    1   -0.63937159916629  -0.63937159916629
    2   -0.48740612611190  -0.48740612611190
    3   -0.34819338444700  -0.34819338444700
    4   -0.25180556787696  -0.25180556787696
    5    0.29993490540398   0.29993490540398
    6    0.40344948619968   0.40344948619968
    7    0.48523280649668   0.48523280649668
    8    0.56923452627201   0.56923452627201

   kloop=157
   k1=   0.42857 k2=   0.57143 k3=   0.85714

    1   -0.60686284383138  -0.60686284383138
    2   -0.46477953600593  -0.46477953600593
    3   -0.36730310825639  -0.36730310825639
    4   -0.31954821491557  -0.31954821491557
    5    0.28342072958195   0.28342072958195
    6    0.38966177109615   0.38966177109615
    7    0.48839843550010   0.48839843550010
    8    0.57689223169143   0.57689223169143

   kloop=158
   k1=   0.42857 k2=   0.71429 k3=   0.00000

    1   -0.60879883474917  -0.60879883474917
    2   -0.49064272081542  -0.49064272081542
    3   -0.35871196005252  -0.35871196005252
    4   -0.29445976406733  -0.29445976406733
    5    0.22981850860837   0.22981850860837
    6    0.43163153518480   0.43163153518480
    7    0.52954235728889   0.52954235728889
    8    0.53076079959903   0.53076079959903

   kloop=159
   k1=   0.42857 k2=   0.71429 k3=   0.14286

    1   -0.57813908892613  -0.57813908892613
    2   -0.47724206529764  -0.47724206529764
    3   -0.39195710518534  -0.39195710518534
    4   -0.34607330434393  -0.34607330434393
    5    0.32524697902524   0.32524697902524
    6    0.43129281410398   0.43129281410398
    7    0.48433153900429   0.48433153900429
    8    0.54487523093735   0.54487523093735

   kloop=160
   k1=   0.42857 k2=   0.71429 k3=   0.28571

    1   -0.56973444759047  -0.56973444759047
    2   -0.49483918328222  -0.49483918328222
    3   -0.40177385138902  -0.40177385138902
    4   -0.32357609991193  -0.32357609991193
    5    0.32790158736227   0.32790158736227
    6    0.42927032113751   0.42927032113751
    7    0.48755185180011   0.48755185180011
    8    0.56017383196834   0.56017383196834

   kloop=161
   k1=   0.42857 k2=   0.71429 k3=   0.42857

    1   -0.59600007710471  -0.59600007710471
    2   -0.51934194451543  -0.51934194451543
    3   -0.35972497552901  -0.35972497552901
    4   -0.27050300547505  -0.27050300547505
    5    0.23618868241435   0.23618868241435
    6    0.41195122588654   0.41195122588654
    7    0.51768247032915   0.51768247032915
    8    0.60244045604000   0.60244045604000

   kloop=162
   k1=   0.42857 k2=   0.71429 k3=   0.57143

    1   -0.63901250199181  -0.63901250199181
    2   -0.49324548840802  -0.49324548840802
    3   -0.32210941125687  -0.32210941125687
    4   -0.27346884415330  -0.27346884415330
    5    0.26326562058775   0.26326562058775
    6    0.40947718606691   0.40947718606691
    7    0.48268970856810   0.48268970856810
    8    0.60259974921459   0.60259974921459

   kloop=163
   k1=   0.42857 k2=   0.71429 k3=   0.71429

    1   -0.65751888989441  -0.65751888989441
    2   -0.44553165393012  -0.44553165393012
    3   -0.38954239661067  -0.38954239661067
    4   -0.21989281691052  -0.21989281691052
    5    0.24372336599234   0.24372336599234
    6    0.44481802007114   0.44481802007114
    7    0.47870614261692   0.47870614261692
    8    0.56278922284060   0.56278922284060

   kloop=164
   k1=   0.42857 k2=   0.71429 k3=   0.85714

    1   -0.64413099312523  -0.64413099312523
    2   -0.47228442510269  -0.47228442510269
    3   -0.34422175503026  -0.34422175503026
    4   -0.27025574552414  -0.27025574552414
    5    0.27364268968111   0.27364268968111
    6    0.40184037271734   0.40184037271734
    7    0.51419510507723   0.51419510507723
    8    0.52386967769757   0.52386967769757

   kloop=165
   k1=   0.42857 k2=   0.85714 k3=   0.00000

    1   -0.65732589008498  -0.65732589008498
    2   -0.51833668784852  -0.51833668784852
    3   -0.25550105541427  -0.25550105541427
    4   -0.24297496439906  -0.24297496439906
    5    0.24125368252410   0.24125368252410
    6    0.37192488805501   0.37192488805501
    7    0.43018831354548   0.43018831354548
    8    0.55929699945898   0.55929699945898

   kloop=166
   k1=   0.42857 k2=   0.85714 k3=   0.14286

    1   -0.64699857158169  -0.64699857158169
    2   -0.46406186298970  -0.46406186298970
    3   -0.33181380011705  -0.33181380011705
    4   -0.29254220193006  -0.29254220193006
    5    0.30678388476592   0.30678388476592
    6    0.38083741534780   0.38083741534780
    7    0.48799480908086   0.48799480908086
    8    0.51442453915579   0.51442453915579

   kloop=167
   k1=   0.42857 k2=   0.85714 k3=   0.28571

    1   -0.61147935527843  -0.61147935527843
    2   -0.45374540468584  -0.45374540468584
    3   -0.35159263644183  -0.35159263644183
    4   -0.34257794450423  -0.34257794450423
    5    0.29581526443781   0.29581526443781
    6    0.35118282489740   0.35118282489740
    7    0.50336458094813   0.50336458094813
    8    0.56009731391268   0.56009731391268

   kloop=168
   k1=   0.42857 k2=   0.85714 k3=   0.42857

    1   -0.55337008772960  -0.55337008772960
    2   -0.53390139265140  -0.53390139265140
    3   -0.35531465653407  -0.35531465653407
    4   -0.30127997342026  -0.30127997342026
    5    0.22322663071470   0.22322663071470
    6    0.31043256162851   0.31043256162851
    7    0.57303420986034   0.57303420986034
    8    0.58370205647307   0.58370205647307

   kloop=169
   k1=   0.42857 k2=   0.85714 k3=   0.57143

    1   -0.60648192114073  -0.60648192114073
    2   -0.47291581897447  -0.47291581897447
    3   -0.35491980755495  -0.35491980755495
    4   -0.32153845166154  -0.32153845166154
    5    0.26525322850346   0.26525322850346
    6    0.35856697869474   0.35856697869474
    7    0.54812453972275   0.54812453972275
    8    0.57003025967421   0.57003025967421

   kloop=170
   k1=   0.42857 k2=   0.85714 k3=   0.71429

    1   -0.64450931782906  -0.64450931782906
    2   -0.46742861607959  -0.46742861607959
    3   -0.36711346183821  -0.36711346183821
    4   -0.24738654881588  -0.24738654881588
    5    0.26177304937854   0.26177304937854
    6    0.45474557668844   0.45474557668844
    7    0.48724966039945   0.48724966039945
    8    0.51720984198412   0.51720984198412

   kloop=171
   k1=   0.42857 k2=   0.85714 k3=   0.85714

    1   -0.65651201488502  -0.65651201488502
    2   -0.51898526915606  -0.51898526915606
    3   -0.29463006674827  -0.29463006674827
    4   -0.19567037670168  -0.19567037670168
    5    0.22669042627400   0.22669042627400
    6    0.39986181368474   0.39986181368474
    7    0.43225149544252   0.43225149544252
    8    0.55081151923872   0.55081151923872

***********************************************************
***********************************************************
                   Mulliken populations                    
***********************************************************
***********************************************************

  Total spin moment (muB)   0.000000000

                    Up spin      Down spin     Sum           Diff
      1    C      2.000000000  2.000000000   4.000000000   0.000000000
      2    C      2.000000000  2.000000000   4.000000000   0.000000000

 Sum of MulP: up   =     4.00000 down          =     4.00000
              total=     8.00000 ideal(neutral)=     8.00000


  Decomposed Mulliken populations

    1    C          Up spin      Down spin     Sum           Diff
            multiple
  s           0    0.515216185  0.515216185   1.030432370   0.000000000
   sum over m      0.515216185  0.515216185   1.030432370   0.000000000
   sum over m+mul  0.515216185  0.515216185   1.030432370   0.000000000
  px          0    0.493795144  0.493795144   0.987590287   0.000000000
  py          0    0.495466420  0.495466420   0.990932841   0.000000000
  pz          0    0.495522251  0.495522251   0.991044502   0.000000000
   sum over m      1.484783815  1.484783815   2.969567630   0.000000000
   sum over m+mul  1.484783815  1.484783815   2.969567630   0.000000000

    2    C          Up spin      Down spin     Sum           Diff
            multiple
  s           0    0.515216185  0.515216185   1.030432370   0.000000000
   sum over m      0.515216185  0.515216185   1.030432370   0.000000000
   sum over m+mul  0.515216185  0.515216185   1.030432370   0.000000000
  px          0    0.493795144  0.493795144   0.987590287   0.000000000
  py          0    0.495466420  0.495466420   0.990932841   0.000000000
  pz          0    0.495522251  0.495522251   0.991044502   0.000000000
   sum over m      1.484783815  1.484783815   2.969567630   0.000000000
   sum over m+mul  1.484783815  1.484783815   2.969567630   0.000000000

***********************************************************
***********************************************************
       xyz-coordinates (Ang) and forces (Hartree/Bohr)  
***********************************************************
***********************************************************

<coordinates.forces
  2
    1     C     0.10000  -0.02000   0.01000  -0.091518238606  0.015562256930 -0.002755030835
    2     C     0.89000   0.89000   0.89000   0.091518238606 -0.015562256930  0.002755030834
coordinates.forces>

***********************************************************
***********************************************************
       Fractional coordinates of the final structure       
***********************************************************
***********************************************************

     1      C     0.01966292134831   0.03651685393258   0.96910112359551
     2      C     0.25000000000000   0.25000000000000   0.25000000000000

***********************************************************
***********************************************************
               Computational Time (second)                 
***********************************************************
***********************************************************

   Elapsed.Time.         6.342

                               Min_ID   Min_Time       Max_ID   Max_Time
   Total Computational Time =     0        6.342          0        6.342
   readfile                 =     0        0.806          0        0.806
   truncation               =     0        0.169          0        0.169
   MD_pac                   =     0        0.003          0        0.003
   OutData                  =     0        0.023          0        0.023
   HWF                      =     0        0.000          0        0.000
   DFT                      =     0        5.337          0        5.337

*** In DFT ***

   Set_OLP_Kin              =     0        0.369          0        0.369
   Set_Nonlocal             =     0        1.085          0        1.085
   Set_ProExpn_VNA          =     0        1.107          0        1.107
   Set_Hamiltonian          =     0        0.070          0        0.070
   Poisson                  =     0        0.001          0        0.001
   Diagonalization          =     0        1.156          0        1.156
   Mixing_DM                =     0        0.003          0        0.003
   Force                    =     0        0.212          0        0.212
   Total_Energy             =     0        1.215          0        1.215
   Set_Aden_Grid            =     0        0.003          0        0.003
   Set_Orbitals_Grid        =     0        0.004          0        0.004
   Set_Density_Grid         =     0        0.087          0        0.087
   RestartFileDFT           =     0        0.008          0        0.008
   Mulliken_Charge          =     0        0.002          0        0.002
   FFT(2D)_Density          =     0        0.001          0        0.001
   Others                   =     0        0.015          0        0.015
