***********************************************************
***********************************************************

  This calculation was performed by OpenMX Ver. 4.0
  using 28 MPI processes and 1 OpenMP threads.

  Fri Apr 10 12:44:14 2026

***********************************************************
***********************************************************

#
# File Name
#

System.CurrrentDirectory         ./    # default=./
System.Name                       negf-chain
level.of.stdout                   1    # default=1 (1-3)
level.of.fileout                  0    # default=1 (0-2)
DATA.PATH                   ../DFT_DATA19


NEGF.filename.hks.l     lead-chain.hks
NEGF.filename.hks.r     lead-chain.hks

NEGF.Num.Poles             100       # default=150
NEGF.scf.Kgrid             1 1       # default=1 1
NEGF.SCF.Iter.Band          50

NEGF.bias.voltage          0.1       # default=0.0 (eV)
NEGF.bias.neq.im.energy    0.01      # default=0.01 (eV)
NEGF.bias.neq.energy.step  0.02      # default=0.02 (eV) 

Dos.fileout                 off      # on|off, default=off
NEGF.Dos.energyrange     -15.0 25.0 5.0e-3  #default=-10.0 10.0 5.0e-3 (eV)
NEGF.Dos.energy.div        200       # default=200
NEGF.Dos.Kgrid             1 1       # default=1 1 

#
# Transmission & Eigen Channel
#

NEGF.tran.Analysis         on        #  default on
NEGF.tran.energydiv        200       # default=200
NEGF.tran.energyrange -10 10 1.0e-3  # default=-10.0 10.0 1.0e-3 (eV)
NEGF.tran.Kgrid            1 1       # default= 1 1
NEGF.tran.Channel          on        #  default on
NEGF.Channel.Nkpoint        1        # default=1
<NEGF.Channel.kpoint
0.0  0.0
NEGF.Channel.kpoint>
# default 0.0 0.0
NEGF.Channel.Nenergy        1        # default=1
<NEGF.Channel.energy
0.0
NEGF.Channel.energy>
# default 0.0
NEGF.Channel.Num            5        # defualt=5(for collinear), 10(for Non-collinear)

#
# Definition of Atomic Species
#

Species.Number       1
<Definition.of.Atomic.Species
 C    C5.0-s2p2d1      C_CA19
Definition.of.Atomic.Species>

#
# Atoms
#

Atoms.SpeciesAndCoordinates.Unit   Ang # Ang|AU

Atoms.Number        18
<Atoms.SpeciesAndCoordinates 
 1  C  3.000  0.000  0.000  2.0 2.0
 2  C  4.500  0.000  0.000  2.0 2.0
 3  C  6.000  0.000  0.000  2.0 2.0
 4  C  7.500  0.000  0.000  2.0 2.0
 5  C  9.000  0.000  0.000  2.0 2.0
 6  C 10.500  0.000  0.000  2.0 2.0
 7  C 12.000  0.000  0.000  2.0 2.0
 8  C 13.500  0.000  0.000  2.0 2.0
 9  C 15.000  0.000  0.000  2.0 2.0
10  C 16.500  0.000  0.000  2.0 2.0
11  C 18.000  0.000  0.000  2.0 2.0
12  C 19.500  0.000  0.000  2.0 2.0
13  C 21.000  0.000  0.000  2.0 2.0
14  C 22.500  0.000  0.000  2.0 2.0
15  C 24.000  0.000  0.000  2.0 2.0
16  C 25.500  0.000  0.000  2.0 2.0
17  C 27.000  0.000  0.000  2.0 2.0
18  C 28.500  0.000  0.000  2.0 2.0
Atoms.SpeciesAndCoordinates> 

#
# Lead-Left
#

LeftLeadAtoms.Number         3
<LeftLeadAtoms.SpeciesAndCoordinates           # Unit=Ang.
 1  C -1.500  0.000  0.000  2.0 2.0
 2  C  0.000  0.000  0.000  2.0 2.0
 3  C  1.500  0.000  0.000  2.0 2.0
LeftLeadAtoms.SpeciesAndCoordinates>

#
# Lead-Right
#

RightLeadAtoms.Number        3 
<RightLeadAtoms.SpeciesAndCoordinates           # Unit=Ang.
 1  C 30.000  0.000  0.000  2.0 2.0
 2  C 31.500  0.000  0.000  2.0 2.0
 3  C 33.000  0.000  0.000  2.0 2.0
RightLeadAtoms.SpeciesAndCoordinates>


#
# SCF or Electronic System
#

scf.XcType                  LDA        # LDA|LSDA-CA|LSDA-PW|GGA-PBE
scf.SpinPolarization        off        # On|Off|NC
scf.ElectronicTemperature  600.0       # default=300 (K)
scf.energycutoff           180.0       # default=150 (Ry)
scf.maxIter                 500        # default=40
scf.EigenvalueSolver       NEGF        # DC|GDC|Cluster|Band
#scf.lapack.dste            dstevx      # dstegr|dstedc|dstevx, default=dstegr
scf.Kgrid                  1 1 1       # means n1 x n2 x n3
scf.Mixing.Type          rmm-diisk     # Simple|Rmm-Diis|Gr-Pulay|Kerker|Rmm-Diisk
scf.Init.Mixing.Weight      0.020      # default=0.30
scf.Min.Mixing.Weight       0.020      # default=0.001
scf.Max.Mixing.Weight       0.050      # default=0.40
scf.Mixing.History          100         # default=5
scf.Mixing.StartPulay       20         # default=6
scf.criterion             1.0e-7       # default=1.0e-6 (Hartree)
scf.Kerker.factor          30.0        # default=1
NEGF.Poisson.Solver       FFT


***********************************************************
***********************************************************

  Required cutoff energy (Ryd) for 3D-grids = 180.0000
      Used cutoff energy (Ryd) for 3D-grids = 176.8814, 181.3310, 181.3310
  Num. of grids of a-, b-, and c-axes = 288, 81, 81

  Num.Grid1.   288
  Num.Grid2.    81
  Num.Grid3.    81


  Cell_Volume =  24293.998933574934 (Bohr^3)
  GridVol     =      0.012856906411 (Bohr^3)
  Cell vectors (bohr) of the grid cell (gtv)
    gtv_a =  0.236215748572,  0.000000000000,  0.000000000000
    gtv_b =  0.000000000000,  0.233299504763,  0.000000000000
    gtv_c =  0.000000000000,  0.000000000000,  0.233299504763
    |gtv_a| =  0.236215748572
    |gtv_b| =  0.233299504763
    |gtv_c| =  0.233299504763

***********************************************************
***********************************************************


***********************************************************
***********************************************************
                  SCF history at MD= 1                    
***********************************************************
***********************************************************

   SCF=   1  NormRD=  1.000000000000  Uele=  0.000000000000
   SCF=   2  NormRD= 15.065062803987  Uele=  0.000000000000
   SCF=   3  NormRD= 14.251644753009  Uele=  0.000000000000
   SCF=   4  NormRD= 13.186516518261  Uele=  0.000000000000
   SCF=   5  NormRD= 12.514569057884  Uele=  0.000000000000
   SCF=   6  NormRD= 12.102382659692  Uele=  0.000000000000
   SCF=   7  NormRD= 10.370132627401  Uele=  0.000000000000
   SCF=   8  NormRD=  9.963453384624  Uele=  0.000000000000
   SCF=   9  NormRD=  9.603832250799  Uele=  0.000000000000
   SCF=  10  NormRD=  9.208230160887  Uele=  0.000000000000
   SCF=  11  NormRD=  8.835649498987  Uele=  0.000000000000
   SCF=  12  NormRD=  8.480880647367  Uele=  0.000000000000
   SCF=  13  NormRD=  8.124631461118  Uele=  0.000000000000
   SCF=  14  NormRD=  7.728255077864  Uele=  0.000000000000
   SCF=  15  NormRD=  7.219736933315  Uele=  0.000000000000
   SCF=  16  NormRD=  6.596358501020  Uele=  0.000000000000
   SCF=  17  NormRD=  6.036560421289  Uele=  0.000000000000
   SCF=  18  NormRD=  5.618245559138  Uele=  0.000000000000
   SCF=  19  NormRD=  5.299561282428  Uele=  0.000000000000
   SCF=  20  NormRD=  5.625125196886  Uele=  0.000000000000
   SCF=  21  NormRD=  4.979903450858  Uele=  0.000000000000
   SCF=  22  NormRD=  4.640591318736  Uele=  0.000000000000
   SCF=  23  NormRD=  5.351379520626  Uele=  0.000000000000
   SCF=  24  NormRD=  4.571415321360  Uele=  0.000000000000
   SCF=  25  NormRD=  6.313034873845  Uele=  0.000000000000
   SCF=  26  NormRD=  8.825779112730  Uele=  0.000000000000
   SCF=  27  NormRD=  5.309215610622  Uele=  0.000000000000
   SCF=  28  NormRD=  4.169506209614  Uele=  0.000000000000
   SCF=  29  NormRD=  2.993187234501  Uele=  0.000000000000
   SCF=  30  NormRD=  2.625852559404  Uele=  0.000000000000
   SCF=  31  NormRD=  1.505735328746  Uele=  0.000000000000
   SCF=  32  NormRD=  2.738207888600  Uele=  0.000000000000
   SCF=  33  NormRD=  0.806379246532  Uele=  0.000000000000
   SCF=  34  NormRD=  1.995472073107  Uele=  0.000000000000
   SCF=  35  NormRD=  1.458085457122  Uele=  0.000000000000
   SCF=  36  NormRD=  0.636457801640  Uele=  0.000000000000
   SCF=  37  NormRD=  0.312810761598  Uele=  0.000000000000
   SCF=  38  NormRD=  0.159459709559  Uele=  0.000000000000
   SCF=  39  NormRD=  0.129223997467  Uele=  0.000000000000
   SCF=  40  NormRD=  0.119694400669  Uele=  0.000000000000
   SCF=  41  NormRD=  0.098885795874  Uele=  0.000000000000
   SCF=  42  NormRD=  0.197634748762  Uele=  0.000000000000
   SCF=  43  NormRD=  0.202331141258  Uele=  0.000000000000
   SCF=  44  NormRD=  0.172152086442  Uele=  0.000000000000
   SCF=  45  NormRD=  0.124895582120  Uele=  0.000000000000
   SCF=  46  NormRD=  0.057921993623  Uele=  0.000000000000
   SCF=  47  NormRD=  0.016258191106  Uele=  0.000000000000
   SCF=  48  NormRD=  0.002678399007  Uele=  0.000000000000
   SCF=  49  NormRD=  0.008828048203  Uele=  0.000000000000
   SCF=  50  NormRD=  0.016181258098  Uele=  0.000000000000
   SCF=  51  NormRD=  1.000000000000  Uele=  0.000000000000
   SCF=  52  NormRD=  1.584807285109  Uele=  0.000000000000
   SCF=  53  NormRD=  1.540123956376  Uele=  0.000000000000
   SCF=  54  NormRD=  1.440170174856  Uele=  0.000000000000
   SCF=  55  NormRD=  1.354506194637  Uele=  0.000000000000
   SCF=  56  NormRD=  1.277155837991  Uele=  0.000000000000
   SCF=  57  NormRD=  1.204670905408  Uele=  0.000000000000
   SCF=  58  NormRD=  1.135276181974  Uele=  0.000000000000
   SCF=  59  NormRD=  1.068217616290  Uele=  0.000000000000
   SCF=  60  NormRD=  1.003326034666  Uele=  0.000000000000
   SCF=  61  NormRD=  0.940728830188  Uele=  0.000000000000
   SCF=  62  NormRD=  0.880671607674  Uele=  0.000000000000
   SCF=  63  NormRD=  0.823421840140  Uele=  0.000000000000
   SCF=  64  NormRD=  0.769203331444  Uele=  0.000000000000
   SCF=  65  NormRD=  0.718184684402  Uele=  0.000000000000
   SCF=  66  NormRD=  0.670458153527  Uele=  0.000000000000
   SCF=  67  NormRD=  0.626042049110  Uele=  0.000000000000
   SCF=  68  NormRD=  0.584901958596  Uele=  0.000000000000
   SCF=  69  NormRD=  0.546941712063  Uele=  0.000000000000
   SCF=  70  NormRD=  0.591281592205  Uele=  0.000000000000
   SCF=  71  NormRD=  0.663396063187  Uele=  0.000000000000
   SCF=  72  NormRD=  1.348345193407  Uele=  0.000000000000
   SCF=  73  NormRD=  0.352070273761  Uele=  0.000000000000
   SCF=  74  NormRD=  0.505538373001  Uele=  0.000000000000
   SCF=  75  NormRD=  0.552638023024  Uele=  0.000000000000
   SCF=  76  NormRD=  0.490086312467  Uele=  0.000000000000
   SCF=  77  NormRD=  0.548528762145  Uele=  0.000000000000
   SCF=  78  NormRD=  0.564892742188  Uele=  0.000000000000
   SCF=  79  NormRD=  0.564272139555  Uele=  0.000000000000
   SCF=  80  NormRD=  0.420844199069  Uele=  0.000000000000
   SCF=  81  NormRD=  0.171925023141  Uele=  0.000000000000
   SCF=  82  NormRD=  0.079020849937  Uele=  0.000000000000
   SCF=  83  NormRD=  0.053290990053  Uele=  0.000000000000
   SCF=  84  NormRD=  0.031131625495  Uele=  0.000000000000
   SCF=  85  NormRD=  0.017444320679  Uele=  0.000000000000
   SCF=  86  NormRD=  0.008944197968  Uele=  0.000000000000
   SCF=  87  NormRD=  0.004525550368  Uele=  0.000000000000
   SCF=  88  NormRD=  0.003346864316  Uele=  0.000000000000
   SCF=  89  NormRD=  0.001268097357  Uele=  0.000000000000
   SCF=  90  NormRD=  0.000777193290  Uele=  0.000000000000
   SCF=  91  NormRD=  0.000405469730  Uele=  0.000000000000
   SCF=  92  NormRD=  0.000233827186  Uele=  0.000000000000
   SCF=  93  NormRD=  0.000120402831  Uele=  0.000000000000
   SCF=  94  NormRD=  0.000037187967  Uele=  0.000000000000
   SCF=  95  NormRD=  0.000020701354  Uele=  0.000000000000
   SCF=  96  NormRD=  0.000007027719  Uele=  0.000000000000
   SCF=  97  NormRD=  0.000004212951  Uele=  0.000000000000
   SCF=  98  NormRD=  0.000000840413  Uele=  0.000000000000
   SCF=  99  NormRD=  0.000000147187  Uele=  0.000000000000
   SCF= 100  NormRD=  0.000000093158  Uele=  0.000000000000

*******************************************************
        Total energy (Hartree) at MD = 1        
*******************************************************

  Uele.          0.000000000000

  Ukin.         87.931139427916
  UH0.        -365.721873778771
  UH1.           1.021983298763
  Una.         -56.518088113150
  Unl.         -10.544628956948
  Uxc0.        -20.982758043034
  Uxc1.        -20.982758043034
  Ucore.       248.360522197333
  Uhub.          0.000000000000
  Ucs.           0.000000000000
  Uzs.           0.000000000000
  Uzo.           0.000000000000
  Uef.           0.000000000000
  UvdW.          0.000000000000
  Uch.           0.000000000000
  Utot.       -137.436462010924

  UpV.           0.000000000000
  Enpy.       -137.436462010924
  Note:

  Utot = Ukin+UH0+UH1+Una+Unl+Uxc0+Uxc1+Ucore+Uhub+Ucs+Uzs+Uzo+Uef+UvdW+Uch

  Uele:   band energy
  Ukin:   kinetic energy
  UH0:    electric part of screened Coulomb energy
  UH1:    difference electron-electron Coulomb energy
  Una:    neutral atom potential energy
  Unl:    non-local potential energy
  Uxc0:   exchange-correlation energy for alpha spin
  Uxc1:   exchange-correlation energy for beta spin
  Ucore:  core-core Coulomb energy
  Uhub:   LDA+U energy
  Ucs:    constraint energy for spin orientation
  Uzs:    Zeeman term for spin magnetic moment
  Uzo:    Zeeman term for orbital magnetic moment
  Uef:    electric energy by electric field
  UvdW:   semi-empirical vdW energy
  Uch:    penalty term to create a core hole

  UpV:    pressure times volume
  Enpy:   Enthalpy = Utot + UpV
  (see also PRB 72, 045121(2005) for the energy contributions)



  Chemical potential of left lead  (Hartree)      -0.190201323672
  Chemical potential of right lead (Hartree)      -0.186526391219

***********************************************************
***********************************************************
            Informaions for NEGF calculation               
***********************************************************
***********************************************************


Intrinsic chemical potential (eV) of the leads
  Left lead:  -5.175641350852
  Right lead: -5.125641350852
  add voltage = -0.0500 (eV) to the  left lead: new ChemP (eV):  -5.1756
  add voltage =  0.0500 (eV) to the right lead: new ChemP (eV):  -5.0756

  Intrinsic bias volatage:   0.050000000000 (eV)
  Net bias volatage:         0.100000000000 (eV)

Parameters for the integration of the non-equilibrium part
  lower bound:           -6.121641350852 (eV)
  upper bound:           -4.129641350852 (eV)
  energy step:            0.020000000000 (eV)
  number of steps:            99     

Maximum currentdensity [a.u.]

  Max.Currentdensity       3.9992653923e-04

Sum of transmission eigenvalues

  Sum.Eigentrans.k0.E0.S0       1.9785899072e+00

***********************************************************
***********************************************************
           Eigenvalues (Hartree) of SCF KS-eq.           
***********************************************************
***********************************************************

   Chemical Potential (Hartree) =  -0.18836385744546
   Number of States             =  96.00000000000021
   Eigenvalues
              Up-spin           Down-spin

   kloop=0
   k1=   0.00000 k2=   0.00000 k3=   0.00000

    1   -0.72108160639233  -0.72108160639233
    2   -0.71873999582314  -0.71873999582314
    3   -0.71569539915595  -0.71569539915595
    4   -0.71011899356229  -0.71011899356229
    5   -0.70569720353657  -0.70569720353657
    6   -0.69620561472931  -0.69620561472931
    7   -0.69122310204092  -0.69122310204092
    8   -0.67723512860066  -0.67723512860066
    9   -0.67219946546766  -0.67219946546766
   10   -0.65353055445505  -0.65353055445505
   11   -0.64858029430907  -0.64858029430907
   12   -0.62491693472574  -0.62491693472574
   13   -0.62148537156812  -0.62148537156812
   14   -0.59428739176695  -0.59428739176695
   15   -0.58949196374329  -0.58949196374329
   16   -0.56054921510439  -0.56054921510439
   17   -0.55556919914666  -0.55556919914666
   18   -0.52641199701680  -0.52641199701680
   19   -0.52124332547933  -0.52124332547933
   20   -0.49526369593708  -0.49526369593708
   21   -0.48979181320559  -0.48979181320559
   22   -0.47236610310864  -0.47236610310864
   23   -0.46756184019855  -0.46756184019855
   24   -0.44809155845962  -0.44809155845962
   25   -0.32409632611580  -0.32409632611580
   26   -0.32409632548803  -0.32409632548803
   27   -0.32087222798870  -0.32087222798870
   28   -0.32087222751221  -0.32087222751221
   29   -0.31720624648745  -0.31720624648745
   30   -0.31720624607113  -0.31720624607113
   31   -0.30910968575953  -0.30910968575953
   32   -0.30910968553950  -0.30910968553950
   33   -0.30441506096992  -0.30441506096992
   34   -0.30441506083121  -0.30441506083121
   35   -0.28990239069309  -0.28990239069309
   36   -0.28990238958670  -0.28990238958670
   37   -0.28543345714230  -0.28543345714230
   38   -0.28543345512834  -0.28543345512834
   39   -0.26332586425141  -0.26332586425141
   40   -0.26332586228658  -0.26332586228658
   41   -0.25970271431136  -0.25970271431136
   42   -0.25970271343934  -0.25970271343934
   43   -0.22955267552743  -0.22955267552743
   44   -0.22955267449735  -0.22955267449735
   45   -0.22697866565373  -0.22697866565373
   46   -0.22697866502962  -0.22697866502962
   47   -0.18891322525339  -0.18891322525339
   48   -0.18891322461621  -0.18891322461621
   49   -0.18750254547659  -0.18750254547659
   50   -0.18750254508272  -0.18750254508272
   51   -0.14272765973268  -0.14272765973268
   52   -0.14272765936398  -0.14272765936398
   53   -0.14106703641543  -0.14106703641543
   54   -0.14106703579213  -0.14106703579213
   55   -0.09609951705348  -0.09609951705348
   56   -0.09091363604497  -0.09091363604497
   57   -0.09091363554169  -0.09091363554169
   58   -0.09021951063233  -0.09021951063233
   59   -0.09021950933780  -0.09021950933780
   60   -0.08457690450438  -0.08457690450438
   61   -0.07955573086013  -0.07955573086013
   62   -0.04859686638993  -0.04859686638993
   63   -0.04452088123965  -0.04452088123965
   64   -0.03682478723384  -0.03682478723384
   65   -0.03682478706866  -0.03682478706866
   66   -0.03618725480254  -0.03618725480254
   67   -0.03618725405263  -0.03618725405263
   68    0.00246399835439   0.00246399835439
   69    0.00524973021885   0.00524973021885
   70    0.01445535473554   0.01445535473554
   71    0.01445535503308   0.01445535503308
   72    0.01681023929426   0.01681023929426
   73    0.01681023986857   0.01681023986857
   74    0.05439831115002   0.05439831115002
   75    0.05439831207034   0.05439831207034
   76    0.05871883574348   0.05871883574348
   77    0.05871883639063   0.05871883639063
   78    0.06227221583172   0.06227221583172
   79    0.06407466553832   0.06407466553832
   80    0.07509905321215   0.07509905321215
   81    0.07509905351859   0.07509905351859
   82    0.12601654821218   0.12601654821218
   83    0.12712872501618   0.12712872501618
   84    0.18940297805665   0.18940297805665
   85    0.18975482901510   0.18975482901510
   86    0.24673586581533   0.24673586581533
   87    0.24715410804506   0.24715410804506
   88    0.29299599936781   0.29299599936781
   89    0.29403484090049   0.29403484090049
   90    0.32751356070694   0.32751356070694
   91    0.32925007921651   0.32925007921651
   92    0.35400315028976   0.35400315028976
   93    0.35670301058155   0.35670301058155
   94    0.37359889128384   0.37359889128384
   95    0.37695125056635   0.37695125056635
   96    0.38954193404348   0.38954193404348
   97    0.52885228160263   0.52885228160263
   98    0.52885228219467   0.52885228219467
   99    0.53046503414909   0.53046503414909
  100    0.53046503455624   0.53046503455624
  101    0.53277221528670   0.53277221528670
  102    0.53277221562043   0.53277221562043
  103    0.53632402032978   0.53632402032978
  104    0.53632402071545   0.53632402071545
  105    0.53993673607285   0.53993673607285
  106    0.53993673677266   0.53993673677266
  107    0.54659904315505   0.54659904315505
  108    0.54659904425575   0.54659904425575
  109    0.55051212207202   0.55051212207202
  110    0.55051212251534   0.55051212251534
  111    0.56217125448406   0.56217125448406
  112    0.56217125562897   0.56217125562897
  113    0.56520485106989   0.56520485106989
  114    0.56520485187444   0.56520485187444
  115    0.58346592358237   0.58346592358237
  116    0.58346592462380   0.58346592462380
  117    0.58524862096763   0.58524862096763
  118    0.58524862310682   0.58524862310682
  119    0.60758215892371   0.60758215892371
  120    0.60759232283752   0.60759232283752
  121    0.61007780104333   0.61007780104333
  122    0.61007780464324   0.61007780464324
  123    0.61092930658232   0.61092930658232
  124    0.61092930797398   0.61092930797398
  125    0.61274522335750   0.61274522335750
  126    0.61275540252064   0.61275540252064
  127    0.61718098766314   0.61718098766314
  128    0.61719136796625   0.61719136796625
  129    0.62976462742332   0.62976462742332
  130    0.62976462911167   0.62976462911167
  131    0.63130545865417   0.63130545865417
  132    0.63131589455452   0.63131589455452
  133    0.63604407235784   0.63604407235784
  134    0.63605470691138   0.63605470691138
  135    0.64014480458797   0.64014480458797
  136    0.64014480490815   0.64014480490815
  137    0.64093598809260   0.64093598809260
  138    0.64093598856530   0.64093598856530
  139    0.64284191086991   0.64284191086991
  140    0.64284191284023   0.64284191284023
  141    0.64690295511411   0.64690295511411
  142    0.64723247044848   0.64723247044848
  143    0.64800813904492   0.64800813904492
  144    0.64800814007010   0.64800814007010
  145    0.65275737590445   0.65275737590445
  146    0.65339898712524   0.65339898712524
  147    0.66209740928395   0.66209740928395
  148    0.66210818059071   0.66210818059071

***********************************************************
***********************************************************
                   Mulliken populations                    
***********************************************************
***********************************************************

  Total spin moment (muB)   0.000000000

                    Up spin      Down spin     Sum           Diff
      1    C      2.007360375  2.007360375   4.014720749   0.000000000
      2    C      1.993722830  1.993722830   3.987445661   0.000000000
      3    C      1.998463735  1.998463735   3.996927471   0.000000000
      4    C      2.000080775  2.000080775   4.000161550   0.000000000
      5    C      2.000183765  2.000183765   4.000367529   0.000000000
      6    C      2.000091945  2.000091945   4.000183891   0.000000000
      7    C      2.000072660  2.000072660   4.000145319   0.000000000
      8    C      2.000023069  2.000023069   4.000046138   0.000000000
      9    C      2.000017619  2.000017619   4.000035237   0.000000000
     10    C      1.999985785  1.999985785   3.999971570   0.000000000
     11    C      1.999986972  1.999986972   3.999973944   0.000000000
     12    C      1.999962001  1.999962001   3.999924001   0.000000000
     13    C      1.999965146  1.999965146   3.999930292   0.000000000
     14    C      1.999939775  1.999939775   3.999879550   0.000000000
     15    C      1.999941133  1.999941133   3.999882267   0.000000000
     16    C      1.999907973  1.999907973   3.999815945   0.000000000
     17    C      1.999902818  1.999902818   3.999805635   0.000000000
     18    C      1.999850459  1.999850459   3.999700918   0.000000000
     19    C      1.999831455  1.999831455   3.999662910   0.000000000
     20    C      1.999734408  1.999734408   3.999468815   0.000000000
     21    C      1.999819536  1.999819536   3.999639071   0.000000000
     22    C      2.001219225  2.001219225   4.002438450   0.000000000
     23    C      2.006445555  2.006445555   4.012891111   0.000000000
     24    C      1.992715942  1.992715942   3.985431884   0.000000000

 Sum of MulP: up   =    47.99922 down          =    47.99922
              total=    95.99845 ideal(neutral)=    96.00000


  Decomposed Mulliken populations

    1    C          Up spin      Down spin     Sum           Diff
            multiple
  s           0    0.606923638  0.606923638   1.213847275   0.000000000
   sum over m      0.606923638  0.606923638   1.213847275   0.000000000
  s           1   -0.002451430 -0.002451430  -0.004902861   0.000000000
   sum over m     -0.002451430 -0.002451430  -0.004902861   0.000000000
   sum over m+mul  0.604472207  0.604472207   1.208944415   0.000000000
  px          0    0.399346254  0.399346254   0.798692508   0.000000000
  py          0    0.496517626  0.496517626   0.993035251   0.000000000
  pz          0    0.496517625  0.496517625   0.993035250   0.000000000
   sum over m      1.392381505  1.392381505   2.784763010   0.000000000
  px          1   -0.012179526 -0.012179526  -0.024359052   0.000000000
  py          1   -0.006572275 -0.006572275  -0.013144550   0.000000000
  pz          1   -0.006572275 -0.006572275  -0.013144550   0.000000000
   sum over m     -0.025324076 -0.025324076  -0.050648151   0.000000000
   sum over m+mul  1.367057429  1.367057429   2.734114858   0.000000000
  d3z^2-r^2   0    0.002552866  0.002552866   0.005105732   0.000000000
  dx^2-y^2    0    0.007658597  0.007658597   0.015317194   0.000000000
  dxy         0    0.012809638  0.012809638   0.025619275   0.000000000
  dxz         0    0.012809638  0.012809638   0.025619275   0.000000000
  dyz         0   -0.000000000 -0.000000000  -0.000000000   0.000000000
   sum over m      0.035830738  0.035830738   0.071661476   0.000000000
   sum over m+mul  0.035830738  0.035830738   0.071661476   0.000000000

    2    C          Up spin      Down spin     Sum           Diff
            multiple
  s           0    0.605871176  0.605871176   1.211742353   0.000000000
   sum over m      0.605871176  0.605871176   1.211742353   0.000000000
  s           1   -0.002761079 -0.002761079  -0.005522158   0.000000000
   sum over m     -0.002761079 -0.002761079  -0.005522158   0.000000000
   sum over m+mul  0.603110097  0.603110097   1.206220194   0.000000000
  px          0    0.392805125  0.392805125   0.785610250   0.000000000
  py          0    0.494258080  0.494258080   0.988516160   0.000000000
  pz          0    0.494258080  0.494258080   0.988516159   0.000000000
   sum over m      1.381321285  1.381321285   2.762642569   0.000000000
  px          1   -0.013138309 -0.013138309  -0.026276617   0.000000000
  py          1   -0.006604927 -0.006604927  -0.013209855   0.000000000
  pz          1   -0.006604927 -0.006604927  -0.013209855   0.000000000
   sum over m     -0.026348163 -0.026348163  -0.052696327   0.000000000
   sum over m+mul  1.354973121  1.354973121   2.709946243   0.000000000
  d3z^2-r^2   0    0.002523380  0.002523380   0.005046760   0.000000000
  dx^2-y^2    0    0.007570139  0.007570139   0.015140278   0.000000000
  dxy         0    0.012773047  0.012773047   0.025546093   0.000000000
  dxz         0    0.012773047  0.012773047   0.025546093   0.000000000
  dyz         0   -0.000000000 -0.000000000  -0.000000000   0.000000000
   sum over m      0.035639612  0.035639612   0.071279224   0.000000000
   sum over m+mul  0.035639612  0.035639612   0.071279224   0.000000000

    3    C          Up spin      Down spin     Sum           Diff
            multiple
  s           0    0.608310808  0.608310808   1.216621616   0.000000000
   sum over m      0.608310808  0.608310808   1.216621616   0.000000000
  s           1   -0.002775338 -0.002775338  -0.005550676   0.000000000
   sum over m     -0.002775338 -0.002775338  -0.005550676   0.000000000
   sum over m+mul  0.605535470  0.605535470   1.211070939   0.000000000
  px          0    0.395354579  0.395354579   0.790709159   0.000000000
  py          0    0.494121793  0.494121793   0.988243586   0.000000000
  pz          0    0.494121793  0.494121793   0.988243586   0.000000000
   sum over m      1.383598165  1.383598165   2.767196331   0.000000000
  px          1   -0.013096112 -0.013096112  -0.026192225   0.000000000
  py          1   -0.006594546 -0.006594546  -0.013189093   0.000000000
  pz          1   -0.006594546 -0.006594546  -0.013189093   0.000000000
   sum over m     -0.026285205 -0.026285205  -0.052570410   0.000000000
   sum over m+mul  1.357312960  1.357312960   2.714625921   0.000000000
  d3z^2-r^2   0    0.002542023  0.002542023   0.005084046   0.000000000
  dx^2-y^2    0    0.007626069  0.007626069   0.015252138   0.000000000
  dxy         0    0.012723607  0.012723607   0.025447213   0.000000000
  dxz         0    0.012723607  0.012723607   0.025447213   0.000000000
  dyz         0   -0.000000000 -0.000000000  -0.000000000   0.000000000
   sum over m      0.035615305  0.035615305   0.071230611   0.000000000
   sum over m+mul  0.035615305  0.035615305   0.071230611   0.000000000

    4    C          Up spin      Down spin     Sum           Diff
            multiple
  s           0    0.608888865  0.608888865   1.217777730   0.000000000
   sum over m      0.608888865  0.608888865   1.217777730   0.000000000
  s           1   -0.002691083 -0.002691083  -0.005382165   0.000000000
   sum over m     -0.002691083 -0.002691083  -0.005382165   0.000000000
   sum over m+mul  0.606197783  0.606197783   1.212395565   0.000000000
  px          0    0.396242456  0.396242456   0.792484912   0.000000000
  py          0    0.493976002  0.493976002   0.987952005   0.000000000
  pz          0    0.493976002  0.493976002   0.987952004   0.000000000
   sum over m      1.384194460  1.384194460   2.768388921   0.000000000
  px          1   -0.012758413 -0.012758413  -0.025516825   0.000000000
  py          1   -0.006595854 -0.006595854  -0.013191709   0.000000000
  pz          1   -0.006595854 -0.006595854  -0.013191709   0.000000000
   sum over m     -0.025950121 -0.025950121  -0.051900243   0.000000000
   sum over m+mul  1.358244339  1.358244339   2.716488678   0.000000000
  d3z^2-r^2   0    0.002542495  0.002542495   0.005084990   0.000000000
  dx^2-y^2    0    0.007627484  0.007627484   0.015254969   0.000000000
  dxy         0    0.012734337  0.012734337   0.025468674   0.000000000
  dxz         0    0.012734337  0.012734337   0.025468674   0.000000000
  dyz         0   -0.000000000 -0.000000000  -0.000000000   0.000000000
   sum over m      0.035638654  0.035638654   0.071277307   0.000000000
   sum over m+mul  0.035638654  0.035638654   0.071277307   0.000000000

    5    C          Up spin      Down spin     Sum           Diff
            multiple
  s           0    0.608890576  0.608890576   1.217781151   0.000000000
   sum over m      0.608890576  0.608890576   1.217781151   0.000000000
  s           1   -0.002677815 -0.002677815  -0.005355629   0.000000000
   sum over m     -0.002677815 -0.002677815  -0.005355629   0.000000000
   sum over m+mul  0.606212761  0.606212761   1.212425522   0.000000000
  px          0    0.396298225  0.396298225   0.792596451   0.000000000
  py          0    0.493974283  0.493974283   0.987948566   0.000000000
  pz          0    0.493974283  0.493974283   0.987948565   0.000000000
   sum over m      1.384246791  1.384246791   2.768493582   0.000000000
  px          1   -0.012708109 -0.012708109  -0.025416218   0.000000000
  py          1   -0.006596778 -0.006596778  -0.013193556   0.000000000
  pz          1   -0.006596778 -0.006596778  -0.013193556   0.000000000
   sum over m     -0.025901665 -0.025901665  -0.051803330   0.000000000
   sum over m+mul  1.358345126  1.358345126   2.716690252   0.000000000
  d3z^2-r^2   0    0.002542505  0.002542505   0.005085010   0.000000000
  dx^2-y^2    0    0.007627515  0.007627515   0.015255031   0.000000000
  dxy         0    0.012727928  0.012727928   0.025455857   0.000000000
  dxz         0    0.012727928  0.012727928   0.025455857   0.000000000
  dyz         0   -0.000000000 -0.000000000  -0.000000000   0.000000000
   sum over m      0.035625878  0.035625878   0.071251755   0.000000000
   sum over m+mul  0.035625878  0.035625878   0.071251755   0.000000000

    6    C          Up spin      Down spin     Sum           Diff
            multiple
  s           0    0.608906443  0.608906443   1.217812887   0.000000000
   sum over m      0.608906443  0.608906443   1.217812887   0.000000000
  s           1   -0.002676606 -0.002676606  -0.005353212   0.000000000
   sum over m     -0.002676606 -0.002676606  -0.005353212   0.000000000
   sum over m+mul  0.606229837  0.606229837   1.212459675   0.000000000
  px          0    0.396315006  0.396315006   0.792630012   0.000000000
  py          0    0.493908441  0.493908441   0.987816883   0.000000000
  pz          0    0.493908441  0.493908441   0.987816882   0.000000000
   sum over m      1.384131889  1.384131889   2.768263777   0.000000000
  px          1   -0.012704510 -0.012704510  -0.025409020   0.000000000
  py          1   -0.006598070 -0.006598070  -0.013196141   0.000000000
  pz          1   -0.006598070 -0.006598070  -0.013196141   0.000000000
   sum over m     -0.025900651 -0.025900651  -0.051801301   0.000000000
   sum over m+mul  1.358231238  1.358231238   2.716462476   0.000000000
  d3z^2-r^2   0    0.002542454  0.002542454   0.005084908   0.000000000
  dx^2-y^2    0    0.007627362  0.007627362   0.015254725   0.000000000
  dxy         0    0.012730527  0.012730527   0.025461053   0.000000000
  dxz         0    0.012730527  0.012730527   0.025461053   0.000000000
  dyz         0   -0.000000000 -0.000000000  -0.000000000   0.000000000
   sum over m      0.035630870  0.035630870   0.071261740   0.000000000
   sum over m+mul  0.035630870  0.035630870   0.071261740   0.000000000

    7    C          Up spin      Down spin     Sum           Diff
            multiple
  s           0    0.608890588  0.608890588   1.217781175   0.000000000
   sum over m      0.608890588  0.608890588   1.217781175   0.000000000
  s           1   -0.002676709 -0.002676709  -0.005353419   0.000000000
   sum over m     -0.002676709 -0.002676709  -0.005353419   0.000000000
   sum over m+mul  0.606213878  0.606213878   1.212427757   0.000000000
  px          0    0.396306745  0.396306745   0.792613491   0.000000000
  py          0    0.493914499  0.493914499   0.987828997   0.000000000
  pz          0    0.493914498  0.493914498   0.987828996   0.000000000
   sum over m      1.384135742  1.384135742   2.768271484   0.000000000
  px          1   -0.012703835 -0.012703835  -0.025407670   0.000000000
  py          1   -0.006598535 -0.006598535  -0.013197069   0.000000000
  pz          1   -0.006598535 -0.006598535  -0.013197069   0.000000000
   sum over m     -0.025900905 -0.025900905  -0.051801809   0.000000000
   sum over m+mul  1.358234838  1.358234838   2.716469675   0.000000000
  d3z^2-r^2   0    0.002542649  0.002542649   0.005085299   0.000000000
  dx^2-y^2    0    0.007627948  0.007627948   0.015255896   0.000000000
  dxy         0    0.012726673  0.012726673   0.025453346   0.000000000
  dxz         0    0.012726673  0.012726673   0.025453346   0.000000000
  dyz         0   -0.000000000 -0.000000000  -0.000000000   0.000000000
   sum over m      0.035623944  0.035623944   0.071247887   0.000000000
   sum over m+mul  0.035623944  0.035623944   0.071247887   0.000000000

    8    C          Up spin      Down spin     Sum           Diff
            multiple
  s           0    0.608900769  0.608900769   1.217801538   0.000000000
   sum over m      0.608900769  0.608900769   1.217801538   0.000000000
  s           1   -0.002676418 -0.002676418  -0.005352837   0.000000000
   sum over m     -0.002676418 -0.002676418  -0.005352837   0.000000000
   sum over m+mul  0.606224351  0.606224351   1.212448701   0.000000000
  px          0    0.396316513  0.396316513   0.792633025   0.000000000
  py          0    0.493877873  0.493877873   0.987755745   0.000000000
  pz          0    0.493877872  0.493877872   0.987755744   0.000000000
   sum over m      1.384072257  1.384072257   2.768144515   0.000000000
  px          1   -0.012702877 -0.012702877  -0.025405753   0.000000000
  py          1   -0.006599223 -0.006599223  -0.013198445   0.000000000
  pz          1   -0.006599223 -0.006599223  -0.013198445   0.000000000
   sum over m     -0.025901322 -0.025901322  -0.051802644   0.000000000
   sum over m+mul  1.358170935  1.358170935   2.716341870   0.000000000
  d3z^2-r^2   0    0.002542642  0.002542642   0.005085283   0.000000000
  dx^2-y^2    0    0.007627925  0.007627925   0.015255849   0.000000000
  dxy         0    0.012728608  0.012728608   0.025457217   0.000000000
  dxz         0    0.012728608  0.012728608   0.025457217   0.000000000
  dyz         0   -0.000000000 -0.000000000  -0.000000000   0.000000000
   sum over m      0.035627783  0.035627783   0.071255567   0.000000000
   sum over m+mul  0.035627783  0.035627783   0.071255567   0.000000000

    9    C          Up spin      Down spin     Sum           Diff
            multiple
  s           0    0.608889379  0.608889379   1.217778758   0.000000000
   sum over m      0.608889379  0.608889379   1.217778758   0.000000000
  s           1   -0.002676543 -0.002676543  -0.005353086   0.000000000
   sum over m     -0.002676543 -0.002676543  -0.005353086   0.000000000
   sum over m+mul  0.606212836  0.606212836   1.212425673   0.000000000
  px          0    0.396309902  0.396309902   0.792619805   0.000000000
  py          0    0.493886723  0.493886723   0.987773446   0.000000000
  pz          0    0.493886723  0.493886723   0.987773445   0.000000000
   sum over m      1.384083348  1.384083348   2.768166696   0.000000000
  px          1   -0.012702753 -0.012702753  -0.025405507   0.000000000
  py          1   -0.006599445 -0.006599445  -0.013198890   0.000000000
  pz          1   -0.006599445 -0.006599445  -0.013198890   0.000000000
   sum over m     -0.025901643 -0.025901643  -0.051803286   0.000000000
   sum over m+mul  1.358181705  1.358181705   2.716363409   0.000000000
  d3z^2-r^2   0    0.002542764  0.002542764   0.005085528   0.000000000
  dx^2-y^2    0    0.007628292  0.007628292   0.015256583   0.000000000
  dxy         0    0.012726011  0.012726011   0.025452022   0.000000000
  dxz         0    0.012726011  0.012726011   0.025452022   0.000000000
  dyz         0   -0.000000000 -0.000000000  -0.000000000   0.000000000
   sum over m      0.035623078  0.035623078   0.071246155   0.000000000
   sum over m+mul  0.035623078  0.035623078   0.071246155   0.000000000

   10    C          Up spin      Down spin     Sum           Diff
            multiple
  s           0    0.608897710  0.608897710   1.217795421   0.000000000
   sum over m      0.608897710  0.608897710   1.217795421   0.000000000
  s           1   -0.002676330 -0.002676330  -0.005352659   0.000000000
   sum over m     -0.002676330 -0.002676330  -0.005352659   0.000000000
   sum over m+mul  0.606221381  0.606221381   1.212442761   0.000000000
  px          0    0.396317264  0.396317264   0.792634528   0.000000000
  py          0    0.493861329  0.493861329   0.987722658   0.000000000
  pz          0    0.493861329  0.493861329   0.987722657   0.000000000
   sum over m      1.384039922  1.384039922   2.768079844   0.000000000
  px          1   -0.012702161 -0.012702161  -0.025404322   0.000000000
  py          1   -0.006599853 -0.006599853  -0.013199707   0.000000000
  pz          1   -0.006599853 -0.006599853  -0.013199707   0.000000000
   sum over m     -0.025901868 -0.025901868  -0.051803735   0.000000000
   sum over m+mul  1.358138054  1.358138054   2.716276109   0.000000000
  d3z^2-r^2   0    0.002542741  0.002542741   0.005085481   0.000000000
  dx^2-y^2    0    0.007628221  0.007628221   0.015256443   0.000000000
  dxy         0    0.012727694  0.012727694   0.025455388   0.000000000
  dxz         0    0.012727694  0.012727694   0.025455388   0.000000000
  dyz         0   -0.000000000 -0.000000000  -0.000000000   0.000000000
   sum over m      0.035626350  0.035626350   0.071252700   0.000000000
   sum over m+mul  0.035626350  0.035626350   0.071252700   0.000000000

   11    C          Up spin      Down spin     Sum           Diff
            multiple
  s           0    0.608888319  0.608888319   1.217776638   0.000000000
   sum over m      0.608888319  0.608888319   1.217776638   0.000000000
  s           1   -0.002676451 -0.002676451  -0.005352901   0.000000000
   sum over m     -0.002676451 -0.002676451  -0.005352901   0.000000000
   sum over m+mul  0.606211868  0.606211868   1.212423736   0.000000000
  px          0    0.396311409  0.396311409   0.792622818   0.000000000
  py          0    0.493871633  0.493871633   0.987743266   0.000000000
  pz          0    0.493871633  0.493871633   0.987743265   0.000000000
   sum over m      1.384054675  1.384054675   2.768109350   0.000000000
  px          1   -0.012702176 -0.012702176  -0.025404352   0.000000000
  py          1   -0.006599950 -0.006599950  -0.013199900   0.000000000
  pz          1   -0.006599950 -0.006599950  -0.013199900   0.000000000
   sum over m     -0.025902077 -0.025902077  -0.051804153   0.000000000
   sum over m+mul  1.358152598  1.358152598   2.716305197   0.000000000
  d3z^2-r^2   0    0.002542831  0.002542831   0.005085661   0.000000000
  dx^2-y^2    0    0.007628491  0.007628491   0.015256983   0.000000000
  dxy         0    0.012725592  0.012725592   0.025451183   0.000000000
  dxz         0    0.012725592  0.012725592   0.025451183   0.000000000
  dyz         0   -0.000000000 -0.000000000  -0.000000000   0.000000000
   sum over m      0.035622505  0.035622505   0.071245011   0.000000000
   sum over m+mul  0.035622505  0.035622505   0.071245011   0.000000000

   12    C          Up spin      Down spin     Sum           Diff
            multiple
  s           0    0.608896081  0.608896081   1.217792163   0.000000000
   sum over m      0.608896081  0.608896081   1.217792163   0.000000000
  s           1   -0.002676268 -0.002676268  -0.005352537   0.000000000
   sum over m     -0.002676268 -0.002676268  -0.005352537   0.000000000
   sum over m+mul  0.606219813  0.606219813   1.212439626   0.000000000
  px          0    0.396317937  0.396317937   0.792635874   0.000000000
  py          0    0.493850443  0.493850443   0.987700885   0.000000000
  pz          0    0.493850442  0.493850442   0.987700885   0.000000000
   sum over m      1.384018822  1.384018822   2.768037645   0.000000000
  px          1   -0.012701712 -0.012701712  -0.025403424   0.000000000
  py          1   -0.006600253 -0.006600253  -0.013200506   0.000000000
  pz          1   -0.006600253 -0.006600253  -0.013200506   0.000000000
   sum over m     -0.025902218 -0.025902218  -0.051804436   0.000000000
   sum over m+mul  1.358116604  1.358116604   2.716233208   0.000000000
  d3z^2-r^2   0    0.002542800  0.002542800   0.005085600   0.000000000
  dx^2-y^2    0    0.007628400  0.007628400   0.015256800   0.000000000
  dxy         0    0.012727192  0.012727192   0.025454383   0.000000000
  dxz         0    0.012727192  0.012727192   0.025454383   0.000000000
  dyz         0   -0.000000000 -0.000000000  -0.000000000   0.000000000
   sum over m      0.035625584  0.035625584   0.071251167   0.000000000
   sum over m+mul  0.035625584  0.035625584   0.071251167   0.000000000

   13    C          Up spin      Down spin     Sum           Diff
            multiple
  s           0    0.608887157  0.608887157   1.217774313   0.000000000
   sum over m      0.608887157  0.608887157   1.217774313   0.000000000
  s           1   -0.002676390 -0.002676390  -0.005352780   0.000000000
   sum over m     -0.002676390 -0.002676390  -0.005352780   0.000000000
   sum over m+mul  0.606210766  0.606210766   1.212421533   0.000000000
  px          0    0.396312230  0.396312230   0.792624459   0.000000000
  py          0    0.493861304  0.493861304   0.987722608   0.000000000
  pz          0    0.493861304  0.493861304   0.987722608   0.000000000
   sum over m      1.384034838  1.384034838   2.768069675   0.000000000
  px          1   -0.012701767 -0.012701767  -0.025403533   0.000000000
  py          1   -0.006600315 -0.006600315  -0.013200629   0.000000000
  pz          1   -0.006600315 -0.006600315  -0.013200629   0.000000000
   sum over m     -0.025902396 -0.025902396  -0.051804791   0.000000000
   sum over m+mul  1.358132442  1.358132442   2.716264884   0.000000000
  d3z^2-r^2   0    0.002542882  0.002542882   0.005085764   0.000000000
  dx^2-y^2    0    0.007628645  0.007628645   0.015257291   0.000000000
  dxy         0    0.012725205  0.012725205   0.025450410   0.000000000
  dxz         0    0.012725205  0.012725205   0.025450410   0.000000000
  dyz         0   -0.000000000 -0.000000000  -0.000000000   0.000000000
   sum over m      0.035621937  0.035621937   0.071243875   0.000000000
   sum over m+mul  0.035621937  0.035621937   0.071243875   0.000000000

   14    C          Up spin      Down spin     Sum           Diff
            multiple
  s           0    0.608895057  0.608895057   1.217790114   0.000000000
   sum over m      0.608895057  0.608895057   1.217790114   0.000000000
  s           1   -0.002676205 -0.002676205  -0.005352410   0.000000000
   sum over m     -0.002676205 -0.002676205  -0.005352410   0.000000000
   sum over m+mul  0.606218852  0.606218852   1.212437704   0.000000000
  px          0    0.396318871  0.396318871   0.792637742   0.000000000
  py          0    0.493839760  0.493839760   0.987679521   0.000000000
  pz          0    0.493839760  0.493839760   0.987679520   0.000000000
   sum over m      1.383998391  1.383998391   2.767996783   0.000000000
  px          1   -0.012701295 -0.012701295  -0.025402590   0.000000000
  py          1   -0.006600621 -0.006600621  -0.013201243   0.000000000
  pz          1   -0.006600621 -0.006600621  -0.013201243   0.000000000
   sum over m     -0.025902538 -0.025902538  -0.051805075   0.000000000
   sum over m+mul  1.358095854  1.358095854   2.716191707   0.000000000
  d3z^2-r^2   0    0.002542851  0.002542851   0.005085702   0.000000000
  dx^2-y^2    0    0.007628552  0.007628552   0.015257105   0.000000000
  dxy         0    0.012726833  0.012726833   0.025453666   0.000000000
  dxz         0    0.012726833  0.012726833   0.025453666   0.000000000
  dyz         0   -0.000000000 -0.000000000  -0.000000000   0.000000000
   sum over m      0.035625069  0.035625069   0.071250139   0.000000000
   sum over m+mul  0.035625069  0.035625069   0.071250139   0.000000000

   15    C          Up spin      Down spin     Sum           Diff
            multiple
  s           0    0.608885347  0.608885347   1.217770695   0.000000000
   sum over m      0.608885347  0.608885347   1.217770695   0.000000000
  s           1   -0.002676330 -0.002676330  -0.005352661   0.000000000
   sum over m     -0.002676330 -0.002676330  -0.005352661   0.000000000
   sum over m+mul  0.606209017  0.606209017   1.212418034   0.000000000
  px          0    0.396312807  0.396312807   0.792625613   0.000000000
  py          0    0.493850484  0.493850484   0.987700969   0.000000000
  pz          0    0.493850484  0.493850484   0.987700968   0.000000000
   sum over m      1.384013775  1.384013775   2.768027550   0.000000000
  px          1   -0.012701313 -0.012701313  -0.025402627   0.000000000
  py          1   -0.006600721 -0.006600721  -0.013201442   0.000000000
  pz          1   -0.006600721 -0.006600721  -0.013201442   0.000000000
   sum over m     -0.025902755 -0.025902755  -0.051805510   0.000000000
   sum over m+mul  1.358111020  1.358111020   2.716222040   0.000000000
  d3z^2-r^2   0    0.002542944  0.002542944   0.005085887   0.000000000
  dx^2-y^2    0    0.007628831  0.007628831   0.015257661   0.000000000
  dxy         0    0.012724661  0.012724661   0.025449322   0.000000000
  dxz         0    0.012724661  0.012724661   0.025449322   0.000000000
  dyz         0   -0.000000000 -0.000000000  -0.000000000   0.000000000
   sum over m      0.035621096  0.035621096   0.071242193   0.000000000
   sum over m+mul  0.035621096  0.035621096   0.071242193   0.000000000

   16    C          Up spin      Down spin     Sum           Diff
            multiple
  s           0    0.608894121  0.608894121   1.217788242   0.000000000
   sum over m      0.608894121  0.608894121   1.217788242   0.000000000
  s           1   -0.002676107 -0.002676107  -0.005352214   0.000000000
   sum over m     -0.002676107 -0.002676107  -0.005352214   0.000000000
   sum over m+mul  0.606218014  0.606218014   1.212436027   0.000000000
  px          0    0.396320536  0.396320536   0.792641072   0.000000000
  py          0    0.493823932  0.493823932   0.987647864   0.000000000
  pz          0    0.493823932  0.493823932   0.987647864   0.000000000
   sum over m      1.383968400  1.383968400   2.767936800   0.000000000
  px          1   -0.012700696 -0.012700696  -0.025401391   0.000000000
  py          1   -0.006601143 -0.006601143  -0.013202286   0.000000000
  pz          1   -0.006601143 -0.006601143  -0.013202286   0.000000000
   sum over m     -0.025902982 -0.025902982  -0.051805963   0.000000000
   sum over m+mul  1.358065418  1.358065418   2.716130837   0.000000000
  d3z^2-r^2   0    0.002542918  0.002542918   0.005085837   0.000000000
  dx^2-y^2    0    0.007628755  0.007628755   0.015257510   0.000000000
  dxy         0    0.012726434  0.012726434   0.025452867   0.000000000
  dxz         0    0.012726434  0.012726434   0.025452867   0.000000000
  dyz         0   -0.000000000 -0.000000000  -0.000000000   0.000000000
   sum over m      0.035624540  0.035624540   0.071249081   0.000000000
   sum over m+mul  0.035624540  0.035624540   0.071249081   0.000000000

   17    C          Up spin      Down spin     Sum           Diff
            multiple
  s           0    0.608882017  0.608882017   1.217764034   0.000000000
   sum over m      0.608882017  0.608882017   1.217764034   0.000000000
  s           1   -0.002676241 -0.002676241  -0.005352483   0.000000000
   sum over m     -0.002676241 -0.002676241  -0.005352483   0.000000000
   sum over m+mul  0.606205776  0.606205776   1.212411551   0.000000000
  px          0    0.396313463  0.396313463   0.792626925   0.000000000
  py          0    0.493833678  0.493833678   0.987667355   0.000000000
  pz          0    0.493833677  0.493833677   0.987667354   0.000000000
   sum over m      1.383980817  1.383980817   2.767961635   0.000000000
  px          1   -0.012700576 -0.012700576  -0.025401153   0.000000000
  py          1   -0.006601372 -0.006601372  -0.013202745   0.000000000
  pz          1   -0.006601372 -0.006601372  -0.013202745   0.000000000
   sum over m     -0.025903321 -0.025903321  -0.051806642   0.000000000
   sum over m+mul  1.358077496  1.358077496   2.716154993   0.000000000
  d3z^2-r^2   0    0.002543047  0.002543047   0.005086094   0.000000000
  dx^2-y^2    0    0.007629141  0.007629141   0.015258282   0.000000000
  dxy         0    0.012723679  0.012723679   0.025447357   0.000000000
  dxz         0    0.012723679  0.012723679   0.025447357   0.000000000
  dyz         0   -0.000000000 -0.000000000  -0.000000000   0.000000000
   sum over m      0.035619546  0.035619546   0.071239091   0.000000000
   sum over m+mul  0.035619546  0.035619546   0.071239091   0.000000000

   18    C          Up spin      Down spin     Sum           Diff
            multiple
  s           0    0.608893070  0.608893070   1.217786140   0.000000000
   sum over m      0.608893070  0.608893070   1.217786140   0.000000000
  s           1   -0.002675928 -0.002675928  -0.005351856   0.000000000
   sum over m     -0.002675928 -0.002675928  -0.005351856   0.000000000
   sum over m+mul  0.606217142  0.606217142   1.212434284   0.000000000
  px          0    0.396323967  0.396323967   0.792647933   0.000000000
  py          0    0.493794686  0.493794686   0.987589372   0.000000000
  pz          0    0.493794685  0.493794685   0.987589371   0.000000000
   sum over m      1.383913338  1.383913338   2.767826676   0.000000000
  px          1   -0.012699560 -0.012699560  -0.025399120   0.000000000
  py          1   -0.006602089 -0.006602089  -0.013204178   0.000000000
  pz          1   -0.006602089 -0.006602089  -0.013204178   0.000000000
   sum over m     -0.025903738 -0.025903738  -0.051807476   0.000000000
   sum over m+mul  1.358009600  1.358009600   2.716019200   0.000000000
  d3z^2-r^2   0    0.002543036  0.002543036   0.005086073   0.000000000
  dx^2-y^2    0    0.007629109  0.007629109   0.015258218   0.000000000
  dxy         0    0.012725786  0.012725786   0.025451572   0.000000000
  dxz         0    0.012725786  0.012725786   0.025451572   0.000000000
  dyz         0   -0.000000000 -0.000000000  -0.000000000   0.000000000
   sum over m      0.035623717  0.035623717   0.071247434   0.000000000
   sum over m+mul  0.035623717  0.035623717   0.071247434   0.000000000

   19    C          Up spin      Down spin     Sum           Diff
            multiple
  s           0    0.608875912  0.608875912   1.217751823   0.000000000
   sum over m      0.608875912  0.608875912   1.217751823   0.000000000
  s           1   -0.002676065 -0.002676065  -0.005352130   0.000000000
   sum over m     -0.002676065 -0.002676065  -0.005352130   0.000000000
   sum over m+mul  0.606199847  0.606199847   1.212399694   0.000000000
  px          0    0.396314880  0.396314880   0.792629759   0.000000000
  py          0    0.493802278  0.493802278   0.987604556   0.000000000
  pz          0    0.493802277  0.493802277   0.987604555   0.000000000
   sum over m      1.383919435  1.383919435   2.767838870   0.000000000
  px          1   -0.012698916 -0.012698916  -0.025397833   0.000000000
  py          1   -0.006602571 -0.006602571  -0.013205142   0.000000000
  pz          1   -0.006602571 -0.006602571  -0.013205142   0.000000000
   sum over m     -0.025904058 -0.025904058  -0.051808116   0.000000000
   sum over m+mul  1.358015377  1.358015377   2.716030753   0.000000000
  d3z^2-r^2   0    0.002543246  0.002543246   0.005086491   0.000000000
  dx^2-y^2    0    0.007629736  0.007629736   0.015259472   0.000000000
  dxy         0    0.012721625  0.012721625   0.025443250   0.000000000
  dxz         0    0.012721625  0.012721625   0.025443250   0.000000000
  dyz         0   -0.000000000 -0.000000000  -0.000000000   0.000000000
   sum over m      0.035616232  0.035616232   0.071232463   0.000000000
   sum over m+mul  0.035616232  0.035616232   0.071232463   0.000000000

   20    C          Up spin      Down spin     Sum           Diff
            multiple
  s           0    0.608893762  0.608893762   1.217787525   0.000000000
   sum over m      0.608893762  0.608893762   1.217787525   0.000000000
  s           1   -0.002674808 -0.002674808  -0.005349616   0.000000000
   sum over m     -0.002674808 -0.002674808  -0.005349616   0.000000000
   sum over m+mul  0.606218954  0.606218954   1.212437909   0.000000000
  px          0    0.396333211  0.396333211   0.792666422   0.000000000
  py          0    0.493731637  0.493731637   0.987463274   0.000000000
  pz          0    0.493731637  0.493731637   0.987463274   0.000000000
   sum over m      1.383796485  1.383796485   2.767592970   0.000000000
  px          1   -0.012694998 -0.012694998  -0.025389995   0.000000000
  py          1   -0.006603927 -0.006603927  -0.013207854   0.000000000
  pz          1   -0.006603927 -0.006603927  -0.013207854   0.000000000
   sum over m     -0.025902851 -0.025902851  -0.051805703   0.000000000
   sum over m+mul  1.357893634  1.357893634   2.715787267   0.000000000
  d3z^2-r^2   0    0.002543199  0.002543199   0.005086398   0.000000000
  dx^2-y^2    0    0.007629596  0.007629596   0.015259193   0.000000000
  dxy         0    0.012724512  0.012724512   0.025449024   0.000000000
  dxz         0    0.012724512  0.012724512   0.025449024   0.000000000
  dyz         0   -0.000000000 -0.000000000  -0.000000000   0.000000000
   sum over m      0.035621820  0.035621820   0.071243639   0.000000000
   sum over m+mul  0.035621820  0.035621820   0.071243639   0.000000000

   21    C          Up spin      Down spin     Sum           Diff
            multiple
  s           0    0.608891335  0.608891335   1.217782670   0.000000000
   sum over m      0.608891335  0.608891335   1.217782670   0.000000000
  s           1   -0.002663378 -0.002663378  -0.005326756   0.000000000
   sum over m     -0.002663378 -0.002663378  -0.005326756   0.000000000
   sum over m+mul  0.606227957  0.606227957   1.212455913   0.000000000
  px          0    0.396380764  0.396380764   0.792761527   0.000000000
  py          0    0.493732208  0.493732208   0.987464416   0.000000000
  pz          0    0.493732208  0.493732208   0.987464415   0.000000000
   sum over m      1.383845179  1.383845179   2.767690359   0.000000000
  px          1   -0.012651503 -0.012651503  -0.025303007   0.000000000
  py          1   -0.006604834 -0.006604834  -0.013209668   0.000000000
  pz          1   -0.006604834 -0.006604834  -0.013209668   0.000000000
   sum over m     -0.025861171 -0.025861171  -0.051722343   0.000000000
   sum over m+mul  1.357984008  1.357984008   2.715968016   0.000000000
  d3z^2-r^2   0    0.002543279  0.002543279   0.005086558   0.000000000
  dx^2-y^2    0    0.007629837  0.007629837   0.015259673   0.000000000
  dxy         0    0.012717228  0.012717228   0.025434455   0.000000000
  dxz         0    0.012717228  0.012717228   0.025434455   0.000000000
  dyz         0   -0.000000000 -0.000000000  -0.000000000   0.000000000
   sum over m      0.035607571  0.035607571   0.071215142   0.000000000
   sum over m+mul  0.035607571  0.035607571   0.071215142   0.000000000

   22    C          Up spin      Down spin     Sum           Diff
            multiple
  s           0    0.609408259  0.609408259   1.218816518   0.000000000
   sum over m      0.609408259  0.609408259   1.218816518   0.000000000
  s           1   -0.002582643 -0.002582643  -0.005165287   0.000000000
   sum over m     -0.002582643 -0.002582643  -0.005165287   0.000000000
   sum over m+mul  0.606825616  0.606825616   1.213651231   0.000000000
  px          0    0.397173434  0.397173434   0.794346868   0.000000000
  py          0    0.493567268  0.493567268   0.987134537   0.000000000
  pz          0    0.493567268  0.493567268   0.987134536   0.000000000
   sum over m      1.384307970  1.384307970   2.768615941   0.000000000
  px          1   -0.012329698 -0.012329698  -0.024659396   0.000000000
  py          1   -0.006606704 -0.006606704  -0.013213408   0.000000000
  pz          1   -0.006606704 -0.006606704  -0.013213408   0.000000000
   sum over m     -0.025543106 -0.025543106  -0.051086213   0.000000000
   sum over m+mul  1.358764864  1.358764864   2.717529728   0.000000000
  d3z^2-r^2   0    0.002543244  0.002543244   0.005086487   0.000000000
  dx^2-y^2    0    0.007629731  0.007629731   0.015259462   0.000000000
  dxy         0    0.012727885  0.012727885   0.025455771   0.000000000
  dxz         0    0.012727886  0.012727886   0.025455771   0.000000000
  dyz         0    0.000000000  0.000000000   0.000000000   0.000000000
   sum over m      0.035628746  0.035628746   0.071257491   0.000000000
   sum over m+mul  0.035628746  0.035628746   0.071257491   0.000000000

   23    C          Up spin      Down spin     Sum           Diff
            multiple
  s           0    0.612050786  0.612050786   1.224101572   0.000000000
   sum over m      0.612050786  0.612050786   1.224101572   0.000000000
  s           1   -0.002587379 -0.002587379  -0.005174757   0.000000000
   sum over m     -0.002587379 -0.002587379  -0.005174757   0.000000000
   sum over m+mul  0.609463407  0.609463407   1.218926815   0.000000000
  px          0    0.399987018  0.399987018   0.799974036   0.000000000
  py          0    0.493424815  0.493424815   0.986849631   0.000000000
  pz          0    0.493424815  0.493424815   0.986849630   0.000000000
   sum over m      1.386836648  1.386836648   2.773673296   0.000000000
  px          1   -0.012258989 -0.012258989  -0.024517979   0.000000000
  py          1   -0.006595691 -0.006595691  -0.013191382   0.000000000
  pz          1   -0.006595691 -0.006595691  -0.013191382   0.000000000
   sum over m     -0.025450372 -0.025450372  -0.050900744   0.000000000
   sum over m+mul  1.361386276  1.361386276   2.722772553   0.000000000
  d3z^2-r^2   0    0.002562190  0.002562190   0.005124381   0.000000000
  dx^2-y^2    0    0.007686571  0.007686571   0.015373142   0.000000000
  dxy         0    0.012673555  0.012673555   0.025347110   0.000000000
  dxz         0    0.012673555  0.012673555   0.025347110   0.000000000
  dyz         0    0.000000000  0.000000000   0.000000000   0.000000000
   sum over m      0.035595871  0.035595871   0.071191743   0.000000000
   sum over m+mul  0.035595871  0.035595871   0.071191743   0.000000000

   24    C          Up spin      Down spin     Sum           Diff
            multiple
  s           0    0.611591300  0.611591300   1.223182601   0.000000000
   sum over m      0.611591300  0.611591300   1.223182601   0.000000000
  s           1   -0.002919460 -0.002919460  -0.005838920   0.000000000
   sum over m     -0.002919460 -0.002919460  -0.005838920   0.000000000
   sum over m+mul  0.608671840  0.608671840   1.217343680   0.000000000
  px          0    0.393198818  0.393198818   0.786397637   0.000000000
  py          0    0.490965507  0.490965507   0.981931015   0.000000000
  pz          0    0.490965507  0.490965507   0.981931014   0.000000000
   sum over m      1.375129833  1.375129833   2.750259665   0.000000000
  px          1   -0.013248083 -0.013248083  -0.026496166   0.000000000
  py          1   -0.006629053 -0.006629053  -0.013258106   0.000000000
  pz          1   -0.006629053 -0.006629053  -0.013258106   0.000000000
   sum over m     -0.026506189 -0.026506189  -0.053012378   0.000000000
   sum over m+mul  1.348623644  1.348623644   2.697247287   0.000000000
  d3z^2-r^2   0    0.002535789  0.002535789   0.005071578   0.000000000
  dx^2-y^2    0    0.007607383  0.007607383   0.015214766   0.000000000
  dxy         0    0.012638648  0.012638648   0.025277295   0.000000000
  dxz         0    0.012638648  0.012638648   0.025277295   0.000000000
  dyz         0   -0.000000008 -0.000000008  -0.000000017   0.000000000
   sum over m      0.035420458  0.035420458   0.070840917   0.000000000
   sum over m+mul  0.035420458  0.035420458   0.070840917   0.000000000

***********************************************************
***********************************************************
                    Dipole moment (Debye)                  
***********************************************************
***********************************************************

 Absolute D        0.54535668

                      Dx                Dy                Dz
 Total              0.54535668       -0.00000000        0.00000000
 Core            7262.44867931        0.00000000        0.00000000
 Electron       -7261.90332263       -0.00000000        0.00000000
 Back ground       -0.00000000       -0.00000000       -0.00000000

***********************************************************
***********************************************************
       xyz-coordinates (Ang) and forces (Hartree/Bohr)  
***********************************************************
***********************************************************

<coordinates.forces
  24
    1     C    -1.50000   0.00000   0.00000   0.393936617711  0.000000000741 -0.000000000311
    2     C     0.00000   0.00000   0.00000  -0.033773387965 -0.000000000783 -0.000000000408
    3     C     1.50000   0.00000   0.00000  -0.004172573076 -0.000000000129  0.000000000251
    4     C     3.00000   0.00000   0.00000   0.003662336111  0.000000000554 -0.000000000006
    5     C     4.50000   0.00000   0.00000  -0.003406203956 -0.000000000925 -0.000000000544
    6     C     6.00000   0.00000   0.00000   0.002929264690 -0.000000000437 -0.000000000244
    7     C     7.50000   0.00000   0.00000  -0.002762694313  0.000000000480  0.000000000156
    8     C     9.00000   0.00000   0.00000   0.002556197576  0.000000000438  0.000000000963
    9     C    10.50000   0.00000   0.00000  -0.002458278609 -0.000000000632 -0.000000001253
   10     C    12.00000   0.00000   0.00000   0.002354683107  0.000000001126  0.000000000421
   11     C    13.50000   0.00000   0.00000  -0.002315285551  0.000000000013  0.000000000033
   12     C    15.00000   0.00000   0.00000   0.002273031415 -0.000000000637  0.000000000029
   13     C    16.50000   0.00000   0.00000  -0.002279269674  0.000000000467 -0.000000000519
   14     C    18.00000   0.00000   0.00000   0.002296535494 -0.000000000379 -0.000000000025
   15     C    19.50000   0.00000   0.00000  -0.002347130807 -0.000000000703  0.000000000260
   16     C    21.00000   0.00000   0.00000   0.002426311071 -0.000000000157  0.000000000742
   17     C    22.50000   0.00000   0.00000  -0.002531899991  0.000000001536  0.000000000013
   18     C    24.00000   0.00000   0.00000   0.002714442557 -0.000000000074 -0.000000000341
   19     C    25.50000   0.00000   0.00000  -0.002884477845 -0.000000001297  0.000000000459
   20     C    27.00000   0.00000   0.00000   0.003345418286  0.000000000452 -0.000000000620
   21     C    28.50000   0.00000   0.00000  -0.003079740369  0.000000001091  0.000000000420
   22     C    30.00000   0.00000   0.00000   0.006994516745 -0.000000001695 -0.000000000902
   23     C    31.50000   0.00000   0.00000   0.033696056635 -0.000000000752  0.000000000879
   24     C    33.00000   0.00000   0.00000  -0.396864153015  0.000000001534  0.000000000671
coordinates.forces>

***********************************************************
***********************************************************
       Fractional coordinates of the final structure       
***********************************************************
***********************************************************

     1      C     0.95833333333333   0.00000000000000   0.00000000000000
     2      C     0.00000000000000   0.00000000000000   0.00000000000000
     3      C     0.04166666666667   0.00000000000000   0.00000000000000
     4      C     0.08333333333333   0.00000000000000   0.00000000000000
     5      C     0.12500000000000   0.00000000000000   0.00000000000000
     6      C     0.16666666666667   0.00000000000000   0.00000000000000
     7      C     0.20833333333333   0.00000000000000   0.00000000000000
     8      C     0.25000000000000   0.00000000000000   0.00000000000000
     9      C     0.29166666666667   0.00000000000000   0.00000000000000
    10      C     0.33333333333333   0.00000000000000   0.00000000000000
    11      C     0.37500000000000   0.00000000000000   0.00000000000000
    12      C     0.41666666666667   0.00000000000000   0.00000000000000
    13      C     0.45833333333333   0.00000000000000   0.00000000000000
    14      C     0.50000000000000   0.00000000000000   0.00000000000000
    15      C     0.54166666666667   0.00000000000000   0.00000000000000
    16      C     0.58333333333333   0.00000000000000   0.00000000000000
    17      C     0.62500000000000   0.00000000000000   0.00000000000000
    18      C     0.66666666666667   0.00000000000000   0.00000000000000
    19      C     0.70833333333333   0.00000000000000   0.00000000000000
    20      C     0.75000000000000   0.00000000000000   0.00000000000000
    21      C     0.79166666666667   0.00000000000000   0.00000000000000
    22      C     0.83333333333333   0.00000000000000   0.00000000000000
    23      C     0.87500000000000   0.00000000000000   0.00000000000000
    24      C     0.91666666666667   0.00000000000000   0.00000000000000

***********************************************************
***********************************************************
               Computational Time (second)                 
***********************************************************
***********************************************************

   Elapsed.Time.        50.615

                               Min_ID   Min_Time       Max_ID   Max_Time
   Total Computational Time =    14       50.612          0       50.615
   readfile                 =     2        1.430          0        1.432
   truncation               =    25        0.077          0        0.101
   MD_pac                   =     0        0.003         25        0.005
   OutData                  =    11        0.000          0        0.003
   HWF                      =     0        0.000          0        0.000
   DFT                      =     0       36.774         25       36.797

*** In DFT ***

   Set_OLP_Kin              =    26        0.091          1        0.185
   Set_Nonlocal             =     0        0.107         24        0.178
   Set_ProExpn_VNA          =    10        0.610         26        0.689
   Set_Hamiltonian          =    12        2.088         10        2.089
   Poisson                  =    15        1.660          8        1.661
   Diagonalization          =    26       13.565         22       13.573
   Mixing_DM                =    14       15.079          0       15.080
   Force                    =    20        0.057         17        0.057
   Total_Energy             =     1        0.069          0        0.070
   Set_Aden_Grid            =    26        0.026          1        0.102
   Set_Orbitals_Grid        =    25        0.000          7        0.025
   Set_Density_Grid         =    23        0.924         10        1.184
   RestartFileDFT           =    10        0.143         17        0.332
   Mulliken_Charge          =    16        0.154          2        0.157
   FFT(2D)_Density          =    16        0.702          5        0.702
   Others                   =     5        0.893         26        1.266
