***********************************************************
***********************************************************

  This calculation was performed by OpenMX Ver. 4.0
  using 28 MPI processes and 1 OpenMP threads.

  Fri Apr 10 12:43:24 2026

***********************************************************
***********************************************************

#
# File Name
#

System.CurrrentDirectory         ./    # default=./
System.Name                       negf-au-chain-nc
level.of.stdout                   1    # default=1 (1-3)
level.of.fileout                  1    # default=1 (0-2)


NEGF.filename.hks.l     lead-au-chain-nc.hks
NEGF.filename.hks.r     lead-au-chain-nc.hks

NEGF.Num.Poles             100       # default=150
NEGF.scf.Kgrid             1 1       # default=1 1

NEGF.bias.voltage          0.0       # default=0.0 (eV)
NEGF.bias.neq.im.energy    0.01      # default=0.01 (eV)
NEGF.bias.neq.energy.step  0.02      # default=0.02 (eV) 

Dos.fileout                 off      # on|off, default=off
NEGF.Dos.energyrange     -15.0 25.0 5.0e-3  #default=-10.0 10.0 5.0e-3 (eV)
NEGF.Dos.energy.div        200       # default=200
NEGF.Dos.Kgrid             1 1       # default=1 1 

#
# Transmission & Eigen Channel
#

NEGF.tran.Analysis         on        #  default on
NEGF.tran.energydiv        200       # default=200
NEGF.tran.energyrange -10 10 1.0e-3  # default=-10.0 10.0 1.0e-3 (eV)
NEGF.tran.Kgrid            1 1       # default= 1 1
NEGF.tran.Channel          on        #  default on
NEGF.Channel.Nkpoint        1        # default=1
<NEGF.Channel.kpoint
0.0  0.0
NEGF.Channel.kpoint>
# default 0.0 0.0
NEGF.Channel.Nenergy        1        # default=1
<NEGF.Channel.energy
0.0
NEGF.Channel.energy>
# default 0.0
NEGF.Channel.Num            5        # defualt=5(for collinear), 10(for Non-collinear)
NEGF.SCF.Iter.Band          20

#
# Definition of Atomic Species
#

Species.Number       1
<Definition.of.Atomic.Species
 Au    Au7.0-s2p2d2      Au_PBE19
Definition.of.Atomic.Species>

#
# Atoms
#

Atoms.SpeciesAndCoordinates.Unit   Ang # Ang|AU

Atoms.Number        9
<Atoms.SpeciesAndCoordinates 
 1  Au 5.400  0.000  0.000  8.5 8.5    0.0 0.0 0.0 0.0 0  off
 2  Au 8.100  0.000  0.000  8.5 8.5    0.0 0.0 0.0 0.0 0  off
 3  Au 10.80  0.000  0.000  8.5 8.5    0.0 0.0 0.0 0.0 0  off
 4  Au 13.50  0.000  0.000  8.5 8.5    0.0 0.0 0.0 0.0 0  off
 5  Au 16.20  0.000  0.000  8.5 8.5    0.0 0.0 0.0 0.0 0  off
 6  Au 18.90  0.000  0.000  8.5 8.5    0.0 0.0 0.0 0.0 0  off
 7  Au 21.60  0.000  0.000  8.5 8.5    0.0 0.0 0.0 0.0 0  off
 8  Au 24.30  0.000  0.000  8.5 8.5    0.0 0.0 0.0 0.0 0  off
 9  Au 27.00  0.000  0.000  8.5 8.5    0.0 0.0 0.0 0.0 0  off
Atoms.SpeciesAndCoordinates> 

#
# Lead-Left
#

LeftLeadAtoms.Number         3
<LeftLeadAtoms.SpeciesAndCoordinates           # Unit=Ang.
 1  Au -2.700  0.000  0.000  8.5 8.5    0.0 0.0 0.0 0.0 0  off
 2  Au  0.000  0.000  0.000  8.5 8.5    0.0 0.0 0.0 0.0 0  off
 3  Au  2.700  0.000  0.000  8.5 8.5    0.0 0.0 0.0 0.0 0  off
LeftLeadAtoms.SpeciesAndCoordinates>

#
# Lead-Right
#

RightLeadAtoms.Number        3 
<RightLeadAtoms.SpeciesAndCoordinates           # Unit=Ang.
 1  Au  29.70  0.000  0.000  8.5 8.5    0.0 0.0 0.0 0.0 0  off
 2  Au  32.40  0.000  0.000  8.5 8.5    0.0 0.0 0.0 0.0 0  off 
 3  Au  35.10  0.000  0.000  8.5 8.5    0.0 0.0 0.0 0.0 0  off
RightLeadAtoms.SpeciesAndCoordinates>


#
# SCF or Electronic System
#

scf.XcType                 GGA-PBE        # LDA|LSDA-CA|LSDA-PW|GGA-PBE
scf.SpinPolarization       NC          # On|Off|NC
scf.SpinOrbit.Coupling     On        # On|Off, default=off
scf.ElectronicTemperature  600.0       # default=300 (K)
scf.energycutoff           250.0       # default=150 (Ry)
scf.maxIter                1000        # default=40
scf.EigenvalueSolver       NEGF        # DC|GDC|Cluster|Band
scf.lapack.dste            dstevx      # dstegr|dstedc|dstevx, default=dstegr
scf.Kgrid                  1 1 1       # means n1 x n2 x n3
scf.Mixing.Type          rmm-diisk     # Simple|Rmm-Diis|Gr-Pulay|Kerker|Rmm-Diisk
scf.Init.Mixing.Weight      0.001      # default=0.30
scf.Min.Mixing.Weight       0.001      # default=0.001
scf.Max.Mixing.Weight       0.300      # default=0.40
scf.Mixing.History          40         # default=5
scf.Mixing.StartPulay       10         # default=6
scf.Mixing.EveryPulay       1
scf.criterion             1.0e-5       # default=1.0e-6 (Hartree)
scf.restart                  off


***********************************************************
***********************************************************

  Required cutoff energy (Ryd) for 3D-grids = 250.0000
      Used cutoff energy (Ryd) for 3D-grids = 248.4589, 254.7091, 254.7091
  Num. of grids of a-, b-, and c-axes = 384, 96, 96

  Num.Grid1.   384
  Num.Grid2.    96
  Num.Grid3.    96


  Cell_Volume =  27330.748800271806 (Bohr^3)
  GridVol     =      0.007722854275 (Bohr^3)
  Cell vectors (bohr) of the grid cell (gtv)
    gtv_a =  0.199307037858,  0.000000000000,  0.000000000000
    gtv_b =  0.000000000000,  0.196846457144,  0.000000000000
    gtv_c =  0.000000000000,  0.000000000000,  0.196846457144
    |gtv_a| =  0.199307037858
    |gtv_b| =  0.196846457144
    |gtv_c| =  0.196846457144

***********************************************************
***********************************************************


***********************************************************
***********************************************************
                  SCF history at MD= 1                    
***********************************************************
***********************************************************

   SCF=   1  NormRD=  1.000000000000  Uele=  0.000000000000
   SCF=   2  NormRD=  1.160263672117  Uele=  0.000000000000
   SCF=   3  NormRD=  1.112357159811  Uele=  0.000000000000
   SCF=   4  NormRD=  0.593191260177  Uele=  0.000000000000
   SCF=   5  NormRD=  0.492953546398  Uele=  0.000000000000
   SCF=   6  NormRD=  0.185561233355  Uele=  0.000000000000
   SCF=   7  NormRD=  0.127986782641  Uele=  0.000000000000
   SCF=   8  NormRD=  0.114559368542  Uele=  0.000000000000
   SCF=   9  NormRD=  0.070366780049  Uele=  0.000000000000
   SCF=  10  NormRD=  0.402156880666  Uele=  0.000000000000
   SCF=  11  NormRD=  0.523588042445  Uele=  0.000000000000
   SCF=  12  NormRD=  0.412683480686  Uele=  0.000000000000
   SCF=  13  NormRD=  0.306375204694  Uele=  0.000000000000
   SCF=  14  NormRD=  0.158359862232  Uele=  0.000000000000
   SCF=  15  NormRD=  0.071264837586  Uele=  0.000000000000
   SCF=  16  NormRD=  0.048642065680  Uele=  0.000000000000
   SCF=  17  NormRD=  0.058271300680  Uele=  0.000000000000
   SCF=  18  NormRD=  0.059272939101  Uele=  0.000000000000
   SCF=  19  NormRD=  0.059217273975  Uele=  0.000000000000
   SCF=  20  NormRD=  0.054572873875  Uele=  0.000000000000
   SCF=  21  NormRD=  1.000000000000  Uele=  0.000000000000
   SCF=  22  NormRD=  0.078217322893  Uele=  0.000000000000
   SCF=  23  NormRD=  0.089157973798  Uele=  0.000000000000
   SCF=  24  NormRD=  0.114620561088  Uele=  0.000000000000
   SCF=  25  NormRD=  0.136471955829  Uele=  0.000000000000
   SCF=  26  NormRD=  0.157695941292  Uele=  0.000000000000
   SCF=  27  NormRD=  0.156203084671  Uele=  0.000000000000
   SCF=  28  NormRD=  0.069064385539  Uele=  0.000000000000
   SCF=  29  NormRD=  0.169354823057  Uele=  0.000000000000
   SCF=  30  NormRD=  0.056549708034  Uele=  0.000000000000
   SCF=  31  NormRD=  0.066518011278  Uele=  0.000000000000
   SCF=  32  NormRD=  0.077272699818  Uele=  0.000000000000
   SCF=  33  NormRD=  0.067086137031  Uele=  0.000000000000
   SCF=  34  NormRD=  0.062259034496  Uele=  0.000000000000
   SCF=  35  NormRD=  0.055059465474  Uele=  0.000000000000
   SCF=  36  NormRD=  0.049119238509  Uele=  0.000000000000
   SCF=  37  NormRD=  0.041014406628  Uele=  0.000000000000
   SCF=  38  NormRD=  0.041101810594  Uele=  0.000000000000
   SCF=  39  NormRD=  0.040174372298  Uele=  0.000000000000
   SCF=  40  NormRD=  0.039182758810  Uele=  0.000000000000
   SCF=  41  NormRD=  0.035547248952  Uele=  0.000000000000
   SCF=  42  NormRD=  0.031891025313  Uele=  0.000000000000
   SCF=  43  NormRD=  0.030772356931  Uele=  0.000000000000
   SCF=  44  NormRD=  0.028290462018  Uele=  0.000000000000
   SCF=  45  NormRD=  0.019466165335  Uele=  0.000000000000
   SCF=  46  NormRD=  0.017134639586  Uele=  0.000000000000
   SCF=  47  NormRD=  0.016745300321  Uele=  0.000000000000
   SCF=  48  NormRD=  0.015768515349  Uele=  0.000000000000
   SCF=  49  NormRD=  0.016127730679  Uele=  0.000000000000
   SCF=  50  NormRD=  0.006782171080  Uele=  0.000000000000
   SCF=  51  NormRD=  0.007154168559  Uele=  0.000000000000
   SCF=  52  NormRD=  0.003045061935  Uele=  0.000000000000
   SCF=  53  NormRD=  0.001948053845  Uele=  0.000000000000
   SCF=  54  NormRD=  0.001504435032  Uele=  0.000000000000
   SCF=  55  NormRD=  0.001150795720  Uele=  0.000000000000
   SCF=  56  NormRD=  0.000645669004  Uele=  0.000000000000
   SCF=  57  NormRD=  0.000469792199  Uele=  0.000000000000
   SCF=  58  NormRD=  0.000486719665  Uele=  0.000000000000
   SCF=  59  NormRD=  0.000117999237  Uele=  0.000000000000
   SCF=  60  NormRD=  0.000118987342  Uele=  0.000000000000
   SCF=  61  NormRD=  0.000051231323  Uele=  0.000000000000
   SCF=  62  NormRD=  0.000026614385  Uele=  0.000000000000
   SCF=  63  NormRD=  0.000017231498  Uele=  0.000000000000
   SCF=  64  NormRD=  0.000011962891  Uele=  0.000000000000
   SCF=  65  NormRD=  0.000006530558  Uele=  0.000000000000

*******************************************************
        Total energy (Hartree) at MD = 1        
*******************************************************

  Uele.          0.000000000000

  Ukin.        591.438192257889
  UH0.       -2609.657936407473
  UH1.           0.067000664435
  Una.        -436.213634945184
  Unl.        -170.395081157961
  Uxc0.       -116.661134147464
  Uxc1.       -116.586097175751
  Ucore.      1274.435208008333
  Uhub.          0.000000000000
  Ucs.           0.000000000000
  Uzs.           0.000000000000
  Uzo.           0.000000000000
  Uef.           0.000000000000
  UvdW.          0.000000000000
  Uch.           0.000000000000
  Utot.      -1583.573482903176

  UpV.           0.000000000000
  Enpy.      -1583.573482903176
  Note:

  Utot = Ukin+UH0+UH1+Una+Unl+Uxc0+Uxc1+Ucore+Uhub+Ucs+Uzs+Uzo+Uef+UvdW+Uch

  Uele:   band energy
  Ukin:   kinetic energy
  UH0:    electric part of screened Coulomb energy
  UH1:    difference electron-electron Coulomb energy
  Una:    neutral atom potential energy
  Unl:    non-local potential energy
  Uxc0:   exchange-correlation energy for alpha spin
  Uxc1:   exchange-correlation energy for beta spin
  Ucore:  core-core Coulomb energy
  Uhub:   LDA+U energy
  Ucs:    constraint energy for spin orientation
  Uzs:    Zeeman term for spin magnetic moment
  Uzo:    Zeeman term for orbital magnetic moment
  Uef:    electric energy by electric field
  UvdW:   semi-empirical vdW energy
  Uch:    penalty term to create a core hole

  UpV:    pressure times volume
  Enpy:   Enthalpy = Utot + UpV
  (see also PRB 72, 045121(2005) for the energy contributions)



  Chemical potential of left lead  (Hartree)      -0.225846384497
  Chemical potential of right lead (Hartree)      -0.225846384497

***********************************************************
***********************************************************
            Informaions for NEGF calculation               
***********************************************************
***********************************************************


Intrinsic chemical potential (eV) of the leads
  Left lead:  -6.145592806493
  Right lead: -6.145592806493
  add voltage = -0.0000 (eV) to the  left lead: new ChemP (eV):  -6.1456
  add voltage =  0.0000 (eV) to the right lead: new ChemP (eV):  -6.1456

  Intrinsic bias volatage:   0.000000000000 (eV)
  Net bias volatage:         0.000000000000 (eV)

Parameters for the integration of the non-equilibrium part
  lower bound:           -6.145592806493 (eV)
  upper bound:           -6.145592806493 (eV)
  energy step:            0.020000000000 (eV)
  number of steps:             0     

Sum of transmission eigenvalues

  Sum.Eigentrans.k0.E0.S0       3.6472523376e+00

***********************************************************
***********************************************************
           Eigenvalues (Hartree) of SCF KS-eq.           
***********************************************************
***********************************************************

   Chemical Potential (Hartree) =  -0.22584638449737
   Number of States             = 254.99999999999974
   Eigenvalues


   kloop=0
   k1=   0.00000 k2=   0.00000 k3=   0.00000

    1   -2.64424131531320
    2   -2.64424108369121
    3   -2.64394833445562
    4   -2.64394810322129
    5   -2.63608719518692
    6   -2.63608704658849
    7   -2.63576639752044
    8   -2.63576625010217
    9   -2.63204882115253
   10   -2.63204867913150
   11   -2.63111354138569
   12   -2.63111338236467
   13   -2.63012836106271
   14   -2.63012819539855
   15   -2.62849769847609
   16   -2.62849766233189
   17   -2.62821487407034
   18   -2.62821484030937
   19   -2.61731564935728
   20   -2.61726549283198
   21   -2.61690097241895
   22   -2.61685532734121
   23   -2.61519709143772
   24   -2.61519295228830
   25   -2.61480633090697
   26   -2.61480587737837
   27   -2.61431974355647
   28   -2.61431418182777
   29   -2.61387518870335
   30   -2.61386751458997
   31   -2.09861708591879
   32   -2.09861697728985
   33   -2.09832393413809
   34   -2.09832382749506
   35   -2.09035275262259
   36   -2.09035244821435
   37   -2.09006690259359
   38   -2.09006660035982
   39   -2.08686429062685
   40   -2.08686389799044
   41   -2.08574958746417
   42   -2.08574951144965
   43   -2.08546053179209
   44   -2.08546045565089
   45   -2.08488428043856
   46   -2.08488398226163
   47   -2.08321863852125
   48   -2.08321844755063
   49   -2.08293377776465
   50   -2.08293358190059
   51   -2.08214556255398
   52   -2.08214514998853
   53   -2.07759685924455
   54   -2.07759682241209
   55   -2.07730540523087
   56   -2.07730536832111
   57   -2.07440730532216
   58   -2.07435765499281
   59   -2.07363328180891
   60   -2.07363323878417
   61   -2.07345796192347
   62   -2.07345791945708
   63   -2.07286854242670
   64   -2.07285226092130
   65   -2.07279783982969
   66   -2.07279778518573
   67   -2.07144600467697
   68   -2.07143411193978
   69   -2.07001992382804
   70   -2.06998894750964
   71   -2.06983586733485
   72   -2.06983582022324
   73   -2.06955768423487
   74   -2.06955763646124
   75   -2.06824579680250
   76   -2.06824124188903
   77   -2.06762567266781
   78   -2.06761024119114
   79   -2.05785411408908
   80   -2.05785334127000
   81   -2.05735752459140
   82   -2.05735676552823
   83   -2.05610827446686
   84   -2.05610794391086
   85   -2.05567944268877
   86   -2.05567913225839
   87   -2.05551699153327
   88   -2.05551679537766
   89   -2.05511849606599
   90   -2.05511828851463
   91   -0.40963054201955
   92   -0.40963047110419
   93   -0.40429725702906
   94   -0.40429712264315
   95   -0.39717059786014
   96   -0.39716773317766
   97   -0.38420989814578
   98   -0.38420729863979
   99   -0.38164137295893
  100   -0.38164087964592
  101   -0.35951385603628
  102   -0.35951288059798
  103   -0.35834452746887
  104   -0.35834334528269
  105   -0.35663809580137
  106   -0.35663766701024
  107   -0.35461429220766
  108   -0.35461326549697
  109   -0.34829786778921
  110   -0.34829770554047
  111   -0.34448689700335
  112   -0.34448566522113
  113   -0.34173304519485
  114   -0.34173300065915
  115   -0.34096963788150
  116   -0.34096532595505
  117   -0.34087143227684
  118   -0.34087138875069
  119   -0.34013876386643
  120   -0.34013844922139
  121   -0.33434736723753
  122   -0.33434732840960
  123   -0.33419050285162
  124   -0.33418808673682
  125   -0.33379009266192
  126   -0.33378490644099
  127   -0.32992236365801
  128   -0.32992233716945
  129   -0.32662036125400
  130   -0.32662031594025
  131   -0.32621165470666
  132   -0.32621163754311
  133   -0.32515043816397
  134   -0.32515038173133
  135   -0.32319660107748
  136   -0.32319653848815
  137   -0.32205889275270
  138   -0.32205875703977
  139   -0.32139928962876
  140   -0.32139927979380
  141   -0.31704238256611
  142   -0.31704233754645
  143   -0.31208770767478
  144   -0.31208759246077
  145   -0.30867333264178
  146   -0.30867308580783
  147   -0.30737546166849
  148   -0.30737535129805
  149   -0.30697797196350
  150   -0.30697794584657
  151   -0.29698145786627
  152   -0.29698125744124
  153   -0.29618571623598
  154   -0.29618557893784
  155   -0.29162927077541
  156   -0.29162897848778
  157   -0.29114366812157
  158   -0.29114363314076
  159   -0.29086898947463
  160   -0.29086895454080
  161   -0.29037465994856
  162   -0.29037465772046
  163   -0.28697164174651
  164   -0.28696679970706
  165   -0.28607471254034
  166   -0.28607467265616
  167   -0.28541867570992
  168   -0.28541854900164
  169   -0.28323923766266
  170   -0.28323326755255
  171   -0.28214986759201
  172   -0.28214982359732
  173   -0.27758703618982
  174   -0.27758272299521
  175   -0.27644220928056
  176   -0.27644214897380
  177   -0.27409865865126
  178   -0.27408294439158
  179   -0.27375261779781
  180   -0.27375260674916
  181   -0.27353580287546
  182   -0.27353526140334
  183   -0.27348106885905
  184   -0.27348104935711
  185   -0.27142127363915
  186   -0.27142090994461
  187   -0.27067245394751
  188   -0.27067210731336
  189   -0.27008073235169
  190   -0.27008060621478
  191   -0.26788243407532
  192   -0.26788243139956
  193   -0.26755540718414
  194   -0.26755533885413
  195   -0.26547823024319
  196   -0.26547822232275
  197   -0.26259917334056
  198   -0.26259891181585
  199   -0.26202193164489
  200   -0.26202189472322
  201   -0.26081449345193
  202   -0.26081431023939
  203   -0.25843899594559
  204   -0.25843898086177
  205   -0.25791411071126
  206   -0.25791341764107
  207   -0.25773407668475
  208   -0.25773403038709
  209   -0.25689424071113
  210   -0.25689423110798
  211   -0.25519163093000
  212   -0.25519153658893
  213   -0.25481628858127
  214   -0.25481557272404
  215   -0.25393713898663
  216   -0.25393637860107
  217   -0.25364326602361
  218   -0.25364317745374
  219   -0.25335992563027
  220   -0.25335981961858
  221   -0.25232871208808
  222   -0.25232861585434
  223   -0.25064264114948
  224   -0.25063765702472
  225   -0.25048157091888
  226   -0.25047632658348
  227   -0.24881599656454
  228   -0.24881566717137
  229   -0.24717642135146
  230   -0.24716422419283
  231   -0.24697428425682
  232   -0.24696080080877
  233   -0.24664243881982
  234   -0.24664182074953
  235   -0.24354312960682
  236   -0.24354268117493
  237   -0.24269646351409
  238   -0.24269513174339
  239   -0.24179534742378
  240   -0.24179266699613
  241   -0.24120887856404
  242   -0.24119256050738
  243   -0.24009416547562
  244   -0.24009404806122
  245   -0.23957419949966
  246   -0.23957403909073
  247   -0.23858870992781
  248   -0.23858018811195
  249   -0.23830519100857
  250   -0.23830501732582
  251   -0.23438352296157
  252   -0.23438315421159
  253   -0.23117593433536
  254   -0.23117398685348
  255   -0.23117256987520
  256   -0.23117094492529
  257   -0.22646017560136
  258   -0.22645900017209
  259   -0.20426599875614
  260   -0.20426374567258
  261   -0.20374882015509
  262   -0.20374780641890
  263   -0.15422032548708
  264   -0.15421831918281
  265   -0.15402763143462
  266   -0.15402584890051
  267   -0.09221622031141
  268   -0.09221527574662
  269   -0.09050222651999
  270   -0.09050073575323
  271   -0.05772240337345
  272   -0.05772218945089
  273   -0.05098050449410
  274   -0.05098049679279
  275   -0.04686634332804
  276   -0.04686586196483
  277   -0.03127440308341
  278   -0.03127433476948
  279   -0.02967458216406
  280   -0.02967451082172
  281   -0.01769599746572
  282   -0.01769599509414
  283   -0.01105998491207
  284   -0.01105997971369
  285   -0.00682430579742
  286   -0.00682426057309
  287   -0.00671243771035
  288   -0.00671203363444
  289   -0.00486876838421
  290   -0.00486818073078
  291   -0.00477071454102
  292   -0.00477019298184
  293   -0.00303787079445
  294   -0.00303701597373
  295    0.00829032449783
  296    0.00829036594814
  297    0.00993578735192
  298    0.00993582925390
  299    0.02528886858715
  300    0.02529001039304
  301    0.02531708156100
  302    0.02531757060985
  303    0.03427237729467
  304    0.03427241126382
  305    0.03437518688490
  306    0.03437519164814
  307    0.05619837196558
  308    0.05619953440053
  309    0.05712167102669
  310    0.05712242906119
  311    0.06442506592572
  312    0.06443324122609
  313    0.06468923449985
  314    0.06470064750184
  315    0.06484394630703
  316    0.06484396515185
  317    0.06486555155911
  318    0.06486558824284
  319    0.09941038151954
  320    0.09941041713398
  321    0.10037424660074
  322    0.10037424952141
  323    0.10875662776266
  324    0.10875946055487
  325    0.11071758496644
  326    0.11072249298591
  327    0.12323120522628
  328    0.12323190645830
  329    0.12971816290412
  330    0.12971893510540
  331    0.13631927488315
  332    0.13631930221881
  333    0.13854195993733
  334    0.13854201421024
  335    0.16610780705025
  336    0.16610782231639
  337    0.17064228778535
  338    0.17064535745479
  339    0.17102322675234
  340    0.17102709038686
  341    0.17247439953530
  342    0.17247442323098
  343    0.21604175947158
  344    0.21604186611423
  345    0.22194094007928
  346    0.22194127251424
  347    0.22502853009936
  348    0.22502860253321
  349    0.24122062703289
  350    0.24122091208469
  351    0.24267911900580
  352    0.24267976164888
  353    0.25873335593598
  354    0.25873478818085
  355    0.25889829725648
  356    0.25890008068141
  357    0.25951601052022
  358    0.25951602036792
  359    0.26475919621510
  360    0.26475921671811
  361    0.26772152153953
  362    0.26772161129361
  363    0.26987870337468
  364    0.26987870581348
  365    0.27032254023827
  366    0.27032267558740
  367    0.27036682394014
  368    0.27036689381324
  369    0.27503403580488
  370    0.27503403655700
  371    0.27818381989144
  372    0.27818389030622
  373    0.28142514347128
  374    0.28142521671337
  375    0.28296657741810
  376    0.28296660256780
  377    0.29148857843844
  378    0.29148861995138
  379    0.29309763570495
  380    0.29309765965906
  381    0.31144348030343
  382    0.31144355363379
  383    0.31168701461868
  384    0.31168704118973
  385    0.32115836560177
  386    0.32115840319808
  387    0.32138936045164
  388    0.32138938892585
  389    0.32338202399963
  390    0.32338205162554
  391    0.32681720162854
  392    0.32681728445189
  393    0.32689429386358
  394    0.32689433927860
  395    0.32702365926165
  396    0.32702394932870
  397    0.33143369151915
  398    0.33143369632000
  399    0.33485482552609
  400    0.33485487729305
  401    0.35069627158402
  402    0.35069652947742
  403    0.35147780282545
  404    0.35147810100099
  405    0.35907814075324
  406    0.35907821172071
  407    0.35923949764479
  408    0.35923953408735
  409    0.36844382952305
  410    0.36844385635814
  411    0.36859469147505
  412    0.36859473618561
  413    0.37892091306740
  414    0.37892108906137
  415    0.38072539358407
  416    0.38072576644445
  417    0.39384730201055
  418    0.39384732004161
  419    0.39543049331994
  420    0.39543049650700
  421    0.39641914948420
  422    0.39641996693066
  423    0.39691467904159
  424    0.39691582809374
  425    0.40751498180932
  426    0.40751532711037
  427    0.40949923859898
  428    0.40949995257244
  429    0.43032805951173
  430    0.43032812100301
  431    0.43098466773850
  432    0.43098474171226
  433    0.43968986063473
  434    0.43968988087205
  435    0.44038316031814
  436    0.44038322028845
  437    0.46208999960352
  438    0.46209014806157
  439    0.46778246175970
  440    0.46778270909946
  441    0.48285161388852
  442    0.48285194139493
  443    0.48317242433989
  444    0.48317271058179
  445    0.50106311111226
  446    0.50106394069195
  447    0.50119240193327
  448    0.50119308100198
  449    0.50319040710845
  450    0.50319041576858
  451    0.50356316753962
  452    0.50356316909496
  453    0.52382460188028
  454    0.52382469499727
  455    0.52564802507545

***********************************************************
***********************************************************
                   Mulliken populations                    
***********************************************************
***********************************************************

   Total spin moment (muB)   0.005402018   Angles (Deg) 179.999993843  -2.660455865

               Up       Down      Sum      Diff        theta      phi
    1   Au   8.49994  8.49779  16.99773   0.00215   180.00000   -5.56380
    2   Au   8.50015  8.49974  16.99989   0.00042   179.99999   -1.94658
    3   Au   8.50009  8.50000  17.00008   0.00009   179.99997    0.05201
    4   Au   8.50002  8.49999  17.00001   0.00002     0.00005   -4.20185
    5   Au   8.50004  8.49998  17.00002   0.00006   180.00000    7.77582
    6   Au   8.50002  8.50001  17.00003   0.00001   179.99999  196.37838
    7   Au   8.50001  8.50001  17.00003   0.00000     0.00015  172.39871
    8   Au   8.50002  8.50001  17.00003   0.00001     0.00002  184.86245
    9   Au   8.50002  8.50001  17.00003   0.00000     0.00010  176.31536
   10   Au   8.50002  8.50001  17.00003   0.00001   179.99999  184.48677
   11   Au   8.50004  8.49998  17.00002   0.00006   180.00000    2.81725
   12   Au   8.50001  8.49999  17.00001   0.00002     0.00005   -2.97189
   13   Au   8.50009  8.50000  17.00009   0.00009   179.99997   -1.08634
   14   Au   8.50015  8.49972  16.99988   0.00043   179.99999   -1.90708
   15   Au   8.49997  8.49782  16.99778   0.00215   180.00000   -1.98793

 Sum of MulP: up   =   127.50059 down          =   127.49507
              total=   254.99566 ideal(neutral)=   255.00000


  Decomposed Mulliken populations

    1   Au          Up spin      Down spin     Sum           Diff           Angles(Deg)
            multiple
  s           0    0.558756050  0.558500363   1.117256414   0.000255687     0.0000  -33.0330
   sum over m      0.558756050  0.558500363   1.117256414   0.000255687
  s           1   -0.001945793 -0.001978486  -0.003924279   0.000032693     0.0000  123.7463
   sum over m     -0.001945793 -0.001978486  -0.003924279   0.000032693
   sum over m+mul  0.556810257  0.556521877   1.113332134   0.000288380
  px          0    0.994458483  0.994059244   1.988517727   0.000399240   180.0000   75.4741
  py          0    0.997377712  0.997261840   1.994639552   0.000115873   180.0000  256.4458
  pz          0    0.997539910  0.997197462   1.994737372   0.000342448   180.0000  195.0058
   sum over m      2.989376106  2.988518545   5.977894651   0.000857561
  px          1    0.060028358  0.058728605   0.118756963   0.001299753   180.0000  200.4681
  py          1    0.012104497  0.011919688   0.024024186   0.000184809   180.0000  212.4198
  pz          1    0.012166674  0.011718350   0.023885024   0.000448324   180.0000  122.1870
   sum over m      0.084299530  0.082366643   0.166666173   0.001932886
   sum over m+mul  3.073675635  3.070885188   6.144560824   0.002790447
  d3z^2-r^2   0    0.985117612  0.984964347   1.970081959   0.000153265     0.0000  243.5877
  dx^2-y^2    0    0.962074662  0.962051571   1.924126233   0.000023090     0.0000   94.2010
  dxy         0    0.966743994  0.966664877   1.933408872   0.000079117   179.9999   37.3226
  dxz         0    0.966665915  0.966574856   1.933240771   0.000091059   179.9999  -39.6555
  dyz         0    0.996771622  0.996617329   1.993388951   0.000154293     0.0000  142.0455
   sum over m      4.877373805  4.876872981   9.754246786   0.000500824
  d3z^2-r^2   1   -0.001599716 -0.001618516  -0.003218232   0.000018800     0.0000  195.4425
  dx^2-y^2    1   -0.006432641 -0.006519259  -0.012951900   0.000086618     0.0000  152.4306
  dxy         1    0.000064205  0.000024000   0.000088204   0.000040205     0.0000  255.1265
  dxz         1    0.000043022 -0.000002928   0.000040094   0.000045950     0.0000   88.2895
  dyz         1    0.000815837  0.000814188   0.001630025   0.000001649   180.0000  -12.1257
   sum over m     -0.007109293 -0.007302515  -0.014411809   0.000193222
   sum over m+mul  4.870264511  4.869570465   9.739834977   0.000694046

    2   Au          Up spin      Down spin     Sum           Diff           Angles(Deg)
            multiple
  s           0    0.558459092  0.558383996   1.116843088   0.000075096   180.0000  -58.5571
   sum over m      0.558459092  0.558383996   1.116843088   0.000075096
  s           1   -0.001932683 -0.001949687  -0.003882370   0.000017004   180.0000  232.7050
   sum over m     -0.001932683 -0.001949687  -0.003882370   0.000017004
   sum over m+mul  0.556526409  0.556434309   1.112960718   0.000092100
  px          0    0.994402131  0.994401308   1.988803439   0.000000822   180.0000  -58.5823
  py          0    0.997339279  0.997338947   1.994678226   0.000000333   180.0000    3.0265
  pz          0    0.997340189  0.997338077   1.994678266   0.000002112     0.0000    0.0000
   sum over m      2.989081599  2.989078332   5.978159932   0.000003267
  px          1    0.060228832  0.060172551   0.120401383   0.000056281   180.0000  159.3110
  py          1    0.012093866  0.012091807   0.024185673   0.000002059   180.0000  191.7935
  pz          1    0.012086538  0.012080184   0.024166722   0.000006354     0.0000  160.3969
   sum over m      0.084409236  0.084344541   0.168753778   0.000064695
   sum over m+mul  3.073490836  3.073422873   6.146913709   0.000067962
  d3z^2-r^2   0    0.985060977  0.985039791   1.970100768   0.000021187   180.0000  225.4185
  dx^2-y^2    0    0.962007403  0.961983036   1.923990439   0.000024366   180.0000  232.5561
  dxy         0    0.966664015  0.966617308   1.933281323   0.000046708   179.9999   39.3534
  dxz         0    0.966695064  0.966628117   1.933323181   0.000066948   179.9999  -39.9001
  dyz         0    0.996709458  0.996676020   1.993385478   0.000033439   180.0000  140.3098
   sum over m      4.877136918  4.876944271   9.754081189   0.000192647
  d3z^2-r^2   1   -0.001578437 -0.001591747  -0.003170184   0.000013310   180.0000  242.1589
  dx^2-y^2    1   -0.006389892 -0.006429427  -0.012819319   0.000039534   180.0000  199.5963
  dxy         1    0.000083182  0.000073611   0.000156794   0.000009571   180.0000  216.0400
  dxz         1    0.000075346  0.000058003   0.000133349   0.000017344   180.0000  118.0758
  dyz         1    0.000815526  0.000815313   0.001630838   0.000000213     0.0000  152.6318
   sum over m     -0.006994275 -0.007074247  -0.014068522   0.000079972
   sum over m+mul  4.870142643  4.869870024   9.740012667   0.000272620

    3   Au          Up spin      Down spin     Sum           Diff           Angles(Deg)
            multiple
  s           0    0.558549566  0.558501220   1.117050786   0.000048346   180.0000  147.8972
   sum over m      0.558549566  0.558501220   1.117050786   0.000048346
  s           1   -0.001941415 -0.001946883  -0.003888298   0.000005468   180.0000  169.1631
   sum over m     -0.001941415 -0.001946883  -0.003888298   0.000005468
   sum over m+mul  0.556608151  0.556554337   1.113162488   0.000053814
  px          0    0.994387248  0.994372613   1.988759861   0.000014636     0.0000    3.7377
  py          0    0.997339772  0.997324620   1.994664393   0.000015152     0.0000   29.3440
  pz          0    0.997340445  0.997270333   1.994610779   0.000070112     0.0000    0.0000
   sum over m      2.989067466  2.988967567   5.978035033   0.000099900
  px          1    0.060205784  0.060195130   0.120400914   0.000010654   180.0000  -13.8672
  py          1    0.012101477  0.012098354   0.024199831   0.000003124   180.0000  144.9181
  pz          1    0.012107533  0.012097262   0.024204795   0.000010271   180.0000  205.3448
   sum over m      0.084414794  0.084390745   0.168805540   0.000024049
   sum over m+mul  3.073482261  3.073358312   6.146840572   0.000123949
  d3z^2-r^2   0    0.985057212  0.985025802   1.970083014   0.000031411   180.0000  220.5263
  dx^2-y^2    0    0.961973697  0.961968627   1.923942324   0.000005070   180.0000  218.3225
  dxy         0    0.966656843  0.966648097   1.933304940   0.000008745   179.9998   37.3276
  dxz         0    0.966664705  0.966659138   1.933323843   0.000005567     0.0003  -38.0458
  dyz         0    0.996700960  0.996691294   1.993392255   0.000009666   180.0000  141.4525
   sum over m      4.877053417  4.876992958   9.754046375   0.000060459
  d3z^2-r^2   1   -0.001582870 -0.001585914  -0.003168784   0.000003044   180.0000  177.1946
  dx^2-y^2    1   -0.006395932 -0.006407719  -0.012803651   0.000011787   180.0000  181.2543
  dxy         1    0.000099258  0.000081381   0.000180638   0.000017877   180.0000  207.5719
  dxz         1    0.000112815  0.000080765   0.000193581   0.000032050   180.0000  143.9321
  dyz         1    0.000815612  0.000815422   0.001631034   0.000000190   180.0000  142.8044
   sum over m     -0.006951117 -0.007016066  -0.013967183   0.000064948
   sum over m+mul  4.870102300  4.869976893   9.740079193   0.000125407

    4   Au          Up spin      Down spin     Sum           Diff           Angles(Deg)
            multiple
  s           0    0.558471343  0.558414989   1.116886332   0.000056355     0.0000  -25.9651
   sum over m      0.558471343  0.558414989   1.116886332   0.000056355
  s           1   -0.001932940 -0.001933282  -0.003866222   0.000000342   180.0000  189.8656
   sum over m     -0.001932940 -0.001933282  -0.003866222   0.000000342
   sum over m+mul  0.556538404  0.556481707   1.113020110   0.000056697
  px          0    0.994401261  0.994400994   1.988802256   0.000000267   180.0000    0.0000
  py          0    0.997339453  0.997339271   1.994678724   0.000000182   180.0000    0.0000
  pz          0    0.997339308  0.997339240   1.994678548   0.000000068     0.0000    0.0000
   sum over m      2.989080022  2.989079506   5.978159528   0.000000517
  px          1    0.060221182  0.060212956   0.120434138   0.000008226   180.0000  137.7554
  py          1    0.012097886  0.012097452   0.024195338   0.000000434   180.0000   79.1029
  pz          1    0.012097945  0.012096630   0.024194574   0.000001315     0.0000  -74.7998
   sum over m      0.084417013  0.084407037   0.168824050   0.000009976
   sum over m+mul  3.073497035  3.073486543   6.146983578   0.000010492
  d3z^2-r^2   0    0.985049791  0.985035118   1.970084910   0.000014673     0.0000  226.4254
  dx^2-y^2    0    0.961993029  0.961988712   1.923981741   0.000004316     0.0000  263.1750
  dxy         0    0.966649567  0.966630183   1.933279750   0.000019384   180.0000   33.7293
  dxz         0    0.966656898  0.966618874   1.933275772   0.000038024   180.0000  -35.2644
  dyz         0    0.996692905  0.996689880   1.993382785   0.000003025     0.0000  146.4365
   sum over m      4.877042190  4.876962768   9.754004957   0.000079422
  d3z^2-r^2   1   -0.001581524 -0.001583112  -0.003164636   0.000001588     0.0000    0.0000
  dx^2-y^2    1   -0.006394861 -0.006398470  -0.012793330   0.000003609     0.0000    0.0000
  dxy         1    0.000082573  0.000081691   0.000164264   0.000000883     0.0000  208.9379
  dxz         1    0.000082800  0.000078200   0.000161000   0.000004600     0.0000  153.9689
  dyz         1    0.000815461  0.000815458   0.001630919   0.000000002   179.9998    0.0000
   sum over m     -0.006995550 -0.007006233  -0.014001783   0.000010683
   sum over m+mul  4.870046640  4.869956535   9.740003174   0.000090105

    5   Au          Up spin      Down spin     Sum           Diff           Angles(Deg)
            multiple
  s           0    0.558504258  0.558490169   1.116994427   0.000014089   180.0000  136.0874
   sum over m      0.558504258  0.558490169   1.116994427   0.000014089
  s           1   -0.001940417 -0.001940426  -0.003880843   0.000000008   179.9999    0.0000
   sum over m     -0.001940417 -0.001940426  -0.003880843   0.000000008
   sum over m+mul  0.556563840  0.556549743   1.113113584   0.000014097
  px          0    0.994392813  0.994392804   1.988785617   0.000000010     0.0000    0.0000
  py          0    0.997339339  0.997339311   1.994678650   0.000000028   180.0000    0.0000
  pz          0    0.997339355  0.997339312   1.994678667   0.000000043   180.0000    0.0000
   sum over m      2.989071507  2.989071426   5.978142933   0.000000081
  px          1    0.060209996  0.060208471   0.120418467   0.000001526     0.0000  -32.1690
  py          1    0.012097853  0.012097828   0.024195681   0.000000025     0.0001   54.6528
  pz          1    0.012098035  0.012097854   0.024195889   0.000000181     0.0000  -47.1915
   sum over m      0.084405885  0.084404152   0.168810037   0.000001732
   sum over m+mul  3.073477391  3.073475579   6.146952970   0.000001813
  d3z^2-r^2   0    0.985047722  0.985040731   1.970088453   0.000006991     0.0000  175.5781
  dx^2-y^2    0    0.961995197  0.961986309   1.923981505   0.000008888   180.0000  148.2764
  dxy         0    0.966637699  0.966618539   1.933256238   0.000019160   180.0000   20.6689
  dxz         0    0.966643611  0.966619540   1.933263151   0.000024072   180.0000  -19.6792
  dyz         0    0.996690747  0.996690605   1.993381352   0.000000143   179.9999  178.1381
   sum over m      4.877014976  4.876955723   9.753970699   0.000059253
  d3z^2-r^2   1   -0.001583778 -0.001583998  -0.003167775   0.000000220   180.0000    0.0000
  dx^2-y^2    1   -0.006401621 -0.006402111  -0.012803732   0.000000490   180.0000    0.0000
  dxy         1    0.000082061  0.000081832   0.000163893   0.000000229     0.0000  202.7386
  dxz         1    0.000082053  0.000081609   0.000163662   0.000000445     0.0000  158.4508
  dyz         1    0.000815447  0.000815442   0.001630889   0.000000005   180.0000    0.0000
   sum over m     -0.007005837 -0.007007227  -0.014013064   0.000001389
   sum over m+mul  4.870009139  4.869948497   9.739957635   0.000060642

    6   Au          Up spin      Down spin     Sum           Diff           Angles(Deg)
            multiple
  s           0    0.558494977  0.558494821   1.116989798   0.000000156     0.0002  -48.5065
   sum over m      0.558494977  0.558494821   1.116989798   0.000000156
  s           1   -0.001939037 -0.001939138  -0.003878175   0.000000101     0.0000    0.0000
   sum over m     -0.001939037 -0.001939138  -0.003878175   0.000000101
   sum over m+mul  0.556555940  0.556555683   1.113111623   0.000000257
  px          0    0.994393803  0.994393793   1.988787597   0.000000010   180.0000    0.0000
  py          0    0.997339317  0.997339315   1.994678632   0.000000002   179.9999    0.0000
  pz          0    0.997339319  0.997339315   1.994678634   0.000000004   180.0000    0.0000
   sum over m      2.989072439  2.989072424   5.978144863   0.000000016
  px          1    0.060211590  0.060211125   0.120422715   0.000000466   180.0000  130.4806
  py          1    0.012097907  0.012097835   0.024195742   0.000000072     0.0000   38.0852
  pz          1    0.012097994  0.012097873   0.024195867   0.000000122   180.0000  -37.0103
   sum over m      0.084407492  0.084406832   0.168814324   0.000000659
   sum over m+mul  3.073479931  3.073479256   6.146959187   0.000000675
  d3z^2-r^2   0    0.985042703  0.985042320   1.970085023   0.000000382     0.0000   44.3188
  dx^2-y^2    0    0.961990803  0.961990024   1.923980826   0.000000779   180.0000  -20.0102
  dxy         0    0.966632586  0.966628573   1.933261160   0.000004013   180.0000  233.3085
  dxz         0    0.966631193  0.966628589   1.933259781   0.000002604   180.0000  123.0294
  dyz         0    0.996691291  0.996691020   1.993382311   0.000000270   179.9999  -51.9919
   sum over m      4.876988575  4.876980526   9.753969102   0.000008049
  d3z^2-r^2   1   -0.001583560 -0.001583617  -0.003167177   0.000000057   180.0000    0.0000
  dx^2-y^2    1   -0.006400742 -0.006400838  -0.012801580   0.000000096     0.0000    0.0000
  dxy         1    0.000081980  0.000081974   0.000163954   0.000000006   180.0000    0.0000
  dxz         1    0.000082044  0.000081969   0.000164013   0.000000075   180.0000    0.0000
  dyz         1    0.000815456  0.000815455   0.001630911   0.000000001     0.0002    0.0000
   sum over m     -0.007004821 -0.007005057  -0.014009879   0.000000236
   sum over m+mul  4.869983754  4.869975469   9.739959223   0.000008285

    7   Au          Up spin      Down spin     Sum           Diff           Angles(Deg)
            multiple
  s           0    0.558459410  0.558457129   1.116916539   0.000002280   180.0000  116.5534
   sum over m      0.558459410  0.558457129   1.116916539   0.000002280
  s           1   -0.001932624 -0.001932674  -0.003865299   0.000000050     0.0000    0.0000
   sum over m     -0.001932624 -0.001932674  -0.003865299   0.000000050
   sum over m+mul  0.556526785  0.556524455   1.113051240   0.000002330
  px          0    0.994400294  0.994400293   1.988800586   0.000000001   179.9998    0.0000
  py          0    0.997339281  0.997339275   1.994678556   0.000000006     0.0000    0.0000
  pz          0    0.997339281  0.997339274   1.994678555   0.000000006     0.0000    0.0000
   sum over m      2.989078856  2.989078842   5.978157698   0.000000013
  px          1    0.060217592  0.060217368   0.120434960   0.000000224   180.0000  213.0239
  py          1    0.012097707  0.012097630   0.024195338   0.000000077   180.0000   37.8886
  pz          1    0.012097733  0.012097612   0.024195345   0.000000121   180.0000  -19.0143
   sum over m      0.084413033  0.084412610   0.168825643   0.000000422
   sum over m+mul  3.073491888  3.073491453   6.146983341   0.000000436
  d3z^2-r^2   0    0.985045642  0.985043063   1.970088705   0.000002579   180.0000   45.8701
  dx^2-y^2    0    0.961995471  0.961994866   1.923990337   0.000000604     0.0000  126.1294
  dxy         0    0.966632868  0.966629964   1.933262831   0.000002904     0.0001  224.9799
  dxz         0    0.966632548  0.966629139   1.933261687   0.000003409     0.0000  135.1134
  dyz         0    0.996691436  0.996691238   1.993382674   0.000000197   179.9999  -45.3017
   sum over m      4.876997965  4.876988270   9.753986235   0.000009695
  d3z^2-r^2   1   -0.001581626 -0.001581628  -0.003163253   0.000000002   179.9999    0.0000
  dx^2-y^2    1   -0.006394886 -0.006394932  -0.012789818   0.000000046     0.0000    0.0000
  dxy         1    0.000082441  0.000082394   0.000164835   0.000000046   180.0000   52.6282
  dxz         1    0.000082445  0.000082404   0.000164849   0.000000041   180.0000  -51.0332
  dyz         1    0.000815463  0.000815462   0.001630925   0.000000001   179.9998    0.0000
   sum over m     -0.006996163 -0.006996300  -0.013992463   0.000000136
   sum over m+mul  4.870001801  4.869991970   9.739993772   0.000009831

    8   Au          Up spin      Down spin     Sum           Diff           Angles(Deg)
            multiple
  s           0    0.558527115  0.558524531   1.117051645   0.000002584     0.0000  243.7666
   sum over m      0.558527115  0.558524531   1.117051645   0.000002584
  s           1   -0.001946013 -0.001946117  -0.003892130   0.000000104   180.0000    0.0000
   sum over m     -0.001946013 -0.001946117  -0.003892130   0.000000104
   sum over m+mul  0.556581101  0.556578414   1.113159515   0.000002688
  px          0    0.994388026  0.994388024   1.988776050   0.000000001     0.0002    0.0000
  py          0    0.997339378  0.997339371   1.994678748   0.000000007     0.0000    0.0000
  pz          0    0.997339376  0.997339373   1.994678748   0.000000003     0.0000    0.0000
   sum over m      2.989066779  2.989066768   5.978133546   0.000000011
  px          1    0.060207211  0.060206530   0.120413741   0.000000681     0.0000   68.8991
  py          1    0.012097759  0.012097727   0.024195486   0.000000032   180.0000   23.8605
  pz          1    0.012097721  0.012097719   0.024195440   0.000000003     0.0006  -18.1237
   sum over m      0.084402692  0.084401976   0.168804667   0.000000716
   sum over m+mul  3.073469470  3.073468743   6.146938214   0.000000727
  d3z^2-r^2   0    0.985041443  0.985041135   1.970082578   0.000000308   180.0000   31.8551
  dx^2-y^2    0    0.961987676  0.961984915   1.923972591   0.000002762     0.0000    7.4519
  dxy         0    0.966632242  0.966630005   1.933262247   0.000002237     0.0001  223.8856
  dxz         0    0.966631936  0.966630334   1.933262270   0.000001601     0.0001  137.5134
  dyz         0    0.996691179  0.996690968   1.993382147   0.000000212     0.0001  -43.5107
   sum over m      4.876984477  4.876977356   9.753961833   0.000007120
  d3z^2-r^2   1   -0.001585729 -0.001585751  -0.003171480   0.000000022     0.0000    0.0000
  dx^2-y^2    1   -0.006407188 -0.006407278  -0.012814466   0.000000091   180.0000    0.0000
  dxy         1    0.000081669  0.000081664   0.000163333   0.000000006     0.0001   50.9737
  dxz         1    0.000081670  0.000081645   0.000163314   0.000000025     0.0000  -43.8665
  dyz         1    0.000815437  0.000815435   0.001630872   0.000000002     0.0002    0.0000
   sum over m     -0.007014141 -0.007014286  -0.014028427   0.000000145
   sum over m+mul  4.869970336  4.869963070   9.739933406   0.000007266

    9   Au          Up spin      Down spin     Sum           Diff           Angles(Deg)
            multiple
  s           0    0.558457478  0.558455252   1.116912730   0.000002226   180.0000   91.4473
   sum over m      0.558457478  0.558455252   1.116912730   0.000002226
  s           1   -0.001932108 -0.001932157  -0.003864265   0.000000050     0.0000    0.0000
   sum over m     -0.001932108 -0.001932157  -0.003864265   0.000000050
   sum over m+mul  0.556525371  0.556523095   1.113048465   0.000002276
  px          0    0.994400872  0.994400871   1.988801743   0.000000001   179.9998    0.0000
  py          0    0.997339278  0.997339271   1.994678548   0.000000007     0.0000    0.0000
  pz          0    0.997339277  0.997339270   1.994678547   0.000000007     0.0000    0.0000
   sum over m      2.989079427  2.989079412   5.978158838   0.000000015
  px          1    0.060218093  0.060217869   0.120435962   0.000000224   180.0000  201.0037
  py          1    0.012097716  0.012097635   0.024195351   0.000000081   180.0000   32.3321
  pz          1    0.012097744  0.012097615   0.024195359   0.000000130   180.0000  -21.1150
   sum over m      0.084413553  0.084413119   0.168826672   0.000000434
   sum over m+mul  3.073492979  3.073492530   6.146985510   0.000000449
  d3z^2-r^2   0    0.985045972  0.985043220   1.970089193   0.000002752   180.0000   42.8335
  dx^2-y^2    0    0.961996172  0.961995408   1.923991580   0.000000764     0.0000  129.8283
  dxy         0    0.966633208  0.966630033   1.933263240   0.000003175     0.0001  225.6922
  dxz         0    0.966632893  0.966629197   1.933262090   0.000003696     0.0000  134.9287
  dyz         0    0.996691482  0.996691264   1.993382746   0.000000218   179.9999  -46.5592
   sum over m      4.876999727  4.876989122   9.753988849   0.000010606
  d3z^2-r^2   1   -0.001581474 -0.001581480  -0.003162954   0.000000005   180.0000    0.0000
  dx^2-y^2    1   -0.006394438 -0.006394487  -0.012788926   0.000000049     0.0000    0.0000
  dxy         1    0.000082478  0.000082427   0.000164905   0.000000052   180.0000   50.1676
  dxz         1    0.000082483  0.000082436   0.000164919   0.000000047   180.0000  -49.3870
  dyz         1    0.000815465  0.000815464   0.001630929   0.000000001   179.9998    0.0000
   sum over m     -0.006995486 -0.006995640  -0.013991127   0.000000154
   sum over m+mul  4.870004241  4.869993481   9.739997722   0.000010760

   10   Au          Up spin      Down spin     Sum           Diff           Angles(Deg)
            multiple
  s           0    0.558500235  0.558500067   1.117000302   0.000000168   179.9999  -76.3129
   sum over m      0.558500235  0.558500067   1.117000302   0.000000168
  s           1   -0.001940256 -0.001940360  -0.003880616   0.000000104     0.0000    0.0000
   sum over m     -0.001940256 -0.001940360  -0.003880616   0.000000104
   sum over m+mul  0.556559979  0.556559707   1.113119686   0.000000272
  px          0    0.994392792  0.994392782   1.988785573   0.000000010   180.0000    0.0000
  py          0    0.997339326  0.997339323   1.994678649   0.000000002   179.9999    0.0000
  pz          0    0.997339328  0.997339324   1.994678652   0.000000004   180.0000    0.0000
   sum over m      2.989071446  2.989071429   5.978142875   0.000000017
  px          1    0.060210986  0.060210543   0.120421529   0.000000443   180.0000   87.0327
  py          1    0.012097924  0.012097849   0.024195773   0.000000076     0.0000   40.5796
  pz          1    0.012098008  0.012097890   0.024195899   0.000000118   180.0000  -35.0866
   sum over m      0.084406919  0.084406282   0.168813201   0.000000636
   sum over m+mul  3.073478364  3.073477711   6.146956076   0.000000653
  d3z^2-r^2   0    0.985042517  0.985042061   1.970084577   0.000000456     0.0000   46.5006
  dx^2-y^2    0    0.961990278  0.961989333   1.923979612   0.000000945   180.0000   -7.5262
  dxy         0    0.966632715  0.966628436   1.933261151   0.000004278   180.0000  232.1920
  dxz         0    0.966631331  0.966628450   1.933259781   0.000002881   180.0000  124.9253
  dyz         0    0.996691281  0.996691003   1.993382284   0.000000278   179.9999  -51.4347
   sum over m      4.876988122  4.876979283   9.753967405   0.000008839
  d3z^2-r^2   1   -0.001583939 -0.001583997  -0.003167936   0.000000058   180.0000    0.0000
  dx^2-y^2    1   -0.006401876 -0.006401974  -0.012803850   0.000000098     0.0000    0.0000
  dxy         1    0.000081926  0.000081922   0.000163848   0.000000004   179.9999    0.0000
  dxz         1    0.000081991  0.000081917   0.000163907   0.000000074   180.0000    0.0000
  dyz         1    0.000815454  0.000815453   0.001630907   0.000000001     0.0003    0.0000
   sum over m     -0.007006444 -0.007006680  -0.014013124   0.000000236
   sum over m+mul  4.869981678  4.869972604   9.739954281   0.000009074

   11   Au          Up spin      Down spin     Sum           Diff           Angles(Deg)
            multiple
  s           0    0.558498008  0.558484662   1.116982670   0.000013346   180.0000  142.3790
   sum over m      0.558498008  0.558484662   1.116982670   0.000013346
  s           1   -0.001939208 -0.001939216  -0.003878424   0.000000008   180.0000    0.0000
   sum over m     -0.001939208 -0.001939216  -0.003878424   0.000000008
   sum over m+mul  0.556558800  0.556545446   1.113104246   0.000013354
  px          0    0.994393827  0.994393816   1.988787643   0.000000010     0.0000    0.0000
  py          0    0.997339331  0.997339302   1.994678633   0.000000029   180.0000    0.0000
  pz          0    0.997339347  0.997339303   1.994678650   0.000000044   180.0000    0.0000
   sum over m      2.989072504  2.989072421   5.978144925   0.000000084
  px          1    0.060210499  0.060209068   0.120419567   0.000001431     0.0000  -39.5423
  py          1    0.012097834  0.012097797   0.024195631   0.000000037     0.0001   53.4966
  pz          1    0.012098021  0.012097816   0.024195838   0.000000205     0.0000  -48.6449
   sum over m      0.084406354  0.084404681   0.168811035   0.000001673
   sum over m+mul  3.073478859  3.073477102   6.146955960   0.000001757
  d3z^2-r^2   0    0.985048130  0.985040648   1.970088778   0.000007482     0.0000  162.4054
  dx^2-y^2    0    0.961995791  0.961986683   1.923982474   0.000009108   180.0000  175.1920
  dxy         0    0.966637898  0.966617995   1.933255893   0.000019903   180.0000   12.7398
  dxz         0    0.966643971  0.966618862   1.933262833   0.000025108   180.0000  -12.7936
  dyz         0    0.996690702  0.996690613   1.993381315   0.000000089   179.9999  209.9762
   sum over m      4.877016492  4.876954802   9.753971293   0.000061690
  d3z^2-r^2   1   -0.001583404 -0.001583617  -0.003167021   0.000000213   180.0000    0.0000
  dx^2-y^2    1   -0.006400488 -0.006400986  -0.012801474   0.000000498   180.0000    0.0000
  dxy         1    0.000082120  0.000081879   0.000163998   0.000000241     0.0000  201.0832
  dxz         1    0.000082114  0.000081653   0.000163767   0.000000461     0.0000  159.3023
  dyz         1    0.000815449  0.000815443   0.001630891   0.000000006   180.0000    0.0000
   sum over m     -0.007004210 -0.007005628  -0.014009838   0.000001418
   sum over m+mul  4.870012281  4.869949174   9.739961455   0.000063108

   12   Au          Up spin      Down spin     Sum           Diff           Angles(Deg)
            multiple
  s           0    0.558473458  0.558417598   1.116891056   0.000055860     0.0000  -12.9217
   sum over m      0.558473458  0.558417598   1.116891056   0.000055860
  s           1   -0.001933427 -0.001933788  -0.003867215   0.000000361   180.0000  184.3629
   sum over m     -0.001933427 -0.001933788  -0.003867215   0.000000361
   sum over m+mul  0.556540031  0.556483810   1.113023841   0.000056221
  px          0    0.994400679  0.994400413   1.988801092   0.000000267   180.0000    0.0000
  py          0    0.997339456  0.997339275   1.994678730   0.000000181   180.0000    0.0000
  pz          0    0.997339311  0.997339243   1.994678555   0.000000068     0.0000    0.0000
   sum over m      2.989079446  2.989078931   5.978158377   0.000000515
  px          1    0.060220518  0.060212438   0.120432956   0.000008080   180.0000  140.5278
  py          1    0.012097901  0.012097453   0.024195354   0.000000448   180.0000   70.7485
  pz          1    0.012097948  0.012096643   0.024194590   0.000001305     0.0000  -70.8866
   sum over m      0.084416366  0.084406533   0.168822900   0.000009833
   sum over m+mul  3.073495813  3.073485464   6.146981277   0.000010349
  d3z^2-r^2   0    0.985049437  0.985035114   1.970084552   0.000014323     0.0000  226.6037
  dx^2-y^2    0    0.961992586  0.961988086   1.923980673   0.000004500     0.0000  -81.6675
  dxy         0    0.966649700  0.966630630   1.933280330   0.000019070   180.0000   34.2109
  dxz         0    0.966657343  0.966619025   1.933276368   0.000038318   180.0000  -35.9695
  dyz         0    0.996692878  0.996689947   1.993382826   0.000002931     0.0000  145.8943
   sum over m      4.877041944  4.876962803   9.754004747   0.000079141
  d3z^2-r^2   1   -0.001581663 -0.001583251  -0.003164914   0.000001587     0.0000    0.0000
  dx^2-y^2    1   -0.006395284 -0.006398879  -0.012794163   0.000003595     0.0000    0.0000
  dxy         1    0.000082535  0.000081654   0.000164189   0.000000882     0.0000  209.5037
  dxz         1    0.000082767  0.000078157   0.000160924   0.000004611     0.0000  153.9961
  dyz         1    0.000815460  0.000815458   0.001630918   0.000000002   179.9997    0.0000
   sum over m     -0.006996184 -0.007006861  -0.014003045   0.000010676
   sum over m+mul  4.870045760  4.869955942   9.740001703   0.000089818

   13   Au          Up spin      Down spin     Sum           Diff           Angles(Deg)
            multiple
  s           0    0.558550589  0.558501695   1.117052283   0.000048894   180.0000  173.5213
   sum over m      0.558550589  0.558501695   1.117052283   0.000048894
  s           1   -0.001941422 -0.001946865  -0.003888287   0.000005443   180.0000  175.5190
   sum over m     -0.001941422 -0.001946865  -0.003888287   0.000005443
   sum over m+mul  0.556609167  0.556554829   1.113163996   0.000054337
  px          0    0.994387245  0.994372608   1.988759853   0.000014637     0.0000    8.0492
  py          0    0.997339774  0.997324618   1.994664392   0.000015156     0.0000   21.5715
  pz          0    0.997340447  0.997270331   1.994610778   0.000070116     0.0000    0.0000
   sum over m      2.989067466  2.988967557   5.978035024   0.000099909
  px          1    0.060206487  0.060195719   0.120402206   0.000010769   180.0000  -10.6756
  py          1    0.012101485  0.012098358   0.024199842   0.000003127   180.0000  134.2295
  pz          1    0.012107592  0.012097212   0.024204804   0.000010380   180.0000  239.5555
   sum over m      0.084415564  0.084391288   0.168806852   0.000024276
   sum over m+mul  3.073483030  3.073358846   6.146841876   0.000124185
  d3z^2-r^2   0    0.985057496  0.985025828   1.970083324   0.000031668   180.0000  221.6145
  dx^2-y^2    0    0.961973812  0.961969082   1.923942893   0.000004730   180.0000  227.0324
  dxy         0    0.966657627  0.966649152   1.933306779   0.000008475   179.9998   38.3745
  dxz         0    0.966665524  0.966660224   1.933325747   0.000005300     0.0003  -39.1203
  dyz         0    0.996700897  0.996691536   1.993392433   0.000009361   180.0000  139.3248
   sum over m      4.877055355  4.876995821   9.754051176   0.000059534
  d3z^2-r^2   1   -0.001582876 -0.001585934  -0.003168810   0.000003058   180.0000  182.0072
  dx^2-y^2    1   -0.006395985 -0.006407745  -0.012803730   0.000011760   180.0000  185.0133
  dxy         1    0.000099265  0.000081378   0.000180643   0.000017887   180.0000  207.9012
  dxz         1    0.000112825  0.000080759   0.000193585   0.000032066   180.0000  142.5212
  dyz         1    0.000815616  0.000815421   0.001631037   0.000000195   180.0000  143.9277
   sum over m     -0.006951155 -0.007016121  -0.013967275   0.000064966
   sum over m+mul  4.870104200  4.869979701   9.740083901   0.000124500

   14   Au          Up spin      Down spin     Sum           Diff           Angles(Deg)
            multiple
  s           0    0.558451680  0.558375680   1.116827360   0.000076000   180.0000  -76.3854
   sum over m      0.558451680  0.558375680   1.116827360   0.000076000
  s           1   -0.001932894 -0.001949345  -0.003882239   0.000016450   180.0000  179.8926
   sum over m     -0.001932894 -0.001949345  -0.003882239   0.000016450
   sum over m+mul  0.556518786  0.556426335   1.112945121   0.000092450
  px          0    0.994402700  0.994401859   1.988804560   0.000000841   180.0000  239.3737
  py          0    0.997339283  0.997338944   1.994678226   0.000000339   180.0000    4.4347
  pz          0    0.997340189  0.997338078   1.994678267   0.000002111     0.0000   19.1330
   sum over m      2.989082172  2.989078881   5.978161053   0.000003291
  px          1    0.060227929  0.060171067   0.120398997   0.000056862   180.0000  169.0996
  py          1    0.012093503  0.012091659   0.024185162   0.000001845   180.0000  188.6226
  pz          1    0.012086433  0.012079716   0.024166149   0.000006717     0.0000  160.1225
   sum over m      0.084407865  0.084342442   0.168750307   0.000065423
   sum over m+mul  3.073490037  3.073421323   6.146911360   0.000068714
  d3z^2-r^2   0    0.985062031  0.985039147   1.970101178   0.000022883   180.0000  229.0503
  dx^2-y^2    0    0.962008001  0.961983012   1.923991012   0.000024989   180.0000  250.4619
  dxy         0    0.966666710  0.966617604   1.933284314   0.000049106   179.9999   40.4124
  dxz         0    0.966698670  0.966627697   1.933326367   0.000070972   179.9999  -40.9887
  dyz         0    0.996710891  0.996674880   1.993385771   0.000036011   180.0000  140.9832
   sum over m      4.877146302  4.876942341   9.754088643   0.000203962
  d3z^2-r^2   1   -0.001578554 -0.001591819  -0.003170373   0.000013265   180.0000  189.4829
  dx^2-y^2    1   -0.006390423 -0.006429468  -0.012819891   0.000039045   180.0000  184.3924
  dxy         1    0.000083035  0.000073469   0.000156504   0.000009566   180.0000  209.3606
  dxz         1    0.000075260  0.000057744   0.000133004   0.000017517   180.0000  147.4711
  dyz         1    0.000815505  0.000815267   0.001630771   0.000000238     0.0000  150.8566
   sum over m     -0.006995177 -0.007074808  -0.014069984   0.000079631
   sum over m+mul  4.870151126  4.869867533   9.740018659   0.000283593

   15   Au          Up spin      Down spin     Sum           Diff           Angles(Deg)
            multiple
  s           0    0.558773475  0.558511299   1.117284774   0.000262175     0.0000   43.5115
   sum over m      0.558773475  0.558511299   1.117284774   0.000262175
  s           1   -0.001946257 -0.001978886  -0.003925143   0.000032629     0.0000   20.6168
   sum over m     -0.001946257 -0.001978886  -0.003925143   0.000032629
   sum over m+mul  0.556827217  0.556532413   1.113359630   0.000294805
  px          0    0.994460462  0.994059792   1.988520253   0.000400670   180.0000  -73.1982
  py          0    0.997377870  0.997261894   1.994639764   0.000115976   180.0000  -68.3890
  pz          0    0.997540046  0.997197493   1.994737540   0.000342553   180.0000  107.6954
   sum over m      2.989378378  2.988519179   5.977897557   0.000859199
  px          1    0.060029667  0.058727222   0.118756890   0.001302445   180.0000    2.6836
  py          1    0.012104485  0.011919694   0.024024179   0.000184791   180.0000   40.7372
  pz          1    0.012166786  0.011718337   0.023885123   0.000448449   180.0000  231.7335
   sum over m      0.084300938  0.082365254   0.166666192   0.001935685
   sum over m+mul  3.073679317  3.070884433   6.144563749   0.002794884
  d3z^2-r^2   0    0.985125264  0.984959059   1.970084323   0.000166206     0.0000  235.1793
  dx^2-y^2    0    0.962078077  0.962054595   1.924132672   0.000023482     0.0000  241.7062
  dxy         0    0.966753078  0.966663648   1.933416726   0.000089430   179.9999   39.0708
  dxz         0    0.966677302  0.966572515   1.933249817   0.000104787   180.0000  -43.1462
  dyz         0    0.996777060  0.996611991   1.993389051   0.000165069     0.0000  129.0096
   sum over m      4.877410781  4.876861808   9.754272589   0.000548974
  d3z^2-r^2   1   -0.001599890 -0.001618417  -0.003218308   0.000018527     0.0000  180.0625
  dx^2-y^2    1   -0.006432951 -0.006519178  -0.012952129   0.000086227     0.0000  -76.2040
  dxy         1    0.000064087  0.000023981   0.000088068   0.000040106     0.0000   43.4658
  dxz         1    0.000042779 -0.000002790   0.000039989   0.000045569     0.0000  147.2488
  dyz         1    0.000815829  0.000814151   0.001629980   0.000001678   180.0000  259.5442
   sum over m     -0.007110146 -0.007302253  -0.014412399   0.000192107
   sum over m+mul  4.870300635  4.869559555   9.739860190   0.000741081

***********************************************************
***********************************************************
                     Orbital moments                       
***********************************************************
***********************************************************

   Total Orbital Moment (muB)   0.005552356   Angles  (Deg) 179.999991168  177.290088997

          Orbital moment (muB)   theta (Deg)  phi (Deg)
    1   Au   0.00320           180.00000  178.00493
    2   Au   0.00033             0.00002  178.10421
    3   Au   0.00002           179.99980  178.31344
    4   Au   0.00004             0.00004  173.45871
    5   Au   0.00010             0.00000  167.80184
    6   Au   0.00002             0.00001   38.86831
    7   Au   0.00002           179.99999   19.78079
    8   Au   0.00002           179.99998   21.90621
    9   Au   0.00003           179.99999   20.58672
   10   Au   0.00002             0.00001   30.84392
   11   Au   0.00011             0.00000  162.62669
   12   Au   0.00004             0.00003  173.40671
   13   Au   0.00003           179.99988  178.66822
   14   Au   0.00035             0.00002  178.85351
   15   Au   0.00324           180.00000  178.10424


  Decomposed Orbital Moments

    1   Au         Orbital Moment(muB)    Angles (Deg)
            multiple
  s           0    0.000000000          180.0000    0.0000
   sum over m      0.000000000          180.0000    0.0000
  s           1    0.000000000           90.0000    0.0000
   sum over m      0.000000000           90.0000    0.0000
  px          0    0.000255929          180.0000   90.0000
  py          0    0.000255929          180.0000   -0.0000
  pz          0    0.000000000           90.1761   67.2701
   sum over m      0.000511858          180.0000   67.2701
  px          1    0.000683406          180.0000  -90.0000
  py          1    0.000683406          180.0000    0.0000
  pz          1    0.000000000           90.0960  -42.3376
   sum over m      0.001366811          180.0000  -42.3376
  d3z^2-r^2   0    0.000000000           89.9978  108.6103
  dx^2-y^2    0    0.000111753          180.0000  250.9595
  dxy         0    0.000111753          179.9999  194.5206
  dxz         0    0.000241075          180.0000  164.5854
  dyz         0    0.000241075          180.0000  234.9759
   sum over m      0.000705656          180.0000  179.1893
  d3z^2-r^2   1    0.000000000           89.9399   89.1136
  dx^2-y^2    1    0.000300470          180.0000   97.3718
  dxy         1    0.000300470          180.0000  163.3751
  dxz         1    0.000007075          180.0000  100.7841
  dyz         1    0.000007075          180.0000  137.1314
   sum over m      0.000615090          180.0000  103.3979

    2   Au         Orbital Moment(muB)    Angles (Deg)
            multiple
  s           0    0.000000000           90.0000    0.0000
   sum over m      0.000000000           90.0000    0.0000
  s           1    0.000000000           90.0000    0.0000
   sum over m      0.000000000           90.0000    0.0000
  px          0    0.000000285          180.0000   90.0000
  py          0    0.000000285          180.0000    0.0000
  pz          0    0.000000000           89.9794   76.2024
   sum over m      0.000000570          180.0000   76.2024
  px          1    0.000005647            0.0000   90.0000
  py          1    0.000005647            0.0000  180.0000
  pz          1    0.000000000           89.9881  131.8257
   sum over m      0.000011293            0.0000  131.8257
  d3z^2-r^2   0    0.000000000           89.9998  109.9845
  dx^2-y^2    0    0.000103927            0.0000  250.1975
  dxy         0    0.000103927            0.0000  194.2997
  dxz         0    0.000062158            0.0001  164.5570
  dyz         0    0.000062158            0.0000  232.7547
   sum over m      0.000332170            0.0000  178.9749
  d3z^2-r^2   1    0.000000000           90.0042  124.2089
  dx^2-y^2    1    0.000006557          180.0000   89.8893
  dxy         1    0.000006557          180.0000   46.7997
  dxz         1    0.000001750          180.0000   84.0064
  dyz         1    0.000001750          180.0000  161.9391
   sum over m      0.000016614          180.0000  102.0761

    3   Au         Orbital Moment(muB)    Angles (Deg)
            multiple
  s           0    0.000000000           90.0000    0.0000
   sum over m      0.000000000           90.0000    0.0000
  s           1    0.000000000           90.0000    0.0000
   sum over m      0.000000000           90.0000    0.0000
  px          0    0.000014599            0.0000  270.0000
  py          0    0.000014599            0.0000    0.0000
  pz          0    0.000000000           90.0625  -87.9194
   sum over m      0.000029198            0.0000  -87.9194
  px          1    0.000003269          180.0000  -90.0000
  py          1    0.000003269          180.0000   -0.0000
  pz          1    0.000000000           89.9980  -81.6013
   sum over m      0.000006538          180.0000  -81.6013
  d3z^2-r^2   0    0.000000000           90.0003  110.5399
  dx^2-y^2    0    0.000059547          180.0000  245.7395
  dxy         0    0.000059547          180.0000  193.4788
  dxz         0    0.000016955            0.0001  166.3603
  dyz         0    0.000016955            0.0000  232.4898
   sum over m      0.000085184          180.0000  179.8562
  d3z^2-r^2   1    0.000000000           89.9968  106.7852
  dx^2-y^2    1    0.000022615            0.0000   77.8474
  dxy         1    0.000022615            0.0000  185.3093
  dxz         1    0.000000434          179.9998  107.6126
  dyz         1    0.000000434          180.0000  189.7643
   sum over m      0.000044363            0.0000  116.7369

    4   Au         Orbital Moment(muB)    Angles (Deg)
            multiple
  s           0    0.000000000           90.0000    0.0000
   sum over m      0.000000000           90.0000    0.0000
  s           1    0.000000000           90.0000    0.0000
   sum over m      0.000000000           90.0000    0.0000
  px          0    0.000000347          180.0000  -90.0000
  py          0    0.000000347          180.0000    0.0000
  pz          0    0.000000000           90.0171  -76.5986
   sum over m      0.000000694          180.0000  -76.5986
  px          1    0.000002039          180.0000  -90.0000
  py          1    0.000002039          180.0000   -0.0000
  pz          1    0.000000000           89.9992  -85.7198
   sum over m      0.000004077          180.0000  -85.7198
  d3z^2-r^2   0    0.000000000           90.0004  109.7433
  dx^2-y^2    0    0.000019787            0.0000  234.9280
  dxy         0    0.000019787            0.0000  191.1494
  dxz         0    0.000000096            0.0066  165.0467
  dyz         0    0.000000096            0.0016  229.2996
   sum over m      0.000039767            0.0000  176.5754
  d3z^2-r^2   1    0.000000000           90.0004  104.2316
  dx^2-y^2    1    0.000003616            0.0000   93.9262
  dxy         1    0.000003616            0.0000  166.7657
  dxz         1    0.000000018          179.9968  102.7022
  dyz         1    0.000000018          179.9994  163.5269
   sum over m      0.000007196            0.0000  111.0215

    5   Au         Orbital Moment(muB)    Angles (Deg)
            multiple
  s           0    0.000000000           90.0000    0.0000
   sum over m      0.000000000           90.0000    0.0000
  s           1    0.000000000           90.0000    0.0000
   sum over m      0.000000000           90.0000    0.0000
  px          0    0.000000006          179.9989  270.0000
  py          0    0.000000006          179.9999    0.0000
  pz          0    0.000000000           89.9916  -83.0517
   sum over m      0.000000012          179.9989  -83.0517
  px          1    0.000000820            0.0000  270.0000
  py          1    0.000000820            0.0000   -0.0000
  pz          1    0.000000000           89.9998  -68.8814
   sum over m      0.000001641            0.0000  -68.8814
  d3z^2-r^2   0    0.000000000           90.0007  132.5466
  dx^2-y^2    0    0.000046147            0.0000  142.0547
  dxy         0    0.000046147            0.0000  185.2805
  dxz         0    0.000003836            0.0000  173.3817
  dyz         0    0.000003836            0.0000  219.6606
   sum over m      0.000099965            0.0000  178.7834
  d3z^2-r^2   1    0.000000000           90.0000  103.0839
  dx^2-y^2    1    0.000000220          179.9999   92.5893
  dxy         1    0.000000220          179.9999  176.3943
  dxz         1    0.000000004          179.9856  104.8103
  dyz         1    0.000000004          179.9976  174.3952
   sum over m      0.000000449          179.9997  113.1257

    6   Au         Orbital Moment(muB)    Angles (Deg)
            multiple
  s           0    0.000000000           90.0000    0.0000
   sum over m      0.000000000           90.0000    0.0000
  s           1    0.000000000           90.0000    0.0000
   sum over m      0.000000000           90.0000    0.0000
  px          0    0.000000001          179.9951  270.0000
  py          0    0.000000001          179.9994    0.0000
  pz          0    0.000000000           89.9921  -83.0654
   sum over m      0.000000003          179.9950  -83.0654
  px          1    0.000000945            0.0000  270.0000
  py          1    0.000000945            0.0000   -0.0000
  pz          1    0.000000000           89.9998  -64.8488
   sum over m      0.000001890            0.0000  -64.8488
  d3z^2-r^2   0    0.000000000           89.9989  -72.4737
  dx^2-y^2    0    0.000005752            0.0000   79.5082
  dxy         0    0.000005752            0.0000   28.1259
  dxz         0    0.000001114            0.0000  -23.7373
  dyz         0    0.000001114            0.0000   55.2711
   sum over m      0.000013732            0.0000    3.9563
  d3z^2-r^2   1    0.000000000           90.0003  102.5826
  dx^2-y^2    1    0.000000033            0.0006   92.7813
  dxy         1    0.000000033            0.0005  177.8065
  dxz         1    0.000000008          179.9922  105.8904
  dyz         1    0.000000008          179.9988  176.2331
   sum over m      0.000000051            0.0025  114.0096

    7   Au         Orbital Moment(muB)    Angles (Deg)
            multiple
  s           0    0.000000000           90.0000    0.0000
   sum over m      0.000000000           90.0000    0.0000
  s           1    0.000000000           90.0000    0.0000
   sum over m      0.000000000           90.0000    0.0000
  px          0    0.000000001            0.0044  -90.0000
  py          0    0.000000001            0.0005    0.0000
  pz          0    0.000000000           90.0011  -83.0894
   sum over m      0.000000003            0.0045  -83.0894
  px          1    0.000000589          180.0000  -90.0000
  py          1    0.000000589          180.0000   -0.0000
  pz          1    0.000000000           89.9996  -61.7530
   sum over m      0.000001178          180.0000  -61.7530
  d3z^2-r^2   0    0.000000000           89.9994  -68.5135
  dx^2-y^2    0    0.000011266          180.0000   80.4028
  dxy         0    0.000011266          180.0000   17.1624
  dxz         0    0.000000212          179.9995  -14.0532
  dyz         0    0.000000212          179.9998   51.5523
   sum over m      0.000022956          180.0000    2.6906
  d3z^2-r^2   1    0.000000000           90.0001  102.4626
  dx^2-y^2    1    0.000000049            0.0004   92.7330
  dxy         1    0.000000049            0.0003  178.2169
  dxz         1    0.000000008          179.9923  106.2547
  dyz         1    0.000000008          179.9988  176.8361
   sum over m      0.000000082            0.0016  114.3072

    8   Au         Orbital Moment(muB)    Angles (Deg)
            multiple
  s           0    0.000000000           90.0000    0.0000
   sum over m      0.000000000           90.0000    0.0000
  s           1    0.000000000           90.0000    0.0000
   sum over m      0.000000000           90.0000    0.0000
  px          0    0.000000004          179.9983  270.0000
  py          0    0.000000004          179.9998    0.0000
  pz          0    0.000000000           89.9998  -83.1280
   sum over m      0.000000007          179.9983  -83.1280
  px          1    0.000000663          180.0000  270.0000
  py          1    0.000000663          180.0000   -0.0000
  pz          1    0.000000000           90.0000  -60.6986
   sum over m      0.000001326          180.0000  -60.6986
  d3z^2-r^2   0    0.000000000           90.0000  -65.8210
  dx^2-y^2    0    0.000007145          180.0000   82.2253
  dxy         0    0.000007145          180.0000   16.2785
  dxz         0    0.000000746          179.9998   -9.4237
  dyz         0    0.000000746          179.9999   51.1659
   sum over m      0.000015783          180.0000    5.8268
  d3z^2-r^2   1    0.000000000           90.0000  102.4482
  dx^2-y^2    1    0.000000006          179.9966   92.7252
  dxy         1    0.000000006          179.9970  178.2597
  dxz         1    0.000000001          179.9396  106.2954
  dyz         1    0.000000001          179.9905  176.9007
   sum over m      0.000000013          179.9902  114.3397

    9   Au         Orbital Moment(muB)    Angles (Deg)
            multiple
  s           0    0.000000000           90.0000    0.0000
   sum over m      0.000000000           90.0000    0.0000
  s           1    0.000000000           90.0000    0.0000
   sum over m      0.000000000           90.0000    0.0000
  px          0    0.000000001            0.0043  270.0000
  py          0    0.000000001            0.0005    0.0000
  pz          0    0.000000000           89.9990  -83.0559
   sum over m      0.000000003            0.0044  -83.0559
  px          1    0.000000617          180.0000  270.0000
  py          1    0.000000617          180.0000   -0.0000
  pz          1    0.000000000           90.0005  -61.6240
   sum over m      0.000001235          180.0000  -61.6240
  d3z^2-r^2   0    0.000000000           90.0007  -68.2114
  dx^2-y^2    0    0.000012305          180.0000   81.3207
  dxy         0    0.000012305          180.0000   17.6693
  dxz         0    0.000000222          179.9995  -13.5372
  dyz         0    0.000000222          179.9998   52.6514
   sum over m      0.000025055          180.0000    3.5805
  d3z^2-r^2   1    0.000000000           89.9999  102.4609
  dx^2-y^2    1    0.000000063            0.0003   92.7456
  dxy         1    0.000000063            0.0003  178.2291
  dxz         1    0.000000008          179.9929  106.2493
  dyz         1    0.000000008          179.9989  176.8602
   sum over m      0.000000108            0.0012  114.3069

   10   Au         Orbital Moment(muB)    Angles (Deg)
            multiple
  s           0    0.000000000           90.0000    0.0000
   sum over m      0.000000000           90.0000    0.0000
  s           1    0.000000000           90.0000    0.0000
   sum over m      0.000000000           90.0000    0.0000
  px          0    0.000000001          179.9948  -90.0000
  py          0    0.000000001          179.9994    0.0000
  pz          0    0.000000000           90.0084  -83.1101
   sum over m      0.000000002          179.9948  -83.1101
  px          1    0.000000998            0.0000  -90.0000
  py          1    0.000000998            0.0000   -0.0000
  pz          1    0.000000000           90.0002  -64.3348
   sum over m      0.000001996            0.0000  -64.3348
  d3z^2-r^2   0    0.000000000           90.0010  -72.9062
  dx^2-y^2    0    0.000006423            0.0000   79.6240
  dxy         0    0.000006423            0.0000   25.6892
  dxz         0    0.000001175            0.0001  -24.2059
  dyz         0    0.000001175            0.0000   55.7627
   sum over m      0.000015196            0.0000    1.3591
  d3z^2-r^2   1    0.000000000           89.9997  102.5502
  dx^2-y^2    1    0.000000028            0.0007   92.7821
  dxy         1    0.000000028            0.0006  177.9039
  dxz         1    0.000000008          179.9923  105.9634
  dyz         1    0.000000008          179.9988  176.3761
   sum over m      0.000000041            0.0032  114.0696

   11   Au         Orbital Moment(muB)    Angles (Deg)
            multiple
  s           0    0.000000000           90.0000    0.0000
   sum over m      0.000000000           90.0000    0.0000
  s           1    0.000000000           90.0000    0.0000
   sum over m      0.000000000           90.0000    0.0000
  px          0    0.000000006          179.9989  -90.0000
  py          0    0.000000006          179.9999    0.0000
  pz          0    0.000000000           90.0083  -83.0277
   sum over m      0.000000011          179.9989  -83.0277
  px          1    0.000000888            0.0000  -90.0000
  py          1    0.000000888            0.0000   -0.0000
  pz          1    0.000000000           90.0002  -67.9926
   sum over m      0.000001777            0.0000  -67.9926
  d3z^2-r^2   0    0.000000000           89.9980  160.0052
  dx^2-y^2    0    0.000048461            0.0000   93.8117
  dxy         0    0.000048461            0.0000  182.2978
  dxz         0    0.000003905            0.0000  174.5345
  dyz         0    0.000003905            0.0000  204.7853
   sum over m      0.000104732            0.0000  177.0739
  d3z^2-r^2   1    0.000000000           90.0000  102.9642
  dx^2-y^2    1    0.000000248          179.9999   92.6446
  dxy         1    0.000000248          179.9999  176.6803
  dxz         1    0.000000004          179.9834  105.0410
  dyz         1    0.000000004          179.9973  174.7256
   sum over m      0.000000503          179.9997  113.3084

   12   Au         Orbital Moment(muB)    Angles (Deg)
            multiple
  s           0    0.000000000           90.0000    0.0000
   sum over m      0.000000000           90.0000    0.0000
  s           1    0.000000000           90.0000    0.0000
   sum over m      0.000000000           90.0000    0.0000
  px          0    0.000000347          180.0000  270.0000
  py          0    0.000000347          180.0000    0.0000
  pz          0    0.000000000           89.9787  -77.9971
   sum over m      0.000000695          180.0000  -77.9971
  px          1    0.000002177          180.0000  270.0000
  py          1    0.000002177          180.0000    0.0000
  pz          1    0.000000000           90.0006  -71.6979
   sum over m      0.000004354          180.0000  -71.6979
  d3z^2-r^2   0    0.000000000           89.9995  109.3964
  dx^2-y^2    0    0.000018096            0.0000  234.9549
  dxy         0    0.000018096            0.0000  191.2897
  dxz         0    0.000000280            0.0019  164.9008
  dyz         0    0.000000280            0.0005  230.3747
   sum over m      0.000036753            0.0000  176.5538
  d3z^2-r^2   1    0.000000000           89.9997  102.0695
  dx^2-y^2    1    0.000003623            0.0000   94.5404
  dxy         1    0.000003623            0.0000  171.9118
  dxz         1    0.000000020          179.9971  101.0221
  dyz         1    0.000000020          179.9995  170.8843
   sum over m      0.000007206            0.0000  109.6670

   13   Au         Orbital Moment(muB)    Angles (Deg)
            multiple
  s           0    0.000000000           90.0000    0.0000
   sum over m      0.000000000           90.0000    0.0000
  s           1    0.000000000           90.0000    0.0000
   sum over m      0.000000000           90.0000    0.0000
  px          0    0.000014601            0.0000  -90.0000
  py          0    0.000014601            0.0000    0.0000
  pz          0    0.000000000           89.8990  -85.0770
   sum over m      0.000029203            0.0000  -85.0770
  px          1    0.000003392          180.0000  270.0000
  py          1    0.000003392          180.0000    0.0000
  pz          1    0.000000000           90.0009  -73.1148
   sum over m      0.000006784          180.0000  -73.1148
  d3z^2-r^2   0    0.000000000           89.9996  109.6900
  dx^2-y^2    0    0.000062638          180.0000  246.2969
  dxy         0    0.000062638          180.0000  193.7351
  dxz         0    0.000016568            0.0001  165.3741
  dyz         0    0.000016568            0.0000  233.3378
   sum over m      0.000092140          180.0000  179.1982
  d3z^2-r^2   1    0.000000000           90.0074   80.8653
  dx^2-y^2    1    0.000022669            0.0000  126.4925
  dxy         1    0.000022669            0.0000  179.1844
  dxz         1    0.000000438          179.9999  102.8657
  dyz         1    0.000000438          180.0000  179.2787
   sum over m      0.000044462            0.0000  115.8779

   14   Au         Orbital Moment(muB)    Angles (Deg)
            multiple
  s           0    0.000000000           90.0000    0.0000
   sum over m      0.000000000           90.0000    0.0000
  s           1    0.000000000           90.0000    0.0000
   sum over m      0.000000000           90.0000    0.0000
  px          0    0.000000290          180.0000   90.0000
  py          0    0.000000290          180.0000    0.0000
  pz          0    0.000000000           90.1041   48.2194
   sum over m      0.000000579          180.0000   48.2194
  px          1    0.000006019            0.0000  -90.0000
  py          1    0.000006019            0.0000    0.0000
  pz          1    0.000000000           90.0165  -65.1990
   sum over m      0.000012039            0.0000  -65.1990
  d3z^2-r^2   0    0.000000000           90.0002  109.2398
  dx^2-y^2    0    0.000108788            0.0000  250.5117
  dxy         0    0.000108788            0.0000  194.7487
  dxz         0    0.000066839            0.0000  164.2251
  dyz         0    0.000066839            0.0000  233.5203
   sum over m      0.000351255            0.0000  179.0772
  d3z^2-r^2   1    0.000000000           89.9890   89.4580
  dx^2-y^2    1    0.000006694          180.0000  135.3405
  dxy         1    0.000006694          180.0000  161.4425
  dxz         1    0.000001758          180.0000  103.9069
  dyz         1    0.000001758          180.0000  171.4494
   sum over m      0.000016904          180.0000  126.4656

   15   Au         Orbital Moment(muB)    Angles (Deg)
            multiple
  s           0    0.000000000            0.0000    0.0000
   sum over m      0.000000000            0.0000    0.0000
  s           1    0.000000000           90.0000    0.0000
   sum over m      0.000000000           90.0000    0.0000
  px          0    0.000256444          180.0000    0.0000
  py          0    0.000256444          180.0000    0.0000
  pz          0    0.000000000           90.0000    0.0000
   sum over m      0.000512887          180.0000   24.0404
  px          1    0.000684389          180.0000  270.0000
  py          1    0.000684389          180.0000   -0.0000
  pz          1    0.000000000           89.8566  -55.1422
   sum over m      0.001368777          180.0000  -55.1422
  d3z^2-r^2   0    0.000000000           90.0024  108.3260
  dx^2-y^2    0    0.000112323          180.0000  252.8415
  dxy         0    0.000112323          180.0000  194.7451
  dxz         0    0.000256490          180.0000  164.2802
  dyz         0    0.000256490          180.0000  235.9111
   sum over m      0.000737627          180.0000  179.1113
  d3z^2-r^2   1    0.000000000           90.0641  101.4633
  dx^2-y^2    1    0.000300909          180.0000   83.5880
  dxy         1    0.000300909          180.0000  147.7993
  dxz         1    0.000007143          180.0000  102.0988
  dyz         1    0.000007143          180.0000  114.5217
   sum over m      0.000616104          180.0000  103.6647

***********************************************************
***********************************************************
                    Dipole moment (Debye)                  
***********************************************************
***********************************************************

 Absolute D        0.06773667

                      Dx                Dy                Dz
 Total             -0.06773667        0.00000000        0.00000000
 Core           19842.04728454        0.00000000        0.00000000
 Electron      -19842.11502121        0.00000000        0.00000000
 Back ground       -0.00000000       -0.00000000       -0.00000000

***********************************************************
***********************************************************
       xyz-coordinates (Ang) and forces (Hartree/Bohr)  
***********************************************************
***********************************************************

<coordinates.forces
  15
    1    Au    -2.70000   0.00000   0.00000  -0.005645860689  0.000000000028 -0.000000000133
    2    Au     0.00000   0.00000   0.00000   0.000116474612  0.000000000011  0.000000000058
    3    Au     2.70000   0.00000   0.00000   0.000157466776  0.000000000024 -0.000000000021
    4    Au     5.40000   0.00000   0.00000  -0.001750444197 -0.000000000018  0.000000000041
    5    Au     8.10000   0.00000   0.00000  -0.000095133781 -0.000000000415  0.000000000038
    6    Au    10.80000   0.00000   0.00000   0.001254303280  0.000000000559  0.000000000194
    7    Au    13.50000   0.00000   0.00000   0.000111716689  0.000000000325 -0.000000000433
    8    Au    16.20000   0.00000   0.00000  -0.000015651687 -0.000000000220  0.000000000378
    9    Au    18.90000   0.00000   0.00000  -0.000325669268 -0.000000000666 -0.000000000140
   10    Au    21.60000   0.00000   0.00000  -0.000772280511  0.000000000208  0.000000000102
   11    Au    24.30000   0.00000   0.00000   0.000555862478  0.000000000089 -0.000000000060
   12    Au    27.00000   0.00000   0.00000   0.001465983750  0.000000000017 -0.000000000129
   13    Au    29.70000   0.00000   0.00000  -0.000283768654  0.000000000103  0.000000000109
   14    Au    32.40000   0.00000   0.00000  -0.000354423144  0.000000000111 -0.000000000073
   15    Au    35.10000   0.00000   0.00000   0.006207749040 -0.000000000176  0.000000000017
coordinates.forces>

***********************************************************
***********************************************************
       Fractional coordinates of the final structure       
***********************************************************
***********************************************************

     1     Au     0.93333333333333   0.00000000000000   0.00000000000000
     2     Au     0.00000000000000   0.00000000000000   0.00000000000000
     3     Au     0.06666666666667   0.00000000000000   0.00000000000000
     4     Au     0.13333333333333   0.00000000000000   0.00000000000000
     5     Au     0.20000000000000   0.00000000000000   0.00000000000000
     6     Au     0.26666666666667   0.00000000000000   0.00000000000000
     7     Au     0.33333333333333   0.00000000000000   0.00000000000000
     8     Au     0.40000000000000   0.00000000000000   0.00000000000000
     9     Au     0.46666666666667   0.00000000000000   0.00000000000000
    10     Au     0.53333333333333   0.00000000000000   0.00000000000000
    11     Au     0.60000000000000   0.00000000000000   0.00000000000000
    12     Au     0.66666666666667   0.00000000000000   0.00000000000000
    13     Au     0.73333333333333   0.00000000000000   0.00000000000000
    14     Au     0.80000000000000   0.00000000000000   0.00000000000000
    15     Au     0.86666666666667   0.00000000000000   0.00000000000000

***********************************************************
***********************************************************
               Computational Time (second)                 
***********************************************************
***********************************************************

   Elapsed.Time.       170.390

                               Min_ID   Min_Time       Max_ID   Max_Time
   Total Computational Time =    20      167.961          0      170.390
   readfile                 =     0        1.760         16        1.760
   truncation               =    21        0.202          0        0.281
   MD_pac                   =     0        0.003         13        0.006
   OutData                  =     1       20.864          0       23.293
   HWF                      =     0        0.000          0        0.000
   DFT                      =     0      110.159         21      110.236

*** In DFT ***

   Set_OLP_Kin              =    26        0.128         11        0.181
   Set_Nonlocal             =    11        0.237         16        0.302
   Set_ProExpn_VNA          =     7        1.133         17        1.288
   Set_Hamiltonian          =    13       26.001          4       26.002
   Poisson                  =     0        1.838          9        1.838
   Diagonalization          =    24       29.490         14       29.499
   Mixing_DM                =    27       34.504         23       34.504
   Force                    =     8        0.550         15        0.550
   Total_Energy             =     3        0.148          0        0.149
   Set_Aden_Grid            =    17        0.091          7        0.233
   Set_Orbitals_Grid        =    16        0.000          7        0.092
   Set_Density_Grid         =    25        8.057          8        8.429
   RestartFileDFT           =    26        0.834         21        1.370
   Mulliken_Charge          =     4        0.021         17        0.021
   FFT(2D)_Density          =     2        1.851         24        2.678
   Others                   =    24        3.752         26        4.699
