***********************************************************
***********************************************************

  This calculation was performed by OpenMX Ver. 4.0
  using 28 MPI processes and 1 OpenMP threads.

  Fri Apr 10 12:44:23 2026

***********************************************************
***********************************************************

#
# File Name
#

System.CurrrentDirectory         ./    # default=./
System.Name                      negf-graphene
level.of.stdout                   1    # default=1 (1-3)
level.of.fileout                  0    # default=1 (0-2)


NEGF.filename.hks.l     lead-graphene.hks
NEGF.filename.hks.r     lead-graphene.hks

NEGF.Num.Poles             100       # defalut=150
NEGF.scf.Kgrid            10 1       # defalut=1 1

NEGF.bias.voltage          0.0       # default=0.0 (eV)
NEGF.bias.neq.im.energy    0.01      # default=0.01 (eV)
NEGF.bias.neq.energy.step  0.02      # default=0.02 (eV) 

Dos.fileout                 off      # on|off, default=off
NEGF.Dos.energyrange     -15.0 25.0 5.0e-3  #default=-10.0 10.0 5.0e-3 (eV)
NEGF.Dos.energy.div        200       # default=200
NEGF.Dos.Kgrid           600 1       # default=1 1 
NEGF.SCF.Iter.Band          20

#
# Transmission & Eigen Channel
#

NEGF.tran.Analysis         on        #  default on
NEGF.tran.energydiv        100       # default=200
NEGF.tran.energyrange -7.0 7.0 1.0e-3  # default=-10.0 10.0 1.0e-3 (eV)
NEGF.tran.Kgrid           30 1       # default= 1 1
NEGF.tran.Channel          on        #  default on
NEGF.Channel.Nkpoint        1        # default=1
<NEGF.Channel.kpoint
0.0  0.0
NEGF.Channel.kpoint>
# default 0.0 0.0
NEGF.Channel.Nenergy        1        # default=1
<NEGF.Channel.energy
0.0
NEGF.Channel.energy>
# default 0.0
NEGF.Channel.Num            5        # defualt=5(for collinear), 10(for Non-collinear)


#
# Definition of Atomic Species
#

Species.Number       1
<Definition.of.Atomic.Species
 C    C5.0-s2p1      C_CA19
Definition.of.Atomic.Species>

#
# Atoms
#

Atoms.Number        4
Atoms.SpeciesAndCoordinates.Unit   Ang # Ang|AU
<Atoms.SpeciesAndCoordinates 
 1  C  0.000000000  0.000000000  0.000000000  2.0 2.0
 2  C  2.840000000  0.000000000  0.000000000  2.0 2.0
 3  C  0.710000000  1.229756000  0.000000000  2.0 2.0
 4  C  2.130000000  1.229756000  0.000000000  2.0 2.0
Atoms.SpeciesAndCoordinates>

#
# Lead-Left
#

LeftLeadAtoms.Number         4
<LeftLeadAtoms.SpeciesAndCoordinates           # Unit=Ang.
 1  C -4.260000000  0.000000000  0.000000000  2.0 2.0
 2  C -1.420000000  0.000000000  0.000000000  2.0 2.0
 3  C -3.550000000  1.229756000  0.000000000  2.0 2.0
 4  C -2.130000000  1.229756000  0.000000000  2.0 2.0
LeftLeadAtoms.SpeciesAndCoordinates>


#
# Lead-Right
#

RightLeadAtoms.Number        4 
<RightLeadAtoms.SpeciesAndCoordinates           # Unit=Ang.
 1  C  4.260000000  0.000000000  0.000000000  2.0 2.0
 2  C  7.100000000  0.000000000  0.000000000  2.0 2.0
 3  C  4.970000000  1.229756000  0.000000000  2.0 2.0
 4  C  6.390000000  1.229756000  0.000000000  2.0 2.0
RightLeadAtoms.SpeciesAndCoordinates>



#
# SCF or Electronic System
#

scf.XcType                  LDA        # LDA|LSDA-CA|LSDA-PW|GGA-PBE
scf.SpinPolarization        off        # On|Off|NC
scf.ElectronicTemperature  600.0       # default=300 (K)
scf.energycutoff           200.0       # default=150 (Ry)
scf.maxIter                200         # default=40
scf.EigenvalueSolver       NEGF        # DC|GDC|Cluster|Band
#scf.lapack.dste            dstevx      # dstegr|dstedc|dstevx, default=dstegr
scf.Kgrid                  1 1 1       # means n1 x n2 x n3
scf.Mixing.Type           rmm-diisk    # Simple|Rmm-Diis|Gr-Pulay|Kerker|Rmm-Diisk
scf.Init.Mixing.Weight     0.010       # default=0.30
scf.Min.Mixing.Weight      0.001       # default=0.001
scf.Max.Mixing.Weight      0.100       # default=0.40
scf.Mixing.History          40         # default=5
scf.Mixing.StartPulay       10         # default=6
#scf.Kerker.factor          1.0         # default=1.0  
scf.criterion             1.0e-7       # default=1.0e-6 (Hartree)


***********************************************************
***********************************************************

  Required cutoff energy (Ryd) for 3D-grids = 200.0000
      Used cutoff energy (Ryd) for 3D-grids = 197.3731, 201.4850, 195.0117
  Num. of grids of a-, b-, and c-axes = 108, 21, 84

  Num.Grid1.   108
  Num.Grid2.    21
  Num.Grid3.    84


  Cell_Volume =   2121.174184192309 (Bohr^3)
  GridVol     =      0.011134071262 (Bohr^3)
  Cell vectors (bohr) of the grid cell (gtv)
    gtv_a =  0.223617575315,  0.000000000000,  0.000000000000
    gtv_b =  0.000000000000,  0.221324001092,  0.000000000000
    gtv_c =  0.000000000000,  0.000000000000,  0.224967379593
    |gtv_a| =  0.223617575315
    |gtv_b| =  0.221324001092
    |gtv_c| =  0.224967379593

***********************************************************
***********************************************************


***********************************************************
***********************************************************
                  SCF history at MD= 1                    
***********************************************************
***********************************************************

   SCF=   1  NormRD=  1.000000000000  Uele=  0.000000000000
   SCF=   2  NormRD=  0.391476939369  Uele=  0.000000000000
   SCF=   3  NormRD=  0.384955100335  Uele=  0.000000000000
   SCF=   4  NormRD=  0.271067007955  Uele=  0.000000000000
   SCF=   5  NormRD=  0.214229146786  Uele=  0.000000000000
   SCF=   6  NormRD=  0.172121118532  Uele=  0.000000000000
   SCF=   7  NormRD=  0.160103198680  Uele=  0.000000000000
   SCF=   8  NormRD=  0.155441692534  Uele=  0.000000000000
   SCF=   9  NormRD=  0.150123838177  Uele=  0.000000000000
   SCF=  10  NormRD=  0.139005147989  Uele=  0.000000000000
   SCF=  11  NormRD=  0.085550773623  Uele=  0.000000000000
   SCF=  12  NormRD=  0.065946146902  Uele=  0.000000000000
   SCF=  13  NormRD=  0.046703492443  Uele=  0.000000000000
   SCF=  14  NormRD=  0.030707723000  Uele=  0.000000000000
   SCF=  15  NormRD=  0.024502115812  Uele=  0.000000000000
   SCF=  16  NormRD=  0.013903892187  Uele=  0.000000000000
   SCF=  17  NormRD=  0.007541818998  Uele=  0.000000000000
   SCF=  18  NormRD=  0.004435562607  Uele=  0.000000000000
   SCF=  19  NormRD=  0.005062659659  Uele=  0.000000000000
   SCF=  20  NormRD=  0.003063510652  Uele=  0.000000000000
   SCF=  21  NormRD=  1.000000000000  Uele=  0.000000000000
   SCF=  22  NormRD=  0.063565641003  Uele=  0.000000000000
   SCF=  23  NormRD=  0.056146394585  Uele=  0.000000000000
   SCF=  24  NormRD=  0.048058337532  Uele=  0.000000000000
   SCF=  25  NormRD=  0.043129471393  Uele=  0.000000000000
   SCF=  26  NormRD=  0.043602782565  Uele=  0.000000000000
   SCF=  27  NormRD=  0.042930091830  Uele=  0.000000000000
   SCF=  28  NormRD=  0.041617941784  Uele=  0.000000000000
   SCF=  29  NormRD=  0.040390006264  Uele=  0.000000000000
   SCF=  30  NormRD=  0.039238956912  Uele=  0.000000000000
   SCF=  31  NormRD=  0.018963630719  Uele=  0.000000000000
   SCF=  32  NormRD=  0.011728989951  Uele=  0.000000000000
   SCF=  33  NormRD=  0.007152584809  Uele=  0.000000000000
   SCF=  34  NormRD=  0.004172817685  Uele=  0.000000000000
   SCF=  35  NormRD=  0.002420580214  Uele=  0.000000000000
   SCF=  36  NormRD=  0.001304771785  Uele=  0.000000000000
   SCF=  37  NormRD=  0.000581432548  Uele=  0.000000000000
   SCF=  38  NormRD=  0.000208975824  Uele=  0.000000000000
   SCF=  39  NormRD=  0.000086485777  Uele=  0.000000000000
   SCF=  40  NormRD=  0.000055185675  Uele=  0.000000000000
   SCF=  41  NormRD=  0.000036471807  Uele=  0.000000000000
   SCF=  42  NormRD=  0.000019847440  Uele=  0.000000000000
   SCF=  43  NormRD=  0.000014187396  Uele=  0.000000000000
   SCF=  44  NormRD=  0.000009671397  Uele=  0.000000000000
   SCF=  45  NormRD=  0.000003860546  Uele=  0.000000000000
   SCF=  46  NormRD=  0.000002759576  Uele=  0.000000000000
   SCF=  47  NormRD=  0.000001469608  Uele=  0.000000000000
   SCF=  48  NormRD=  0.000000908364  Uele=  0.000000000000
   SCF=  49  NormRD=  0.000000512819  Uele=  0.000000000000
   SCF=  50  NormRD=  0.000000264271  Uele=  0.000000000000
   SCF=  51  NormRD=  0.000000140196  Uele=  0.000000000000
   SCF=  52  NormRD=  0.000000067361  Uele=  0.000000000000

*******************************************************
        Total energy (Hartree) at MD = 1        
*******************************************************

  Uele.          0.000000000000

  Ukin.         45.448169420745
  UH0.        -615.447677287009
  UH1.           0.506392781900
  Una.         -31.461649996522
  Unl.          -5.115221060705
  Uxc0.        -11.210979042308
  Uxc1.        -11.210979042308
  Ucore.       559.098803478612
  Uhub.          0.000000000000
  Ucs.           0.000000000000
  Uzs.           0.000000000000
  Uzo.           0.000000000000
  Uef.           0.000000000000
  UvdW.          0.000000000000
  Uch.           0.000000000000
  Utot.        -69.393140747594

  UpV.           0.000000000000
  Enpy.        -69.393140747594
  Note:

  Utot = Ukin+UH0+UH1+Una+Unl+Uxc0+Uxc1+Ucore+Uhub+Ucs+Uzs+Uzo+Uef+UvdW+Uch

  Uele:   band energy
  Ukin:   kinetic energy
  UH0:    electric part of screened Coulomb energy
  UH1:    difference electron-electron Coulomb energy
  Una:    neutral atom potential energy
  Unl:    non-local potential energy
  Uxc0:   exchange-correlation energy for alpha spin
  Uxc1:   exchange-correlation energy for beta spin
  Ucore:  core-core Coulomb energy
  Uhub:   LDA+U energy
  Ucs:    constraint energy for spin orientation
  Uzs:    Zeeman term for spin magnetic moment
  Uzo:    Zeeman term for orbital magnetic moment
  Uef:    electric energy by electric field
  UvdW:   semi-empirical vdW energy
  Uch:    penalty term to create a core hole

  UpV:    pressure times volume
  Enpy:   Enthalpy = Utot + UpV
  (see also PRB 72, 045121(2005) for the energy contributions)



  Chemical potential of left lead  (Hartree)      -0.191420414694
  Chemical potential of right lead (Hartree)      -0.191420414694

***********************************************************
***********************************************************
            Informaions for NEGF calculation               
***********************************************************
***********************************************************


Intrinsic chemical potential (eV) of the leads
  Left lead:  -5.208814505385
  Right lead: -5.208814505385
  add voltage = -0.0000 (eV) to the  left lead: new ChemP (eV):  -5.2088
  add voltage =  0.0000 (eV) to the right lead: new ChemP (eV):  -5.2088

  Intrinsic bias volatage:   0.000000000000 (eV)
  Net bias volatage:         0.000000000000 (eV)

Parameters for the integration of the non-equilibrium part
  lower bound:           -5.208814505385 (eV)
  upper bound:           -5.208814505385 (eV)
  energy step:            0.020000000000 (eV)
  number of steps:             0     

Sum of transmission eigenvalues

  Sum.Eigentrans.k0.E0.S0       2.2799269332e-10

***********************************************************
***********************************************************
           Eigenvalues (Hartree) of SCF KS-eq.           
***********************************************************
***********************************************************

   Chemical Potential (Hartree) =  -0.19142041469390
   Number of States             =  48.00000000000003
   Eigenvalues
              Up-spin           Down-spin

   kloop=0
   k1=   0.00000 k2=  -0.00000 k3=   0.00000

    1   -0.92729977797262  -0.92729977797262
    2   -0.90419981267854  -0.90419981267854
    3   -0.89917416068652  -0.89917416068652
    4   -0.83114905222363  -0.83114905222363
    5   -0.82991418165130  -0.82991418165130
    6   -0.73392539507454  -0.73392539507454
    7   -0.69062870882737  -0.69062870882737
    8   -0.56160847511281  -0.56160847511281
    9   -0.55961214588523  -0.55961214588523
   10   -0.45054870494958  -0.45054870494958
   11   -0.43736302927374  -0.43736302927374
   12   -0.42461745192598  -0.42461745192598
   13   -0.42113442250115  -0.42113442250115
   14   -0.41850412909254  -0.41850412909254
   15   -0.41302094882780  -0.41302094882780
   16   -0.40862273143916  -0.40862273143916
   17   -0.40537417636054  -0.40537417636054
   18   -0.36623644801787  -0.36623644801787
   19   -0.36559307634546  -0.36559307634546
   20   -0.34568342905020  -0.34568342905020
   21   -0.34552681507638  -0.34552681507638
   22   -0.32778877655194  -0.32778877655194
   23   -0.32748516263211  -0.32748516263211
   24   -0.26542504228116  -0.26542504228116
   25   -0.10375308240730  -0.10375308240730
   26    0.01449062492324   0.01449062492324
   27    0.01536060062979   0.01536060062979
   28    0.16874451190915   0.16874451190915
   29    0.17367949124648   0.17367949124648
   30    0.17414625329250   0.17414625329250
   31    0.17546490729733   0.17546490729733
   32    0.19198724943446   0.19198724943446
   33    0.19587770164896   0.19587770164896
   34    0.19604932250429   0.19604932250429
   35    0.20535125352933   0.20535125352933
   36    0.20630768872697   0.20630768872697
   37    0.23985199222266   0.23985199222266
   38    0.29097825648385   0.29097825648385
   39    0.29412513365051   0.29412513365051
   40    0.35085279580267   0.35085279580267
   41    0.40808077016148   0.40808077016148
   42    0.41531510274607   0.41531510274607
   43    0.49177794836443   0.49177794836443
   44    0.49706523506397   0.49706523506397
   45    0.49957157475068   0.49957157475068
   46    0.50457579758949   0.50457579758949
   47    0.50487851406775   0.50487851406775
   48    0.51714946871319   0.51714946871319
   49    0.51869636859419   0.51869636859419
   50    0.53353641192512   0.53353641192512
   51    0.58580332270637   0.58580332270637
   52    0.59914703177111   0.59914703177111
   53    0.59965384876818   0.59965384876818
   54    0.73326649957075   0.73326649957075
   55    1.05532107121655   1.05532107121655
   56    1.54874839668910   1.54874839668910
   57    1.55067464031298   1.55067464031298
   58    3.32253860322263   3.32253860322263
   59    3.32395233010685   3.32395233010685
   60    4.12073055995412   4.12073055995412

   kloop=1
   k1=   0.00000 k2=   0.10000 k3=   0.00000

    1   -0.92093673650486  -0.92093673650486
    2   -0.89773209076124  -0.89773209076124
    3   -0.89269909046838  -0.89269909046838
    4   -0.82457807075533  -0.82457807075533
    5   -0.82336458173693  -0.82336458173693
    6   -0.72853240927197  -0.72853240927197
    7   -0.68393644628139  -0.68393644628139
    8   -0.55918891060696  -0.55918891060696
    9   -0.55703635364957  -0.55703635364957
   10   -0.46137237223514  -0.46137237223514
   11   -0.44339162527576  -0.44339162527576
   12   -0.44150710778882  -0.44150710778882
   13   -0.43663023787131  -0.43663023787131
   14   -0.41897348629300  -0.41897348629300
   15   -0.41748779526837  -0.41748779526837
   16   -0.41592477393089  -0.41592477393089
   17   -0.41396380323860  -0.41396380323860
   18   -0.38248958051680  -0.38248958051680
   19   -0.38229067398824  -0.38229067398824
   20   -0.35064068517344  -0.35064068517344
   21   -0.34039140575899  -0.34039140575899
   22   -0.33863989816569  -0.33863989816569
   23   -0.33853951766471  -0.33853951766471
   24   -0.25784357448079  -0.25784357448079
   25   -0.10907919209515  -0.10907919209515
   26    0.00543938073935   0.00543938073935
   27    0.00625045109812   0.00625045109812
   28    0.15238722069171   0.15238722069171
   29    0.15722879798130   0.15722879798130
   30    0.18886604720754   0.18886604720754
   31    0.20690844519661   0.20690844519661
   32    0.22092415379432   0.22092415379432
   33    0.23483420653122   0.23483420653122
   34    0.23739592635928   0.23739592635928
   35    0.23858600662544   0.23858600662544
   36    0.24789166124444   0.24789166124444
   37    0.25123177052737   0.25123177052737
   38    0.27642858745032   0.27642858745032
   39    0.27932796274391   0.27932796274391
   40    0.36749509281478   0.36749509281478
   41    0.43163371335891   0.43163371335891
   42    0.43293528985064   0.43293528985064
   43    0.43463182101764   0.43463182101764
   44    0.44145619195183   0.44145619195183
   45    0.49146719361057   0.49146719361057
   46    0.50758292069214   0.50758292069214
   47    0.52182512511979   0.52182512511979
   48    0.52328620809141   0.52328620809141
   49    0.55989651070006   0.55989651070006
   50    0.56578638397869   0.56578638397869
   51    0.61864849965430   0.61864849965430
   52    0.61892619754516   0.61892619754516
   53    0.63248644733943   0.63248644733943
   54    0.79969823866710   0.79969823866710
   55    1.05524048114847   1.05524048114847
   56    1.56996719989375   1.56996719989375
   57    1.57163788869824   1.57163788869824
   58    3.08926322941441   3.08926322941441
   59    3.09041973317518   3.09041973317518
   60    4.04710717346949   4.04710717346949

   kloop=2
   k1=   0.00000 k2=   0.20000 k3=   0.00000

    1   -0.90167155319692  -0.90167155319692
    2   -0.87835597839190  -0.87835597839190
    3   -0.87328836998785  -0.87328836998785
    4   -0.80528700224856  -0.80528700224856
    5   -0.80409990878677  -0.80409990878677
    6   -0.71226292041277  -0.71226292041277
    7   -0.66789823525986  -0.66789823525986
    8   -0.56212542740417  -0.56212542740417
    9   -0.55924669322755  -0.55924669322755
   10   -0.51425538585922  -0.51425538585922
   11   -0.48504872490747  -0.48504872490747
   12   -0.48201712249066  -0.48201712249066
   13   -0.46721543703967  -0.46721543703967
   14   -0.46571030989876  -0.46571030989876
   15   -0.42195206970753  -0.42195206970753
   16   -0.40826543391048  -0.40826543391048
   17   -0.39838666139233  -0.39838666139233
   18   -0.39680486467099  -0.39680486467099
   19   -0.39623655054630  -0.39623655054630
   20   -0.39258185581541  -0.39258185581541
   21   -0.37340625322455  -0.37340625322455
   22   -0.31814103624101  -0.31814103624101
   23   -0.31801623913380  -0.31801623913380
   24   -0.23501556524795  -0.23501556524795
   25   -0.12787003767451  -0.12787003767451
   26   -0.02224935648505  -0.02224935648505
   27   -0.02171045948904  -0.02171045948904
   28    0.10584055845921   0.10584055845921
   29    0.11044503718416   0.11044503718416
   30    0.16803700120184   0.16803700120184
   31    0.22147200873524   0.22147200873524
   32    0.22585627198594   0.22585627198594
   33    0.23269376240907   0.23269376240907
   34    0.26884237801075   0.26884237801075
   35    0.32166332863383   0.32166332863383
   36    0.33321038956652   0.33321038956652
   37    0.33831807630477   0.33831807630477
   38    0.35660534602705   0.35660534602705
   39    0.35732482974405   0.35732482974405
   40    0.37983880170613   0.37983880170613
   41    0.38716430507068   0.38716430507068
   42    0.42084733646420   0.42084733646420
   43    0.44331188054547   0.44331188054547
   44    0.47066431676029   0.47066431676029
   45    0.47529685508533   0.47529685508533
   46    0.51852020484358   0.51852020484358
   47    0.53893649296188   0.53893649296188
   48    0.54006279761806   0.54006279761806
   49    0.61626327090267   0.61626327090267
   50    0.62258467658199   0.62258467658199
   51    0.67547861607498   0.67547861607498
   52    0.67570658017205   0.67570658017205
   53    0.69138634246772   0.69138634246772
   54    0.98989876870657   0.98989876870657
   55    1.06141885733013   1.06141885733013
   56    1.54566046754213   1.54566046754213
   57    1.54676501176857   1.54676501176857
   58    2.39630905875589   2.39630905875589
   59    2.39700103826830   2.39700103826830
   60    3.27910853632489   3.27910853632489

   kloop=3
   k1=   0.00000 k2=   0.30000 k3=   0.00000

    1   -0.86929955852627  -0.86929955852627
    2   -0.84626193158847  -0.84626193158847
    3   -0.84110452308532  -0.84110452308532
    4   -0.77455391063485  -0.77455391063485
    5   -0.77327719016404  -0.77327719016404
    6   -0.68497713481865  -0.68497713481865
    7   -0.66395249268364  -0.66395249268364
    8   -0.60549462741627  -0.60549462741627
    9   -0.60181736206583  -0.60181736206583
   10   -0.55800416507069  -0.55800416507069
   11   -0.53719332420939  -0.53719332420939
   12   -0.53634311408929  -0.53634311408929
   13   -0.49382090574253  -0.49382090574253
   14   -0.49203095123943  -0.49203095123943
   15   -0.47324908334370  -0.47324908334370
   16   -0.42223431565134  -0.42223431565134
   17   -0.41137103900689  -0.41137103900689
   18   -0.40708827212018  -0.40708827212018
   19   -0.38649967109285  -0.38649967109285
   20   -0.36159882100477  -0.36159882100477
   21   -0.35769822108856  -0.35769822108856
   22   -0.28729424281422  -0.28729424281422
   23   -0.28651858896843  -0.28651858896843
   24   -0.19678121724564  -0.19678121724564
   25   -0.16453755557563  -0.16453755557563
   26   -0.06582633098570  -0.06582633098570
   27   -0.06548436419000  -0.06548436419000
   28    0.03766516100228   0.03766516100228
   29    0.04201800428832   0.04201800428832
   30    0.09214768249993   0.09214768249993
   31    0.20208333209024   0.20208333209024
   32    0.20439861598544   0.20439861598544
   33    0.29257275474189   0.29257275474189
   34    0.30929270364190   0.30929270364190
   35    0.31567152086012   0.31567152086012
   36    0.32125208054429   0.32125208054429
   37    0.38156382222626   0.38156382222626
   38    0.40418515343461   0.40418515343461
   39    0.42431817851906   0.42431817851906
   40    0.42493081249351   0.42493081249351
   41    0.46224025427191   0.46224025427191
   42    0.46576850768701   0.46576850768701
   43    0.49584271330052   0.49584271330052
   44    0.49632796458936   0.49632796458936
   45    0.50670839236746   0.50670839236746
   46    0.54914479165854   0.54914479165854
   47    0.57912982206464   0.57912982206464
   48    0.57945118812201   0.57945118812201
   49    0.64649500942697   0.64649500942697
   50    0.65270648987502   0.65270648987502
   51    0.72663940685419   0.72663940685419
   52    0.75973651428344   0.75973651428344
   53    0.76012627580849   0.76012627580849
   54    1.09537419277165   1.09537419277165
   55    1.12843417817910   1.12843417817910
   56    1.33689746923656   1.33689746923656
   57    1.33741239001164   1.33741239001164
   58    1.71320822991290   1.71320822991290
   59    1.71363681650312   1.71363681650312
   60    2.27241970809741   2.27241970809741

   kloop=4
   k1=   0.00000 k2=   0.40000 k3=   0.00000

    1   -0.82425060141121  -0.82425060141121
    2   -0.80214459577721  -0.80214459577721
    3   -0.79682419708822  -0.79682419708822
    4   -0.73665371414097  -0.73665371414097
    5   -0.73492385146408  -0.73492385146408
    6   -0.70583962245790  -0.70583962245790
    7   -0.66848432546272  -0.66848432546272
    8   -0.66522501626171  -0.66522501626171
    9   -0.64638695547418  -0.64638695547418
   10   -0.60718970037333  -0.60718970037333
   11   -0.60668556094679  -0.60668556094679
   12   -0.55082732006336  -0.55082732006336
   13   -0.53895445116927  -0.53895445116927
   14   -0.47599157513665  -0.47599157513665
   15   -0.47467228950186  -0.47467228950186
   16   -0.46865216284604  -0.46865216284604
   17   -0.42924112923378  -0.42924112923378
   18   -0.42618247554543  -0.42618247554543
   19   -0.33821150562070  -0.33821150562070
   20   -0.31641071990514  -0.31641071990514
   21   -0.31213899700639  -0.31213899700639
   22   -0.25944764786052  -0.25944764786052
   23   -0.25715813690787  -0.25715813690787
   24   -0.21714562321955  -0.21714562321955
   25   -0.14358607578605  -0.14358607578605
   26   -0.10742595330342  -0.10742595330342
   27   -0.10437193068348  -0.10437193068348
   28   -0.03740092724935  -0.03740092724935
   29   -0.03310052248914  -0.03310052248914
   30    0.00787491139612   0.00787491139612
   31    0.20293720216786   0.20293720216786
   32    0.20556239309196   0.20556239309196
   33    0.26819435721763   0.26819435721763
   34    0.27249302690996   0.27249302690996
   35    0.33732541920213   0.33732541920213
   36    0.35924787521181   0.35924787521181
   37    0.37864635305089   0.37864635305089
   38    0.40495908643380   0.40495908643380
   39    0.46959121568998   0.46959121568998
   40    0.46977651753318   0.46977651753318
   41    0.50285496315917   0.50285496315917
   42    0.50410061610213   0.50410061610213
   43    0.55000288142538   0.55000288142538
   44    0.55365415449495   0.55365415449495
   45    0.59358458680866   0.59358458680866
   46    0.62932698138486   0.62932698138486
   47    0.64549262209686   0.64549262209686
   48    0.64804310626693   0.64804310626693
   49    0.64934889363197   0.64934889363197
   50    0.65225786352006   0.65225786352006
   51    0.71886452217262   0.71886452217262
   52    0.82737340659337   0.82737340659337
   53    0.82781946817333   0.82781946817333
   54    1.01602461608392   1.01602461608392
   55    1.09028237395662   1.09028237395662
   56    1.09041286204024   1.09041286204024
   57    1.18768405850143   1.18768405850143
   58    1.30667089777507   1.30667089777507
   59    1.30703091303409   1.30703091303409
   60    1.67982987311642   1.67982987311642

   kloop=5
   k1=   0.00000 k2=   0.50000 k3=   0.00000

    1   -0.76886853526521  -0.76886853526521
    2   -0.76823735785155  -0.76823735785155
    3   -0.75118203348418  -0.75118203348418
    4   -0.74834749766404  -0.74834749766404
    5   -0.74760575843189  -0.74760575843189
    6   -0.73770423594912  -0.73770423594912
    7   -0.66941692924987  -0.66941692924987
    8   -0.66908211777482  -0.66908211777482
    9   -0.66548329694165  -0.66548329694165
   10   -0.66524489964807  -0.66524489964807
   11   -0.59772673437593  -0.59772673437593
   12   -0.59736878896332  -0.59736878896332
   13   -0.51528654696184  -0.51528654696184
   14   -0.51368651294543  -0.51368651294543
   15   -0.45564142777248  -0.45564142777248
   16   -0.45519508785754  -0.45519508785754
   17   -0.44861470752287  -0.44861470752287
   18   -0.44426554310545  -0.44426554310545
   19   -0.28139442781594  -0.28139442781594
   20   -0.28087898038631  -0.28087898038631
   21   -0.27364003553363  -0.27364003553363
   22   -0.27184878408006  -0.27184878408006
   23   -0.26906640987276  -0.26906640987276
   24   -0.25813679964152  -0.25813679964152
   25   -0.10065971915148  -0.10065971915148
   26   -0.10033447565406  -0.10033447565406
   27   -0.09593469525272  -0.09593469525272
   28   -0.09183603160763  -0.09183603160763
   29   -0.07590025875076  -0.07590025875076
   30   -0.06663482780112  -0.06663482780112
   31    0.22378250341631   0.22378250341631
   32    0.22402428267134   0.22402428267134
   33    0.23151364154807   0.23151364154807
   34    0.23856013954818   0.23856013954818
   35    0.35421633433821   0.35421633433821
   36    0.36084641306355   0.36084641306355
   37    0.39770491072891   0.39770491072891
   38    0.39921289225717   0.39921289225717
   39    0.49378804630932   0.49378804630932
   40    0.49380409995433   0.49380409995433
   41    0.49555806298685   0.49555806298685
   42    0.49653706870010   0.49653706870010
   43    0.61058774359559   0.61058774359559
   44    0.61410948814457   0.61410948814457
   45    0.61485545174401   0.61485545174401
   46    0.62020462038955   0.62020462038955
   47    0.66972515059355   0.66972515059355
   48    0.66982567096813   0.66982567096813
   49    0.75401298855186   0.75401298855186
   50    0.75421837004455   0.75421837004455
   51    0.75698145300721   0.75698145300721
   52    0.75767313268242   0.75767313268242
   53    0.79576502117433   0.79576502117433
   54    0.79612462718951   0.79612462718951
   55    1.09391374084826   1.09391374084826
   56    1.09410508775432   1.09410508775432
   57    1.09782550278519   1.09782550278519
   58    1.09828131680040   1.09828131680040
   59    1.36426454090448   1.36426454090448
   60    1.36551661614348   1.36551661614348

***********************************************************
***********************************************************
                   Mulliken populations                    
***********************************************************
***********************************************************

  Total spin moment (muB)   0.000000000

                    Up spin      Down spin     Sum           Diff
      1    C      1.999026192  1.999026192   3.998052383   0.000000000
      2    C      2.000044551  2.000044551   4.000089101   0.000000000
      3    C      2.000845675  2.000845675   4.001691349   0.000000000
      4    C      1.999907598  1.999907598   3.999815195   0.000000000
      5    C      2.000006136  2.000006136   4.000012271   0.000000000
      6    C      2.000007324  2.000007324   4.000014649   0.000000000
      7    C      2.000010836  2.000010836   4.000021671   0.000000000
      8    C      2.000010486  2.000010486   4.000020972   0.000000000
      9    C      2.000038228  2.000038228   4.000076456   0.000000000
     10    C      1.999222010  1.999222010   3.998444019   0.000000000
     11    C      1.999913008  1.999913008   3.999826015   0.000000000
     12    C      2.000755008  2.000755008   4.001510015   0.000000000

 Sum of MulP: up   =    23.99979 down          =    23.99979
              total=    47.99957 ideal(neutral)=    48.00000


  Decomposed Mulliken populations

    1    C          Up spin      Down spin     Sum           Diff
            multiple
  s           0    0.367419338  0.367419338   0.734838676   0.000000000
   sum over m      0.367419338  0.367419338   0.734838676   0.000000000
  s           1    0.041798486  0.041798486   0.083596972   0.000000000
   sum over m      0.041798486  0.041798486   0.083596972   0.000000000
   sum over m+mul  0.409217824  0.409217824   0.818435648   0.000000000
  px          0    0.545449036  0.545449036   1.090898072   0.000000000
  py          0    0.545372627  0.545372627   1.090745253   0.000000000
  pz          0    0.498986705  0.498986705   0.997973409   0.000000000
   sum over m      1.589808368  1.589808368   3.179616735   0.000000000
   sum over m+mul  1.589808368  1.589808368   3.179616735   0.000000000

    2    C          Up spin      Down spin     Sum           Diff
            multiple
  s           0    0.367421651  0.367421651   0.734843302   0.000000000
   sum over m      0.367421651  0.367421651   0.734843302   0.000000000
  s           1    0.041832647  0.041832647   0.083665295   0.000000000
   sum over m      0.041832647  0.041832647   0.083665295   0.000000000
   sum over m+mul  0.409254298  0.409254298   0.818508597   0.000000000
  px          0    0.545296187  0.545296187   1.090592374   0.000000000
  py          0    0.545459207  0.545459207   1.090918414   0.000000000
  pz          0    0.500034858  0.500034858   1.000069716   0.000000000
   sum over m      1.590790252  1.590790252   3.181580504   0.000000000
   sum over m+mul  1.590790252  1.590790252   3.181580504   0.000000000

    3    C          Up spin      Down spin     Sum           Diff
            multiple
  s           0    0.367801092  0.367801092   0.735602183   0.000000000
   sum over m      0.367801092  0.367801092   0.735602183   0.000000000
  s           1    0.041852245  0.041852245   0.083704491   0.000000000
   sum over m      0.041852245  0.041852245   0.083704491   0.000000000
   sum over m+mul  0.409653337  0.409653337   0.819306674   0.000000000
  px          0    0.545638196  0.545638196   1.091276391   0.000000000
  py          0    0.545545076  0.545545076   1.091090151   0.000000000
  pz          0    0.500009066  0.500009066   1.000018133   0.000000000
   sum over m      1.591192337  1.591192337   3.182384675   0.000000000
   sum over m+mul  1.591192337  1.591192337   3.182384675   0.000000000

    4    C          Up spin      Down spin     Sum           Diff
            multiple
  s           0    0.367313348  0.367313348   0.734626696   0.000000000
   sum over m      0.367313348  0.367313348   0.734626696   0.000000000
  s           1    0.041837925  0.041837925   0.083675849   0.000000000
   sum over m      0.041837925  0.041837925   0.083675849   0.000000000
   sum over m+mul  0.409151272  0.409151272   0.818302545   0.000000000
  px          0    0.545134208  0.545134208   1.090268417   0.000000000
  py          0    0.545491222  0.545491222   1.090982443   0.000000000
  pz          0    0.500130895  0.500130895   1.000261791   0.000000000
   sum over m      1.590756325  1.590756325   3.181512651   0.000000000
   sum over m+mul  1.590756325  1.590756325   3.181512651   0.000000000

    5    C          Up spin      Down spin     Sum           Diff
            multiple
  s           0    0.367407438  0.367407438   0.734814876   0.000000000
   sum over m      0.367407438  0.367407438   0.734814876   0.000000000
  s           1    0.041829792  0.041829792   0.083659585   0.000000000
   sum over m      0.041829792  0.041829792   0.083659585   0.000000000
   sum over m+mul  0.409237230  0.409237230   0.818474460   0.000000000
  px          0    0.545260865  0.545260865   1.090521730   0.000000000
  py          0    0.545479929  0.545479929   1.090959859   0.000000000
  pz          0    0.500028111  0.500028111   1.000056222   0.000000000
   sum over m      1.590768905  1.590768905   3.181537811   0.000000000
   sum over m+mul  1.590768905  1.590768905   3.181537811   0.000000000

    6    C          Up spin      Down spin     Sum           Diff
            multiple
  s           0    0.367408199  0.367408199   0.734816399   0.000000000
   sum over m      0.367408199  0.367408199   0.734816399   0.000000000
  s           1    0.041829875  0.041829875   0.083659749   0.000000000
   sum over m      0.041829875  0.041829875   0.083659749   0.000000000
   sum over m+mul  0.409238074  0.409238074   0.818476148   0.000000000
  px          0    0.545262212  0.545262212   1.090524424   0.000000000
  py          0    0.545479340  0.545479340   1.090958679   0.000000000
  pz          0    0.500027699  0.500027699   1.000055398   0.000000000
   sum over m      1.590769250  1.590769250   3.181538501   0.000000000
   sum over m+mul  1.590769250  1.590769250   3.181538501   0.000000000

    7    C          Up spin      Down spin     Sum           Diff
            multiple
  s           0    0.367413289  0.367413289   0.734826578   0.000000000
   sum over m      0.367413289  0.367413289   0.734826578   0.000000000
  s           1    0.041830673  0.041830673   0.083661347   0.000000000
   sum over m      0.041830673  0.041830673   0.083661347   0.000000000
   sum over m+mul  0.409243962  0.409243962   0.818487925   0.000000000
  px          0    0.545276253  0.545276253   1.090552507   0.000000000
  py          0    0.545471835  0.545471835   1.090943670   0.000000000
  pz          0    0.500018785  0.500018785   1.000037570   0.000000000
   sum over m      1.590766873  1.590766873   3.181533747   0.000000000
   sum over m+mul  1.590766873  1.590766873   3.181533747   0.000000000

    8    C          Up spin      Down spin     Sum           Diff
            multiple
  s           0    0.367413578  0.367413578   0.734827157   0.000000000
   sum over m      0.367413578  0.367413578   0.734827157   0.000000000
  s           1    0.041830671  0.041830671   0.083661341   0.000000000
   sum over m      0.041830671  0.041830671   0.083661341   0.000000000
   sum over m+mul  0.409244249  0.409244249   0.818488498   0.000000000
  px          0    0.545276107  0.545276107   1.090552213   0.000000000
  py          0    0.545472433  0.545472433   1.090944866   0.000000000
  pz          0    0.500017698  0.500017698   1.000035395   0.000000000
   sum over m      1.590766237  1.590766237   3.181532474   0.000000000
   sum over m+mul  1.590766237  1.590766237   3.181532474   0.000000000

    9    C          Up spin      Down spin     Sum           Diff
            multiple
  s           0    0.367420305  0.367420305   0.734840610   0.000000000
   sum over m      0.367420305  0.367420305   0.734840610   0.000000000
  s           1    0.041832608  0.041832608   0.083665215   0.000000000
   sum over m      0.041832608  0.041832608   0.083665215   0.000000000
   sum over m+mul  0.409252913  0.409252913   0.818505826   0.000000000
  px          0    0.545293858  0.545293858   1.090587715   0.000000000
  py          0    0.545460644  0.545460644   1.090921289   0.000000000
  pz          0    0.500030813  0.500030813   1.000061626   0.000000000
   sum over m      1.590785315  1.590785315   3.181570630   0.000000000
   sum over m+mul  1.590785315  1.590785315   3.181570630   0.000000000

   10    C          Up spin      Down spin     Sum           Diff
            multiple
  s           0    0.367511209  0.367511209   0.735022419   0.000000000
   sum over m      0.367511209  0.367511209   0.735022419   0.000000000
  s           1    0.041798301  0.041798301   0.083596602   0.000000000
   sum over m      0.041798301  0.041798301   0.083596602   0.000000000
   sum over m+mul  0.409309511  0.409309511   0.818619021   0.000000000
  px          0    0.545475175  0.545475175   1.090950350   0.000000000
  py          0    0.545398474  0.545398474   1.090796947   0.000000000
  pz          0    0.499038851  0.499038851   0.998077701   0.000000000
   sum over m      1.589912499  1.589912499   3.179824998   0.000000000
   sum over m+mul  1.589912499  1.589912499   3.179824998   0.000000000

   11    C          Up spin      Down spin     Sum           Diff
            multiple
  s           0    0.367322028  0.367322028   0.734644055   0.000000000
   sum over m      0.367322028  0.367322028   0.734644055   0.000000000
  s           1    0.041833147  0.041833147   0.083666295   0.000000000
   sum over m      0.041833147  0.041833147   0.083666295   0.000000000
   sum over m+mul  0.409155175  0.409155175   0.818310350   0.000000000
  px          0    0.545147423  0.545147423   1.090294847   0.000000000
  py          0    0.545489989  0.545489989   1.090979979   0.000000000
  pz          0    0.500120420  0.500120420   1.000240840   0.000000000
   sum over m      1.590757833  1.590757833   3.181515665   0.000000000
   sum over m+mul  1.590757833  1.590757833   3.181515665   0.000000000

   12    C          Up spin      Down spin     Sum           Diff
            multiple
  s           0    0.367770509  0.367770509   0.735541018   0.000000000
   sum over m      0.367770509  0.367770509   0.735541018   0.000000000
  s           1    0.041847727  0.041847727   0.083695455   0.000000000
   sum over m      0.041847727  0.041847727   0.083695455   0.000000000
   sum over m+mul  0.409618236  0.409618236   0.819236473   0.000000000
  px          0    0.545605639  0.545605639   1.091211279   0.000000000
  py          0    0.545529077  0.545529077   1.091058154   0.000000000
  pz          0    0.500002055  0.500002055   1.000004109   0.000000000
   sum over m      1.591136771  1.591136771   3.182273542   0.000000000
   sum over m+mul  1.591136771  1.591136771   3.182273542   0.000000000

***********************************************************
***********************************************************
                    Dipole moment (Debye)                  
***********************************************************
***********************************************************

 Absolute D        0.00490069

                      Dx                Dy                Dz
 Total              0.00016759       -0.00489782        0.00000000
 Core             327.38657538      141.76253711        0.00000000
 Electron        -327.38640779     -141.76743493        0.00000000
 Back ground       -0.00000000       -0.00000000       -0.00000000

***********************************************************
***********************************************************
       xyz-coordinates (Ang) and forces (Hartree/Bohr)  
***********************************************************
***********************************************************

<coordinates.forces
  12
    1     C    -4.26000   0.00000   0.00000   0.132688505434  0.000035553097  0.000000000015
    2     C    -1.42000   0.00000   0.00000   0.004756293481  0.000001033517 -0.000000000054
    3     C    -3.55000   1.22976   0.00000  -0.031525893577  0.000034788449 -0.000000000049
    4     C    -2.13000   1.22976   0.00000   0.002551317774 -0.000001719771  0.000000000024
    5     C     0.00000   0.00000   0.00000  -0.005528146265  0.000001277143  0.000000000134
    6     C     2.84000   0.00000   0.00000   0.005527645114  0.000001277058 -0.000000000002
    7     C     0.71000   1.22976   0.00000   0.005177938438 -0.000001202207 -0.000000000081
    8     C     2.13000   1.22976   0.00000  -0.005178481881 -0.000001201993  0.000000000013
    9     C     4.26000   0.00000   0.00000  -0.004750699279  0.000001031957 -0.000000000001
   10     C     7.10000   0.00000   0.00000  -0.132695543112  0.000035563656 -0.000000000001
   11     C     4.97000   1.22976   0.00000  -0.002575182621 -0.000001720341  0.000000000004
   12     C     6.39000   1.22976   0.00000   0.031529926220  0.000034784414 -0.000000000000
coordinates.forces>

***********************************************************
***********************************************************
       Fractional coordinates of the final structure       
***********************************************************
***********************************************************

     1      C     0.66666666666667   0.00000000000000   0.00000000000000
     2      C     0.88888888888889   0.00000000000000   0.00000000000000
     3      C     0.72222222222222   0.49999997016729   0.00000000000000
     4      C     0.83333333333333   0.49999997016729   0.00000000000000
     5      C     0.00000000000000   0.00000000000000   0.00000000000000
     6      C     0.22222222222222   0.00000000000000   0.00000000000000
     7      C     0.05555555555556   0.49999997016729   0.00000000000000
     8      C     0.16666666666667   0.49999997016729   0.00000000000000
     9      C     0.33333333333333   0.00000000000000   0.00000000000000
    10      C     0.55555555555556   0.00000000000000   0.00000000000000
    11      C     0.38888888888889   0.49999997016729   0.00000000000000
    12      C     0.50000000000000   0.49999997016729   0.00000000000000

***********************************************************
***********************************************************
               Computational Time (second)                 
***********************************************************
***********************************************************

   Elapsed.Time.         8.119

                               Min_ID   Min_Time       Max_ID   Max_Time
   Total Computational Time =    20        8.117          0        8.119
   readfile                 =    24        1.413          8        1.413
   truncation               =    21        0.135          0        0.178
   MD_pac                   =     0        0.003         14        0.004
   OutData                  =     3        0.000          0        0.002
   HWF                      =     0        0.000          0        0.000
   DFT                      =     7        5.232         21        5.273

*** In DFT ***

   Set_OLP_Kin              =    20        0.044          9        0.166
   Set_Nonlocal             =     9        0.312         12        0.433
   Set_ProExpn_VNA          =    25        0.638          0        0.725
   Set_Hamiltonian          =    14        0.698          3        0.698
   Poisson                  =     8        0.052          1        0.055
   Diagonalization          =    24        0.756          8        0.760
   Mixing_DM                =    19        0.307         12        0.308
   Force                    =     2        0.096          9        0.096
   Total_Energy             =     3        0.257          0        0.257
   Set_Aden_Grid            =     0        0.011         25        0.098
   Set_Orbitals_Grid        =    12        0.000         11        0.055
   Set_Density_Grid         =    18        0.518         11        0.537
   RestartFileDFT           =    11        0.033         15        0.078
   Mulliken_Charge          =     8        0.010         21        0.012
   FFT(2D)_Density          =     0        0.028         19        0.123
   Others                   =     5        1.125         16        1.227
