***********************************************************
***********************************************************

  This calculation was performed by OpenMX Ver. 4.0 GPU
  using 48 MPI processes and 1 OpenMP threads.

  Thu Aug 27 10:23:35 2026

***********************************************************
***********************************************************

#
#  sialic acid
#

System.CurrrentDirectory         ./    # default=./
System.Name                    SialicAcid
level.of.stdout                   1    # default=1 (1-3)
level.of.fileout                  1    # default=1 (1-3)

#
# Definition of Atomic Species
#

Species.Number       4
<Definition.of.Atomic.Species
 H   H7.0-s2         H_PBE19
 C   C7.0-s2p2d1     C_PBE19
 N   N7.0-s2p2d1     N_PBE19
 O   O7.0-s2p2d1     O_PBE19
Definition.of.Atomic.Species>

#
# Atoms
#

Atoms.Number        40
Atoms.SpeciesAndCoordinates.Unit   Ang # Ang|AU
<Atoms.SpeciesAndCoordinates           # Unit=Ang.
  1    C      2.582389    0.082263    0.275981  2.0 2.0
  2    C      2.373302   -1.138641    1.194045  2.0 2.0
  3    C      1.025279   -1.046303    1.915805  2.0 2.0
  4    O      1.494760    0.417412   -0.551026  3.0 3.0
  5    O      2.737365    1.290409    0.959881  3.0 3.0
  6    C      3.786642   -0.218196   -0.669598  2.0 2.0
  7    C     -0.094548   -0.880994    0.852978  2.0 2.0
  8    O      0.818810   -2.142299    2.769607  3.0 3.0
  9    C      0.189860    0.406427    0.032303  2.0 2.0
 10    O      3.643031   -0.765984   -1.887826  3.0 3.0
 11    N     -1.439593   -0.763227    1.473170  2.5 2.5
 12    C     -0.794830    0.555420   -1.164775  2.0 2.0
 13    C     -2.201474   -1.933622    1.785979  2.0 2.0
 14    C     -0.699037    1.970172   -1.816905  2.0 2.0
 15    O     -0.492165   -0.473838   -2.086758  3.0 3.0
 16    C     -3.380212   -1.734942    2.703342  2.0 2.0
 17    C     -1.692264    2.084875   -3.001286  2.0 2.0
 18    O     -1.043670    2.903447   -0.812168  3.0 3.0
 19    O     -1.330304    3.229879   -3.734910  3.0 3.0
 20    H      2.425174   -2.068894    0.591604  0.5 0.5
 21    H      3.200545   -1.206435    1.928208  0.5 0.5
 22    H      1.026448   -0.193694    2.636486  0.5 0.5
 23    H      3.581516    1.287328    1.392610  0.5 0.5
 24    O      4.952256   -0.033514   -0.388556  3.0 3.0
 25    H     -0.102022   -1.766810    0.166650  0.5 0.5
 26    H      0.735183   -2.921643    2.231726  0.5 0.5
 27    H      0.107549    1.303998    0.694823  0.5 0.5
 28    H      2.725125   -0.850757   -2.119188  0.5 0.5
 29    H     -1.471475   -0.065661    2.186538  0.5 0.5
 30    H     -1.836523    0.400014   -0.786384  0.5 0.5
 31    O     -1.917639   -2.999691    1.261455  3.0 3.0
 32    H      0.345774    2.154635   -2.170503  0.5 0.5
 33    H     -0.997689   -0.290669   -2.871991  0.5 0.5
 34    H     -4.034390   -0.927209    2.348403  0.5 0.5
 35    H     -3.989613   -2.645567    2.777278  0.5 0.5
 36    H     -3.048059   -1.477466    3.718235  0.5 0.5
 37    H     -1.627818    1.184534   -3.650635  0.5 0.5
 38    H     -2.737481    2.157517   -2.640910  0.5 0.5
 39    H     -0.814953    3.755808   -1.157336  0.5 0.5
 40    H     -2.005246    3.361919   -4.386353  0.5 0.5
Atoms.SpeciesAndCoordinates>
Atoms.UnitVectors.Unit             Ang #  Ang|AU
<Atoms.UnitVectors          
  16.0   0.0   0.0
   0.0  14.0   0.0
   0.0   0.0  15.0
Atoms.UnitVectors>

#
# SCF or Electronic System
#

scf.XcType                GGA-PBE      # LDA|LSDA-CA|LSDA-PW
scf.SpinPolarization       off         # On|Off
scf.ElectronicTemperature  900.0       # default=300 (K)
scf.energycutoff           150.0       # default=150 (Ry)
scf.maxIter                100         # default=40
scf.EigenvalueSolver       cluster     # Recursion|Cluster|Band
scf.Kgrid                  1 1 1       # means 4x4x4
scf.Mixing.Type           rmm-diisk    # Simple|Rmm-Diis|Gr-Pulay
scf.Init.Mixing.Weight     0.100       # default=0.30 
scf.Min.Mixing.Weight      0.001       # default=0.001 
scf.Max.Mixing.Weight      0.600       # default=0.40 
scf.Mixing.History          15         # default=5
scf.Mixing.StartPulay       9          # default=6
scf.criterion             1.0e-10      # default=1.0e-6 (Hartree) 
scf.eigen.lib             gpusolver

#
# MD or Geometry Optimization
#

MD.Type                     nomd       # Nomd|Opt|NVE|NVT_VS|NVT_NH
MD.maxIter                   1         # default=1
MD.TimeStep                1.0         # default=0.5 (fs)
MD.Opt.criterion          1.0e-4       # default=1.0e-4 (Hartree/bohr)



***********************************************************
***********************************************************

  Required cutoff energy (Ryd) for 3D-grids = 150.0000
      Used cutoff energy (Ryd) for 3D-grids = 155.4621, 155.4621, 154.0833
  Num. of grids of a-, b-, and c-axes = 120, 105, 112

  Num.Grid1.   120
  Num.Grid2.   105
  Num.Grid3.   112


  Cell_Volume =  22674.399004669947 (Bohr^3)
  GridVol     =      0.016067459612 (Bohr^3)
  Cell vectors (bohr) of the grid cell (gtv)
    gtv_a =  0.251963465144,  0.000000000000,  0.000000000000
    gtv_b =  0.000000000000,  0.251963465144,  0.000000000000
    gtv_c =  0.000000000000,  0.000000000000,  0.253088302042
    |gtv_a| =  0.251963465144
    |gtv_b| =  0.251963465144
    |gtv_c| =  0.253088302042

***********************************************************
***********************************************************


***********************************************************
***********************************************************
                  SCF history at MD= 1                    
***********************************************************
***********************************************************

   SCF=   1  NormRD=  1.000000000000  Uele= -68.542792453854
   SCF=   2  NormRD=  5.276639032036  Uele= -68.542792453854
   SCF=   3  NormRD=  5.239215401607  Uele= -68.502141038713
   SCF=   4  NormRD=  2.695885401891  Uele= -65.836118897520
   SCF=   5  NormRD=  1.469898898894  Uele= -64.413880440251
   SCF=   6  NormRD=  0.742609650179  Uele= -63.666348380611
   SCF=   7  NormRD=  0.289924647482  Uele= -62.921233769345
   SCF=   8  NormRD=  0.129312749922  Uele= -62.400857942640
   SCF=   9  NormRD=  0.082753696399  Uele= -62.181825697428
   SCF=  10  NormRD=  0.051883632398  Uele= -61.887438391761
   SCF=  11  NormRD=  0.010350769051  Uele= -61.806174393510
   SCF=  12  NormRD=  0.003528720399  Uele= -61.782730323980
   SCF=  13  NormRD=  0.002166505968  Uele= -61.769968177167
   SCF=  14  NormRD=  0.000808536871  Uele= -61.770172568018
   SCF=  15  NormRD=  0.000199463375  Uele= -61.770333620038
   SCF=  16  NormRD=  0.000059873465  Uele= -61.769800790021
   SCF=  17  NormRD=  0.000021432314  Uele= -61.769605425667
   SCF=  18  NormRD=  0.000005412565  Uele= -61.769649220408
   SCF=  19  NormRD=  0.000002198878  Uele= -61.769656932067
   SCF=  20  NormRD=  0.000000672027  Uele= -61.769655681328
   SCF=  21  NormRD=  0.000000184172  Uele= -61.769655062038
   SCF=  22  NormRD=  0.000000064873  Uele= -61.769655166198
   SCF=  23  NormRD=  0.000000014573  Uele= -61.769655238551
   SCF=  24  NormRD=  0.000000008122  Uele= -61.769655282501
   SCF=  25  NormRD=  0.000000002778  Uele= -61.769655277559
   SCF=  26  NormRD=  0.000000000804  Uele= -61.769655278761
   SCF=  27  NormRD=  0.000000000232  Uele= -61.769655278322
   SCF=  28  NormRD=  0.000000000086  Uele= -61.769655278094
   SCF=  29  NormRD=  0.000000000032  Uele= -61.769655278130

*******************************************************
        Total energy (Hartree) at MD = 1        
*******************************************************

  Uele.        -61.769655278130

  Ukin.        169.635795790430
  UH0.       -1198.310945845788
  UH1.           0.780141754474
  Una.        -184.592450060177
  Unl.          25.678999805534
  Uxc0.        -32.936955525468
  Uxc1.        -32.936955525468
  Ucore.      1020.638740305686
  Uhub.          0.000000000000
  Ucs.           0.000000000000
  Uzs.           0.000000000000
  Uzo.           0.000000000000
  Uef.           0.000000000000
  UvdW.          0.000000000000
  Uch.           0.000000000000
  Utot.       -232.043629300777

  UpV.           0.000000000000
  Enpy.       -232.043629300777
  Note:

  Utot = Ukin+UH0+UH1+Una+Unl+Uxc0+Uxc1+Ucore+Uhub+Ucs+Uzs+Uzo+Uef+UvdW+Uch

  Uele:   band energy
  Ukin:   kinetic energy
  UH0:    electric part of screened Coulomb energy
  UH1:    difference electron-electron Coulomb energy
  Una:    neutral atom potential energy
  Unl:    non-local potential energy
  Uxc0:   exchange-correlation energy for alpha spin
  Uxc1:   exchange-correlation energy for beta spin
  Ucore:  core-core Coulomb energy
  Uhub:   LDA+U energy
  Ucs:    constraint energy for spin orientation
  Uzs:    Zeeman term for spin magnetic moment
  Uzo:    Zeeman term for orbital magnetic moment
  Uef:    electric energy by electric field
  UvdW:   semi-empirical vdW energy
  Uch:    penalty term to create a core hole

  UpV:    pressure times volume
  Enpy:   Enthalpy = Utot + UpV
  (see also PRB 72, 045121(2005) for the energy contributions)



  Chemical potential (Hartree)      -0.131506919861

***********************************************************
***********************************************************
            Eigenvalues (Hartree) for SCF KS-eq.           
***********************************************************
***********************************************************

   Chemical Potential (Hartree) =  -0.13150691986084
   Number of States             = 122.00000000000003
   HOMO = 61
   Eigenvalues
                Up-spin            Down-spin
          1  -1.03771923733952  -1.03771923733952
          2  -1.01327043266787  -1.01327043266787
          3  -0.98041384211231  -0.98041384211231
          4  -0.96890272274380  -0.96890272274380
          5  -0.96766753976417  -0.96766753976417
          6  -0.95747889730543  -0.95747889730543
          7  -0.95632830897193  -0.95632830897193
          8  -0.94768476611672  -0.94768476611672
          9  -0.93342878968635  -0.93342878968635
         10  -0.84723033510262  -0.84723033510262
         11  -0.73820871597052  -0.73820871597052
         12  -0.73318685195032  -0.73318685195032
         13  -0.69876950446453  -0.69876950446453
         14  -0.67960369016714  -0.67960369016714
         15  -0.64510661758306  -0.64510661758306
         16  -0.61911789551960  -0.61911789551960
         17  -0.59392538442009  -0.59392538442009
         18  -0.57502127700741  -0.57502127700741
         19  -0.55679227287452  -0.55679227287452
         20  -0.54871158618451  -0.54871158618451
         21  -0.53888754304638  -0.53888754304638
         22  -0.52569208910575  -0.52569208910575
         23  -0.51523777440343  -0.51523777440343
         24  -0.48943157336585  -0.48943157336585
         25  -0.48532247580983  -0.48532247580983
         26  -0.47368221824731  -0.47368221824731
         27  -0.46373101908632  -0.46373101908632
         28  -0.45013123209290  -0.45013123209290
         29  -0.43609042846598  -0.43609042846598
         30  -0.43350509808691  -0.43350509808691
         31  -0.43270643899280  -0.43270643899280
         32  -0.42478190929369  -0.42478190929369
         33  -0.40748642043266  -0.40748642043266
         34  -0.40547254743760  -0.40547254743760
         35  -0.39480893879797  -0.39480893879797
         36  -0.39315995267574  -0.39315995267574
         37  -0.38940924151230  -0.38940924151230
         38  -0.38065807811316  -0.38065807811316
         39  -0.37638889746866  -0.37638889746866
         40  -0.37171113336377  -0.37171113336377
         41  -0.36687362134225  -0.36687362134225
         42  -0.35910734692385  -0.35910734692385
         43  -0.35712796172701  -0.35712796172701
         44  -0.34270387601728  -0.34270387601728
         45  -0.33092827499162  -0.33092827499162
         46  -0.32873304361873  -0.32873304361873
         47  -0.32759377962040  -0.32759377962040
         48  -0.32206603429833  -0.32206603429833
         49  -0.31325513350209  -0.31325513350209
         50  -0.30597495044691  -0.30597495044691
         51  -0.28996179878135  -0.28996179878135
         52  -0.27930866593866  -0.27930866593866
         53  -0.26696221670356  -0.26696221670356
         54  -0.25931579809362  -0.25931579809362
         55  -0.25381925369175  -0.25381925369175
         56  -0.24736791953140  -0.24736791953140
         57  -0.24332541994314  -0.24332541994314
         58  -0.23305314076317  -0.23305314076317
         59  -0.23257043210603  -0.23257043210603
         60  -0.22414250621679  -0.22414250621679
         61  -0.21377278674527  -0.21377278674527
         62  -0.04946813328897  -0.04946813328897
         63  -0.03403319870384  -0.03403319870384
         64   0.01000891381551   0.01000891381551
         65   0.01590328131389   0.01590328131389
         66   0.03402479359988   0.03402479359988
         67   0.03825333710345   0.03825333710345
         68   0.04146439431841   0.04146439431841
         69   0.05197372261012   0.05197372261012
         70   0.05649629767987   0.05649629767987
         71   0.06798133617159   0.06798133617159
         72   0.07992734846274   0.07992734846274
         73   0.09309283054887   0.09309283054887
         74   0.09725215830872   0.09725215830872
         75   0.10688836800767   0.10688836800767
         76   0.11267230281867   0.11267230281867
         77   0.11886209796013   0.11886209796013
         78   0.12050206984675   0.12050206984675
         79   0.13098764761505   0.13098764761505
         80   0.13579608508856   0.13579608508856
         81   0.14383187806018   0.14383187806018
         82   0.14538563332514   0.14538563332514
         83   0.15125545106633   0.15125545106633
         84   0.15350000522987   0.15350000522987
         85   0.15943475442487   0.15943475442487
         86   0.16140688848315   0.16140688848315
         87   0.17298566516849   0.17298566516849
         88   0.17878013519514   0.17878013519514
         89   0.18494583460395   0.18494583460395
         90   0.19396109584365   0.19396109584365
         91   0.20442432826498   0.20442432826498
         92   0.20533132693196   0.20533132693196
         93   0.21360441764984   0.21360441764984
         94   0.21862829049363   0.21862829049363
         95   0.22816575361160   0.22816575361160
         96   0.23849342427305   0.23849342427305
         97   0.24088988470287   0.24088988470287
         98   0.25371586565065   0.25371586565065
         99   0.25520709593152   0.25520709593152
        100   0.26609453272921   0.26609453272921
        101   0.27032346659693   0.27032346659693
        102   0.28024000651259   0.28024000651259
        103   0.28648953628622   0.28648953628622
        104   0.28988123107258   0.28988123107258
        105   0.29724755156401   0.29724755156401
        106   0.29869216819841   0.29869216819841
        107   0.30581202536303   0.30581202536303
        108   0.31546800912565   0.31546800912565
        109   0.32312204277293   0.32312204277293
        110   0.32610577375061   0.32610577375061
        111   0.33032891383489   0.33032891383489
        112   0.33515093668553   0.33515093668553
        113   0.33788372390938   0.33788372390938
        114   0.34812212645254   0.34812212645254
        115   0.35575289692353   0.35575289692353
        116   0.36411059221790   0.36411059221790
        117   0.37230377203459   0.37230377203459
        118   0.37364730670363   0.37364730670363
        119   0.38163731572818   0.38163731572818
        120   0.39482174578051   0.39482174578051
        121   0.39738920804430   0.39738920804430
        122   0.40324246122816   0.40324246122816
        123   0.41374539610252   0.41374539610252
        124   0.42149726135784   0.42149726135784
        125   0.42313790729309   0.42313790729309
        126   0.43583827433590   0.43583827433590
        127   0.44250284521711   0.44250284521711
        128   0.44545911093955   0.44545911093955
        129   0.44821272244849   0.44821272244849
        130   0.46137503513229   0.46137503513229
        131   0.46739301693460   0.46739301693460
        132   0.47785089826671   0.47785089826671
        133   0.48626760643056   0.48626760643056
        134   0.49316188722188   0.49316188722188
        135   0.50312926368555   0.50312926368555
        136   0.51136210962234   0.51136210962234
        137   0.52899911614617   0.52899911614617
        138   0.54207987354986   0.54207987354986
        139   0.54557072580906   0.54557072580906
        140   0.56043505183045   0.56043505183045
        141   0.57136813435507   0.57136813435507
        142   0.58500924544129   0.58500924544129
        143   0.59001145780201   0.59001145780201
        144   0.60738426320984   0.60738426320984
        145   0.61582205956995   0.61582205956995
        146   0.63098386100011   0.63098386100011
        147   0.64402546225813   0.64402546225813
        148   0.65579414664107   0.65579414664107
        149   0.67298313826613   0.67298313826613
        150   0.68903402389344   0.68903402389344
        151   0.71068023489345   0.71068023489345
        152   0.71847907461892   0.71847907461892
        153   0.73997175640084   0.73997175640084
        154   0.75214476382237   0.75214476382237
        155   0.76254336625329   0.76254336625329
        156   0.76556653861490   0.76556653861490
        157   0.77297969475568   0.77297969475568
        158   0.78986044010471   0.78986044010471
        159   0.79782527585805   0.79782527585805
        160   0.80539703819150   0.80539703819150
        161   0.80893345282914   0.80893345282914
        162   0.82128998231714   0.82128998231714
        163   0.82564996954441   0.82564996954441
        164   0.82938327510530   0.82938327510530
        165   0.83779299431195   0.83779299431195
        166   0.85558409941074   0.85558409941074
        167   0.86336531757702   0.86336531757702
        168   0.87498835337604   0.87498835337604
        169   0.88023734273908   0.88023734273908
        170   0.89242948404840   0.89242948404840
        171   0.89647702335481   0.89647702335481
        172   0.90179626158224   0.90179626158224
        173   0.91523393842389   0.91523393842389
        174   0.92876932840324   0.92876932840324
        175   0.93420201590057   0.93420201590057
        176   0.96133163568688   0.96133163568688
        177   0.97592131351831   0.97592131351831
        178   0.98223904955825   0.98223904955825
        179   1.00669862583995   1.00669862583995
        180   1.01320859843148   1.01320859843148
        181   1.02895165241995   1.02895165241995
        182   1.03644138739189   1.03644138739189
        183   1.04355376317071   1.04355376317071
        184   1.07041679810921   1.07041679810921
        185   1.08276215539893   1.08276215539893
        186   1.09486012926069   1.09486012926069
        187   1.10498860715039   1.10498860715039
        188   1.12027903430143   1.12027903430143
        189   1.14016960607366   1.14016960607366
        190   1.14880416043625   1.14880416043625
        191   1.17400226478649   1.17400226478649
        192   1.18180403272241   1.18180403272241
        193   1.20443729656039   1.20443729656039
        194   1.20733315950634   1.20733315950634
        195   1.23919105781743   1.23919105781743
        196   1.26449169670456   1.26449169670456
        197   1.26654976977088   1.26654976977088
        198   1.27399795212331   1.27399795212331
        199   1.28812233209861   1.28812233209861
        200   1.30581040154300   1.30581040154300
        201   1.31551570470413   1.31551570470413
        202   1.33684005197261   1.33684005197261
        203   1.34531444347402   1.34531444347402
        204   1.36064449177160   1.36064449177160
        205   1.37422637531736   1.37422637531736
        206   1.38421306503458   1.38421306503458
        207   1.40294096998256   1.40294096998256
        208   1.42913601226387   1.42913601226387
        209   1.43705015289152   1.43705015289152
        210   1.44696959933057   1.44696959933057
        211   1.45826455649603   1.45826455649603
        212   1.46004152449011   1.46004152449011
        213   1.47234160031843   1.47234160031843
        214   1.49005594831505   1.49005594831505
        215   1.51386717889445   1.51386717889445
        216   1.52025739687125   1.52025739687125
        217   1.53303688139593   1.53303688139593
        218   1.54447682381347   1.54447682381347
        219   1.54727355904811   1.54727355904811
        220   1.56284837591901   1.56284837591901
        221   1.57043304963308   1.57043304963308
        222   1.58731508414700   1.58731508414700
        223   1.59424001029477   1.59424001029477
        224   1.61498655281280   1.61498655281280
        225   1.62947192138707   1.62947192138707
        226   1.64931248726739   1.64931248726739
        227   1.65204350558592   1.65204350558592
        228   1.66825317266318   1.66825317266318
        229   1.67209041690037   1.67209041690037
        230   1.67810187791729   1.67810187791729
        231   1.69324828118162   1.69324828118162
        232   1.70455257406036   1.70455257406036
        233   1.70634452012264   1.70634452012264
        234   1.70750199730251   1.70750199730251
        235   1.72628737761649   1.72628737761649
        236   1.73187881136171   1.73187881136171
        237   1.73908557368017   1.73908557368017
        238   1.74403451301180   1.74403451301180
        239   1.75146311795982   1.75146311795982
        240   1.76816018308041   1.76816018308041
        241   1.77021063990864   1.77021063990864
        242   1.77916713128463   1.77916713128463
        243   1.78730764141866   1.78730764141866
        244   1.80029890968063   1.80029890968063
        245   1.81303139567618   1.81303139567618
        246   1.82038311500345   1.82038311500345
        247   1.82195054536879   1.82195054536879
        248   1.82684922736950   1.82684922736950
        249   1.84425999513494   1.84425999513494
        250   1.86270342092572   1.86270342092572
        251   1.87552101841314   1.87552101841314
        252   1.88286006338251   1.88286006338251
        253   1.88439359524412   1.88439359524412
        254   1.90341615642435   1.90341615642435
        255   1.90800770059589   1.90800770059589
        256   1.91795530936144   1.91795530936144
        257   1.93796351607612   1.93796351607612
        258   1.94626457677908   1.94626457677908
        259   1.95303694362528   1.95303694362528
        260   1.95751962131461   1.95751962131461
        261   1.97035794856961   1.97035794856961
        262   1.98654401959493   1.98654401959493
        263   1.99828240534856   1.99828240534856
        264   2.00429380503491   2.00429380503491
        265   2.00978372665744   2.00978372665744
        266   2.01475159853909   2.01475159853909
        267   2.02226749966999   2.02226749966999
        268   2.04652613124501   2.04652613124501
        269   2.07404923302867   2.07404923302867
        270   2.08186163414131   2.08186163414131
        271   2.09342173720877   2.09342173720877
        272   2.10439036957087   2.10439036957087
        273   2.11794886432601   2.11794886432601
        274   2.12665198740267   2.12665198740267
        275   2.13583202892995   2.13583202892995
        276   2.16392410890388   2.16392410890388
        277   2.17057874986589   2.17057874986589
        278   2.18826456325503   2.18826456325503
        279   2.19802105841634   2.19802105841634
        280   2.21317320608576   2.21317320608576
        281   2.23232641731304   2.23232641731304
        282   2.25058505578879   2.25058505578879
        283   2.28235570268367   2.28235570268367
        284   2.32101084988980   2.32101084988980
        285   2.34413646826323   2.34413646826323
        286   2.35987293693376   2.35987293693376
        287   2.40533997637048   2.40533997637048
        288   2.42047086295007   2.42047086295007
        289   2.46109635507681   2.46109635507681
        290   2.47739906929271   2.47739906929271
        291   2.54199839720435   2.54199839720435
        292   2.58221166000203   2.58221166000203
        293   2.59988479244207   2.59988479244207
        294   2.62850222677813   2.62850222677813
        295   2.64820625120593   2.64820625120593
        296   2.67231378917560   2.67231378917560
        297   2.70596747339706   2.70596747339706
        298   2.74470073731752   2.74470073731752
        299   2.86823916055205   2.86823916055205
        300   2.99216458617822   2.99216458617822
        301   3.29495861478117   3.29495861478117
        302   3.35538314000081   3.35538314000081
        303   3.79475020240161   3.79475020240161
        304   4.04186654478783   4.04186654478783
        305   4.17827502916381   4.17827502916381
        306   4.30159663962522   4.30159663962522
        307   4.44142255319816   4.44142255319816
        308   4.76814081743940   4.76814081743940
        309   4.97442137647728   4.97442137647728
        310   5.23973001020747   5.23973001020747
        311   5.35149079251694   5.35149079251694

***********************************************************
***********************************************************
                   Mulliken populations                    
***********************************************************
***********************************************************

  Total spin moment (muB)   0.000000000

                    Up spin      Down spin     Sum           Diff
      1    C      1.939004256  1.939004256   3.878008513   0.000000000
      2    C      2.197467867  2.197467867   4.394935733   0.000000000
      3    C      2.034731488  2.034731488   4.069462975   0.000000000
      4    O      3.106963139  3.106963139   6.213926277   0.000000000
      5    O      3.200562995  3.200562995   6.401125990   0.000000000
      6    C      1.878109752  1.878109752   3.756219504   0.000000000
      7    C      1.974771771  1.974771771   3.949543541   0.000000000
      8    O      3.199579372  3.199579372   6.399158744   0.000000000
      9    C      2.057423491  2.057423491   4.114846983   0.000000000
     10    O      3.160511661  3.160511661   6.321023323   0.000000000
     11    N      2.896898006  2.896898006   5.793796011   0.000000000
     12    C      2.056284155  2.056284155   4.112568310   0.000000000
     13    C      1.781202165  1.781202165   3.562404329   0.000000000
     14    C      2.045304583  2.045304583   4.090609166   0.000000000
     15    O      3.209692191  3.209692191   6.419384382   0.000000000
     16    C      2.307390972  2.307390972   4.614781943   0.000000000
     17    C      2.153743069  2.153743069   4.307486137   0.000000000
     18    O      3.208485494  3.208485494   6.416970987   0.000000000
     19    O      3.201743292  3.201743292   6.403486584   0.000000000
     20    H      0.409655944  0.409655944   0.819311889   0.000000000
     21    H      0.397236560  0.397236560   0.794473120   0.000000000
     22    H      0.410488340  0.410488340   0.820976679   0.000000000
     23    H      0.325023496  0.325023496   0.650046992   0.000000000
     24    O      3.150768611  3.150768611   6.301537221   0.000000000
     25    H      0.394676094  0.394676094   0.789352187   0.000000000
     26    H      0.327198906  0.327198906   0.654397812   0.000000000
     27    H      0.391714926  0.391714926   0.783429851   0.000000000
     28    H      0.310550677  0.310550677   0.621101354   0.000000000
     29    H      0.294988101  0.294988101   0.589976201   0.000000000
     30    H      0.404710826  0.404710826   0.809421652   0.000000000
     31    O      3.168678805  3.168678805   6.337357610   0.000000000
     32    H      0.400960945  0.400960945   0.801921890   0.000000000
     33    H      0.330458174  0.330458174   0.660916348   0.000000000
     34    H      0.398089024  0.398089024   0.796178048   0.000000000
     35    H      0.389545372  0.389545372   0.779090744   0.000000000
     36    H      0.401249526  0.401249526   0.802499053   0.000000000
     37    H      0.429055284  0.429055284   0.858110568   0.000000000
     38    H      0.405539378  0.405539378   0.811078755   0.000000000
     39    H      0.321018965  0.321018965   0.642037930   0.000000000
     40    H      0.328522330  0.328522330   0.657044661   0.000000000

 Sum of MulP: up   =    61.00000 down          =    61.00000
              total=   122.00000 ideal(neutral)=   122.00000


  Decomposed Mulliken populations

    1    C          Up spin      Down spin     Sum           Diff
            multiple
  s           0    0.533281841  0.533281841   1.066563681   0.000000000
   sum over m      0.533281841  0.533281841   1.066563681   0.000000000
  s           1    0.007153937  0.007153937   0.014307874   0.000000000
   sum over m      0.007153937  0.007153937   0.014307874   0.000000000
   sum over m+mul  0.540435778  0.540435778   1.080871556   0.000000000
  px          0    0.404865660  0.404865660   0.809731319   0.000000000
  py          0    0.358882069  0.358882069   0.717764139   0.000000000
  pz          0    0.398006019  0.398006019   0.796012038   0.000000000
   sum over m      1.161753748  1.161753748   2.323507497   0.000000000
  px          1    0.031076432  0.031076432   0.062152863   0.000000000
  py          1    0.047004006  0.047004006   0.094008012   0.000000000
  pz          1    0.033602810  0.033602810   0.067205620   0.000000000
   sum over m      0.111683247  0.111683247   0.223366495   0.000000000
   sum over m+mul  1.273436996  1.273436996   2.546873991   0.000000000
  d3z^2-r^2   0    0.020986716  0.020986716   0.041973432   0.000000000
  dx^2-y^2    0    0.025661183  0.025661183   0.051322367   0.000000000
  dxy         0    0.023783413  0.023783413   0.047566825   0.000000000
  dxz         0    0.024941758  0.024941758   0.049883515   0.000000000
  dyz         0    0.029758414  0.029758414   0.059516827   0.000000000
   sum over m      0.125131483  0.125131483   0.250262966   0.000000000
   sum over m+mul  0.125131483  0.125131483   0.250262966   0.000000000

    2    C          Up spin      Down spin     Sum           Diff
            multiple
  s           0    0.555640318  0.555640318   1.111280637   0.000000000
   sum over m      0.555640318  0.555640318   1.111280637   0.000000000
  s           1   -0.001021854 -0.001021854  -0.002043709   0.000000000
   sum over m     -0.001021854 -0.001021854  -0.002043709   0.000000000
   sum over m+mul  0.554618464  0.554618464   1.109236928   0.000000000
  px          0    0.526822808  0.526822808   1.053645617   0.000000000
  py          0    0.517954570  0.517954570   1.035909140   0.000000000
  pz          0    0.531828806  0.531828806   1.063657613   0.000000000
   sum over m      1.576606185  1.576606185   3.153212370   0.000000000
  px          1    0.009848987  0.009848987   0.019697974   0.000000000
  py          1    0.005166267  0.005166267   0.010332534   0.000000000
  pz          1    0.004958394  0.004958394   0.009916788   0.000000000
   sum over m      0.019973648  0.019973648   0.039947297   0.000000000
   sum over m+mul  1.596579833  1.596579833   3.193159666   0.000000000
  d3z^2-r^2   0    0.004658025  0.004658025   0.009316050   0.000000000
  dx^2-y^2    0    0.012176605  0.012176605   0.024353210   0.000000000
  dxy         0    0.005014569  0.005014569   0.010029137   0.000000000
  dxz         0    0.012682622  0.012682622   0.025365244   0.000000000
  dyz         0    0.011737749  0.011737749   0.023475498   0.000000000
   sum over m      0.046269570  0.046269570   0.092539139   0.000000000
   sum over m+mul  0.046269570  0.046269570   0.092539139   0.000000000

    3    C          Up spin      Down spin     Sum           Diff
            multiple
  s           0    0.535441519  0.535441519   1.070883038   0.000000000
   sum over m      0.535441519  0.535441519   1.070883038   0.000000000
  s           1    0.005653461  0.005653461   0.011306923   0.000000000
   sum over m      0.005653461  0.005653461   0.011306923   0.000000000
   sum over m+mul  0.541094980  0.541094980   1.082189961   0.000000000
  px          0    0.465613642  0.465613642   0.931227284   0.000000000
  py          0    0.434125467  0.434125467   0.868250934   0.000000000
  pz          0    0.436594954  0.436594954   0.873189907   0.000000000
   sum over m      1.336334063  1.336334063   2.672668125   0.000000000
  px          1    0.024514300  0.024514300   0.049028599   0.000000000
  py          1    0.014977098  0.014977098   0.029954196   0.000000000
  pz          1    0.030896601  0.030896601   0.061793201   0.000000000
   sum over m      0.070387998  0.070387998   0.140775996   0.000000000
   sum over m+mul  1.406722061  1.406722061   2.813444121   0.000000000
  d3z^2-r^2   0    0.012223124  0.012223124   0.024446248   0.000000000
  dx^2-y^2    0    0.016240601  0.016240601   0.032481203   0.000000000
  dxy         0    0.014405058  0.014405058   0.028810116   0.000000000
  dxz         0    0.020748971  0.020748971   0.041497942   0.000000000
  dyz         0    0.023296692  0.023296692   0.046593384   0.000000000
   sum over m      0.086914446  0.086914446   0.173828893   0.000000000
   sum over m+mul  0.086914446  0.086914446   0.173828893   0.000000000

    4    O          Up spin      Down spin     Sum           Diff
            multiple
  s           0    0.875711418  0.875711418   1.751422837   0.000000000
   sum over m      0.875711418  0.875711418   1.751422837   0.000000000
  s           1   -0.007229577 -0.007229577  -0.014459155   0.000000000
   sum over m     -0.007229577 -0.007229577  -0.014459155   0.000000000
   sum over m+mul  0.868481841  0.868481841   1.736963682   0.000000000
  px          0    0.583968287  0.583968287   1.167936574   0.000000000
  py          0    0.900634816  0.900634816   1.801269632   0.000000000
  pz          0    0.790286232  0.790286232   1.580572464   0.000000000
   sum over m      2.274889335  2.274889335   4.549778670   0.000000000
  px          1   -0.003409407 -0.003409407  -0.006818815   0.000000000
  py          1   -0.014465871 -0.014465871  -0.028931742   0.000000000
  pz          1   -0.011996711 -0.011996711  -0.023993422   0.000000000
   sum over m     -0.029871990 -0.029871990  -0.059743979   0.000000000
   sum over m+mul  2.245017346  2.245017346   4.490034691   0.000000000
  d3z^2-r^2   0   -0.001481190 -0.001481190  -0.002962380   0.000000000
  dx^2-y^2    0   -0.001944582 -0.001944582  -0.003889164   0.000000000
  dxy         0   -0.003305206 -0.003305206  -0.006610412   0.000000000
  dxz         0    0.000636397  0.000636397   0.001272795   0.000000000
  dyz         0   -0.000441467 -0.000441467  -0.000882934   0.000000000
   sum over m     -0.006536048 -0.006536048  -0.013072096   0.000000000
   sum over m+mul -0.006536048 -0.006536048  -0.013072096   0.000000000

    5    O          Up spin      Down spin     Sum           Diff
            multiple
  s           0    0.892148230  0.892148230   1.784296460   0.000000000
   sum over m      0.892148230  0.892148230   1.784296460   0.000000000
  s           1   -0.007531438 -0.007531438  -0.015062876   0.000000000
   sum over m     -0.007531438 -0.007531438  -0.015062876   0.000000000
   sum over m+mul  0.884616792  0.884616792   1.769233584   0.000000000
  px          0    0.754240869  0.754240869   1.508481739   0.000000000
  py          0    0.741828071  0.741828071   1.483656142   0.000000000
  pz          0    0.837468264  0.837468264   1.674936527   0.000000000
   sum over m      2.333537204  2.333537204   4.667074408   0.000000000
  px          1   -0.006759058 -0.006759058  -0.013518115   0.000000000
  py          1   -0.004291479 -0.004291479  -0.008582958   0.000000000
  pz          1   -0.008676301 -0.008676301  -0.017352603   0.000000000
   sum over m     -0.019726838 -0.019726838  -0.039453676   0.000000000
   sum over m+mul  2.313810366  2.313810366   4.627620732   0.000000000
  d3z^2-r^2   0   -0.000912502 -0.000912502  -0.001825004   0.000000000
  dx^2-y^2    0    0.002238697  0.002238697   0.004477393   0.000000000
  dxy         0   -0.000240783 -0.000240783  -0.000481566   0.000000000
  dxz         0   -0.000205096 -0.000205096  -0.000410191   0.000000000
  dyz         0    0.001255521  0.001255521   0.002511042   0.000000000
   sum over m      0.002135837  0.002135837   0.004271674   0.000000000
   sum over m+mul  0.002135837  0.002135837   0.004271674   0.000000000

    6    C          Up spin      Down spin     Sum           Diff
            multiple
  s           0    0.509691870  0.509691870   1.019383739   0.000000000
   sum over m      0.509691870  0.509691870   1.019383739   0.000000000
  s           1    0.020327098  0.020327098   0.040654195   0.000000000
   sum over m      0.020327098  0.020327098   0.040654195   0.000000000
   sum over m+mul  0.530018967  0.530018967   1.060037934   0.000000000
  px          0    0.319747222  0.319747222   0.639494445   0.000000000
  py          0    0.416130879  0.416130879   0.832261757   0.000000000
  pz          0    0.326866346  0.326866346   0.653732692   0.000000000
   sum over m      1.062744447  1.062744447   2.125488893   0.000000000
  px          1    0.102884782  0.102884782   0.205769565   0.000000000
  py          1    0.006203423  0.006203423   0.012406846   0.000000000
  pz          1    0.046001949  0.046001949   0.092003898   0.000000000
   sum over m      0.155090154  0.155090154   0.310180308   0.000000000
   sum over m+mul  1.217834601  1.217834601   2.435669202   0.000000000
  d3z^2-r^2   0    0.028792449  0.028792449   0.057584898   0.000000000
  dx^2-y^2    0    0.018285754  0.018285754   0.036571509   0.000000000
  dxy         0    0.023266587  0.023266587   0.046533174   0.000000000
  dxz         0    0.042144459  0.042144459   0.084288917   0.000000000
  dyz         0    0.017766935  0.017766935   0.035533871   0.000000000
   sum over m      0.130256184  0.130256184   0.260512368   0.000000000
   sum over m+mul  0.130256184  0.130256184   0.260512368   0.000000000

    7    C          Up spin      Down spin     Sum           Diff
            multiple
  s           0    0.499476647  0.499476647   0.998953293   0.000000000
   sum over m      0.499476647  0.499476647   0.998953293   0.000000000
  s           1    0.003197655  0.003197655   0.006395310   0.000000000
   sum over m      0.003197655  0.003197655   0.006395310   0.000000000
   sum over m+mul  0.502674302  0.502674302   1.005348603   0.000000000
  px          0    0.378806544  0.378806544   0.757613089   0.000000000
  py          0    0.510065636  0.510065636   1.020131272   0.000000000
  pz          0    0.472338021  0.472338021   0.944676042   0.000000000
   sum over m      1.361210201  1.361210201   2.722420402   0.000000000
  px          1    0.023229247  0.023229247   0.046458494   0.000000000
  py          1    0.010014095  0.010014095   0.020028191   0.000000000
  pz          1    0.010127315  0.010127315   0.020254630   0.000000000
   sum over m      0.043370658  0.043370658   0.086741316   0.000000000
   sum over m+mul  1.404580859  1.404580859   2.809161718   0.000000000
  d3z^2-r^2   0    0.009989462  0.009989462   0.019978924   0.000000000
  dx^2-y^2    0    0.018378071  0.018378071   0.036756143   0.000000000
  dxy         0    0.009152061  0.009152061   0.018304121   0.000000000
  dxz         0    0.015349354  0.015349354   0.030698709   0.000000000
  dyz         0    0.014647662  0.014647662   0.029295324   0.000000000
   sum over m      0.067516610  0.067516610   0.135033220   0.000000000
   sum over m+mul  0.067516610  0.067516610   0.135033220   0.000000000

    8    O          Up spin      Down spin     Sum           Diff
            multiple
  s           0    0.890034444  0.890034444   1.780068888   0.000000000
   sum over m      0.890034444  0.890034444   1.780068888   0.000000000
  s           1   -0.005604368 -0.005604368  -0.011208735   0.000000000
   sum over m     -0.005604368 -0.005604368  -0.011208735   0.000000000
   sum over m+mul  0.884430076  0.884430076   1.768860153   0.000000000
  px          0    0.942354494  0.942354494   1.884708989   0.000000000
  py          0    0.615278009  0.615278009   1.230556019   0.000000000
  pz          0    0.782443464  0.782443464   1.564886928   0.000000000
   sum over m      2.340075968  2.340075968   4.680151935   0.000000000
  px          1   -0.007881241 -0.007881241  -0.015762481   0.000000000
  py          1   -0.012178179 -0.012178179  -0.024356357   0.000000000
  pz          1   -0.005717057 -0.005717057  -0.011434115   0.000000000
   sum over m     -0.025776477 -0.025776477  -0.051552953   0.000000000
   sum over m+mul  2.314299491  2.314299491   4.628598982   0.000000000
  d3z^2-r^2   0   -0.000479639 -0.000479639  -0.000959278   0.000000000
  dx^2-y^2    0   -0.001541133 -0.001541133  -0.003082265   0.000000000
  dxy         0   -0.001287575 -0.001287575  -0.002575150   0.000000000
  dxz         0    0.000785112  0.000785112   0.001570223   0.000000000
  dyz         0    0.003373040  0.003373040   0.006746079   0.000000000
   sum over m      0.000849805  0.000849805   0.001699609   0.000000000
   sum over m+mul  0.000849805  0.000849805   0.001699609   0.000000000

    9    C          Up spin      Down spin     Sum           Diff
            multiple
  s           0    0.555329738  0.555329738   1.110659476   0.000000000
   sum over m      0.555329738  0.555329738   1.110659476   0.000000000
  s           1    0.009626579  0.009626579   0.019253158   0.000000000
   sum over m      0.009626579  0.009626579   0.019253158   0.000000000
   sum over m+mul  0.564956317  0.564956317   1.129912634   0.000000000
  px          0    0.342986280  0.342986280   0.685972560   0.000000000
  py          0    0.519231139  0.519231139   1.038462278   0.000000000
  pz          0    0.484721175  0.484721175   0.969442349   0.000000000
   sum over m      1.346938594  1.346938594   2.693877188   0.000000000
  px          1    0.026824808  0.026824808   0.053649616   0.000000000
  py          1    0.011403149  0.011403149   0.022806299   0.000000000
  pz          1    0.027811459  0.027811459   0.055622918   0.000000000
   sum over m      0.066039416  0.066039416   0.132078832   0.000000000
   sum over m+mul  1.412978010  1.412978010   2.825956020   0.000000000
  d3z^2-r^2   0    0.010416463  0.010416463   0.020832925   0.000000000
  dx^2-y^2    0    0.016951910  0.016951910   0.033903819   0.000000000
  dxy         0    0.015812222  0.015812222   0.031624443   0.000000000
  dxz         0    0.018002630  0.018002630   0.036005260   0.000000000
  dyz         0    0.018305940  0.018305940   0.036611880   0.000000000
   sum over m      0.079489164  0.079489164   0.158978328   0.000000000
   sum over m+mul  0.079489164  0.079489164   0.158978328   0.000000000

   10    O          Up spin      Down spin     Sum           Diff
            multiple
  s           0    0.892905489  0.892905489   1.785810978   0.000000000
   sum over m      0.892905489  0.892905489   1.785810978   0.000000000
  s           1   -0.007982640 -0.007982640  -0.015965280   0.000000000
   sum over m     -0.007982640 -0.007982640  -0.015965280   0.000000000
   sum over m+mul  0.884922849  0.884922849   1.769845698   0.000000000
  px          0    0.731762304  0.731762304   1.463524608   0.000000000
  py          0    0.844548066  0.844548066   1.689096132   0.000000000
  pz          0    0.713722446  0.713722446   1.427444891   0.000000000
   sum over m      2.290032816  2.290032816   4.580065631   0.000000000
  px          1   -0.004649329 -0.004649329  -0.009298659   0.000000000
  py          1   -0.008045328 -0.008045328  -0.016090655   0.000000000
  pz          1   -0.005259575 -0.005259575  -0.010519150   0.000000000
   sum over m     -0.017954232 -0.017954232  -0.035908464   0.000000000
   sum over m+mul  2.272078584  2.272078584   4.544157167   0.000000000
  d3z^2-r^2   0    0.001717211  0.001717211   0.003434423   0.000000000
  dx^2-y^2    0    0.001344713  0.001344713   0.002689427   0.000000000
  dxy         0   -0.000501128 -0.000501128  -0.001002256   0.000000000
  dxz         0    0.000005203  0.000005203   0.000010406   0.000000000
  dyz         0    0.000944229  0.000944229   0.001888458   0.000000000
   sum over m      0.003510229  0.003510229   0.007020458   0.000000000
   sum over m+mul  0.003510229  0.003510229   0.007020458   0.000000000

   11    N          Up spin      Down spin     Sum           Diff
            multiple
  s           0    0.810520301  0.810520301   1.621040602   0.000000000
   sum over m      0.810520301  0.810520301   1.621040602   0.000000000
  s           1    0.008773789  0.008773789   0.017547578   0.000000000
   sum over m      0.008773789  0.008773789   0.017547578   0.000000000
   sum over m+mul  0.819294090  0.819294090   1.638588180   0.000000000
  px          0    0.644181071  0.644181071   1.288362143   0.000000000
  py          0    0.654954343  0.654954343   1.309908685   0.000000000
  pz          0    0.728511222  0.728511222   1.457022443   0.000000000
   sum over m      2.027646636  2.027646636   4.055293271   0.000000000
  px          1    0.003260270  0.003260270   0.006520539   0.000000000
  py          1    0.002433573  0.002433573   0.004867145   0.000000000
  pz          1   -0.001716153 -0.001716153  -0.003432305   0.000000000
   sum over m      0.003977689  0.003977689   0.007955379   0.000000000
   sum over m+mul  2.031624325  2.031624325   4.063248650   0.000000000
  d3z^2-r^2   0    0.006543928  0.006543928   0.013087855   0.000000000
  dx^2-y^2    0    0.011427936  0.011427936   0.022855872   0.000000000
  dxy         0    0.008871572  0.008871572   0.017743144   0.000000000
  dxz         0    0.006126041  0.006126041   0.012252082   0.000000000
  dyz         0    0.013010114  0.013010114   0.026020228   0.000000000
   sum over m      0.045979591  0.045979591   0.091959181   0.000000000
   sum over m+mul  0.045979591  0.045979591   0.091959181   0.000000000

   12    C          Up spin      Down spin     Sum           Diff
            multiple
  s           0    0.547292815  0.547292815   1.094585630   0.000000000
   sum over m      0.547292815  0.547292815   1.094585630   0.000000000
  s           1    0.009868804  0.009868804   0.019737609   0.000000000
   sum over m      0.009868804  0.009868804   0.019737609   0.000000000
   sum over m+mul  0.557161620  0.557161620   1.114323239   0.000000000
  px          0    0.542772995  0.542772995   1.085545990   0.000000000
  py          0    0.386485927  0.386485927   0.772971854   0.000000000
  pz          0    0.423772244  0.423772244   0.847544488   0.000000000
   sum over m      1.353031166  1.353031166   2.706062332   0.000000000
  px          1    0.011409750  0.011409750   0.022819499   0.000000000
  py          1    0.035829099  0.035829099   0.071658197   0.000000000
  pz          1    0.018521747  0.018521747   0.037043495   0.000000000
   sum over m      0.065760596  0.065760596   0.131521192   0.000000000
   sum over m+mul  1.418791762  1.418791762   2.837583524   0.000000000
  d3z^2-r^2   0    0.014605165  0.014605165   0.029210331   0.000000000
  dx^2-y^2    0    0.020412174  0.020412174   0.040824347   0.000000000
  dxy         0    0.011069797  0.011069797   0.022139595   0.000000000
  dxz         0    0.017292886  0.017292886   0.034585772   0.000000000
  dyz         0    0.016950751  0.016950751   0.033901503   0.000000000
   sum over m      0.080330774  0.080330774   0.160661547   0.000000000
   sum over m+mul  0.080330774  0.080330774   0.160661547   0.000000000

   13    C          Up spin      Down spin     Sum           Diff
            multiple
  s           0    0.460618109  0.460618109   0.921236218   0.000000000
   sum over m      0.460618109  0.460618109   0.921236218   0.000000000
  s           1    0.027158494  0.027158494   0.054316989   0.000000000
   sum over m      0.027158494  0.027158494   0.054316989   0.000000000
   sum over m+mul  0.487776604  0.487776604   0.975553207   0.000000000
  px          0    0.390947278  0.390947278   0.781894556   0.000000000
  py          0    0.272740171  0.272740171   0.545480343   0.000000000
  pz          0    0.388931732  0.388931732   0.777863463   0.000000000
   sum over m      1.052619181  1.052619181   2.105238361   0.000000000
  px          1    0.023310585  0.023310585   0.046621169   0.000000000
  py          1    0.078008528  0.078008528   0.156017056   0.000000000
  pz          1    0.019977113  0.019977113   0.039954225   0.000000000
   sum over m      0.121296225  0.121296225   0.242592451   0.000000000
   sum over m+mul  1.173915406  1.173915406   2.347830812   0.000000000
  d3z^2-r^2   0    0.016752616  0.016752616   0.033505231   0.000000000
  dx^2-y^2    0    0.028956967  0.028956967   0.057913935   0.000000000
  dxy         0    0.035471914  0.035471914   0.070943828   0.000000000
  dxz         0    0.012824858  0.012824858   0.025649716   0.000000000
  dyz         0    0.025503800  0.025503800   0.051007599   0.000000000
   sum over m      0.119510155  0.119510155   0.239020310   0.000000000
   sum over m+mul  0.119510155  0.119510155   0.239020310   0.000000000

   14    C          Up spin      Down spin     Sum           Diff
            multiple
  s           0    0.548984421  0.548984421   1.097968843   0.000000000
   sum over m      0.548984421  0.548984421   1.097968843   0.000000000
  s           1    0.007551354  0.007551354   0.015102708   0.000000000
   sum over m      0.007551354  0.007551354   0.015102708   0.000000000
   sum over m+mul  0.556535775  0.556535775   1.113071551   0.000000000
  px          0    0.516060169  0.516060169   1.032120338   0.000000000
  py          0    0.434962227  0.434962227   0.869924454   0.000000000
  pz          0    0.398640279  0.398640279   0.797280558   0.000000000
   sum over m      1.349662675  1.349662675   2.699325350   0.000000000
  px          1    0.008569317  0.008569317   0.017138634   0.000000000
  py          1    0.013660531  0.013660531   0.027321062   0.000000000
  pz          1    0.036419330  0.036419330   0.072838661   0.000000000
   sum over m      0.058649178  0.058649178   0.117298357   0.000000000
   sum over m+mul  1.408311853  1.408311853   2.816623707   0.000000000
  d3z^2-r^2   0    0.016803485  0.016803485   0.033606969   0.000000000
  dx^2-y^2    0    0.016671029  0.016671029   0.033342058   0.000000000
  dxy         0    0.011824746  0.011824746   0.023649492   0.000000000
  dxz         0    0.018895609  0.018895609   0.037791217   0.000000000
  dyz         0    0.016262086  0.016262086   0.032524172   0.000000000
   sum over m      0.080456954  0.080456954   0.160913909   0.000000000
   sum over m+mul  0.080456954  0.080456954   0.160913909   0.000000000

   15    O          Up spin      Down spin     Sum           Diff
            multiple
  s           0    0.889771011  0.889771011   1.779542021   0.000000000
   sum over m      0.889771011  0.889771011   1.779542021   0.000000000
  s           1   -0.004852323 -0.004852323  -0.009704645   0.000000000
   sum over m     -0.004852323 -0.004852323  -0.009704645   0.000000000
   sum over m+mul  0.884918688  0.884918688   1.769837376   0.000000000
  px          0    0.881252172  0.881252172   1.762504344   0.000000000
  py          0    0.810279911  0.810279911   1.620559822   0.000000000
  pz          0    0.661281856  0.661281856   1.322563712   0.000000000
   sum over m      2.352813939  2.352813939   4.705627878   0.000000000
  px          1   -0.012311283 -0.012311283  -0.024622566   0.000000000
  py          1   -0.004863772 -0.004863772  -0.009727545   0.000000000
  pz          1   -0.011164869 -0.011164869  -0.022329739   0.000000000
   sum over m     -0.028339925 -0.028339925  -0.056679849   0.000000000
   sum over m+mul  2.324474014  2.324474014   4.648948028   0.000000000
  d3z^2-r^2   0   -0.001725654 -0.001725654  -0.003451308   0.000000000
  dx^2-y^2    0    0.000685613  0.000685613   0.001371225   0.000000000
  dxy         0    0.000550515  0.000550515   0.001101030   0.000000000
  dxz         0   -0.000269058 -0.000269058  -0.000538116   0.000000000
  dyz         0    0.001058073  0.001058073   0.002116145   0.000000000
   sum over m      0.000299489  0.000299489   0.000598977   0.000000000
   sum over m+mul  0.000299489  0.000299489   0.000598977   0.000000000

   16    C          Up spin      Down spin     Sum           Diff
            multiple
  s           0    0.591234266  0.591234266   1.182468532   0.000000000
   sum over m      0.591234266  0.591234266   1.182468532   0.000000000
  s           1   -0.002776222 -0.002776222  -0.005552444   0.000000000
   sum over m     -0.002776222 -0.002776222  -0.005552444   0.000000000
   sum over m+mul  0.588458044  0.588458044   1.176916087   0.000000000
  px          0    0.536117410  0.536117410   1.072234820   0.000000000
  py          0    0.597962026  0.597962026   1.195924052   0.000000000
  pz          0    0.549564416  0.549564416   1.099128832   0.000000000
   sum over m      1.683643852  1.683643852   3.367287705   0.000000000
  px          1    0.001774619  0.001774619   0.003549238   0.000000000
  py          1    0.000467714  0.000467714   0.000935427   0.000000000
  pz          1   -0.000792134 -0.000792134  -0.001584269   0.000000000
   sum over m      0.001450198  0.001450198   0.002900397   0.000000000
   sum over m+mul  1.685094051  1.685094051   3.370188102   0.000000000
  d3z^2-r^2   0    0.008521272  0.008521272   0.017042543   0.000000000
  dx^2-y^2    0    0.003593307  0.003593307   0.007186613   0.000000000
  dxy         0    0.010799212  0.010799212   0.021598425   0.000000000
  dxz         0    0.006819258  0.006819258   0.013638517   0.000000000
  dyz         0    0.004105828  0.004105828   0.008211656   0.000000000
   sum over m      0.033838877  0.033838877   0.067677754   0.000000000
   sum over m+mul  0.033838877  0.033838877   0.067677754   0.000000000

   17    C          Up spin      Down spin     Sum           Diff
            multiple
  s           0    0.574247594  0.574247594   1.148495188   0.000000000
   sum over m      0.574247594  0.574247594   1.148495188   0.000000000
  s           1    0.004058888  0.004058888   0.008117777   0.000000000
   sum over m      0.004058888  0.004058888   0.008117777   0.000000000
   sum over m+mul  0.578306482  0.578306482   1.156612965   0.000000000
  px          0    0.551193635  0.551193635   1.102387271   0.000000000
  py          0    0.422826349  0.422826349   0.845652698   0.000000000
  pz          0    0.493254126  0.493254126   0.986508252   0.000000000
   sum over m      1.467274111  1.467274111   2.934548221   0.000000000
  px          1    0.007619230  0.007619230   0.015238460   0.000000000
  py          1    0.017732928  0.017732928   0.035465857   0.000000000
  pz          1    0.009483875  0.009483875   0.018967751   0.000000000
   sum over m      0.034836034  0.034836034   0.069672068   0.000000000
   sum over m+mul  1.502110145  1.502110145   3.004220289   0.000000000
  d3z^2-r^2   0    0.013408872  0.013408872   0.026817744   0.000000000
  dx^2-y^2    0    0.021264442  0.021264442   0.042528884   0.000000000
  dxy         0    0.008830091  0.008830091   0.017660182   0.000000000
  dxz         0    0.012187802  0.012187802   0.024375603   0.000000000
  dyz         0    0.017635235  0.017635235   0.035270470   0.000000000
   sum over m      0.073326442  0.073326442   0.146652883   0.000000000
   sum over m+mul  0.073326442  0.073326442   0.146652883   0.000000000

   18    O          Up spin      Down spin     Sum           Diff
            multiple
  s           0    0.889111486  0.889111486   1.778222972   0.000000000
   sum over m      0.889111486  0.889111486   1.778222972   0.000000000
  s           1   -0.005153814 -0.005153814  -0.010307628   0.000000000
   sum over m     -0.005153814 -0.005153814  -0.010307628   0.000000000
   sum over m+mul  0.883957672  0.883957672   1.767915344   0.000000000
  px          0    0.928990861  0.928990861   1.857981722   0.000000000
  py          0    0.625175510  0.625175510   1.250351020   0.000000000
  pz          0    0.795870102  0.795870102   1.591740203   0.000000000
   sum over m      2.350036473  2.350036473   4.700072945   0.000000000
  px          1   -0.009640507 -0.009640507  -0.019281013   0.000000000
  py          1   -0.008880637 -0.008880637  -0.017761274   0.000000000
  pz          1   -0.006598344 -0.006598344  -0.013196689   0.000000000
   sum over m     -0.025119488 -0.025119488  -0.050238976   0.000000000
   sum over m+mul  2.324916985  2.324916985   4.649833969   0.000000000
  d3z^2-r^2   0    0.000080313  0.000080313   0.000160626   0.000000000
  dx^2-y^2    0   -0.001005788 -0.001005788  -0.002011577   0.000000000
  dxy         0   -0.000949788 -0.000949788  -0.001899575   0.000000000
  dxz         0    0.000035735  0.000035735   0.000071470   0.000000000
  dyz         0    0.001450365  0.001450365   0.002900730   0.000000000
   sum over m     -0.000389163 -0.000389163  -0.000778326   0.000000000
   sum over m+mul -0.000389163 -0.000389163  -0.000778326   0.000000000

   19    O          Up spin      Down spin     Sum           Diff
            multiple
  s           0    0.889808858  0.889808858   1.779617717   0.000000000
   sum over m      0.889808858  0.889808858   1.779617717   0.000000000
  s           1   -0.005790405 -0.005790405  -0.011580811   0.000000000
   sum over m     -0.005790405 -0.005790405  -0.011580811   0.000000000
   sum over m+mul  0.884018453  0.884018453   1.768036906   0.000000000
  px          0    0.816834777  0.816834777   1.633669553   0.000000000
  py          0    0.770286576  0.770286576   1.540573153   0.000000000
  pz          0    0.757464755  0.757464755   1.514929510   0.000000000
   sum over m      2.344586108  2.344586108   4.689172216   0.000000000
  px          1   -0.011327186 -0.011327186  -0.022654373   0.000000000
  py          1   -0.007626290 -0.007626290  -0.015252580   0.000000000
  pz          1   -0.008265167 -0.008265167  -0.016530333   0.000000000
   sum over m     -0.027218643 -0.027218643  -0.054437287   0.000000000
   sum over m+mul  2.317367465  2.317367465   4.634734930   0.000000000
  d3z^2-r^2   0   -0.001081443 -0.001081443  -0.002162885   0.000000000
  dx^2-y^2    0    0.000532626  0.000532626   0.001065252   0.000000000
  dxy         0    0.000077059  0.000077059   0.000154118   0.000000000
  dxz         0    0.000788404  0.000788404   0.001576808   0.000000000
  dyz         0    0.000040728  0.000040728   0.000081457   0.000000000
   sum over m      0.000357374  0.000357374   0.000714749   0.000000000
   sum over m+mul  0.000357374  0.000357374   0.000714749   0.000000000

   20    H          Up spin      Down spin     Sum           Diff
            multiple
  s           0    0.392900333  0.392900333   0.785800666   0.000000000
   sum over m      0.392900333  0.392900333   0.785800666   0.000000000
  s           1    0.016755611  0.016755611   0.033511223   0.000000000
   sum over m      0.016755611  0.016755611   0.033511223   0.000000000
   sum over m+mul  0.409655944  0.409655944   0.819311889   0.000000000

   21    H          Up spin      Down spin     Sum           Diff
            multiple
  s           0    0.379823565  0.379823565   0.759647130   0.000000000
   sum over m      0.379823565  0.379823565   0.759647130   0.000000000
  s           1    0.017412995  0.017412995   0.034825990   0.000000000
   sum over m      0.017412995  0.017412995   0.034825990   0.000000000
   sum over m+mul  0.397236560  0.397236560   0.794473120   0.000000000

   22    H          Up spin      Down spin     Sum           Diff
            multiple
  s           0    0.394338315  0.394338315   0.788676631   0.000000000
   sum over m      0.394338315  0.394338315   0.788676631   0.000000000
  s           1    0.016150024  0.016150024   0.032300048   0.000000000
   sum over m      0.016150024  0.016150024   0.032300048   0.000000000
   sum over m+mul  0.410488340  0.410488340   0.820976679   0.000000000

   23    H          Up spin      Down spin     Sum           Diff
            multiple
  s           0    0.294344557  0.294344557   0.588689114   0.000000000
   sum over m      0.294344557  0.294344557   0.588689114   0.000000000
  s           1    0.030678939  0.030678939   0.061357877   0.000000000
   sum over m      0.030678939  0.030678939   0.061357877   0.000000000
   sum over m+mul  0.325023496  0.325023496   0.650046992   0.000000000

   24    O          Up spin      Down spin     Sum           Diff
            multiple
  s           0    0.906641877  0.906641877   1.813283754   0.000000000
   sum over m      0.906641877  0.906641877   1.813283754   0.000000000
  s           1   -0.001898171 -0.001898171  -0.003796341   0.000000000
   sum over m     -0.001898171 -0.001898171  -0.003796341   0.000000000
   sum over m+mul  0.904743706  0.904743706   1.809487413   0.000000000
  px          0    0.685034056  0.685034056   1.370068111   0.000000000
  py          0    0.711544059  0.711544059   1.423088118   0.000000000
  pz          0    0.850997579  0.850997579   1.701995158   0.000000000
   sum over m      2.247575694  2.247575694   4.495151387   0.000000000
  px          1    0.001267721  0.001267721   0.002535443   0.000000000
  py          1   -0.008204686 -0.008204686  -0.016409372   0.000000000
  pz          1   -0.003287369 -0.003287369  -0.006574739   0.000000000
   sum over m     -0.010224334 -0.010224334  -0.020448668   0.000000000
   sum over m+mul  2.237351359  2.237351359   4.474702719   0.000000000
  d3z^2-r^2   0    0.001136979  0.001136979   0.002273957   0.000000000
  dx^2-y^2    0    0.005022357  0.005022357   0.010044714   0.000000000
  dxy         0    0.000507081  0.000507081   0.001014162   0.000000000
  dxz         0    0.002158185  0.002158185   0.004316370   0.000000000
  dyz         0   -0.000151057 -0.000151057  -0.000302113   0.000000000
   sum over m      0.008673545  0.008673545   0.017347090   0.000000000
   sum over m+mul  0.008673545  0.008673545   0.017347090   0.000000000

   25    H          Up spin      Down spin     Sum           Diff
            multiple
  s           0    0.377163771  0.377163771   0.754327543   0.000000000
   sum over m      0.377163771  0.377163771   0.754327543   0.000000000
  s           1    0.017512322  0.017512322   0.035024645   0.000000000
   sum over m      0.017512322  0.017512322   0.035024645   0.000000000
   sum over m+mul  0.394676094  0.394676094   0.789352187   0.000000000

   26    H          Up spin      Down spin     Sum           Diff
            multiple
  s           0    0.297532457  0.297532457   0.595064914   0.000000000
   sum over m      0.297532457  0.297532457   0.595064914   0.000000000
  s           1    0.029666449  0.029666449   0.059332898   0.000000000
   sum over m      0.029666449  0.029666449   0.059332898   0.000000000
   sum over m+mul  0.327198906  0.327198906   0.654397812   0.000000000

   27    H          Up spin      Down spin     Sum           Diff
            multiple
  s           0    0.375907313  0.375907313   0.751814625   0.000000000
   sum over m      0.375907313  0.375907313   0.751814625   0.000000000
  s           1    0.015807613  0.015807613   0.031615226   0.000000000
   sum over m      0.015807613  0.015807613   0.031615226   0.000000000
   sum over m+mul  0.391714926  0.391714926   0.783429851   0.000000000

   28    H          Up spin      Down spin     Sum           Diff
            multiple
  s           0    0.279719742  0.279719742   0.559439483   0.000000000
   sum over m      0.279719742  0.279719742   0.559439483   0.000000000
  s           1    0.030830935  0.030830935   0.061661871   0.000000000
   sum over m      0.030830935  0.030830935   0.061661871   0.000000000
   sum over m+mul  0.310550677  0.310550677   0.621101354   0.000000000

   29    H          Up spin      Down spin     Sum           Diff
            multiple
  s           0    0.259511917  0.259511917   0.519023833   0.000000000
   sum over m      0.259511917  0.259511917   0.519023833   0.000000000
  s           1    0.035476184  0.035476184   0.070952368   0.000000000
   sum over m      0.035476184  0.035476184   0.070952368   0.000000000
   sum over m+mul  0.294988101  0.294988101   0.589976201   0.000000000

   30    H          Up spin      Down spin     Sum           Diff
            multiple
  s           0    0.390151095  0.390151095   0.780302189   0.000000000
   sum over m      0.390151095  0.390151095   0.780302189   0.000000000
  s           1    0.014559732  0.014559732   0.029119463   0.000000000
   sum over m      0.014559732  0.014559732   0.029119463   0.000000000
   sum over m+mul  0.404710826  0.404710826   0.809421652   0.000000000

   31    O          Up spin      Down spin     Sum           Diff
            multiple
  s           0    0.904087210  0.904087210   1.808174421   0.000000000
   sum over m      0.904087210  0.904087210   1.808174421   0.000000000
  s           1   -0.002514927 -0.002514927  -0.005029854   0.000000000
   sum over m     -0.002514927 -0.002514927  -0.005029854   0.000000000
   sum over m+mul  0.901572283  0.901572283   1.803144567   0.000000000
  px          0    0.823107322  0.823107322   1.646214643   0.000000000
  py          0    0.718410278  0.718410278   1.436820555   0.000000000
  pz          0    0.733439281  0.733439281   1.466878561   0.000000000
   sum over m      2.274956880  2.274956880   4.549913759   0.000000000
  px          1   -0.007225881 -0.007225881  -0.014451761   0.000000000
  py          1    0.000410352  0.000410352   0.000820704   0.000000000
  pz          1   -0.007468310 -0.007468310  -0.014936620   0.000000000
   sum over m     -0.014283839 -0.014283839  -0.028567678   0.000000000
   sum over m+mul  2.260673041  2.260673041   4.521346082   0.000000000
  d3z^2-r^2   0    0.000282617  0.000282617   0.000565233   0.000000000
  dx^2-y^2    0    0.002807464  0.002807464   0.005614928   0.000000000
  dxy         0    0.000761954  0.000761954   0.001523908   0.000000000
  dxz         0   -0.000053259 -0.000053259  -0.000106518   0.000000000
  dyz         0    0.002634705  0.002634705   0.005269409   0.000000000
   sum over m      0.006433481  0.006433481   0.012866961   0.000000000
   sum over m+mul  0.006433481  0.006433481   0.012866961   0.000000000

   32    H          Up spin      Down spin     Sum           Diff
            multiple
  s           0    0.386918784  0.386918784   0.773837567   0.000000000
   sum over m      0.386918784  0.386918784   0.773837567   0.000000000
  s           1    0.014042161  0.014042161   0.028084323   0.000000000
   sum over m      0.014042161  0.014042161   0.028084323   0.000000000
   sum over m+mul  0.400960945  0.400960945   0.801921890   0.000000000

   33    H          Up spin      Down spin     Sum           Diff
            multiple
  s           0    0.297526392  0.297526392   0.595052785   0.000000000
   sum over m      0.297526392  0.297526392   0.595052785   0.000000000
  s           1    0.032931781  0.032931781   0.065863563   0.000000000
   sum over m      0.032931781  0.032931781   0.065863563   0.000000000
   sum over m+mul  0.330458174  0.330458174   0.660916348   0.000000000

   34    H          Up spin      Down spin     Sum           Diff
            multiple
  s           0    0.381909881  0.381909881   0.763819762   0.000000000
   sum over m      0.381909881  0.381909881   0.763819762   0.000000000
  s           1    0.016179143  0.016179143   0.032358286   0.000000000
   sum over m      0.016179143  0.016179143   0.032358286   0.000000000
   sum over m+mul  0.398089024  0.398089024   0.796178048   0.000000000

   35    H          Up spin      Down spin     Sum           Diff
            multiple
  s           0    0.371354692  0.371354692   0.742709384   0.000000000
   sum over m      0.371354692  0.371354692   0.742709384   0.000000000
  s           1    0.018190680  0.018190680   0.036381360   0.000000000
   sum over m      0.018190680  0.018190680   0.036381360   0.000000000
   sum over m+mul  0.389545372  0.389545372   0.779090744   0.000000000

   36    H          Up spin      Down spin     Sum           Diff
            multiple
  s           0    0.385560513  0.385560513   0.771121026   0.000000000
   sum over m      0.385560513  0.385560513   0.771121026   0.000000000
  s           1    0.015689013  0.015689013   0.031378027   0.000000000
   sum over m      0.015689013  0.015689013   0.031378027   0.000000000
   sum over m+mul  0.401249526  0.401249526   0.802499053   0.000000000

   37    H          Up spin      Down spin     Sum           Diff
            multiple
  s           0    0.417442215  0.417442215   0.834884430   0.000000000
   sum over m      0.417442215  0.417442215   0.834884430   0.000000000
  s           1    0.011613069  0.011613069   0.023226138   0.000000000
   sum over m      0.011613069  0.011613069   0.023226138   0.000000000
   sum over m+mul  0.429055284  0.429055284   0.858110568   0.000000000

   38    H          Up spin      Down spin     Sum           Diff
            multiple
  s           0    0.391496914  0.391496914   0.782993829   0.000000000
   sum over m      0.391496914  0.391496914   0.782993829   0.000000000
  s           1    0.014042463  0.014042463   0.028084926   0.000000000
   sum over m      0.014042463  0.014042463   0.028084926   0.000000000
   sum over m+mul  0.405539378  0.405539378   0.811078755   0.000000000

   39    H          Up spin      Down spin     Sum           Diff
            multiple
  s           0    0.290847898  0.290847898   0.581695797   0.000000000
   sum over m      0.290847898  0.290847898   0.581695797   0.000000000
  s           1    0.030171067  0.030171067   0.060342133   0.000000000
   sum over m      0.030171067  0.030171067   0.060342133   0.000000000
   sum over m+mul  0.321018965  0.321018965   0.642037930   0.000000000

   40    H          Up spin      Down spin     Sum           Diff
            multiple
  s           0    0.299692393  0.299692393   0.599384786   0.000000000
   sum over m      0.299692393  0.299692393   0.599384786   0.000000000
  s           1    0.028829937  0.028829937   0.057659875   0.000000000
   sum over m      0.028829937  0.028829937   0.057659875   0.000000000
   sum over m+mul  0.328522330  0.328522330   0.657044661   0.000000000

***********************************************************
***********************************************************
                    Dipole moment (Debye)                  
***********************************************************
***********************************************************

 Absolute D        6.72875688

                      Dx                Dy                Dz
 Total             -6.17466038        2.51759226       -0.90081500
 Core             200.96219539       -7.13000025      -48.68155280
 Electron        -207.13685577        9.64759251       47.78073781
 Back ground       -0.00000000       -0.00000000        0.00000000

***********************************************************
***********************************************************
       xyz-coordinates (Ang) and forces (Hartree/Bohr)  
***********************************************************
***********************************************************

<coordinates.forces
  40
    1     C     2.58239   0.08226   0.27598  -0.006248591011  0.005090743031 -0.015420563625
    2     C     2.37330  -1.13864   1.19405   0.001758807782  0.002601561215  0.000310748434
    3     C     1.02528  -1.04630   1.91581  -0.002541677993  0.007826964678 -0.002332017369
    4     O     1.49476   0.41741  -0.55103  -0.002430455831 -0.028139504104 -0.022375210110
    5     O     2.73737   1.29041   0.95988  -0.006429054823  0.007605938455  0.007538529431
    6     C     3.78664  -0.21820  -0.66960   0.019677994731  0.000678694578 -0.011543091341
    7     C    -0.09455  -0.88099   0.85298  -0.004179592691  0.001754294363  0.002539838787
    8     O     0.81881  -2.14230   2.76961   0.002096437366  0.010419950864  0.024904311891
    9     C     0.18986   0.40643   0.03230  -0.014333941787  0.004089829255 -0.000045247996
   10     O     3.64303  -0.76598  -1.88783   0.000515189386 -0.006152225219 -0.005044991095
   11     N    -1.43959  -0.76323   1.47317  -0.001368326342 -0.028694946277 -0.006386497511
   12     C    -0.79483   0.55542  -1.16478  -0.001607696616  0.011704798449  0.011747246905
   13     C    -2.20147  -1.93362   1.78598   0.017097548457  0.024464795873 -0.009510291752
   14     C    -0.69904   1.97017  -1.81690  -0.006349171714 -0.015839405252 -0.005514037279
   15     O    -0.49217  -0.47384  -2.08676   0.019685813635 -0.013811333388  0.012961169086
   16     C    -3.38021  -1.73494   2.70334  -0.004439087480  0.003092967583  0.003064670599
   17     C    -1.69226   2.08487  -3.00129   0.007188923332 -0.013079211716  0.009199574952
   18     O    -1.04367   2.90345  -0.81217  -0.008028517427 -0.019355896683  0.019941506730
   19     O    -1.33030   3.22988  -3.73491   0.025008877559  0.008912102125  0.013826660775
   20     H     2.42517  -2.06889   0.59160  -0.002380992476  0.003386361234  0.001256168191
   21     H     3.20054  -1.20643   1.92821  -0.003346154495  0.001877375268 -0.003490944941
   22     H     1.02645  -0.19369   2.63649   0.000225675456 -0.000645998698 -0.011696637664
   23     H     3.58152   1.28733   1.39261   0.032647925730  0.001261312680  0.016639603264
   24     O     4.95226  -0.03351  -0.38856   0.013155758363  0.015328034627  0.036364226882
   25     H    -0.10202  -1.76681   0.16665  -0.002277137930  0.009441728840  0.008467506056
   26     H     0.73518  -2.92164   2.23173  -0.005313956863 -0.027049135106 -0.016645950585
   27     H     0.10755   1.30400   0.69482  -0.003572670700 -0.007520696311 -0.005534011039
   28     H     2.72513  -0.85076  -2.11919  -0.039177395753 -0.001109549110 -0.008093180700
   29     H    -1.47148  -0.06566   2.18654  -0.003177162467  0.017394169291  0.014053171988
   30     H    -1.83652   0.40001  -0.78638   0.008355090715  0.006023357018  0.001834766377
   31     O    -1.91764  -2.99969   1.26146  -0.000019136126 -0.021005854053 -0.004745118699
   32     H     0.34577   2.15463  -2.17050  -0.008901826816 -0.004648549647 -0.001238541552
   33     H    -0.99769  -0.29067  -2.87199  -0.013789318080  0.000552925584 -0.021805411476
   34     H    -4.03439  -0.92721   2.34840   0.000893371718  0.002221937572  0.000037818040
   35     H    -3.98961  -2.64557   2.77728   0.004373479066 -0.000551531908 -0.002687730498
   36     H    -3.04806  -1.47747   3.71824   0.001166646886  0.001627006716  0.001016220824
   37     H    -1.62782   1.18453  -3.65064  -0.000454691980  0.000961208553 -0.001074118594
   38     H    -2.73748   2.15752  -2.64091   0.003518692873 -0.001867182972  0.004769847609
   39     H    -0.81495   3.75581  -1.15734   0.006468250704  0.030645134064 -0.010395081766
   40     H    -2.00525   3.36192  -4.38635  -0.021935309852  0.008746799592 -0.024040477453
coordinates.forces>

***********************************************************
***********************************************************
       Fractional coordinates of the final structure       
***********************************************************
***********************************************************

     1      C     0.16139931250000   0.00587592857143   0.01839873333333
     2      C     0.14833137500000   0.91866850000000   0.07960300000000
     3      C     0.06407993750000   0.92526407142857   0.12772033333333
     4      O     0.09342250000000   0.02981514285714   0.96326493333333
     5      O     0.17108531250000   0.09217207142857   0.06399206666667
     6      C     0.23666512500000   0.98441457142857   0.95536013333333
     7      C     0.99409075000000   0.93707185714286   0.05686520000000
     8      O     0.05117562500000   0.84697864285714   0.18464046666667
     9      C     0.01186625000000   0.02903050000000   0.00215353333333
    10      O     0.22768943750000   0.94528685714286   0.87414493333333
    11      N     0.91002543750000   0.94548378571429   0.09821133333333
    12      C     0.95032312500000   0.03967285714286   0.92234833333333
    13      C     0.86240787500000   0.86188414285714   0.11906526666667
    14      C     0.95631018750000   0.14072657142857   0.87887300000000
    15      O     0.96923968750000   0.96615442857143   0.86088280000000
    16      C     0.78873675000000   0.87607557142857   0.18022280000000
    17      C     0.89423350000000   0.14891964285714   0.79991426666667
    18      O     0.93477062500000   0.20738907142857   0.94585546666667
    19      O     0.91685600000000   0.23070564285714   0.75100600000000
    20      H     0.15157337500000   0.85222185714286   0.03944026666667
    21      H     0.20003406250000   0.91382607142857   0.12854720000000
    22      H     0.06415300000000   0.98616471428571   0.17576573333333
    23      H     0.22384475000000   0.09195200000000   0.09284066666667
    24      O     0.30951600000000   0.99760614285714   0.97409626666667
    25      H     0.99362362500000   0.87379928571429   0.01111000000000
    26      H     0.04594893750000   0.79131121428571   0.14878173333333
    27      H     0.00672181250000   0.09314271428571   0.04632153333333
    28      H     0.17032031250000   0.93923164285714   0.85872080000000
    29      H     0.90803281250000   0.99530992857143   0.14576920000000
    30      H     0.88521731250000   0.02857242857143   0.94757440000000
    31      O     0.88014756250000   0.78573635714286   0.08409700000000
    32      H     0.02161087500000   0.15390250000000   0.85529980000000
    33      H     0.93764443750000   0.97923792857143   0.80853393333333
    34      H     0.74785062500000   0.93377078571429   0.15656020000000
    35      H     0.75064918750000   0.81103092857143   0.18515186666667
    36      H     0.80949631250000   0.89446671428571   0.24788233333333
    37      H     0.89826137500000   0.08460957142857   0.75662433333333
    38      H     0.82890743750000   0.15410835714286   0.82393933333333
    39      H     0.94906543750000   0.26827200000000   0.92284426666667
    40      H     0.87467212500000   0.24013707142857   0.70757646666667

***********************************************************
***********************************************************
               Computational Time (second)                 
***********************************************************
***********************************************************

   Elapsed.Time.        12.955

                               Min_ID   Min_Time       Max_ID   Max_Time
   Total Computational Time =    35       12.249          0       12.955
   readfile                 =    21        3.261          0        3.261
   truncation               =    41        0.209         14        0.219
   MD_pac                   =     0        0.001          8        0.003
   OutData                  =     7        2.170          0        2.875
   HWF                      =     0        0.000          0        0.000
   DFT                      =    14        6.593         41        6.603

*** In DFT ***

   Set_OLP_Kin              =    45        0.051          5        0.173
   Set_Nonlocal             =     5        0.030         45        0.153
   Set_ProExpn_VNA          =    42        0.076         12        0.329
   Set_Hamiltonian          =    45        2.196         21        2.196
   Poisson                  =    17        0.066         43        0.066
   Diagonalization          =     0        0.723         22        0.723
   Mixing_DM                =    32        0.351         15        0.351
   Force                    =     9        0.256          1        0.256
   Total_Energy             =     2        0.120         44        0.128
   Set_Aden_Grid            =     5        0.018         40        0.038
   Set_Orbitals_Grid        =    47        0.000         14        0.065
   Set_Density_Grid         =     2        2.036         47        2.053
   RestartFileDFT           =     2        0.029         44        0.058
   Mulliken_Charge          =    15        0.011         17        0.011
   FFT(2D)_Density          =    20        0.077         12        0.077
   Others                   =    37        0.083         47        0.389
