[bnode094:4018199:0:4018199]      cma_ep.c:88   process_vm_readv(pid=4018166 {0x8a6eb3f0,397312}-->{0x5a526d10,397312}) returned -1: No such process
[bnode094:4018199] *** Process received signal ***
[bnode094:4018199] Signal: Aborted (6)
[bnode094:4018199] Signal code:  (-6)
[bnode094:4018199] [ 0] /lib/x86_64-linux-gnu/libc.so.6(+0x42520)[0x14b9cf819520]
[bnode094:4018199] [ 1] /lib/x86_64-linux-gnu/libc.so.6(pthread_kill+0x12c)[0x14b9cf86d9fc]
[bnode094:4018199] [ 2] /lib/x86_64-linux-gnu/libc.so.6(raise+0x16)[0x14b9cf819476]
[bnode094:4018199] [ 3] /lib/x86_64-linux-gnu/libc.so.6(abort+0xd3)[0x14b9cf7ff7f3]
[bnode094:4018199] [ 4] /system/apps/ubuntu/22.04-202604/nvhpc/26.5/Linux_x86_64/26.5/comm_libs/13.2/hpcx/hpcx-2.50/ucx/mt/lib/libucs.so.0(+0x62db5)[0x14b9d28c7db5]
[bnode094:4018199] [ 5] /system/apps/ubuntu/22.04-202604/nvhpc/26.5/Linux_x86_64/26.5/comm_libs/13.2/hpcx/hpcx-2.50/ucx/mt/lib/libucs.so.0(ucs_log_default_handler+0xf2e)[0x14b9d28cdb9e]
[bnode094:4018199] [ 6] /system/apps/ubuntu/22.04-202604/nvhpc/26.5/Linux_x86_64/26.5/comm_libs/13.2/hpcx/hpcx-2.50/ucx/mt/lib/libucs.so.0(ucs_log_dispatch+0xcc)[0x14b9d28cdf3c]
[bnode094:4018199] [ 7] /system/apps/ubuntu/22.04-202604/nvhpc/26.5/Linux_x86_64/26.5/comm_libs/13.2/hpcx/hpcx-2.50/ucx/mt/lib/ucx/libuct_cma.so.0(+0x3a43)[0x14ba15358a43]
[bnode094:4018199] [ 8] /system/apps/ubuntu/22.04-202604/nvhpc/26.5/Linux_x86_64/26.5/comm_libs/13.2/hpcx/hpcx-2.50/ucx/mt/lib/ucx/libuct_cma.so.0(uct_cma_ep_tx+0x168)[0x14ba15358bf8]
[bnode094:4018199] [ 9] /system/apps/ubuntu/22.04-202604/nvhpc/26.5/Linux_x86_64/26.5/comm_libs/13.2/hpcx/hpcx-2.50/ucx/mt/lib/libuct.so.0(uct_scopy_ep_progress_tx+0x55)[0x14ba15ac93d5]
[bnode094:4018199] [10] /system/apps/ubuntu/22.04-202604/nvhpc/26.5/Linux_x86_64/26.5/comm_libs/13.2/hpcx/hpcx-2.50/ucx/mt/lib/libucs.so.0(ucs_arbiter_dispatch_nonempty+0xa3)[0x14b9d28b9653]
[bnode094:4018199] [11] /system/apps/ubuntu/22.04-202604/nvhpc/26.5/Linux_x86_64/26.5/comm_libs/13.2/hpcx/hpcx-2.50/ucx/mt/lib/libuct.so.0(uct_scopy_iface_progress+0x59)[0x14ba15ac8f49]
[bnode094:4018199] [12] /system/apps/ubuntu/22.04-202604/nvhpc/26.5/Linux_x86_64/26.5/comm_libs/13.2/hpcx/hpcx-2.50/ucx/mt/lib/libucp.so.0(ucp_worker_progress+0x6a)[0x14ba15748d9a]
[bnode094:4018199] [13] /system/apps/ubuntu/22.04-202604/nvhpc/26.5/Linux_x86_64/26.5/comm_libs/13.2/hpcx/hpcx-2.50/ompi5/lib/libopen-pal.so.80(opal_progress+0x2c)[0x14b9cf42339c]
[bnode094:4018199] [14] /system/apps/ubuntu/22.04-202604/nvhpc/26.5/Linux_x86_64/26.5/comm_libs/13.2/hpcx/latest/ompi/lib/libmpi.so.40(ompi_request_default_wait_all+0x285)[0x14ba14e89a85]
[bnode094:4018199] [15] /system/apps/ubuntu/22.04-202604/nvhpc/26.5/Linux_x86_64/26.5/comm_libs/13.2/hpcx/latest/ompi/lib/libmpi.so.40(PMPI_Waitall+0x1d)[0x14ba14eb90fd]
[bnode094:4018199] [16] ../openmx[0x7b8b74]
[bnode094:4018199] [17] ../openmx[0x514a35]
[bnode094:4018199] [18] ../openmx[0x4d3c07]
[bnode094:4018199] [19] ../openmx[0x420e74]
[bnode094:4018199] [20] /lib/x86_64-linux-gnu/libc.so.6(+0x29d90)[0x14b9cf800d90]
[bnode094:4018199] [21] /lib/x86_64-linux-gnu/libc.so.6(__libc_start_main+0x80)[0x14b9cf800e40]
[bnode094:4018199] [22] ../openmx[0x41fa05]
[bnode094:4018199] *** End of error message ***
[bnode094:4018177:0:4018177]      cma_ep.c:88   process_vm_readv(pid=4018166 {0x78b93170,397312}-->{0x59724a50,397312}) returned -1: No such process
[bnode094:4018177] *** Process received signal ***
[bnode094:4018177] Signal: Aborted (6)
[bnode094:4018177] Signal code:  (-6)
[bnode094:4018177] [ 0] /lib/x86_64-linux-gnu/libc.so.6(+0x42520)[0x14dae1c19520]
[bnode094:4018177] [ 1] /lib/x86_64-linux-gnu/libc.so.6(pthread_kill+0x12c)[0x14dae1c6d9fc]
[bnode094:4018177] [ 2] /lib/x86_64-linux-gnu/libc.so.6(raise+0x16)[0x14dae1c19476]
[bnode094:4018177] [ 3] /lib/x86_64-linux-gnu/libc.so.6(abort+0xd3)[0x14dae1bff7f3]
[bnode094:4018177] [ 4] /system/apps/ubuntu/22.04-202604/nvhpc/26.5/Linux_x86_64/26.5/comm_libs/13.2/hpcx/hpcx-2.50/ucx/mt/lib/libucs.so.0(+0x62db5)[0x14db27ac7db5]
[bnode094:4018177] [ 5] /system/apps/ubuntu/22.04-202604/nvhpc/26.5/Linux_x86_64/26.5/comm_libs/13.2/hpcx/hpcx-2.50/ucx/mt/lib/libucs.so.0(ucs_log_default_handler+0xf2e)[0x14db27acdb9e]
[bnode094:4018177] [ 6] /system/apps/ubuntu/22.04-202604/nvhpc/26.5/Linux_x86_64/26.5/comm_libs/13.2/hpcx/hpcx-2.50/ucx/mt/lib/libucs.so.0(ucs_log_dispatch+0xcc)[0x14db27acdf3c]
[bnode094:4018177] [ 7] /system/apps/ubuntu/22.04-202604/nvhpc/26.5/Linux_x86_64/26.5/comm_libs/13.2/hpcx/hpcx-2.50/ucx/mt/lib/ucx/libuct_cma.so.0(+0x3a43)[0x14db27744a43]
[bnode094:4018177] [ 8] /system/apps/ubuntu/22.04-202604/nvhpc/26.5/Linux_x86_64/26.5/comm_libs/13.2/hpcx/hpcx-2.50/ucx/mt/lib/ucx/libuct_cma.so.0(uct_cma_ep_tx+0x168)[0x14db27744bf8]
[bnode094:4018177] [ 9] /system/apps/ubuntu/22.04-202604/nvhpc/26.5/Linux_x86_64/26.5/comm_libs/13.2/hpcx/hpcx-2.50/ucx/mt/lib/libuct.so.0(uct_scopy_ep_progress_tx+0x55)[0x14db27e953d5]
[bnode094:4018177] [10] /system/apps/ubuntu/22.04-202604/nvhpc/26.5/Linux_x86_64/26.5/comm_libs/13.2/hpcx/hpcx-2.50/ucx/mt/lib/libucs.so.0(ucs_arbiter_dispatch_nonempty+0xa3)[0x14db27ab9653]
[bnode094:4018177] [11] /system/apps/ubuntu/22.04-202604/nvhpc/26.5/Linux_x86_64/26.5/comm_libs/13.2/hpcx/hpcx-2.50/ucx/mt/lib/libuct.so.0(uct_scopy_iface_progress+0x59)[0x14db27e94f49]
[bnode094:4018177] [12] /system/apps/ubuntu/22.04-202604/nvhpc/26.5/Linux_x86_64/26.5/comm_libs/13.2/hpcx/hpcx-2.50/ucx/mt/lib/libucp.so.0(ucp_worker_progress+0x6a)[0x14db27f12d9a]
[bnode094:4018177] [13] /system/apps/ubuntu/22.04-202604/nvhpc/26.5/Linux_x86_64/26.5/comm_libs/13.2/hpcx/hpcx-2.50/ompi5/lib/libopen-pal.so.80(opal_progress+0x2c)[0x14dae182339c]
[bnode094:4018177] [14] /system/apps/ubuntu/22.04-202604/nvhpc/26.5/Linux_x86_64/26.5/comm_libs/13.2/hpcx/latest/ompi/lib/libmpi.so.40(ompi_request_default_wait_all+0x285)[0x14db27289a85]
[bnode094:4018177] [15] /system/apps/ubuntu/22.04-202604/nvhpc/26.5/Linux_x86_64/26.5/comm_libs/13.2/hpcx/latest/ompi/lib/libmpi.so.40(PMPI_Waitall+0x1d)[0x14db272b90fd]
[bnode094:4018177] [16] ../openmx[0x7b8b74]
[bnode094:4018177] [17] ../openmx[0x514a35]
[bnode094:4018177] [18] ../openmx[0x4d3c07]
[bnode094:4018177] [19] ../openmx[0x420e74]
[bnode094:4018177] [20] /lib/x86_64-linux-gnu/libc.so.6(+0x29d90)[0x14dae1c00d90]
[bnode094:4018177] [21] /lib/x86_64-linux-gnu/libc.so.6(__libc_start_main+0x80)[0x14dae1c00e40]
[bnode094:4018177] [22] ../openmx[0x41fa05]
[bnode094:4018177] *** End of error message ***
[bnode094:4018203:0:4018203]      cma_ep.c:88   process_vm_readv(pid=4018166 {0x56b8a8e0,524288}-->{0x5a607d10,524288}) returned -1: No such process
[bnode094:4018203] *** Process received signal ***
[bnode094:4018203] Signal: Aborted (6)
[bnode094:4018203] Signal code:  (-6)
[bnode094:4018203] [ 0] /lib/x86_64-linux-gnu/libc.so.6(+0x42520)[0x148225619520]
[bnode094:4018203] [ 1] /lib/x86_64-linux-gnu/libc.so.6(pthread_kill+0x12c)[0x14822566d9fc]
[bnode094:4018203] [ 2] /lib/x86_64-linux-gnu/libc.so.6(raise+0x16)[0x148225619476]
[bnode094:4018203] [ 3] /lib/x86_64-linux-gnu/libc.so.6(abort+0xd3)[0x1482255ff7f3]
[bnode094:4018203] [ 4] /system/apps/ubuntu/22.04-202604/nvhpc/26.5/Linux_x86_64/26.5/comm_libs/13.2/hpcx/hpcx-2.50/ucx/mt/lib/libucs.so.0(+0x62db5)[0x14826b4c7db5]
[bnode094:4018203] [ 5] /system/apps/ubuntu/22.04-202604/nvhpc/26.5/Linux_x86_64/26.5/comm_libs/13.2/hpcx/hpcx-2.50/ucx/mt/lib/libucs.so.0(ucs_log_default_handler+0xf2e)[0x14826b4cdb9e]
[bnode094:4018203] [ 6] /system/apps/ubuntu/22.04-202604/nvhpc/26.5/Linux_x86_64/26.5/comm_libs/13.2/hpcx/hpcx-2.50/ucx/mt/lib/libucs.so.0(ucs_log_dispatch+0xcc)[0x14826b4cdf3c]
[bnode094:4018203] [ 7] /system/apps/ubuntu/22.04-202604/nvhpc/26.5/Linux_x86_64/26.5/comm_libs/13.2/hpcx/hpcx-2.50/ucx/mt/lib/ucx/libuct_cma.so.0(+0x3a43)[0x14826b141a43]
[bnode094:4018203] [ 8] /system/apps/ubuntu/22.04-202604/nvhpc/26.5/Linux_x86_64/26.5/comm_libs/13.2/hpcx/hpcx-2.50/ucx/mt/lib/ucx/libuct_cma.so.0(uct_cma_ep_tx+0x168)[0x14826b141bf8]
[bnode094:4018203] [ 9] /system/apps/ubuntu/22.04-202604/nvhpc/26.5/Linux_x86_64/26.5/comm_libs/13.2/hpcx/hpcx-2.50/ucx/mt/lib/libuct.so.0(uct_scopy_ep_progress_tx+0x55)[0x14826b89d3d5]
[bnode094:4018203] [10] /system/apps/ubuntu/22.04-202604/nvhpc/26.5/Linux_x86_64/26.5/comm_libs/13.2/hpcx/hpcx-2.50/ucx/mt/lib/libucs.so.0(ucs_arbiter_dispatch_nonempty+0xa3)[0x14826b4b9653]
[bnode094:4018203] [11] /system/apps/ubuntu/22.04-202604/nvhpc/26.5/Linux_x86_64/26.5/comm_libs/13.2/hpcx/hpcx-2.50/ucx/mt/lib/libuct.so.0(uct_scopy_iface_progress+0x59)[0x14826b89cf49]
[bnode094:4018203] [12] /system/apps/ubuntu/22.04-202604/nvhpc/26.5/Linux_x86_64/26.5/comm_libs/13.2/hpcx/hpcx-2.50/ucx/mt/lib/libucp.so.0(ucp_worker_progress+0x6a)[0x14826b91ad9a]
[bnode094:4018203] [13] /system/apps/ubuntu/22.04-202604/nvhpc/26.5/Linux_x86_64/26.5/comm_libs/13.2/hpcx/hpcx-2.50/ompi5/lib/libopen-pal.so.80(opal_progress+0x2c)[0x14822522339c]
[bnode094:4018203] [14] /system/apps/ubuntu/22.04-202604/nvhpc/26.5/Linux_x86_64/26.5/comm_libs/13.2/hpcx/latest/ompi/lib/libmpi.so.40(ompi_request_default_wait_all+0x285)[0x14826ac89a85]
[bnode094:4018203] [15] /system/apps/ubuntu/22.04-202604/nvhpc/26.5/Linux_x86_64/26.5/comm_libs/13.2/hpcx/latest/ompi/lib/libmpi.so.40(PMPI_Waitall+0x1d)[0x14826acb90fd]
[bnode094:4018203] [16] ../openmx[0x7b8b74]
[bnode094:4018203] [17] ../openmx[0x514a35]
[bnode094:4018203] [18] ../openmx[0x4d3c07]
[bnode094:4018203] [19] ../openmx[0x420e74]
[bnode094:4018203] [20] /lib/x86_64-linux-gnu/libc.so.6(+0x29d90)[0x148225600d90]
[bnode094:4018203] [21] /lib/x86_64-linux-gnu/libc.so.6(__libc_start_main+0x80)[0x148225600e40]
[bnode094:4018203] [22] ../openmx[0x41fa05]
[bnode094:4018203] *** End of error message ***
[bnode094:4018192:0:4018192]      cma_ep.c:88   process_vm_readv(pid=4018209 {0x14a848fa2b10,253824}-->{0x14b4d6fc50f0,253824}) returned -1: No such process
[bnode094:4018192] *** Process received signal ***
[bnode094:4018192] Signal: Aborted (6)
[bnode094:4018192] Signal code:  (-6)
[bnode094:4018192] [ 0] /lib/x86_64-linux-gnu/libc.so.6(+0x42520)[0x14ac8da19520]
[bnode094:4018192] [ 1] /lib/x86_64-linux-gnu/libc.so.6(pthread_kill+0x12c)[0x14ac8da6d9fc]
[bnode094:4018192] [ 2] /lib/x86_64-linux-gnu/libc.so.6(raise+0x16)[0x14ac8da19476]
[bnode094:4018192] [ 3] /lib/x86_64-linux-gnu/libc.so.6(abort+0xd3)[0x14ac8d9ff7f3]
[bnode094:4018192] [ 4] /system/apps/ubuntu/22.04-202604/nvhpc/26.5/Linux_x86_64/26.5/comm_libs/13.2/hpcx/hpcx-2.50/ucx/mt/lib/libucs.so.0(+0x62db5)[0x14acd38c7db5]
[bnode094:4018192] [ 5] /system/apps/ubuntu/22.04-202604/nvhpc/26.5/Linux_x86_64/26.5/comm_libs/13.2/hpcx/hpcx-2.50/ucx/mt/lib/libucs.so.0(ucs_log_default_handler+0xf2e)[0x14acd38cdb9e]
[bnode094:4018192] [ 6] /system/apps/ubuntu/22.04-202604/nvhpc/26.5/Linux_x86_64/26.5/comm_libs/13.2/hpcx/hpcx-2.50/ucx/mt/lib/libucs.so.0(ucs_log_dispatch+0xcc)[0x14acd38cdf3c]
[bnode094:4018192] [ 7] /system/apps/ubuntu/22.04-202604/nvhpc/26.5/Linux_x86_64/26.5/comm_libs/13.2/hpcx/hpcx-2.50/ucx/mt/lib/ucx/libuct_cma.so.0(+0x3a43)[0x14acd4037a43]
[bnode094:4018192] [ 8] /system/apps/ubuntu/22.04-202604/nvhpc/26.5/Linux_x86_64/26.5/comm_libs/13.2/hpcx/hpcx-2.50/ucx/mt/lib/ucx/libuct_cma.so.0(uct_cma_ep_tx+0x168)[0x14acd4037bf8]
[bnode094:4018192] [ 9] /system/apps/ubuntu/22.04-202604/nvhpc/26.5/Linux_x86_64/26.5/comm_libs/13.2/hpcx/hpcx-2.50/ucx/mt/lib/libuct.so.0(uct_scopy_ep_progress_tx+0x55)[0x14acd40c23d5]
[bnode094:4018192] [10] /system/apps/ubuntu/22.04-202604/nvhpc/26.5/Linux_x86_64/26.5/comm_libs/13.2/hpcx/hpcx-2.50/ucx/mt/lib/libucs.so.0(ucs_arbiter_dispatch_nonempty+0xa3)[0x14acd38b9653]
[bnode094:4018192] [11] /system/apps/ubuntu/22.04-202604/nvhpc/26.5/Linux_x86_64/26.5/comm_libs/13.2/hpcx/hpcx-2.50/ucx/mt/lib/libuct.so.0(uct_scopy_iface_progress+0x59)[0x14acd40c1f49]
[bnode094:4018192] [12] /system/apps/ubuntu/22.04-202604/nvhpc/26.5/Linux_x86_64/26.5/comm_libs/13.2/hpcx/hpcx-2.50/ucx/mt/lib/libucp.so.0(ucp_worker_progress+0x6a)[0x14acd3d48d9a]
[bnode094:4018192] [13] /system/apps/ubuntu/22.04-202604/nvhpc/26.5/Linux_x86_64/26.5/comm_libs/13.2/hpcx/hpcx-2.50/ompi5/lib/libopen-pal.so.80(opal_progress+0x2c)[0x14ac8d62339c]
[bnode094:4018192] [14] /system/apps/ubuntu/22.04-202604/nvhpc/26.5/Linux_x86_64/26.5/comm_libs/13.2/hpcx/latest/ompi/lib/libmpi.so.40(ompi_request_default_wait_all+0x285)[0x14acd3089a85]
[bnode094:4018192] [15] /system/apps/ubuntu/22.04-202604/nvhpc/26.5/Linux_x86_64/26.5/comm_libs/13.2/hpcx/latest/ompi/lib/libmpi.so.40(PMPI_Waitall+0x1d)[0x14acd30b90fd]
[bnode094:4018192] [16] ../openmx[0x7b8b74]
[bnode094:4018192] [17] ../openmx[0x514a35]
[bnode094:4018192] [18] ../openmx[0x4d3c07]
[bnode094:4018192] [19] ../openmx[0x420e74]
[bnode094:4018192] [20] /lib/x86_64-linux-gnu/libc.so.6(+0x29d90)[0x14ac8da00d90]
[bnode094:4018192] [21] /lib/x86_64-linux-gnu/libc.so.6(__libc_start_main+0x80)[0x14ac8da00e40]
[bnode094:4018192] [22] ../openmx[0x41fa05]
[bnode094:4018192] *** End of error message ***
[bnode094:4018186:0:4018186]      cma_ep.c:88   process_vm_readv(pid=4018166 {0x149fa9e64b10,524288}-->{0x59805a50,524288}) returned -1: No such process
[bnode094:4018186] *** Process received signal ***
[bnode094:4018186] Signal: Aborted (6)
[bnode094:4018186] Signal code:  (-6)
[bnode094:4018186] [ 0] /lib/x86_64-linux-gnu/libc.so.6(+0x42520)[0x14a3f0e19520]
[bnode094:4018186] [ 1] /lib/x86_64-linux-gnu/libc.so.6(pthread_kill+0x12c)[0x14a3f0e6d9fc]
[bnode094:4018186] [ 2] /lib/x86_64-linux-gnu/libc.so.6(raise+0x16)[0x14a3f0e19476]
[bnode094:4018186] [ 3] /lib/x86_64-linux-gnu/libc.so.6(abort+0xd3)[0x14a3f0dff7f3]
[bnode094:4018186] [ 4] /system/apps/ubuntu/22.04-202604/nvhpc/26.5/Linux_x86_64/26.5/comm_libs/13.2/hpcx/hpcx-2.50/ucx/mt/lib/libucs.so.0(+0x62db5)[0x14a3f3ec7db5]
[bnode094:4018186] [ 5] /system/apps/ubuntu/22.04-202604/nvhpc/26.5/Linux_x86_64/26.5/comm_libs/13.2/hpcx/hpcx-2.50/ucx/mt/lib/libucs.so.0(ucs_log_default_handler+0xf2e)[0x14a3f3ecdb9e]
[bnode094:4018186] [ 6] /system/apps/ubuntu/22.04-202604/nvhpc/26.5/Linux_x86_64/26.5/comm_libs/13.2/hpcx/hpcx-2.50/ucx/mt/lib/libucs.so.0(ucs_log_dispatch+0xcc)[0x14a3f3ecdf3c]
[bnode094:4018186] [ 7] /system/apps/ubuntu/22.04-202604/nvhpc/26.5/Linux_x86_64/26.5/comm_libs/13.2/hpcx/hpcx-2.50/ucx/mt/lib/ucx/libuct_cma.so.0(+0x3a43)[0x14a42ffeda43]
[bnode094:4018186] [ 8] /system/apps/ubuntu/22.04-202604/nvhpc/26.5/Linux_x86_64/26.5/comm_libs/13.2/hpcx/hpcx-2.50/ucx/mt/lib/ucx/libuct_cma.so.0(uct_cma_ep_tx+0x168)[0x14a42ffedbf8]
[bnode094:4018186] [ 9] /system/apps/ubuntu/22.04-202604/nvhpc/26.5/Linux_x86_64/26.5/comm_libs/13.2/hpcx/hpcx-2.50/ucx/mt/lib/libuct.so.0(uct_scopy_ep_progress_tx+0x55)[0x14a4370f73d5]
[bnode094:4018186] [10] /system/apps/ubuntu/22.04-202604/nvhpc/26.5/Linux_x86_64/26.5/comm_libs/13.2/hpcx/hpcx-2.50/ucx/mt/lib/libucs.so.0(ucs_arbiter_dispatch_nonempty+0xa3)[0x14a3f3eb9653]
[bnode094:4018186] [11] /system/apps/ubuntu/22.04-202604/nvhpc/26.5/Linux_x86_64/26.5/comm_libs/13.2/hpcx/hpcx-2.50/ucx/mt/lib/libuct.so.0(uct_scopy_iface_progress+0x59)[0x14a4370f6f49]
[bnode094:4018186] [12] /system/apps/ubuntu/22.04-202604/nvhpc/26.5/Linux_x86_64/26.5/comm_libs/13.2/hpcx/hpcx-2.50/ucx/mt/lib/libucp.so.0(ucp_worker_progress+0x6a)[0x14a436d48d9a]
[bnode094:4018186] [13] /system/apps/ubuntu/22.04-202604/nvhpc/26.5/Linux_x86_64/26.5/comm_libs/13.2/hpcx/hpcx-2.50/ompi5/lib/libopen-pal.so.80(opal_progress+0x2c)[0x14a3f0a2339c]
[bnode094:4018186] [14] /system/apps/ubuntu/22.04-202604/nvhpc/26.5/Linux_x86_64/26.5/comm_libs/13.2/hpcx/latest/ompi/lib/libmpi.so.40(ompi_request_default_wait_all+0x285)[0x14a436489a85]
[bnode094:4018186] [15] /system/apps/ubuntu/22.04-202604/nvhpc/26.5/Linux_x86_64/26.5/comm_libs/13.2/hpcx/latest/ompi/lib/libmpi.so.40(PMPI_Waitall+0x1d)[0x14a4364b90fd]
[bnode094:4018186] [16] ../openmx[0x7b8b74]
[bnode094:4018186] [17] ../openmx[0x514a35]
[bnode094:4018186] [18] ../openmx[0x4d3c07]
[bnode094:4018186] [19] ../openmx[0x420e74]
[bnode094:4018186] [20] /lib/x86_64-linux-gnu/libc.so.6(+0x29d90)[0x14a3f0e00d90]
[bnode094:4018186] [21] /lib/x86_64-linux-gnu/libc.so.6(__libc_start_main+0x80)[0x14a3f0e00e40]
[bnode094:4018186] [22] ../openmx[0x41fa05]
[bnode094:4018186] *** End of error message ***
[bnode094:4018175:0:4018175]      cma_ep.c:88   process_vm_readv(pid=4018166 {0x14884affc730,332672}-->{0x5906ce90,332672}) returned -1: No such process
[bnode094:4018175] *** Process received signal ***
[bnode094:4018175] Signal: Aborted (6)
[bnode094:4018175] Signal code:  (-6)
[bnode094:4018175] [ 0] /lib/x86_64-linux-gnu/libc.so.6(+0x42520)[0x148c94819520]
[bnode094:4018175] [ 1] /lib/x86_64-linux-gnu/libc.so.6(pthread_kill+0x12c)[0x148c9486d9fc]
[bnode094:4018175] [ 2] /lib/x86_64-linux-gnu/libc.so.6(raise+0x16)[0x148c94819476]
[bnode094:4018175] [ 3] /lib/x86_64-linux-gnu/libc.so.6(abort+0xd3)[0x148c947ff7f3]
[bnode094:4018175] [ 4] /system/apps/ubuntu/22.04-202604/nvhpc/26.5/Linux_x86_64/26.5/comm_libs/13.2/hpcx/hpcx-2.50/ucx/mt/lib/libucs.so.0(+0x62db5)[0x148c978c7db5]
[bnode094:4018175] [ 5] /system/apps/ubuntu/22.04-202604/nvhpc/26.5/Linux_x86_64/26.5/comm_libs/13.2/hpcx/hpcx-2.50/ucx/mt/lib/libucs.so.0(ucs_log_default_handler+0xf2e)[0x148c978cdb9e]
[bnode094:4018175] [ 6] /system/apps/ubuntu/22.04-202604/nvhpc/26.5/Linux_x86_64/26.5/comm_libs/13.2/hpcx/hpcx-2.50/ucx/mt/lib/libucs.so.0(ucs_log_dispatch+0xcc)[0x148c978cdf3c]
[bnode094:4018175] [ 7] /system/apps/ubuntu/22.04-202604/nvhpc/26.5/Linux_x86_64/26.5/comm_libs/13.2/hpcx/hpcx-2.50/ucx/mt/lib/ucx/libuct_cma.so.0(+0x3a43)[0x148cd3d08a43]
[bnode094:4018175] [ 8] /system/apps/ubuntu/22.04-202604/nvhpc/26.5/Linux_x86_64/26.5/comm_libs/13.2/hpcx/hpcx-2.50/ucx/mt/lib/ucx/libuct_cma.so.0(uct_cma_ep_tx+0x168)[0x148cd3d08bf8]
[bnode094:4018175] [ 9] /system/apps/ubuntu/22.04-202604/nvhpc/26.5/Linux_x86_64/26.5/comm_libs/13.2/hpcx/hpcx-2.50/ucx/mt/lib/libuct.so.0(uct_scopy_ep_progress_tx+0x55)[0x148cdaaf73d5]
[bnode094:4018175] [10] /system/apps/ubuntu/22.04-202604/nvhpc/26.5/Linux_x86_64/26.5/comm_libs/13.2/hpcx/hpcx-2.50/ucx/mt/lib/libucs.so.0(ucs_arbiter_dispatch_nonempty+0xa3)[0x148c978b9653]
[bnode094:4018175] [11] /system/apps/ubuntu/22.04-202604/nvhpc/26.5/Linux_x86_64/26.5/comm_libs/13.2/hpcx/hpcx-2.50/ucx/mt/lib/libuct.so.0(uct_scopy_iface_progress+0x59)[0x148cdaaf6f49]
[bnode094:4018175] [12] /system/apps/ubuntu/22.04-202604/nvhpc/26.5/Linux_x86_64/26.5/comm_libs/13.2/hpcx/hpcx-2.50/ucx/mt/lib/libucp.so.0(ucp_worker_progress+0x6a)[0x148cda748d9a]
[bnode094:4018175] [13] /system/apps/ubuntu/22.04-202604/nvhpc/26.5/Linux_x86_64/26.5/comm_libs/13.2/hpcx/hpcx-2.50/ompi5/lib/libopen-pal.so.80(opal_progress+0x2c)[0x148c9442339c]
[bnode094:4018175] [14] /system/apps/ubuntu/22.04-202604/nvhpc/26.5/Linux_x86_64/26.5/comm_libs/13.2/hpcx/latest/ompi/lib/libmpi.so.40(ompi_request_default_wait_all+0x285)[0x148cd9e89a85]
[bnode094:4018175] [15] /system/apps/ubuntu/22.04-202604/nvhpc/26.5/Linux_x86_64/26.5/comm_libs/13.2/hpcx/latest/ompi/lib/libmpi.so.40(PMPI_Waitall+0x1d)[0x148cd9eb90fd]
[bnode094:4018175] [16] ../openmx[0x7b8b74]
[bnode094:4018175] [17] ../openmx[0x514a35]
[bnode094:4018175] [18] ../openmx[0x4d3c07]
[bnode094:4018175] [19] ../openmx[0x420e74]
[bnode094:4018175] [20] /lib/x86_64-linux-gnu/libc.so.6(+0x29d90)[0x148c94800d90]
[bnode094:4018175] [21] /lib/x86_64-linux-gnu/libc.so.6(__libc_start_main+0x80)[0x148c94800e40]
[bnode094:4018175] [22] ../openmx[0x41fa05]
[bnode094:4018175] *** End of error message ***
[bnode094:4018188:0:4018188]      cma_ep.c:88   process_vm_readv(pid=4018166 {0x14bd49904090,332672}-->{0x59e59590,332672}) returned -1: No such process
[bnode094:4018188] *** Process received signal ***
[bnode094:4018188] Signal: Aborted (6)
[bnode094:4018188] Signal code:  (-6)
[bnode094:4018188] [ 0] /lib/x86_64-linux-gnu/libc.so.6(+0x42520)[0x14c190619520]
[bnode094:4018188] [ 1] /lib/x86_64-linux-gnu/libc.so.6(pthread_kill+0x12c)[0x14c19066d9fc]
[bnode094:4018188] [ 2] /lib/x86_64-linux-gnu/libc.so.6(raise+0x16)[0x14c190619476]
[bnode094:4018188] [ 3] /lib/x86_64-linux-gnu/libc.so.6(abort+0xd3)[0x14c1905ff7f3]
[bnode094:4018188] [ 4] /system/apps/ubuntu/22.04-202604/nvhpc/26.5/Linux_x86_64/26.5/comm_libs/13.2/hpcx/hpcx-2.50/ucx/mt/lib/libucs.so.0(+0x62db5)[0x14c1d64c7db5]
[bnode094:4018188] [ 5] /system/apps/ubuntu/22.04-202604/nvhpc/26.5/Linux_x86_64/26.5/comm_libs/13.2/hpcx/hpcx-2.50/ucx/mt/lib/libucs.so.0(ucs_log_default_handler+0xf2e)[0x14c1d64cdb9e]
[bnode094:4018188] [ 6] /system/apps/ubuntu/22.04-202604/nvhpc/26.5/Linux_x86_64/26.5/comm_libs/13.2/hpcx/hpcx-2.50/ucx/mt/lib/libucs.so.0(ucs_log_dispatch+0xcc)[0x14c1d64cdf3c]
[bnode094:4018188] [ 7] /system/apps/ubuntu/22.04-202604/nvhpc/26.5/Linux_x86_64/26.5/comm_libs/13.2/hpcx/hpcx-2.50/ucx/mt/lib/ucx/libuct_cma.so.0(+0x3a43)[0x14c1d6141a43]
[bnode094:4018188] [ 8] /system/apps/ubuntu/22.04-202604/nvhpc/26.5/Linux_x86_64/26.5/comm_libs/13.2/hpcx/hpcx-2.50/ucx/mt/lib/ucx/libuct_cma.so.0(uct_cma_ep_tx+0x168)[0x14c1d6141bf8]
[bnode094:4018188] [ 9] /system/apps/ubuntu/22.04-202604/nvhpc/26.5/Linux_x86_64/26.5/comm_libs/13.2/hpcx/hpcx-2.50/ucx/mt/lib/libuct.so.0(uct_scopy_ep_progress_tx+0x55)[0x14c1d689d3d5]
[bnode094:4018188] [10] /system/apps/ubuntu/22.04-202604/nvhpc/26.5/Linux_x86_64/26.5/comm_libs/13.2/hpcx/hpcx-2.50/ucx/mt/lib/libucs.so.0(ucs_arbiter_dispatch_nonempty+0xa3)[0x14c1d64b9653]
[bnode094:4018188] [11] /system/apps/ubuntu/22.04-202604/nvhpc/26.5/Linux_x86_64/26.5/comm_libs/13.2/hpcx/hpcx-2.50/ucx/mt/lib/libuct.so.0(uct_scopy_iface_progress+0x59)[0x14c1d689cf49]
[bnode094:4018188] [12] /system/apps/ubuntu/22.04-202604/nvhpc/26.5/Linux_x86_64/26.5/comm_libs/13.2/hpcx/hpcx-2.50/ucx/mt/lib/libucp.so.0(ucp_worker_progress+0x6a)[0x14c1d691ad9a]
[bnode094:4018188] [13] /system/apps/ubuntu/22.04-202604/nvhpc/26.5/Linux_x86_64/26.5/comm_libs/13.2/hpcx/hpcx-2.50/ompi5/lib/libopen-pal.so.80(opal_progress+0x2c)[0x14c19022339c]
[bnode094:4018188] [14] /system/apps/ubuntu/22.04-202604/nvhpc/26.5/Linux_x86_64/26.5/comm_libs/13.2/hpcx/latest/ompi/lib/libmpi.so.40(ompi_request_default_wait_all+0x285)[0x14c1d5c89a85]
[bnode094:4018188] [15] /system/apps/ubuntu/22.04-202604/nvhpc/26.5/Linux_x86_64/26.5/comm_libs/13.2/hpcx/latest/ompi/lib/libmpi.so.40(PMPI_Waitall+0x1d)[0x14c1d5cb90fd]
[bnode094:4018188] [16] ../openmx[0x7b8b74]
[bnode094:4018188] [17] ../openmx[0x514a35]
[bnode094:4018188] [18] ../openmx[0x4d3c07]
[bnode094:4018188] [19] ../openmx[0x420e74]
[bnode094:4018188] [20] /lib/x86_64-linux-gnu/libc.so.6(+0x29d90)[0x14c190600d90]
[bnode094:4018188] [21] /lib/x86_64-linux-gnu/libc.so.6(__libc_start_main+0x80)[0x14c190600e40]
[bnode094:4018188] [22] ../openmx[0x41fa05]
[bnode094:4018188] *** End of error message ***
[bnode094:4018174:0:4018174]      cma_ep.c:88   process_vm_readv(pid=4018166 {0x67f68680,320000}-->{0x592f6a10,320000}) returned -1: No such process
[bnode094:4018174] *** Process received signal ***
[bnode094:4018174] Signal: Aborted (6)
[bnode094:4018174] Signal code:  (-6)
[bnode094:4018174] [ 0] /lib/x86_64-linux-gnu/libc.so.6(+0x42520)[0x15000a819520]
[bnode094:4018174] [ 1] /lib/x86_64-linux-gnu/libc.so.6(pthread_kill+0x12c)[0x15000a86d9fc]
[bnode094:4018174] [ 2] /lib/x86_64-linux-gnu/libc.so.6(raise+0x16)[0x15000a819476]
[bnode094:4018174] [ 3] /lib/x86_64-linux-gnu/libc.so.6(abort+0xd3)[0x15000a7ff7f3]
[bnode094:4018174] [ 4] /system/apps/ubuntu/22.04-202604/nvhpc/26.5/Linux_x86_64/26.5/comm_libs/13.2/hpcx/hpcx-2.50/ucx/mt/lib/libucs.so.0(+0x62db5)[0x15000d8c7db5]
[bnode094:4018174] [ 5] /system/apps/ubuntu/22.04-202604/nvhpc/26.5/Linux_x86_64/26.5/comm_libs/13.2/hpcx/hpcx-2.50/ucx/mt/lib/libucs.so.0(ucs_log_default_handler+0xf2e)[0x15000d8cdb9e]
[bnode094:4018174] [ 6] /system/apps/ubuntu/22.04-202604/nvhpc/26.5/Linux_x86_64/26.5/comm_libs/13.2/hpcx/hpcx-2.50/ucx/mt/lib/libucs.so.0(ucs_log_dispatch+0xcc)[0x15000d8cdf3c]
[bnode094:4018174] [ 7] /system/apps/ubuntu/22.04-202604/nvhpc/26.5/Linux_x86_64/26.5/comm_libs/13.2/hpcx/hpcx-2.50/ucx/mt/lib/ucx/libuct_cma.so.0(+0x3a43)[0x1500503a1a43]
[bnode094:4018174] [ 8] /system/apps/ubuntu/22.04-202604/nvhpc/26.5/Linux_x86_64/26.5/comm_libs/13.2/hpcx/hpcx-2.50/ucx/mt/lib/ucx/libuct_cma.so.0(uct_cma_ep_tx+0x168)[0x1500503a1bf8]
[bnode094:4018174] [ 9] /system/apps/ubuntu/22.04-202604/nvhpc/26.5/Linux_x86_64/26.5/comm_libs/13.2/hpcx/hpcx-2.50/ucx/mt/lib/libuct.so.0(uct_scopy_ep_progress_tx+0x55)[0x150050aac3d5]
[bnode094:4018174] [10] /system/apps/ubuntu/22.04-202604/nvhpc/26.5/Linux_x86_64/26.5/comm_libs/13.2/hpcx/hpcx-2.50/ucx/mt/lib/libucs.so.0(ucs_arbiter_dispatch_nonempty+0xa3)[0x15000d8b9653]
[bnode094:4018174] [11] /system/apps/ubuntu/22.04-202604/nvhpc/26.5/Linux_x86_64/26.5/comm_libs/13.2/hpcx/hpcx-2.50/ucx/mt/lib/libuct.so.0(uct_scopy_iface_progress+0x59)[0x150050aabf49]
[bnode094:4018174] [12] /system/apps/ubuntu/22.04-202604/nvhpc/26.5/Linux_x86_64/26.5/comm_libs/13.2/hpcx/hpcx-2.50/ucx/mt/lib/libucp.so.0(ucp_worker_progress+0x6a)[0x150050748d9a]
[bnode094:4018174] [13] /system/apps/ubuntu/22.04-202604/nvhpc/26.5/Linux_x86_64/26.5/comm_libs/13.2/hpcx/hpcx-2.50/ompi5/lib/libopen-pal.so.80(opal_progress+0x2c)[0x15000a42339c]
[bnode094:4018174] [14] /system/apps/ubuntu/22.04-202604/nvhpc/26.5/Linux_x86_64/26.5/comm_libs/13.2/hpcx/latest/ompi/lib/libmpi.so.40(ompi_request_default_wait_all+0x285)[0x15004fe89a85]
[bnode094:4018174] [15] /system/apps/ubuntu/22.04-202604/nvhpc/26.5/Linux_x86_64/26.5/comm_libs/13.2/hpcx/latest/ompi/lib/libmpi.so.40(PMPI_Waitall+0x1d)[0x15004feb90fd]
[bnode094:4018174] [16] ../openmx[0x7b8b74]
[bnode094:4018174] [17] ../openmx[0x514a35]
[bnode094:4018174] [18] ../openmx[0x4d3c07]
[bnode094:4018174] [19] ../openmx[0x420e74]
[bnode094:4018174] [20] /lib/x86_64-linux-gnu/libc.so.6(+0x29d90)[0x15000a800d90]
[bnode094:4018174] [21] /lib/x86_64-linux-gnu/libc.so.6(__libc_start_main+0x80)[0x15000a800e40]
[bnode094:4018174] [22] ../openmx[0x41fa05]
[bnode094:4018174] *** End of error message ***
[bnode094:4018185:0:4018185]      cma_ep.c:88   process_vm_readv(pid=4018166 {0x14aaee37ddf0,500096}-->{0x59cdf410,500096}) returned -1: No such process
[bnode094:4018185] *** Process received signal ***
[bnode094:4018185] Signal: Aborted (6)
[bnode094:4018185] Signal code:  (-6)
[bnode094:4018185] [ 0] /lib/x86_64-linux-gnu/libc.so.6(+0x42520)[0x14af35219520]
[bnode094:4018185] [ 1] /lib/x86_64-linux-gnu/libc.so.6(pthread_kill+0x12c)[0x14af3526d9fc]
[bnode094:4018185] [ 2] /lib/x86_64-linux-gnu/libc.so.6(raise+0x16)[0x14af35219476]
[bnode094:4018185] [ 3] /lib/x86_64-linux-gnu/libc.so.6(abort+0xd3)[0x14af351ff7f3]
[bnode094:4018185] [ 4] /system/apps/ubuntu/22.04-202604/nvhpc/26.5/Linux_x86_64/26.5/comm_libs/13.2/hpcx/hpcx-2.50/ucx/mt/lib/libucs.so.0(+0x62db5)[0x14af382c7db5]
[bnode094:4018185] [ 5] /system/apps/ubuntu/22.04-202604/nvhpc/26.5/Linux_x86_64/26.5/comm_libs/13.2/hpcx/hpcx-2.50/ucx/mt/lib/libucs.so.0(ucs_log_default_handler+0xf2e)[0x14af382cdb9e]
[bnode094:4018185] [ 6] /system/apps/ubuntu/22.04-202604/nvhpc/26.5/Linux_x86_64/26.5/comm_libs/13.2/hpcx/hpcx-2.50/ucx/mt/lib/libucs.so.0(ucs_log_dispatch+0xcc)[0x14af382cdf3c]
[bnode094:4018185] [ 7] /system/apps/ubuntu/22.04-202604/nvhpc/26.5/Linux_x86_64/26.5/comm_libs/13.2/hpcx/hpcx-2.50/ucx/mt/lib/ucx/libuct_cma.so.0(+0x3a43)[0x14af7b069a43]
[bnode094:4018185] [ 8] /system/apps/ubuntu/22.04-202604/nvhpc/26.5/Linux_x86_64/26.5/comm_libs/13.2/hpcx/hpcx-2.50/ucx/mt/lib/ucx/libuct_cma.so.0(uct_cma_ep_tx+0x168)[0x14af7b069bf8]
[bnode094:4018185] [ 9] /system/apps/ubuntu/22.04-202604/nvhpc/26.5/Linux_x86_64/26.5/comm_libs/13.2/hpcx/hpcx-2.50/ucx/mt/lib/libuct.so.0(uct_scopy_ep_progress_tx+0x55)[0x14af7b4f73d5]
[bnode094:4018185] [10] /system/apps/ubuntu/22.04-202604/nvhpc/26.5/Linux_x86_64/26.5/comm_libs/13.2/hpcx/hpcx-2.50/ucx/mt/lib/libucs.so.0(ucs_arbiter_dispatch_nonempty+0xa3)[0x14af382b9653]
[bnode094:4018185] [11] /system/apps/ubuntu/22.04-202604/nvhpc/26.5/Linux_x86_64/26.5/comm_libs/13.2/hpcx/hpcx-2.50/ucx/mt/lib/libuct.so.0(uct_scopy_iface_progress+0x59)[0x14af7b4f6f49]
[bnode094:4018185] [12] /system/apps/ubuntu/22.04-202604/nvhpc/26.5/Linux_x86_64/26.5/comm_libs/13.2/hpcx/hpcx-2.50/ucx/mt/lib/libucp.so.0(ucp_worker_progress+0x6a)[0x14af7b148d9a]
[bnode094:4018185] [13] /system/apps/ubuntu/22.04-202604/nvhpc/26.5/Linux_x86_64/26.5/comm_libs/13.2/hpcx/hpcx-2.50/ompi5/lib/libopen-pal.so.80(opal_progress+0x2c)[0x14af34e2339c]
[bnode094:4018185] [14] /system/apps/ubuntu/22.04-202604/nvhpc/26.5/Linux_x86_64/26.5/comm_libs/13.2/hpcx/latest/ompi/lib/libmpi.so.40(ompi_request_default_wait_all+0x285)[0x14af7a889a85]
[bnode094:4018185] [15] /system/apps/ubuntu/22.04-202604/nvhpc/26.5/Linux_x86_64/26.5/comm_libs/13.2/hpcx/latest/ompi/lib/libmpi.so.40(PMPI_Waitall+0x1d)[0x14af7a8b90fd]
[bnode094:4018185] [16] ../openmx[0x7b8b74]
[bnode094:4018185] [17] ../openmx[0x514a35]
[bnode094:4018185] [18] ../openmx[0x4d3c07]
[bnode094:4018185] [19] ../openmx[0x420e74]
[bnode094:4018185] [20] /lib/x86_64-linux-gnu/libc.so.6(+0x29d90)[0x14af35200d90]
[bnode094:4018185] [21] /lib/x86_64-linux-gnu/libc.so.6(__libc_start_main+0x80)[0x14af35200e40]
[bnode094:4018185] [22] ../openmx[0x41fa05]
[bnode094:4018185] *** End of error message ***
[bnode094:4018168:0:4018168]      cma_ep.c:88   process_vm_readv(pid=4018166 {0x4bc02a40,159104}-->{0x58dd2d10,159104}) returned -1: No such process
[bnode094:4018168] *** Process received signal ***
[bnode094:4018168] Signal: Aborted (6)
[bnode094:4018168] Signal code:  (-6)
[bnode094:4018168] [ 0] /lib/x86_64-linux-gnu/libc.so.6(+0x42520)[0x14a38ae19520]
[bnode094:4018168] [ 1] /lib/x86_64-linux-gnu/libc.so.6(pthread_kill+0x12c)[0x14a38ae6d9fc]
[bnode094:4018168] [ 2] /lib/x86_64-linux-gnu/libc.so.6(raise+0x16)[0x14a38ae19476]
[bnode094:4018168] [ 3] /lib/x86_64-linux-gnu/libc.so.6(abort+0xd3)[0x14a38adff7f3]
[bnode094:4018168] [ 4] /system/apps/ubuntu/22.04-202604/nvhpc/26.5/Linux_x86_64/26.5/comm_libs/13.2/hpcx/hpcx-2.50/ucx/mt/lib/libucs.so.0(+0x62db5)[0x14a38dec7db5]
[bnode094:4018168] [ 5] /system/apps/ubuntu/22.04-202604/nvhpc/26.5/Linux_x86_64/26.5/comm_libs/13.2/hpcx/hpcx-2.50/ucx/mt/lib/libucs.so.0(ucs_log_default_handler+0xf2e)[0x14a38decdb9e]
[bnode094:4018168] [ 6] /system/apps/ubuntu/22.04-202604/nvhpc/26.5/Linux_x86_64/26.5/comm_libs/13.2/hpcx/hpcx-2.50/ucx/mt/lib/libucs.so.0(ucs_log_dispatch+0xcc)[0x14a38decdf3c]
[bnode094:4018168] [ 7] /system/apps/ubuntu/22.04-202604/nvhpc/26.5/Linux_x86_64/26.5/comm_libs/13.2/hpcx/hpcx-2.50/ucx/mt/lib/ucx/libuct_cma.so.0(+0x3a43)[0x14a3d097fa43]
[bnode094:4018168] [ 8] /system/apps/ubuntu/22.04-202604/nvhpc/26.5/Linux_x86_64/26.5/comm_libs/13.2/hpcx/hpcx-2.50/ucx/mt/lib/ucx/libuct_cma.so.0(uct_cma_ep_tx+0x168)[0x14a3d097fbf8]
[bnode094:4018168] [ 9] /system/apps/ubuntu/22.04-202604/nvhpc/26.5/Linux_x86_64/26.5/comm_libs/13.2/hpcx/hpcx-2.50/ucx/mt/lib/libuct.so.0(uct_scopy_ep_progress_tx+0x55)[0x14a3d10c93d5]
[bnode094:4018168] [10] /system/apps/ubuntu/22.04-202604/nvhpc/26.5/Linux_x86_64/26.5/comm_libs/13.2/hpcx/hpcx-2.50/ucx/mt/lib/libucs.so.0(ucs_arbiter_dispatch_nonempty+0xa3)[0x14a38deb9653]
[bnode094:4018168] [11] /system/apps/ubuntu/22.04-202604/nvhpc/26.5/Linux_x86_64/26.5/comm_libs/13.2/hpcx/hpcx-2.50/ucx/mt/lib/libuct.so.0(uct_scopy_iface_progress+0x59)[0x14a3d10c8f49]
[bnode094:4018168] [12] /system/apps/ubuntu/22.04-202604/nvhpc/26.5/Linux_x86_64/26.5/comm_libs/13.2/hpcx/hpcx-2.50/ucx/mt/lib/libucp.so.0(ucp_worker_progress+0x6a)[0x14a3d0d48d9a]
[bnode094:4018168] [13] /system/apps/ubuntu/22.04-202604/nvhpc/26.5/Linux_x86_64/26.5/comm_libs/13.2/hpcx/hpcx-2.50/ompi5/lib/libopen-pal.so.80(opal_progress+0x2c)[0x14a38aa2339c]
[bnode094:4018168] [14] /system/apps/ubuntu/22.04-202604/nvhpc/26.5/Linux_x86_64/26.5/comm_libs/13.2/hpcx/latest/ompi/lib/libmpi.so.40(ompi_request_default_wait_all+0x285)[0x14a3d0489a85]
[bnode094:4018168] [15] /system/apps/ubuntu/22.04-202604/nvhpc/26.5/Linux_x86_64/26.5/comm_libs/13.2/hpcx/latest/ompi/lib/libmpi.so.40(PMPI_Waitall+0x1d)[0x14a3d04b90fd]
[bnode094:4018168] [16] ../openmx[0x7b8b74]
[bnode094:4018168] [17] ../openmx[0x514a35]
[bnode094:4018168] [18] ../openmx[0x4d3c07]
[bnode094:4018168] [19] ../openmx[0x420e74]
[bnode094:4018168] [20] /lib/x86_64-linux-gnu/libc.so.6(+0x29d90)[0x14a38ae00d90]
[bnode094:4018168] [21] /lib/x86_64-linux-gnu/libc.so.6(__libc_start_main+0x80)[0x14a38ae00e40]
[bnode094:4018168] [22] ../openmx[0x41fa05]
[bnode094:4018168] *** End of error message ***
--------------------------------------------------------------------------
prterun noticed that process rank 0 with PID 4018166 on node bnode094 exited on
signal 9 (Killed).
--------------------------------------------------------------------------
