***********************************************************
***********************************************************

  This calculation was performed by OpenMX Ver. 4.0 GPU
  using 48 MPI processes and 1 OpenMP threads.

  Thu Aug 27 10:37:44 2026

***********************************************************
***********************************************************

#
#      File Name      
#

System.CurrrentDirectory         ./    # default=./
System.Name                      Graphite4
level.of.stdout                   1    # default=1 (1-3)
level.of.fileout                  1    # default=1 (0-2)

#
# Definition of Atomic Species
#

Species.Number       1
<Definition.of.Atomic.Species
 C   C5.0-s2p2   C_PBE19
Definition.of.Atomic.Species>

#
# Atoms
#

Atoms.Number         4
Atoms.SpeciesAndCoordinates.Unit   Ang # Ang|AU
<Atoms.SpeciesAndCoordinates           # Unit=Ang.
 1  C  0.000000000  0.000000000  0.000000000  2.0 2.0
 2  C  2.840000000  0.000000000  0.000000000  2.0 2.0
 3  C  0.710000000  1.229756000  0.000000000  2.0 2.0
 4  C  2.130000000  1.229756000  0.000000000  2.0 2.0
Atoms.SpeciesAndCoordinates>
Atoms.UnitVectors.Unit             Ang #  Ang|AU
<Atoms.UnitVectors                     # unit=Ang.
4.26000000000000 0.00000000000000  0.00000000000000
0.00000000000000 2.45951214674781  0.00000000000000
0.00000000000000 0.00000000000000 10.00000000000000
Atoms.UnitVectors>

#
# SCF or Electronic System
#

scf.XcType                 GGA-PBE     # LDA|LSDA-CA|LSDA-PW|GGA-PBE
scf.SpinPolarization       Off         # On|Off|NC
scf.ElectronicTemperature  300.0       # default=300 (K)
scf.energycutoff           150.0       # default=150 (Ry)
scf.maxIter                100         # default=40
scf.EigenvalueSolver       band        # DC|GDC|Cluster|Band
scf.Kgrid                 5 5 1        # means 4x4x4
scf.Mixing.Type           rmm-diis     # Simple|Rmm-Diis|Gr-Pulay|Kerker|Rmm-Diisk
scf.Init.Mixing.Weight     0.010       # default=0.30 
scf.Min.Mixing.Weight      0.001       # default=0.001 
scf.Max.Mixing.Weight      0.002       # default=0.40 
scf.Mixing.History          7          # default=5
scf.Mixing.StartPulay       5          # default=6
scf.criterion             1.0e-9       # default=1.0e-6 (Hartree) 
scf.eigen.lib             gpusolver

#
# MD or Geometry Optimization
#

MD.Type                     nomd       # Nomd|Opt|NVE|NVT_VS|NVT_NH
MD.maxIter                   1         # default=1
MD.TimeStep                0.5         # default=0.5 (fs)
MD.Opt.criterion          1.0e-4       # default=1.0e-4 (Hartree/bohr)


***********************************************************
***********************************************************

  Required cutoff energy (Ryd) for 3D-grids = 150.0000
      Used cutoff energy (Ryd) for 3D-grids = 155.9491, 148.0298, 155.4621
  Num. of grids of a-, b-, and c-axes = 32, 18, 75

  Num.Grid1.    32
  Num.Grid2.    18
  Num.Grid3.    75


  Cell_Volume =    707.058061397437 (Bohr^3)
  GridVol     =      0.016367084755 (Bohr^3)
  Cell vectors (bohr) of the grid cell (gtv)
    gtv_a =  0.251569772230,  0.000000000000,  0.000000000000
    gtv_b =  0.000000000000,  0.258211334607,  0.000000000000
    gtv_c =  0.000000000000,  0.000000000000,  0.251963465144
    |gtv_a| =  0.251569772230
    |gtv_b| =  0.258211334607
    |gtv_c| =  0.251963465144

***********************************************************
***********************************************************


***********************************************************
***********************************************************
                  SCF history at MD= 1                    
***********************************************************
***********************************************************

   SCF=   1  NormRD=  1.000000000000  Uele= -6.143694477600
   SCF=   2  NormRD=  0.412689208674  Uele= -6.147300920618
   SCF=   3  NormRD=  0.176574023531  Uele= -7.961858557451
   SCF=   4  NormRD=  0.176226297764  Uele= -7.961937875048
   SCF=   5  NormRD=  0.175738676352  Uele= -7.960369050664
   SCF=   6  NormRD=  0.175252404397  Uele= -7.958804561692
   SCF=   7  NormRD=  0.002281735725  Uele= -7.394319307819
   SCF=   8  NormRD=  0.000508819922  Uele= -7.397202485591
   SCF=   9  NormRD=  0.000137288216  Uele= -7.395840175206
   SCF=  10  NormRD=  0.000031716246  Uele= -7.395619423158
   SCF=  11  NormRD=  0.000000207137  Uele= -7.395545773932
   SCF=  12  NormRD=  0.000000002649  Uele= -7.395546242039
   SCF=  13  NormRD=  0.000000002661  Uele= -7.395546237040
   SCF=  14  NormRD=  0.000000000038  Uele= -7.395546237301

*******************************************************
        Total energy (Hartree) at MD = 1        
*******************************************************

  Uele.         -7.395546237301

  Ukin.         16.946667358114
  UH0.        -205.149225762334
  UH1.           0.050889699766
  Una.         -11.516265779794
  Unl.          -2.244593394860
  Uxc0.         -3.886833831807
  Uxc1.         -3.886833831807
  Ucore.       186.366267826204
  Uhub.          0.000000000000
  Ucs.           0.000000000000
  Uzs.           0.000000000000
  Uzo.           0.000000000000
  Uef.           0.000000000000
  UvdW.          0.000000000000
  Uch.           0.000000000000
  Utot.        -23.319927716519

  UpV.           0.000000000000
  Enpy.        -23.319927716519
  Note:

  Utot = Ukin+UH0+UH1+Una+Unl+Uxc0+Uxc1+Ucore+Uhub+Ucs+Uzs+Uzo+Uef+UvdW+Uch

  Uele:   band energy
  Ukin:   kinetic energy
  UH0:    electric part of screened Coulomb energy
  UH1:    difference electron-electron Coulomb energy
  Una:    neutral atom potential energy
  Unl:    non-local potential energy
  Uxc0:   exchange-correlation energy for alpha spin
  Uxc1:   exchange-correlation energy for beta spin
  Ucore:  core-core Coulomb energy
  Uhub:   LDA+U energy
  Ucs:    constraint energy for spin orientation
  Uzs:    Zeeman term for spin magnetic moment
  Uzo:    Zeeman term for orbital magnetic moment
  Uef:    electric energy by electric field
  UvdW:   semi-empirical vdW energy
  Uch:    penalty term to create a core hole

  UpV:    pressure times volume
  Enpy:   Enthalpy = Utot + UpV
  (see also PRB 72, 045121(2005) for the energy contributions)



  Chemical potential (Hartree)      -0.114281124552

***********************************************************
***********************************************************
           Eigenvalues (Hartree) of SCF KS-eq.           
***********************************************************
***********************************************************

   Chemical Potential (Hartree) =  -0.11428112455178
   Number of States             =  16.00000000000000
   Eigenvalues
              Up-spin           Down-spin

   kloop=0
   k1=   0.00000 k2=  -0.00000 k3=   0.00000

    1   -0.84627653506684  -0.84627653506684
    2   -0.65266980203586  -0.65266980203586
    3   -0.61643268952489  -0.61643268952489
    4   -0.40324119876919  -0.40324119876919
    5   -0.36604834613986  -0.36604834613986
    6   -0.23511744082227  -0.23511744082227
    7   -0.23495562646021  -0.23495562646021
    8   -0.20640374438152  -0.20640374438152
    9   -0.03749365205350  -0.03749365205350
   10    0.25350814672501   0.25350814672501
   11    0.25555860909462   0.25555860909462
   12    0.25568815892285   0.25568815892285
   13    0.31527672071803   0.31527672071803
   14    0.41690837477439   0.41690837477439
   15    0.50899464591393   0.50899464591393
   16    0.54582305332920   0.54582305332920
   17    0.60140593535393   0.60140593535393
   18    0.63006901088498   0.63006901088498
   19    0.63033761502908   0.63033761502908
   20    0.66144945096880   0.66144945096880
   21    0.73640733541420   0.73640733541420
   22    1.06094945348148   1.06094945348148
   23    1.23590670533235   1.23590670533235
   24    1.98729161149285   1.98729161149285
   25    1.98846964595476   1.98846964595476
   26    2.15887250844740   2.15887250844740
   27    2.34302802070171   2.34302802070171
   28    2.34333724273348   2.34333724273348
   29    3.83503307973839   3.83503307973839
   30    4.01170161953418   4.01170161953418
   31    4.25176815758469   4.25176815758469
   32    9.17177355190136   9.17177355190136

   kloop=1
   k1=   0.00000 k2=   0.20000 k3=   0.00000

    1   -0.82050189174090  -0.82050189174090
    2   -0.63039358643523  -0.63039358643523
    3   -0.59542589538681  -0.59542589538681
    4   -0.45430828780908  -0.45430828780908
    5   -0.37148040065327  -0.37148040065327
    6   -0.32104750801010  -0.32104750801010
    7   -0.28994467708128  -0.28994467708128
    8   -0.17310628812285  -0.17310628812285
    9   -0.05877600394220  -0.05877600394220
   10    0.24551505739282   0.24551505739282
   11    0.28534696485753   0.28534696485753
   12    0.34897166478285   0.34897166478285
   13    0.36152314067883   0.36152314067883
   14    0.45340838176892   0.45340838176892
   15    0.51326471060717   0.51326471060717
   16    0.52524860646257   0.52524860646257
   17    0.54971177642227   0.54971177642227
   18    0.58104352641234   0.58104352641234
   19    0.74896826916117   0.74896826916117
   20    0.75567601759457   0.75567601759457
   21    0.76544538171553   0.76544538171553
   22    1.07637744225771   1.07637744225771
   23    1.16425506562879   1.16425506562879
   24    1.24741903443407   1.24741903443407
   25    1.57642710216164   1.57642710216164
   26    1.60647399755096   1.60647399755096
   27    2.29287908947703   2.29287908947703
   28    2.81269597072064   2.81269597072064
   29    3.60509886271463   3.60509886271463
   30    4.08911633985564   4.08911633985564
   31    4.88942773070123   4.88942773070123
   32    8.01755916521761   8.01755916521761

   kloop=2
   k1=   0.00000 k2=   0.40000 k3=   0.00000

    1   -0.74404880132874  -0.74404880132874
    2   -0.62630416567536  -0.62630416567536
    3   -0.56412882133716  -0.56412882133716
    4   -0.50403115865168  -0.50403115865168
    5   -0.45662280897881  -0.45662280897881
    6   -0.40286638180545  -0.40286638180545
    7   -0.28029968734991  -0.28029968734991
    8   -0.15374708747859  -0.15374708747859
    9   -0.07471644650906  -0.07471644650906
   10    0.07954045693554   0.07954045693554
   11    0.35891345339505   0.35891345339505
   12    0.40160903601932   0.40160903601932
   13    0.44301556664642   0.44301556664642
   14    0.45506923641000   0.45506923641000
   15    0.55825037722760   0.55825037722760
   16    0.58765516345123   0.58765516345123
   17    0.59529581397429   0.59529581397429
   18    0.65058386346064   0.65058386346064
   19    0.75096883281662   0.75096883281662
   20    0.79431187646734   0.79431187646734
   21    0.81709373116276   0.81709373116276
   22    0.96730555899740   0.96730555899740
   23    1.01778810790674   1.01778810790674
   24    1.09417994891648   1.09417994891648
   25    1.21706798431114   1.21706798431114
   26    1.42212808726064   1.42212808726064
   27    2.71340538003287   2.71340538003287
   28    3.25067587499135   3.25067587499135
   29    3.34072708283032   3.34072708283032
   30    3.64104197561874   3.64104197561874
   31    6.33017857074827   6.33017857074827
   32    7.89351833196587   7.89351833196587

   kloop=3
   k1=   0.20000 k2=  -0.00000 k3=   0.00000

    1   -0.83770877407591  -0.83770877407591
    2   -0.71093737596233  -0.71093737596233
    3   -0.54513871427091  -0.54513871427091
    4   -0.39260244862920  -0.39260244862920
    5   -0.35710633330107  -0.35710633330107
    6   -0.26984972933699  -0.26984972933699
    7   -0.25372791654403  -0.25372791654403
    8   -0.24742674026722  -0.24742674026722
    9    0.01845585671604   0.01845585671604
   10    0.25549432166697   0.25549432166697
   11    0.26337429166364   0.26337429166364
   12    0.29191066008068   0.29191066008068
   13    0.30068183684443   0.30068183684443
   14    0.42142837564053   0.42142837564053
   15    0.51400235127567   0.51400235127567
   16    0.54624777366613   0.54624777366613
   17    0.57432928801970   0.57432928801970
   18    0.59785224416631   0.59785224416631
   19    0.61874856014111   0.61874856014111
   20    0.62111096967879   0.62111096967879
   21    0.80646178063769   0.80646178063769
   22    1.05270352283778   1.05270352283778
   23    1.26335352826610   1.26335352826610
   24    1.45093000189422   1.45093000189422
   25    1.65918631165517   1.65918631165517
   26    2.22921965644467   2.22921965644467
   27    2.32310103715974   2.32310103715974
   28    2.49542742875902   2.49542742875902
   29    3.55632553816946   3.55632553816946
   30    3.80259162478797   3.80259162478797
   31    4.28154426862676   4.28154426862676
   32    8.65166416081982   8.65166416081982

   kloop=4
   k1=   0.20000 k2=   0.20000 k3=   0.00000

    1   -0.81190088212872  -0.81190088212872
    2   -0.68678819183733  -0.68678819183733
    3   -0.53022240575431  -0.53022240575431
    4   -0.44301406102289  -0.44301406102289
    5   -0.36109926012066  -0.36109926012066
    6   -0.35206933211136  -0.35206933211136
    7   -0.29317501431367  -0.29317501431367
    8   -0.21733479642671  -0.21733479642671
    9   -0.00630751832695  -0.00630751832695
   10    0.22256158115371   0.22256158115371
   11    0.26772432331322   0.26772432331322
   12    0.36550022381096   0.36550022381096
   13    0.40436779293341   0.40436779293341
   14    0.45598434124765   0.45598434124765
   15    0.46297965512573   0.46297965512573
   16    0.52994019414638   0.52994019414638
   17    0.55652175258349   0.55652175258349
   18    0.59526021712698   0.59526021712698
   19    0.66400567653334   0.66400567653334
   20    0.73450171929485   0.73450171929485
   21    0.85327384733616   0.85327384733616
   22    1.03773097953469   1.03773097953469
   23    1.13050464517468   1.13050464517468
   24    1.32000133534221   1.32000133534221
   25    1.39375452347796   1.39375452347796
   26    1.45424688703761   1.45424688703761
   27    2.26423647106691   2.26423647106691
   28    2.88870759748321   2.88870759748321
   29    3.50003016798248   3.50003016798248
   30    4.14305958447887   4.14305958447887
   31    6.47167834378315   6.47167834378315
   32    7.35442122652283   7.35442122652283

   kloop=5
   k1=   0.20000 k2=   0.40000 k3=   0.00000

    1   -0.73567151922861  -0.73567151922861
    2   -0.63014580118807  -0.63014580118807
    3   -0.59576711602811  -0.59576711602811
    4   -0.49517178081625  -0.49517178081625
    5   -0.45419923945568  -0.45419923945568
    6   -0.37214047107512  -0.37214047107512
    7   -0.27190183057792  -0.27190183057792
    8   -0.17309284446903  -0.17309284446903
    9   -0.05877367905755  -0.05877367905755
   10    0.06104700434651   0.06104700434651
   11    0.29161834728780   0.29161834728780
   12    0.36169710780136   0.36169710780136
   13    0.48868249747521   0.48868249747521
   14    0.51314202910996   0.51314202910996
   15    0.58110588698982   0.58110588698982
   16    0.59209318086345   0.59209318086345
   17    0.59947197325586   0.59947197325586
   18    0.63582095085874   0.63582095085874
   19    0.74912612913080   0.74912612913080
   20    0.75549066999548   0.75549066999548
   21    0.76537870229241   0.76537870229241
   22    0.89566928665767   0.89566928665767
   23    1.03339215225294   1.03339215225294
   24    1.07610596576553   1.07610596576553
   25    1.24762226463116   1.24762226463116
   26    1.34769279863924   1.34769279863924
   27    2.42841512345318   2.42841512345318
   28    2.81439223190160   2.81439223190160
   29    3.60421351733330   3.60421351733330
   30    3.75442988049068   3.75442988049068
   31    7.44157120654616   7.44157120654616
   32    8.01831601952712   8.01831601952712

   kloop=6
   k1=   0.20000 k2=   0.60000 k3=   0.00000

    1   -0.73567151922758  -0.73567151922758
    2   -0.63014580118827  -0.63014580118827
    3   -0.59576711602831  -0.59576711602831
    4   -0.49517178081767  -0.49517178081767
    5   -0.45419923945501  -0.45419923945501
    6   -0.37214047107598  -0.37214047107598
    7   -0.27190183057683  -0.27190183057683
    8   -0.17309284446934  -0.17309284446934
    9   -0.05877367905730  -0.05877367905730
   10    0.06104700434483   0.06104700434483
   11    0.29161834728841   0.29161834728841
   12    0.36169710780071   0.36169710780071
   13    0.48868249747556   0.48868249747556
   14    0.51314202911046   0.51314202911046
   15    0.58110588699011   0.58110588699011
   16    0.59209318086437   0.59209318086437
   17    0.59947197325666   0.59947197325666
   18    0.63582095086058   0.63582095086058
   19    0.74912612912994   0.74912612912994
   20    0.75549066999531   0.75549066999531
   21    0.76537870229177   0.76537870229177
   22    0.89566928665568   0.89566928665568
   23    1.03339215225350   1.03339215225350
   24    1.07610596576607   1.07610596576607
   25    1.24762226463126   1.24762226463126
   26    1.34769279863800   1.34769279863800
   27    2.42841512347809   2.42841512347809
   28    2.81439223190414   2.81439223190414
   29    3.60421351729030   3.60421351729030
   30    3.75442988066558   3.75442988066558
   31    7.44157120702553   7.44157120702553
   32    8.01831601996797   8.01831601996797

   kloop=7
   k1=   0.20000 k2=   0.80000 k3=   0.00000

    1   -0.81190088212818  -0.81190088212818
    2   -0.68678819183691  -0.68678819183691
    3   -0.53022240575404  -0.53022240575404
    4   -0.44301406102415  -0.44301406102415
    5   -0.36109926012006  -0.36109926012006
    6   -0.35206933211277  -0.35206933211277
    7   -0.29317501431434  -0.29317501431434
    8   -0.21733479642615  -0.21733479642615
    9   -0.00630751832752  -0.00630751832752
   10    0.22256158115231   0.22256158115231
   11    0.26772432331335   0.26772432331335
   12    0.36550022381277   0.36550022381277
   13    0.40436779293519   0.40436779293519
   14    0.45598434124842   0.45598434124842
   15    0.46297965512444   0.46297965512444
   16    0.52994019414668   0.52994019414668
   17    0.55652175258383   0.55652175258383
   18    0.59526021712716   0.59526021712716
   19    0.66400567653442   0.66400567653442
   20    0.73450171929594   0.73450171929594
   21    0.85327384733662   0.85327384733662
   22    1.03773097953558   1.03773097953558
   23    1.13050464517240   1.13050464517240
   24    1.32000133534141   1.32000133534141
   25    1.39375452346833   1.39375452346833
   26    1.45424688703685   1.45424688703685
   27    2.26423647106986   2.26423647106986
   28    2.88870759754816   2.88870759754816
   29    3.50003016800613   3.50003016800613
   30    4.14305958469818   4.14305958469818
   31    6.47167834412592   6.47167834412592
   32    7.35442122694669   7.35442122694669

   kloop=8
   k1=   0.40000 k2=  -0.00000 k3=   0.00000

    1   -0.81189779016462  -0.81189779016462
    2   -0.76923824238879  -0.76923824238879
    3   -0.44955499861068  -0.44955499861068
    4   -0.36110276938518  -0.36110276938518
    5   -0.35197996753336  -0.35197996753336
    6   -0.33141237909601  -0.33141237909601
    7   -0.31053384274951  -0.31053384274951
    8   -0.29326929317057  -0.29326929317057
    9    0.12172973971313   0.12172973971313
   10    0.22255533264341   0.22255533264341
   11    0.26138965584829   0.26138965584829
   12    0.26747483005611   0.26747483005611
   13    0.40442185062407   0.40442185062407
   14    0.45604826514967   0.45604826514967
   15    0.51635744461508   0.51635744461508
   16    0.52231525644352   0.52231525644352
   17    0.52994611184681   0.52994611184681
   18    0.55654889228348   0.55654889228348
   19    0.55782097023666   0.55782097023666
   20    0.58638847994761   0.58638847994761
   21    0.98663133946269   0.98663133946269
   22    1.05632442109988   1.05632442109988
   23    1.13057071577287   1.13057071577287
   24    1.33643074430814   1.33643074430814
   25    1.39371852683901   1.39371852683901
   26    1.45430303699389   1.45430303699389
   27    2.26364470477266   2.26364470477266
   28    2.28773269641060   2.28773269641060
   29    3.88764202695542   3.88764202695542
   30    4.14259173203858   4.14259173203858
   31    6.47692805838619   6.47692805838619
   32    8.09080995050915   8.09080995050915

   kloop=9
   k1=   0.40000 k2=   0.20000 k3=   0.00000

    1   -0.78623985025165  -0.78623985025165
    2   -0.74405941834303  -0.74405941834303
    3   -0.45642022493844  -0.45642022493844
    4   -0.40307828790573  -0.40307828790573
    5   -0.40182226877686  -0.40182226877686
    6   -0.33741308704934  -0.33741308704934
    7   -0.33015517497001  -0.33015517497001
    8   -0.28030539163682  -0.28030539163682
    9    0.07953388198768   0.07953388198768
   10    0.16141296938989   0.16141296938989
   11    0.29753610751251   0.29753610751251
   12    0.35907988678610   0.35907988678610
   13    0.40127182152062   0.40127182152062
   14    0.41055836004551   0.41055836004551
   15    0.54072899182272   0.54072899182272
   16    0.55075256442925   0.55075256442925
   17    0.56882297265503   0.56882297265503
   18    0.58764528409869   0.58764528409869
   19    0.59535389288482   0.59535389288482
   20    0.65075889074033   0.65075889074033
   21    0.96719734694887   0.96719734694887
   22    1.01799843952044   1.01799843952044
   23    1.05187999836791   1.05187999836791
   24    1.12598448396355   1.12598448396355
   25    1.42194874787630   1.42194874787630
   26    1.45672125133644   1.45672125133644
   27    2.36288348368779   2.36288348368779
   28    2.71362173216820   2.71362173216820
   29    3.64046071580623   3.64046071580623
   30    3.98118110991494   3.98118110991494
   31    6.27499625136171   6.27499625136171
   32    6.32790929599128   6.32790929599128

   kloop=10
   k1=   0.40000 k2=   0.40000 k3=   0.00000

    1   -0.71090534085307  -0.71090534085307
    2   -0.67146247927979  -0.67146247927979
    3   -0.58345459779723  -0.58345459779723
    4   -0.54524666240084  -0.54524666240084
    5   -0.39023843743318  -0.39023843743318
    6   -0.35702100594832  -0.35702100594832
    7   -0.24741307671065  -0.24741307671065
    8   -0.21099341325088  -0.21099341325088
    9   -0.02503089985895  -0.02503089985895
   10    0.01847655744352   0.01847655744352
   11    0.25585582212858   0.25585582212858
   12    0.28676775901476   0.28676775901476
   13    0.55133484721274   0.55133484721274
   14    0.57421063588916   0.57421063588916
   15    0.59788537287873   0.59788537287873
   16    0.61509331086787   0.61509331086787
   17    0.61873362693028   0.61873362693028
   18    0.62106849650407   0.62106849650407
   19    0.64797037708791   0.64797037708791
   20    0.69710559310622   0.69710559310622
   21    0.76711600163818   0.76711600163818
   22    0.80634729840744   0.80634729840744
   23    1.05253830926512   1.05253830926512
   24    1.05541801830016   1.05541801830016
   25    1.26339813138993   1.26339813138993
   26    1.26941958415620   1.26941958415620
   27    2.23037575373670   2.23037575373670
   28    2.35419285863437   2.35419285863437
   29    3.76632790078846   3.76632790078846
   30    3.80301091712513   3.80301091712513
   31    8.42458154449362   8.42458154449362
   32    8.64375063746322   8.64375063746322

   kloop=11
   k1=   0.40000 k2=   0.60000 k3=   0.00000

    1   -0.71090534085204  -0.71090534085204
    2   -0.67146247927895  -0.67146247927895
    3   -0.58345459779846  -0.58345459779846
    4   -0.54524666240228  -0.54524666240228
    5   -0.39023843743286  -0.39023843743286
    6   -0.35702100594854  -0.35702100594854
    7   -0.24741307670969  -0.24741307670969
    8   -0.21099341325036  -0.21099341325036
    9   -0.02503089985977  -0.02503089985977
   10    0.01847655744213   0.01847655744213
   11    0.25585582212867   0.25585582212867
   12    0.28676775901413   0.28676775901413
   13    0.55133484721399   0.55133484721399
   14    0.57421063588979   0.57421063588979
   15    0.59788537287925   0.59788537287925
   16    0.61509331086808   0.61509331086808
   17    0.61873362693094   0.61873362693094
   18    0.62106849650535   0.62106849650535
   19    0.64797037708824   0.64797037708824
   20    0.69710559310588   0.69710559310588
   21    0.76711600163662   0.76711600163662
   22    0.80634729840588   0.80634729840588
   23    1.05253830926542   1.05253830926542
   24    1.05541801830096   1.05541801830096
   25    1.26339813138940   1.26339813138940
   26    1.26941958415499   1.26941958415499
   27    2.23037575377283   2.23037575377283
   28    2.35419285859020   2.35419285859020
   29    3.76632790068306   3.76632790068306
   30    3.80301091731375   3.80301091731375
   31    8.42458154416622   8.42458154416622
   32    8.64375063872039   8.64375063872039

   kloop=12
   k1=   0.40000 k2=   0.80000 k3=   0.00000

    1   -0.78623985025108  -0.78623985025108
    2   -0.74405941834258  -0.74405941834258
    3   -0.45642022493901  -0.45642022493901
    4   -0.40307828790635  -0.40307828790635
    5   -0.40182226877822  -0.40182226877822
    6   -0.33741308704952  -0.33741308704952
    7   -0.33015517496941  -0.33015517496941
    8   -0.28030539163626  -0.28030539163626
    9    0.07953388198681   0.07953388198681
   10    0.16141296938869   0.16141296938869
   11    0.29753610751218   0.29753610751218
   12    0.35907988678662   0.35907988678662
   13    0.40127182152051   0.40127182152051
   14    0.41055836004738   0.41055836004738
   15    0.54072899182350   0.54072899182350
   16    0.55075256442953   0.55075256442953
   17    0.56882297265557   0.56882297265557
   18    0.58764528409912   0.58764528409912
   19    0.59535389288545   0.59535389288545
   20    0.65075889074137   0.65075889074137
   21    0.96719734694795   0.96719734694795
   22    1.01799843952066   1.01799843952066
   23    1.05187999836726   1.05187999836726
   24    1.12598448395917   1.12598448395917
   25    1.42194874787394   1.42194874787394
   26    1.45672125133818   1.45672125133818
   27    2.36288348369360   2.36288348369360
   28    2.71362173223453   2.71362173223453
   29    3.64046071562511   3.64046071562511
   30    3.98118111014022   3.98118111014022
   31    6.27499625158362   6.27499625158362
   32    6.32790929624382   6.32790929624382

***********************************************************
***********************************************************
                   Mulliken populations                    
***********************************************************
***********************************************************

  Total spin moment (muB)   0.000000000

                    Up spin      Down spin     Sum           Diff
      1    C      2.000000000  2.000000000   4.000000000   0.000000000
      2    C      2.000000000  2.000000000   4.000000000   0.000000000
      3    C      2.000000000  2.000000000   4.000000000   0.000000000
      4    C      2.000000000  2.000000000   4.000000000   0.000000000

 Sum of MulP: up   =     8.00000 down          =     8.00000
              total=    16.00000 ideal(neutral)=    16.00000


  Decomposed Mulliken populations

    1    C          Up spin      Down spin     Sum           Diff
            multiple
  s           0    0.558981208  0.558981208   1.117962416   0.000000000
   sum over m      0.558981208  0.558981208   1.117962416   0.000000000
  s           1    0.009486469  0.009486469   0.018972938   0.000000000
   sum over m      0.009486469  0.009486469   0.018972938   0.000000000
   sum over m+mul  0.568467677  0.568467677   1.136935354   0.000000000
  px          0    0.450270813  0.450270813   0.900541626   0.000000000
  py          0    0.450738644  0.450738644   0.901477288   0.000000000
  pz          0    0.507998782  0.507998782   1.015997564   0.000000000
   sum over m      1.409008239  1.409008239   2.818016479   0.000000000
  px          1    0.015045503  0.015045503   0.030091005   0.000000000
  py          1    0.015477363  0.015477363   0.030954726   0.000000000
  pz          1   -0.007998782 -0.007998782  -0.015997564   0.000000000
   sum over m      0.022524084  0.022524084   0.045048167   0.000000000
   sum over m+mul  1.431532323  1.431532323   2.863064646   0.000000000

    2    C          Up spin      Down spin     Sum           Diff
            multiple
  s           0    0.558981208  0.558981208   1.117962416   0.000000000
   sum over m      0.558981208  0.558981208   1.117962416   0.000000000
  s           1    0.009486469  0.009486469   0.018972938   0.000000000
   sum over m      0.009486469  0.009486469   0.018972938   0.000000000
   sum over m+mul  0.568467677  0.568467677   1.136935354   0.000000000
  px          0    0.450270813  0.450270813   0.900541627   0.000000000
  py          0    0.450738644  0.450738644   0.901477288   0.000000000
  pz          0    0.507998782  0.507998782   1.015997564   0.000000000
   sum over m      1.409008239  1.409008239   2.818016479   0.000000000
  px          1    0.015045503  0.015045503   0.030091006   0.000000000
  py          1    0.015477363  0.015477363   0.030954726   0.000000000
  pz          1   -0.007998782 -0.007998782  -0.015997564   0.000000000
   sum over m      0.022524084  0.022524084   0.045048167   0.000000000
   sum over m+mul  1.431532323  1.431532323   2.863064646   0.000000000

    3    C          Up spin      Down spin     Sum           Diff
            multiple
  s           0    0.558981208  0.558981208   1.117962416   0.000000000
   sum over m      0.558981208  0.558981208   1.117962416   0.000000000
  s           1    0.009486469  0.009486469   0.018972938   0.000000000
   sum over m      0.009486469  0.009486469   0.018972938   0.000000000
   sum over m+mul  0.568467677  0.568467677   1.136935354   0.000000000
  px          0    0.450270813  0.450270813   0.900541627   0.000000000
  py          0    0.450738644  0.450738644   0.901477288   0.000000000
  pz          0    0.507998782  0.507998782   1.015997564   0.000000000
   sum over m      1.409008239  1.409008239   2.818016479   0.000000000
  px          1    0.015045503  0.015045503   0.030091006   0.000000000
  py          1    0.015477363  0.015477363   0.030954726   0.000000000
  pz          1   -0.007998782 -0.007998782  -0.015997564   0.000000000
   sum over m      0.022524084  0.022524084   0.045048167   0.000000000
   sum over m+mul  1.431532323  1.431532323   2.863064646   0.000000000

    4    C          Up spin      Down spin     Sum           Diff
            multiple
  s           0    0.558981208  0.558981208   1.117962416   0.000000000
   sum over m      0.558981208  0.558981208   1.117962416   0.000000000
  s           1    0.009486469  0.009486469   0.018972938   0.000000000
   sum over m      0.009486469  0.009486469   0.018972938   0.000000000
   sum over m+mul  0.568467677  0.568467677   1.136935354   0.000000000
  px          0    0.450270813  0.450270813   0.900541626   0.000000000
  py          0    0.450738644  0.450738644   0.901477288   0.000000000
  pz          0    0.507998782  0.507998782   1.015997564   0.000000000
   sum over m      1.409008239  1.409008239   2.818016479   0.000000000
  px          1    0.015045503  0.015045503   0.030091005   0.000000000
  py          1    0.015477363  0.015477363   0.030954726   0.000000000
  pz          1   -0.007998782 -0.007998782  -0.015997564   0.000000000
   sum over m      0.022524084  0.022524084   0.045048167   0.000000000
   sum over m+mul  1.431532323  1.431532323   2.863064646   0.000000000

***********************************************************
***********************************************************
                    Dipole moment (Debye)                  
***********************************************************
***********************************************************

 Absolute D        0.00004516

                      Dx                Dy                Dz
 Total             -0.00004144       -0.00001794        0.00000000
 Core             109.12885846       47.25417904        0.00000000
 Electron        -109.12889990      -47.25419698        0.00000000
 Back ground       -0.00000000       -0.00000000        0.00000000

***********************************************************
***********************************************************
       xyz-coordinates (Ang) and forces (Hartree/Bohr)  
***********************************************************
***********************************************************

<coordinates.forces
  4
    1     C     0.00000   0.00000   0.00000  -0.003738461969 -0.000000068172 -0.000000000000
    2     C     2.84000   0.00000   0.00000   0.003738461969 -0.000000068172 -0.000000000000
    3     C     0.71000   1.22976   0.00000   0.003738461969  0.000000068172  0.000000000000
    4     C     2.13000   1.22976   0.00000  -0.003738461969  0.000000068172  0.000000000000
coordinates.forces>

***********************************************************
***********************************************************
       Fractional coordinates of the final structure       
***********************************************************
***********************************************************

     1      C     0.00000000000000   0.00000000000000   0.00000000000000
     2      C     0.66666666666667   0.00000000000000   0.00000000000000
     3      C     0.16666666666667   0.49999997016729   0.00000000000000
     4      C     0.50000000000000   0.49999997016729   0.00000000000000

***********************************************************
***********************************************************
               Computational Time (second)                 
***********************************************************
***********************************************************

   Elapsed.Time.         3.225

                               Min_ID   Min_Time       Max_ID   Max_Time
   Total Computational Time =     7        3.160          0        3.225
   readfile                 =     1        2.272          0        2.273
   truncation               =    33        0.029          1        0.031
   MD_pac                   =     0        0.001          1        0.002
   OutData                  =    12        0.269          0        0.333
   HWF                      =     0        0.000          0        0.000
   DFT                      =     1        0.584         33        0.586

*** In DFT ***

   Set_OLP_Kin              =     1        0.076          3        0.127
   Set_Nonlocal             =     3        0.012          1        0.062
   Set_ProExpn_VNA          =    33        0.013          0        0.022
   Set_Hamiltonian          =    35        0.091          0        0.091
   Poisson                  =     0        0.007          2        0.007
   Diagonalization          =     0        0.080         21        0.119
   Mixing_DM                =     1        0.001         23        0.001
   Force                    =    14        0.028         31        0.028
   Total_Energy             =     1        0.009          0        0.010
   Set_Aden_Grid            =     0        0.004         46        0.006
   Set_Orbitals_Grid        =    21        0.000          0        0.004
   Set_Density_Grid         =     5        0.041         46        0.042
   RestartFileDFT           =     1        0.024          0        0.067
   Mulliken_Charge          =    31        0.002         24        0.002
   FFT(2D)_Density          =     0        0.000          0        0.000
   Others                   =    37        0.074          1        0.128
