***********************************************************
***********************************************************

  This calculation was performed by OpenMX Ver. 4.0 GPU
  using 18 MPI processes and 1 OpenMP threads.

  Thu May 14 19:29:32 2026

***********************************************************
***********************************************************

#
#      File Name      
#

System.CurrrentDirectory         ./    # default=./
System.Name                      Graphite4
level.of.stdout                   1    # default=1 (1-3)
level.of.fileout                  1    # default=1 (0-2)

#
# Definition of Atomic Species
#

Species.Number       1
<Definition.of.Atomic.Species
 C   C5.0-s2p2   C_PBE19
Definition.of.Atomic.Species>

#
# Atoms
#

Atoms.Number         4
Atoms.SpeciesAndCoordinates.Unit   Ang # Ang|AU
<Atoms.SpeciesAndCoordinates           # Unit=Ang.
 1  C  0.000000000  0.000000000  0.000000000  2.0 2.0
 2  C  2.840000000  0.000000000  0.000000000  2.0 2.0
 3  C  0.710000000  1.229756000  0.000000000  2.0 2.0
 4  C  2.130000000  1.229756000  0.000000000  2.0 2.0
Atoms.SpeciesAndCoordinates>
Atoms.UnitVectors.Unit             Ang #  Ang|AU
<Atoms.UnitVectors                     # unit=Ang.
4.26000000000000 0.00000000000000  0.00000000000000
0.00000000000000 2.45951214674781  0.00000000000000
0.00000000000000 0.00000000000000 10.00000000000000
Atoms.UnitVectors>

#
# SCF or Electronic System
#

scf.XcType                 GGA-PBE     # LDA|LSDA-CA|LSDA-PW|GGA-PBE
scf.SpinPolarization       Off         # On|Off|NC
scf.ElectronicTemperature  300.0       # default=300 (K)
scf.energycutoff           150.0       # default=150 (Ry)
scf.maxIter                100         # default=40
scf.EigenvalueSolver       band        # DC|GDC|Cluster|Band
scf.Kgrid                 5 5 1        # means 4x4x4
scf.Mixing.Type           rmm-diis     # Simple|Rmm-Diis|Gr-Pulay|Kerker|Rmm-Diisk
scf.Init.Mixing.Weight     0.010       # default=0.30 
scf.Min.Mixing.Weight      0.001       # default=0.001 
scf.Max.Mixing.Weight      0.002       # default=0.40 
scf.Mixing.History          7          # default=5
scf.Mixing.StartPulay       5          # default=6
scf.criterion             1.0e-9       # default=1.0e-6 (Hartree) 
scf.eigen.lib             cusolver

#
# MD or Geometry Optimization
#

MD.Type                     nomd       # Nomd|Opt|NVE|NVT_VS|NVT_NH
MD.maxIter                   1         # default=1
MD.TimeStep                0.5         # default=0.5 (fs)
MD.Opt.criterion          1.0e-4       # default=1.0e-4 (Hartree/bohr)


***********************************************************
***********************************************************

  Required cutoff energy (Ryd) for 3D-grids = 150.0000
      Used cutoff energy (Ryd) for 3D-grids = 155.9491, 148.0298, 155.4621
  Num. of grids of a-, b-, and c-axes = 32, 18, 75

  Num.Grid1.    32
  Num.Grid2.    18
  Num.Grid3.    75


  Cell_Volume =    707.058061397437 (Bohr^3)
  GridVol     =      0.016367084755 (Bohr^3)
  Cell vectors (bohr) of the grid cell (gtv)
    gtv_a =  0.251569772230,  0.000000000000,  0.000000000000
    gtv_b =  0.000000000000,  0.258211334607,  0.000000000000
    gtv_c =  0.000000000000,  0.000000000000,  0.251963465144
    |gtv_a| =  0.251569772230
    |gtv_b| =  0.258211334607
    |gtv_c| =  0.251963465144

***********************************************************
***********************************************************


***********************************************************
***********************************************************
                  SCF history at MD= 1                    
***********************************************************
***********************************************************

   SCF=   1  NormRD=  1.000000000000  Uele= -6.143694477600
   SCF=   2  NormRD=  0.412689208674  Uele= -6.147300920618
   SCF=   3  NormRD=  0.176574023531  Uele= -7.961858557451
   SCF=   4  NormRD=  0.176226297764  Uele= -7.961937875048
   SCF=   5  NormRD=  0.175738676352  Uele= -7.960369050664
   SCF=   6  NormRD=  0.175252404397  Uele= -7.958804561692
   SCF=   7  NormRD=  0.002281735719  Uele= -7.394319307758
   SCF=   8  NormRD=  0.000508819806  Uele= -7.397202485164
   SCF=   9  NormRD=  0.000137288112  Uele= -7.395840174841
   SCF=  10  NormRD=  0.000031715374  Uele= -7.395619421787
   SCF=  11  NormRD=  0.000000207027  Uele= -7.395545773998
   SCF=  12  NormRD=  0.000000002748  Uele= -7.395546242148
   SCF=  13  NormRD=  0.000000002750  Uele= -7.395546236988
   SCF=  14  NormRD=  0.000000000048  Uele= -7.395546237285

*******************************************************
        Total energy (Hartree) at MD = 1        
*******************************************************

  Uele.         -7.395546237285

  Ukin.         16.946667358122
  UH0.        -205.149225762336
  UH1.           0.050889699766
  Una.         -11.516265779798
  Unl.          -2.244593394863
  Uxc0.         -3.886833831808
  Uxc1.         -3.886833831808
  Ucore.       186.366267826204
  Uhub.          0.000000000000
  Ucs.           0.000000000000
  Uzs.           0.000000000000
  Uzo.           0.000000000000
  Uef.           0.000000000000
  UvdW.          0.000000000000
  Uch.           0.000000000000
  Utot.        -23.319927716521

  UpV.           0.000000000000
  Enpy.        -23.319927716521
  Note:

  Utot = Ukin+UH0+UH1+Una+Unl+Uxc0+Uxc1+Ucore+Uhub+Ucs+Uzs+Uzo+Uef+UvdW+Uch

  Uele:   band energy
  Ukin:   kinetic energy
  UH0:    electric part of screened Coulomb energy
  UH1:    difference electron-electron Coulomb energy
  Una:    neutral atom potential energy
  Unl:    non-local potential energy
  Uxc0:   exchange-correlation energy for alpha spin
  Uxc1:   exchange-correlation energy for beta spin
  Ucore:  core-core Coulomb energy
  Uhub:   LDA+U energy
  Ucs:    constraint energy for spin orientation
  Uzs:    Zeeman term for spin magnetic moment
  Uzo:    Zeeman term for orbital magnetic moment
  Uef:    electric energy by electric field
  UvdW:   semi-empirical vdW energy
  Uch:    penalty term to create a core hole

  UpV:    pressure times volume
  Enpy:   Enthalpy = Utot + UpV
  (see also PRB 72, 045121(2005) for the energy contributions)



  Chemical potential (Hartree)      -0.114281124552

***********************************************************
***********************************************************
           Eigenvalues (Hartree) of SCF KS-eq.           
***********************************************************
***********************************************************

   Chemical Potential (Hartree) =  -0.11428112455178
   Number of States             =  16.00000000000000
   Eigenvalues
              Up-spin           Down-spin

   kloop=0
   k1=   0.00000 k2=  -0.00000 k3=   0.00000

    1   -0.84627653506584  -0.84627653506584
    2   -0.65266980203480  -0.65266980203480
    3   -0.61643268952384  -0.61643268952384
    4   -0.40324119876841  -0.40324119876841
    5   -0.36604834613872  -0.36604834613872
    6   -0.23511744082108  -0.23511744082108
    7   -0.23495562645903  -0.23495562645903
    8   -0.20640374438069  -0.20640374438069
    9   -0.03749365205268  -0.03749365205268
   10    0.25350814672611   0.25350814672611
   11    0.25555860909574   0.25555860909574
   12    0.25568815892398   0.25568815892398
   13    0.31527672071911   0.31527672071911
   14    0.41690837477548   0.41690837477548
   15    0.50899464591458   0.50899464591458
   16    0.54582305332977   0.54582305332977
   17    0.60140593535493   0.60140593535493
   18    0.63006901088581   0.63006901088581
   19    0.63033761502971   0.63033761502971
   20    0.66144945097011   0.66144945097011
   21    0.73640733541477   0.73640733541477
   22    1.06094945348208   1.06094945348208
   23    1.23590670533305   1.23590670533305
   24    1.98729161149369   1.98729161149369
   25    1.98846964595534   1.98846964595534
   26    2.15887250844847   2.15887250844847
   27    2.34302802070165   2.34302802070165
   28    2.34333724273362   2.34333724273362
   29    3.83503307973897   3.83503307973897
   30    4.01170161953560   4.01170161953560
   31    4.25176815758627   4.25176815758627
   32    9.17177355190206   9.17177355190206

   kloop=1
   k1=   0.00000 k2=   0.20000 k3=   0.00000

    1   -0.82050189173989  -0.82050189173989
    2   -0.63039358643417  -0.63039358643417
    3   -0.59542589538575  -0.59542589538575
    4   -0.45430828780798  -0.45430828780798
    5   -0.37148040065249  -0.37148040065249
    6   -0.32104750800895  -0.32104750800895
    7   -0.28994467708013  -0.28994467708013
    8   -0.17310628812202  -0.17310628812202
    9   -0.05877600394135  -0.05877600394135
   10    0.24551505739385   0.24551505739385
   11    0.28534696485864   0.28534696485864
   12    0.34897166478400   0.34897166478400
   13    0.36152314067994   0.36152314067994
   14    0.45340838177006   0.45340838177006
   15    0.51326471060829   0.51326471060829
   16    0.52524860646321   0.52524860646321
   17    0.54971177642278   0.54971177642278
   18    0.58104352641322   0.58104352641322
   19    0.74896826916175   0.74896826916175
   20    0.75567601759515   0.75567601759515
   21    0.76544538171679   0.76544538171679
   22    1.07637744225823   1.07637744225823
   23    1.16425506562949   1.16425506562949
   24    1.24741903443460   1.24741903443460
   25    1.57642710216229   1.57642710216229
   26    1.60647399755137   1.60647399755137
   27    2.29287908947748   2.29287908947748
   28    2.81269597072222   2.81269597072222
   29    3.60509886271553   3.60509886271553
   30    4.08911633985676   4.08911633985676
   31    4.88942773070110   4.88942773070110
   32    8.01755916521676   8.01755916521676

   kloop=2
   k1=   0.00000 k2=   0.40000 k3=   0.00000

    1   -0.74404880132771  -0.74404880132771
    2   -0.62630416567430  -0.62630416567430
    3   -0.56412882133608  -0.56412882133608
    4   -0.50403115865060  -0.50403115865060
    5   -0.45662280897771  -0.45662280897771
    6   -0.40286638180434  -0.40286638180434
    7   -0.28029968734911  -0.28029968734911
    8   -0.15374708747776  -0.15374708747776
    9   -0.07471644650821  -0.07471644650821
   10    0.07954045693645   0.07954045693645
   11    0.35891345339613   0.35891345339613
   12    0.40160903602046   0.40160903602046
   13    0.44301556664757   0.44301556664757
   14    0.45506923641109   0.45506923641109
   15    0.55825037722848   0.55825037722848
   16    0.58765516345188   0.58765516345188
   17    0.59529581397491   0.59529581397491
   18    0.65058386346188   0.65058386346188
   19    0.75096883281720   0.75096883281720
   20    0.79431187646866   0.79431187646866
   21    0.81709373116332   0.81709373116332
   22    0.96730555899789   0.96730555899789
   23    1.01778810790745   1.01778810790745
   24    1.09417994891697   1.09417994891697
   25    1.21706798431161   1.21706798431161
   26    1.42212808726126   1.42212808726126
   27    2.71340538003447   2.71340538003447
   28    3.25067587499215   3.25067587499215
   29    3.34072708283211   3.34072708283211
   30    3.64104197561937   3.64104197561937
   31    6.33017857074795   6.33017857074795
   32    7.89351833196721   7.89351833196721

   kloop=3
   k1=   0.20000 k2=  -0.00000 k3=   0.00000

    1   -0.83770877407490  -0.83770877407490
    2   -0.71093737596130  -0.71093737596130
    3   -0.54513871426983  -0.54513871426983
    4   -0.39260244862843  -0.39260244862843
    5   -0.35710633329993  -0.35710633329993
    6   -0.26984972933583  -0.26984972933583
    7   -0.25372791654286  -0.25372791654286
    8   -0.24742674026642  -0.24742674026642
    9    0.01845585671690   0.01845585671690
   10    0.25549432166806   0.25549432166806
   11    0.26337429166476   0.26337429166476
   12    0.29191066008174   0.29191066008174
   13    0.30068183684559   0.30068183684559
   14    0.42142837564163   0.42142837564163
   15    0.51400235127632   0.51400235127632
   16    0.54624777366667   0.54624777366667
   17    0.57432928802076   0.57432928802076
   18    0.59785224416695   0.59785224416695
   19    0.61874856014182   0.61874856014182
   20    0.62111096968008   0.62111096968008
   21    0.80646178063824   0.80646178063824
   22    1.05270352283849   1.05270352283849
   23    1.26335352826681   1.26335352826681
   24    1.45093000189492   1.45093000189492
   25    1.65918631165576   1.65918631165576
   26    2.22921965644556   2.22921965644556
   27    2.32310103716046   2.32310103716046
   28    2.49542742875989   2.49542742875989
   29    3.55632553816917   3.55632553816917
   30    3.80259162478958   3.80259162478958
   31    4.28154426862814   4.28154426862814
   32    8.65166416082421   8.65166416082421

   kloop=4
   k1=   0.20000 k2=   0.20000 k3=   0.00000

    1   -0.81190088212771  -0.81190088212771
    2   -0.68678819183628  -0.68678819183628
    3   -0.53022240575323  -0.53022240575323
    4   -0.44301406102179  -0.44301406102179
    5   -0.36109926011989  -0.36109926011989
    6   -0.35206933211023  -0.35206933211023
    7   -0.29317501431250  -0.29317501431250
    8   -0.21733479642589  -0.21733479642589
    9   -0.00630751832608  -0.00630751832608
   10    0.22256158115473   0.22256158115473
   11    0.26772432331431   0.26772432331431
   12    0.36550022381206   0.36550022381206
   13    0.40436779293461   0.40436779293461
   14    0.45598434124877   0.45598434124877
   15    0.46297965512685   0.46297965512685
   16    0.52994019414703   0.52994019414703
   17    0.55652175258400   0.55652175258400
   18    0.59526021712777   0.59526021712777
   19    0.66400567653395   0.66400567653395
   20    0.73450171929611   0.73450171929611
   21    0.85327384733670   0.85327384733670
   22    1.03773097953528   1.03773097953528
   23    1.13050464517544   1.13050464517544
   24    1.32000133534276   1.32000133534276
   25    1.39375452347840   1.39375452347840
   26    1.45424688703830   1.45424688703830
   27    2.26423647106760   2.26423647106760
   28    2.88870759748411   2.88870759748411
   29    3.50003016798314   3.50003016798314
   30    4.14305958447914   4.14305958447914
   31    6.47167834378382   6.47167834378382
   32    7.35442122652664   7.35442122652664

   kloop=5
   k1=   0.20000 k2=   0.40000 k3=   0.00000

    1   -0.73567151922758  -0.73567151922758
    2   -0.63014580118701  -0.63014580118701
    3   -0.59576711602705  -0.59576711602705
    4   -0.49517178081517  -0.49517178081517
    5   -0.45419923945458  -0.45419923945458
    6   -0.37214047107398  -0.37214047107398
    7   -0.27190183057713  -0.27190183057713
    8   -0.17309284446820  -0.17309284446820
    9   -0.05877367905671  -0.05877367905671
   10    0.06104700434740   0.06104700434740
   11    0.29161834728887   0.29161834728887
   12    0.36169710780245   0.36169710780245
   13    0.48868249747636   0.48868249747636
   14    0.51314202911110   0.51314202911110
   15    0.58110588699068   0.58110588699068
   16    0.59209318086408   0.59209318086408
   17    0.59947197325652   0.59947197325652
   18    0.63582095085997   0.63582095085997
   19    0.74912612913138   0.74912612913138
   20    0.75549066999605   0.75549066999605
   21    0.76537870229367   0.76537870229367
   22    0.89566928665819   0.89566928665819
   23    1.03339215225367   1.03339215225367
   24    1.07610596576606   1.07610596576606
   25    1.24762226463166   1.24762226463166
   26    1.34769279863987   1.34769279863987
   27    2.42841512345396   2.42841512345396
   28    2.81439223190221   2.81439223190221
   29    3.60421351733416   3.60421351733416
   30    3.75442988049204   3.75442988049204
   31    7.44157120654526   7.44157120654526
   32    8.01831601952963   8.01831601952963

   kloop=6
   k1=   0.20000 k2=   0.60000 k3=   0.00000

    1   -0.73567151922655  -0.73567151922655
    2   -0.63014580118721  -0.63014580118721
    3   -0.59576711602725  -0.59576711602725
    4   -0.49517178081658  -0.49517178081658
    5   -0.45419923945391  -0.45419923945391
    6   -0.37214047107484  -0.37214047107484
    7   -0.27190183057603  -0.27190183057603
    8   -0.17309284446850  -0.17309284446850
    9   -0.05877367905645  -0.05877367905645
   10    0.06104700434572   0.06104700434572
   11    0.29161834728948   0.29161834728948
   12    0.36169710780180   0.36169710780180
   13    0.48868249747670   0.48868249747670
   14    0.51314202911160   0.51314202911160
   15    0.58110588699097   0.58110588699097
   16    0.59209318086500   0.59209318086500
   17    0.59947197325732   0.59947197325732
   18    0.63582095086181   0.63582095086181
   19    0.74912612913052   0.74912612913052
   20    0.75549066999588   0.75549066999588
   21    0.76537870229305   0.76537870229305
   22    0.89566928665619   0.89566928665619
   23    1.03339215225423   1.03339215225423
   24    1.07610596576661   1.07610596576661
   25    1.24762226463177   1.24762226463177
   26    1.34769279863863   1.34769279863863
   27    2.42841512347918   2.42841512347918
   28    2.81439223190466   2.81439223190466
   29    3.60421351729253   3.60421351729253
   30    3.75442988066694   3.75442988066694
   31    7.44157120702723   7.44157120702723
   32    8.01831601997090   8.01831601997090

   kloop=7
   k1=   0.20000 k2=   0.80000 k3=   0.00000

    1   -0.81190088212716  -0.81190088212716
    2   -0.68678819183587  -0.68678819183587
    3   -0.53022240575296  -0.53022240575296
    4   -0.44301406102305  -0.44301406102305
    5   -0.36109926011928  -0.36109926011928
    6   -0.35206933211164  -0.35206933211164
    7   -0.29317501431317  -0.29317501431317
    8   -0.21733479642534  -0.21733479642534
    9   -0.00630751832665  -0.00630751832665
   10    0.22256158115332   0.22256158115332
   11    0.26772432331444   0.26772432331444
   12    0.36550022381387   0.36550022381387
   13    0.40436779293639   0.40436779293639
   14    0.45598434124953   0.45598434124953
   15    0.46297965512556   0.46297965512556
   16    0.52994019414733   0.52994019414733
   17    0.55652175258435   0.55652175258435
   18    0.59526021712795   0.59526021712795
   19    0.66400567653503   0.66400567653503
   20    0.73450171929720   0.73450171929720
   21    0.85327384733716   0.85327384733716
   22    1.03773097953617   1.03773097953617
   23    1.13050464517315   1.13050464517315
   24    1.32000133534197   1.32000133534197
   25    1.39375452346874   1.39375452346874
   26    1.45424688703752   1.45424688703752
   27    2.26423647107048   2.26423647107048
   28    2.88870759754935   2.88870759754935
   29    3.50003016800670   3.50003016800670
   30    4.14305958469928   4.14305958469928
   31    6.47167834412190   6.47167834412190
   32    7.35442122695044   7.35442122695044

   kloop=8
   k1=   0.40000 k2=  -0.00000 k3=   0.00000

    1   -0.81189779016360  -0.81189779016360
    2   -0.76923824238777  -0.76923824238777
    3   -0.44955499860958  -0.44955499860958
    4   -0.36110276938440  -0.36110276938440
    5   -0.35197996753222  -0.35197996753222
    6   -0.33141237909485  -0.33141237909485
    7   -0.31053384274873  -0.31053384274873
    8   -0.29326929316941  -0.29326929316941
    9    0.12172973971406   0.12172973971406
   10    0.22255533264442   0.22255533264442
   11    0.26138965584938   0.26138965584938
   12    0.26747483005721   0.26747483005721
   13    0.40442185062528   0.40442185062528
   14    0.45604826515077   0.45604826515077
   15    0.51635744461618   0.51635744461618
   16    0.52231525644476   0.52231525644476
   17    0.52994611184746   0.52994611184746
   18    0.55654889228402   0.55654889228402
   19    0.55782097023730   0.55782097023730
   20    0.58638847994819   0.58638847994819
   21    0.98663133946318   0.98663133946318
   22    1.05632442110068   1.05632442110068
   23    1.13057071577366   1.13057071577366
   24    1.33643074430886   1.33643074430886
   25    1.39371852683945   1.39371852683945
   26    1.45430303699460   1.45430303699460
   27    2.26364470477322   2.26364470477322
   28    2.28773269641129   2.28773269641129
   29    3.88764202695562   3.88764202695562
   30    4.14259173203896   4.14259173203896
   31    6.47692805838540   6.47692805838540
   32    8.09080995051091   8.09080995051091

   kloop=9
   k1=   0.40000 k2=   0.20000 k3=   0.00000

    1   -0.78623985025063  -0.78623985025063
    2   -0.74405941834200  -0.74405941834200
    3   -0.45642022493733  -0.45642022493733
    4   -0.40307828790462  -0.40307828790462
    5   -0.40182226877575  -0.40182226877575
    6   -0.33741308704820  -0.33741308704820
    7   -0.33015517496923  -0.33015517496923
    8   -0.28030539163602  -0.28030539163602
    9    0.07953388198859   0.07953388198859
   10    0.16141296939086   0.16141296939086
   11    0.29753610751360   0.29753610751360
   12    0.35907988678716   0.35907988678716
   13    0.40127182152178   0.40127182152178
   14    0.41055836004667   0.41055836004667
   15    0.54072899182391   0.54072899182391
   16    0.55075256442989   0.55075256442989
   17    0.56882297265557   0.56882297265557
   18    0.58764528409932   0.58764528409932
   19    0.59535389288545   0.59535389288545
   20    0.65075889074156   0.65075889074156
   21    0.96719734694936   0.96719734694936
   22    1.01799843952117   1.01799843952117
   23    1.05187999836870   1.05187999836870
   24    1.12598448396400   1.12598448396400
   25    1.42194874787690   1.42194874787690
   26    1.45672125133710   1.45672125133710
   27    2.36288348368835   2.36288348368835
   28    2.71362173216877   2.71362173216877
   29    3.64046071580650   3.64046071580650
   30    3.98118110991527   3.98118110991527
   31    6.27499625136349   6.27499625136349
   32    6.32790929599347   6.32790929599347

   kloop=10
   k1=   0.40000 k2=   0.40000 k3=   0.00000

    1   -0.71090534085203  -0.71090534085203
    2   -0.67146247927875  -0.67146247927875
    3   -0.58345459779616  -0.58345459779616
    4   -0.54524666239977  -0.54524666239977
    5   -0.39023843743205  -0.39023843743205
    6   -0.35702100594716  -0.35702100594716
    7   -0.24741307670984  -0.24741307670984
    8   -0.21099341325006  -0.21099341325006
    9   -0.02503089985812  -0.02503089985812
   10    0.01847655744438   0.01847655744438
   11    0.25585582212963   0.25585582212963
   12    0.28676775901582   0.28676775901582
   13    0.55133484721385   0.55133484721385
   14    0.57421063589025   0.57421063589025
   15    0.59788537287937   0.59788537287937
   16    0.61509331086867   0.61509331086867
   17    0.61873362693098   0.61873362693098
   18    0.62106849650534   0.62106849650534
   19    0.64797037708852   0.64797037708852
   20    0.69710559310746   0.69710559310746
   21    0.76711600163875   0.76711600163875
   22    0.80634729840800   0.80634729840800
   23    1.05253830926582   1.05253830926582
   24    1.05541801830077   1.05541801830077
   25    1.26339813139054   1.26339813139054
   26    1.26941958415676   1.26941958415676
   27    2.23037575373711   2.23037575373711
   28    2.35419285863475   2.35419285863475
   29    3.76632790078981   3.76632790078981
   30    3.80301091712756   3.80301091712756
   31    8.42458154449633   8.42458154449633
   32    8.64375063746826   8.64375063746826

   kloop=11
   k1=   0.40000 k2=   0.60000 k3=   0.00000

    1   -0.71090534085100  -0.71090534085100
    2   -0.67146247927790  -0.67146247927790
    3   -0.58345459779740  -0.58345459779740
    4   -0.54524666240121  -0.54524666240121
    5   -0.39023843743172  -0.39023843743172
    6   -0.35702100594739  -0.35702100594739
    7   -0.24741307670889  -0.24741307670889
    8   -0.21099341324953  -0.21099341324953
    9   -0.02503089985893  -0.02503089985893
   10    0.01847655744298   0.01847655744298
   11    0.25585582212972   0.25585582212972
   12    0.28676775901519   0.28676775901519
   13    0.55133484721511   0.55133484721511
   14    0.57421063589087   0.57421063589087
   15    0.59788537287988   0.59788537287988
   16    0.61509331086888   0.61509331086888
   17    0.61873362693164   0.61873362693164
   18    0.62106849650662   0.62106849650662
   19    0.64797037708885   0.64797037708885
   20    0.69710559310712   0.69710559310712
   21    0.76711600163719   0.76711600163719
   22    0.80634729840643   0.80634729840643
   23    1.05253830926613   1.05253830926613
   24    1.05541801830158   1.05541801830158
   25    1.26339813139000   1.26339813139000
   26    1.26941958415556   1.26941958415556
   27    2.23037575377344   2.23037575377344
   28    2.35419285859067   2.35419285859067
   29    3.76632790068556   3.76632790068556
   30    3.80301091731555   3.80301091731555
   31    8.42458154416827   8.42458154416827
   32    8.64375063872166   8.64375063872166

   kloop=12
   k1=   0.40000 k2=   0.80000 k3=   0.00000

    1   -0.78623985025007  -0.78623985025007
    2   -0.74405941834156  -0.74405941834156
    3   -0.45642022493790  -0.45642022493790
    4   -0.40307828790524  -0.40307828790524
    5   -0.40182226877710  -0.40182226877710
    6   -0.33741308704838  -0.33741308704838
    7   -0.33015517496863  -0.33015517496863
    8   -0.28030539163547  -0.28030539163547
    9    0.07953388198772   0.07953388198772
   10    0.16141296938965   0.16141296938965
   11    0.29753610751326   0.29753610751326
   12    0.35907988678769   0.35907988678769
   13    0.40127182152167   0.40127182152167
   14    0.41055836004854   0.41055836004854
   15    0.54072899182468   0.54072899182468
   16    0.55075256443017   0.55075256443017
   17    0.56882297265612   0.56882297265612
   18    0.58764528409975   0.58764528409975
   19    0.59535389288608   0.59535389288608
   20    0.65075889074261   0.65075889074261
   21    0.96719734694845   0.96719734694845
   22    1.01799843952138   1.01799843952138
   23    1.05187999836805   1.05187999836805
   24    1.12598448395964   1.12598448395964
   25    1.42194874787456   1.42194874787456
   26    1.45672125133881   1.45672125133881
   27    2.36288348369418   2.36288348369418
   28    2.71362173223500   2.71362173223500
   29    3.64046071562542   3.64046071562542
   30    3.98118111014043   3.98118111014043
   31    6.27499625158715   6.27499625158715
   32    6.32790929624775   6.32790929624775

***********************************************************
***********************************************************
                   Mulliken populations                    
***********************************************************
***********************************************************

  Total spin moment (muB)   0.000000000

                    Up spin      Down spin     Sum           Diff
      1    C      2.000000000  2.000000000   4.000000000   0.000000000
      2    C      2.000000000  2.000000000   4.000000000   0.000000000
      3    C      2.000000000  2.000000000   4.000000000   0.000000000
      4    C      2.000000000  2.000000000   4.000000000   0.000000000

 Sum of MulP: up   =     8.00000 down          =     8.00000
              total=    16.00000 ideal(neutral)=    16.00000


  Decomposed Mulliken populations

    1    C          Up spin      Down spin     Sum           Diff
            multiple
  s           0    0.558981208  0.558981208   1.117962416   0.000000000
   sum over m      0.558981208  0.558981208   1.117962416   0.000000000
  s           1    0.009486469  0.009486469   0.018972938   0.000000000
   sum over m      0.009486469  0.009486469   0.018972938   0.000000000
   sum over m+mul  0.568467677  0.568467677   1.136935354   0.000000000
  px          0    0.450270813  0.450270813   0.900541626   0.000000000
  py          0    0.450738644  0.450738644   0.901477289   0.000000000
  pz          0    0.507998782  0.507998782   1.015997564   0.000000000
   sum over m      1.409008239  1.409008239   2.818016479   0.000000000
  px          1    0.015045503  0.015045503   0.030091005   0.000000000
  py          1    0.015477363  0.015477363   0.030954726   0.000000000
  pz          1   -0.007998782 -0.007998782  -0.015997564   0.000000000
   sum over m      0.022524084  0.022524084   0.045048167   0.000000000
   sum over m+mul  1.431532323  1.431532323   2.863064646   0.000000000

    2    C          Up spin      Down spin     Sum           Diff
            multiple
  s           0    0.558981208  0.558981208   1.117962416   0.000000000
   sum over m      0.558981208  0.558981208   1.117962416   0.000000000
  s           1    0.009486469  0.009486469   0.018972938   0.000000000
   sum over m      0.009486469  0.009486469   0.018972938   0.000000000
   sum over m+mul  0.568467677  0.568467677   1.136935354   0.000000000
  px          0    0.450270814  0.450270814   0.900541627   0.000000000
  py          0    0.450738644  0.450738644   0.901477287   0.000000000
  pz          0    0.507998782  0.507998782   1.015997564   0.000000000
   sum over m      1.409008239  1.409008239   2.818016479   0.000000000
  px          1    0.015045503  0.015045503   0.030091006   0.000000000
  py          1    0.015477363  0.015477363   0.030954726   0.000000000
  pz          1   -0.007998782 -0.007998782  -0.015997564   0.000000000
   sum over m      0.022524084  0.022524084   0.045048167   0.000000000
   sum over m+mul  1.431532323  1.431532323   2.863064646   0.000000000

    3    C          Up spin      Down spin     Sum           Diff
            multiple
  s           0    0.558981208  0.558981208   1.117962416   0.000000000
   sum over m      0.558981208  0.558981208   1.117962416   0.000000000
  s           1    0.009486469  0.009486469   0.018972938   0.000000000
   sum over m      0.009486469  0.009486469   0.018972938   0.000000000
   sum over m+mul  0.568467677  0.568467677   1.136935354   0.000000000
  px          0    0.450270814  0.450270814   0.900541627   0.000000000
  py          0    0.450738644  0.450738644   0.901477287   0.000000000
  pz          0    0.507998782  0.507998782   1.015997564   0.000000000
   sum over m      1.409008239  1.409008239   2.818016479   0.000000000
  px          1    0.015045503  0.015045503   0.030091006   0.000000000
  py          1    0.015477363  0.015477363   0.030954726   0.000000000
  pz          1   -0.007998782 -0.007998782  -0.015997564   0.000000000
   sum over m      0.022524084  0.022524084   0.045048167   0.000000000
   sum over m+mul  1.431532323  1.431532323   2.863064646   0.000000000

    4    C          Up spin      Down spin     Sum           Diff
            multiple
  s           0    0.558981208  0.558981208   1.117962416   0.000000000
   sum over m      0.558981208  0.558981208   1.117962416   0.000000000
  s           1    0.009486469  0.009486469   0.018972938   0.000000000
   sum over m      0.009486469  0.009486469   0.018972938   0.000000000
   sum over m+mul  0.568467677  0.568467677   1.136935354   0.000000000
  px          0    0.450270813  0.450270813   0.900541626   0.000000000
  py          0    0.450738644  0.450738644   0.901477289   0.000000000
  pz          0    0.507998782  0.507998782   1.015997564   0.000000000
   sum over m      1.409008239  1.409008239   2.818016479   0.000000000
  px          1    0.015045503  0.015045503   0.030091005   0.000000000
  py          1    0.015477363  0.015477363   0.030954726   0.000000000
  pz          1   -0.007998782 -0.007998782  -0.015997564   0.000000000
   sum over m      0.022524084  0.022524084   0.045048167   0.000000000
   sum over m+mul  1.431532323  1.431532323   2.863064646   0.000000000

***********************************************************
***********************************************************
                    Dipole moment (Debye)                  
***********************************************************
***********************************************************

 Absolute D        0.00004516

                      Dx                Dy                Dz
 Total             -0.00004144       -0.00001794        0.00000000
 Core             109.12885846       47.25417904        0.00000000
 Electron        -109.12889990      -47.25419698        0.00000000
 Back ground       -0.00000000       -0.00000000        0.00000000

***********************************************************
***********************************************************
       xyz-coordinates (Ang) and forces (Hartree/Bohr)  
***********************************************************
***********************************************************

<coordinates.forces
  4
    1     C     0.00000   0.00000   0.00000  -0.003738461968 -0.000000068172 -0.000000000000
    2     C     2.84000   0.00000   0.00000   0.003738461969 -0.000000068172 -0.000000000000
    3     C     0.71000   1.22976   0.00000   0.003738461969  0.000000068172  0.000000000000
    4     C     2.13000   1.22976   0.00000  -0.003738461968  0.000000068172  0.000000000000
coordinates.forces>

***********************************************************
***********************************************************
       Fractional coordinates of the final structure       
***********************************************************
***********************************************************

     1      C     0.00000000000000   0.00000000000000   0.00000000000000
     2      C     0.66666666666667   0.00000000000000   0.00000000000000
     3      C     0.16666666666667   0.49999997016729   0.00000000000000
     4      C     0.50000000000000   0.49999997016729   0.00000000000000

***********************************************************
***********************************************************
               Computational Time (second)                 
***********************************************************
***********************************************************

   Elapsed.Time.         5.575

                               Min_ID   Min_Time       Max_ID   Max_Time
   Total Computational Time =     2        5.519          0        5.575
   readfile                 =     4        2.222          0        2.222
   truncation               =    16        0.164          0        0.171
   MD_pac                   =     0        0.030          2        0.048
   OutData                  =     2        0.155          0        0.211
   HWF                      =     0        0.000          0        0.000
   DFT                      =     1        2.922         16        2.929

*** In DFT ***

   Set_OLP_Kin              =     5        0.046          2        0.251
   Set_Nonlocal             =     2        0.118          5        0.323
   Set_ProExpn_VNA          =     7        0.263          0        0.468
   Set_Hamiltonian          =    12        0.533         11        0.533
   Poisson                  =     7        0.013          0        0.013
   Diagonalization          =     0        0.906          2        0.906
   Mixing_DM                =     1        0.003          2        0.003
   Force                    =     0        0.092         11        0.092
   Total_Energy             =    11        0.291          0        0.291
   Set_Aden_Grid            =     0        0.006          7        0.210
   Set_Orbitals_Grid        =     4        0.000          0        0.041
   Set_Density_Grid         =     8        0.129          2        0.130
   RestartFileDFT           =     2        0.002         12        0.065
   Mulliken_Charge          =    17        0.001          0        0.001
   FFT(2D)_Density          =     0        0.000          0        0.000
   Others                   =     3        0.007          6        0.118
