***********************************************************
***********************************************************

  This calculation was performed by OpenMX Ver. 4.0 GPU
  using 18 MPI processes and 1 OpenMP threads.

  Mon May 11 12:49:05 2026

***********************************************************
***********************************************************

#
#      File Name      
#

System.CurrrentDirectory         ./    # default=./
System.Name                      H2O-EF
level.of.stdout                   1    # default=1 (1-3)
level.of.fileout                  1    # default=1 (0-2)

#
# Definition of Atomic Species
#

Species.Number       2
<Definition.of.Atomic.Species
  H   H6.0-s1p1      H_PBE19
  O   O6.0-s1p1      O_PBE19
Definition.of.Atomic.Species>

#
# Atoms
#

Atoms.Number         3
Atoms.SpeciesAndCoordinates.Unit   Ang # Ang|AU
<Atoms.SpeciesAndCoordinates           # Unit=Ang.
 1  O   0.000  0.000  0.000  3.0 3.0
 2  H   0.757  0.586  0.000  0.5 0.5
 3  H  -0.757  0.586  0.000  0.5 0.5
Atoms.SpeciesAndCoordinates>
Atoms.UnitVectors.Unit             Ang #  Ang|AU
<Atoms.UnitVectors                     
  10.0   0.0   0.0  
   0.0  10.0   0.0  
   0.0   0.0  10.0  
Atoms.UnitVectors>

#
# SCF or Electronic System
#

scf.XcType                 GGA-PBE     # LDA|LSDA-CA|LSDA-PW|GGA-PBE
scf.SpinPolarization        off        # On|Off|NC
scf.ElectronicTemperature  100.0       # default=300 (K)
scf.energycutoff           150.0       # default=150 (Ry)
scf.maxIter                100         # default=40
scf.EigenvalueSolver     Cluster       # DC|GDC|Cluster|Band
scf.Kgrid                  1 1 1       # means 4x4x4
scf.Mixing.Type          rmm-diisk     # Simple|Rmm-Diis|Gr-Pulay|Kerker|Rmm-Diisk
scf.Init.Mixing.Weight     0.10        # default=0.30 
scf.Min.Mixing.Weight      0.010       # default=0.001 
scf.Max.Mixing.Weight      0.600       # default=0.40 
scf.Mixing.History         10          # default=5
scf.Mixing.StartPulay       6          # default=6
scf.criterion             1.0e-10      # default=1.0e-6 (Hartree)
scf.eigen.lib             cusolver
scf.Electric.Field      0.0 1.0 0.0    # default=0 0 0 (GV/m)
scf.lapack.dste            dstevx      # dstevx|dstedc|dstegr,default=dstevx
 
#
# MD or Geometry Optimization
#

MD.Type                     nomd       # Nomd|Opt|NVE|NVT_VS|NVT_NH
                                       # Constraint_Opt|DIIS2|Constraint_DIIS2
MD.maxIter                   1         # default=1
MD.TimeStep                1.0         # default=0.5 (fs)
MD.Opt.criterion          1.0e-14      # default=1.0e-4 (Hartree/bohr)
MD.Opt.DIIS_Mixing          0.01       # default=0.5


***********************************************************
***********************************************************

  Required cutoff energy (Ryd) for 3D-grids = 150.0000
      Used cutoff energy (Ryd) for 3D-grids = 155.4621, 155.4621, 155.4621
  Num. of grids of a-, b-, and c-axes = 75, 75, 75

  Num.Grid1.    75
  Num.Grid2.    75
  Num.Grid3.    75


  Cell_Volume =   6748.333037104149 (Bohr^3)
  GridVol     =      0.015996048681 (Bohr^3)
  Cell vectors (bohr) of the grid cell (gtv)
    gtv_a =  0.251963465144,  0.000000000000,  0.000000000000
    gtv_b =  0.000000000000,  0.251963465144,  0.000000000000
    gtv_c =  0.000000000000,  0.000000000000,  0.251963465144
    |gtv_a| =  0.251963465144
    |gtv_b| =  0.251963465144
    |gtv_c| =  0.251963465144

***********************************************************
***********************************************************


***********************************************************
***********************************************************
                  SCF history at MD= 1                    
***********************************************************
***********************************************************

   SCF=   1  NormRD=  1.000000000000  Uele= -5.201025196541
   SCF=   2  NormRD=  1.158977420783  Uele= -5.201025196541
   SCF=   3  NormRD=  1.063574792788  Uele= -5.113479324228
   SCF=   4  NormRD=  0.547491179125  Uele= -4.619431624288
   SCF=   5  NormRD=  0.320624902284  Uele= -4.362282893074
   SCF=   6  NormRD=  0.147683091455  Uele= -4.310395396367
   SCF=   7  NormRD=  0.057797203468  Uele= -4.341666918330
   SCF=   8  NormRD=  0.010300830621  Uele= -4.290426298519
   SCF=   9  NormRD=  0.000746609072  Uele= -4.291542297594
   SCF=  10  NormRD=  0.000332394200  Uele= -4.290485288559
   SCF=  11  NormRD=  0.000028225359  Uele= -4.290714590194
   SCF=  12  NormRD=  0.000001366723  Uele= -4.290742273707
   SCF=  13  NormRD=  0.000000158129  Uele= -4.290742133106
   SCF=  14  NormRD=  0.000000016776  Uele= -4.290741998126
   SCF=  15  NormRD=  0.000000004021  Uele= -4.290741985347
   SCF=  16  NormRD=  0.000000000004  Uele= -4.290741981283
   SCF=  17  NormRD=  0.000000000000  Uele= -4.290741981283

*******************************************************
        Total energy (Hartree) at MD = 1        
*******************************************************

  Uele.         -4.290741981283

  Ukin.         12.550889115279
  UH0.         -20.135991826795
  UH1.           0.049256795503
  Una.         -15.734867849695
  Unl.           3.434191232528
  Uxc0.         -2.261589100391
  Uxc1.         -2.261589100391
  Ucore.         6.982816022051
  Uhub.          0.000000000000
  Ucs.           0.000000000000
  Uzs.           0.000000000000
  Uzo.           0.000000000000
  Uef.          -0.008632438268
  UvdW.          0.000000000000
  Uch.           0.000000000000
  Utot.        -17.385517150178

  UpV.           0.000000000000
  Enpy.        -17.385517150178
  Note:

  Utot = Ukin+UH0+UH1+Una+Unl+Uxc0+Uxc1+Ucore+Uhub+Ucs+Uzs+Uzo+Uef+UvdW+Uch

  Uele:   band energy
  Ukin:   kinetic energy
  UH0:    electric part of screened Coulomb energy
  UH1:    difference electron-electron Coulomb energy
  Una:    neutral atom potential energy
  Unl:    non-local potential energy
  Uxc0:   exchange-correlation energy for alpha spin
  Uxc1:   exchange-correlation energy for beta spin
  Ucore:  core-core Coulomb energy
  Uhub:   LDA+U energy
  Ucs:    constraint energy for spin orientation
  Uzs:    Zeeman term for spin magnetic moment
  Uzo:    Zeeman term for orbital magnetic moment
  Uef:    electric energy by electric field
  UvdW:   semi-empirical vdW energy
  Uch:    penalty term to create a core hole

  UpV:    pressure times volume
  Enpy:   Enthalpy = Utot + UpV
  (see also PRB 72, 045121(2005) for the energy contributions)



  Chemical potential (Hartree)      -0.117187500000

***********************************************************
***********************************************************
            Eigenvalues (Hartree) for SCF KS-eq.           
***********************************************************
***********************************************************

   Chemical Potential (Hartree) =  -0.11718750000000
   Number of States             =   8.00000000000000
   HOMO =  4
   Eigenvalues
                Up-spin            Down-spin
          1  -0.97209359069869  -0.97209359069869
          2  -0.53113416821134  -0.53113416821134
          3  -0.35058768102313  -0.35058768102313
          4  -0.29155555070809  -0.29155555070809
          5   0.04753541898518   0.04753541898518
          6   0.08655431007890   0.08655431007890
          7   0.22087950563737   0.22087950563737
          8   0.25172822043420   0.25172822043420
          9   0.30884064477336   0.30884064477336
         10   0.34737334211537   0.34737334211537
         11   0.53743297481281   0.53743297481281
         12   0.68623338655962   0.68623338655962

***********************************************************
***********************************************************
                   Mulliken populations                    
***********************************************************
***********************************************************

  Total spin moment (muB)   0.000000000

                    Up spin      Down spin     Sum           Diff
      1    O      3.303748403  3.303748403   6.607496807   0.000000000
      2    H      0.348125798  0.348125798   0.696251597   0.000000000
      3    H      0.348125798  0.348125798   0.696251597   0.000000000

 Sum of MulP: up   =     4.00000 down          =     4.00000
              total=     8.00000 ideal(neutral)=     8.00000


  Decomposed Mulliken populations

    1    O          Up spin      Down spin     Sum           Diff
            multiple
  s           0    0.903741625  0.903741625   1.807483251   0.000000000
   sum over m      0.903741625  0.903741625   1.807483251   0.000000000
   sum over m+mul  0.903741625  0.903741625   1.807483251   0.000000000
  px          0    0.656778876  0.656778876   1.313557751   0.000000000
  py          0    0.813645793  0.813645793   1.627291586   0.000000000
  pz          0    0.929582109  0.929582109   1.859164218   0.000000000
   sum over m      2.400006778  2.400006778   4.800013556   0.000000000
   sum over m+mul  2.400006778  2.400006778   4.800013556   0.000000000

    2    H          Up spin      Down spin     Sum           Diff
            multiple
  s           0    0.328577729  0.328577729   0.657155458   0.000000000
   sum over m      0.328577729  0.328577729   0.657155458   0.000000000
   sum over m+mul  0.328577729  0.328577729   0.657155458   0.000000000
  px          0   -0.046332208 -0.046332208  -0.092664417   0.000000000
  py          0    0.030671332  0.030671332   0.061342665   0.000000000
  pz          0    0.035208945  0.035208945   0.070417891   0.000000000
   sum over m      0.019548069  0.019548069   0.039096139   0.000000000
   sum over m+mul  0.019548069  0.019548069   0.039096139   0.000000000

    3    H          Up spin      Down spin     Sum           Diff
            multiple
  s           0    0.328577729  0.328577729   0.657155458   0.000000000
   sum over m      0.328577729  0.328577729   0.657155458   0.000000000
   sum over m+mul  0.328577729  0.328577729   0.657155458   0.000000000
  px          0   -0.046332208 -0.046332208  -0.092664417   0.000000000
  py          0    0.030671332  0.030671332   0.061342665   0.000000000
  pz          0    0.035208945  0.035208945   0.070417891   0.000000000
   sum over m      0.019548069  0.019548069   0.039096139   0.000000000
   sum over m+mul  0.019548069  0.019548069   0.039096139   0.000000000

***********************************************************
***********************************************************
                    Dipole moment (Debye)                  
***********************************************************
***********************************************************

 Absolute D        1.90035331

                      Dx                Dy                Dz
 Total             -0.00000000        1.90035331        0.00000000
 Core               0.00000000        5.62935837        0.00000000
 Electron          -0.00000000       -3.72900506        0.00000000
 Back ground       -0.00000000       -0.00000000        0.00000000

***********************************************************
***********************************************************
       xyz-coordinates (Ang) and forces (Hartree/Bohr)  
***********************************************************
***********************************************************

<coordinates.forces
  3
    1     O     0.00000   0.00000   0.00000  -0.000000000000 -0.100673261574 -0.000000000000
    2     H     0.75700   0.58600   0.00000   0.078053512182  0.043098695755  0.000000000000
    3     H    -0.75700   0.58600   0.00000  -0.078053512184  0.043098695763  0.000000000000
coordinates.forces>

***********************************************************
***********************************************************
       Fractional coordinates of the final structure       
***********************************************************
***********************************************************

     1      O     0.00000000000000   0.00000000000000   0.00000000000000
     2      H     0.07570000000000   0.05860000000000   0.00000000000000
     3      H     0.92430000000000   0.05860000000000   0.00000000000000

***********************************************************
***********************************************************
               Computational Time (second)                 
***********************************************************
***********************************************************

   Elapsed.Time.         5.439

                               Min_ID   Min_Time       Max_ID   Max_Time
   Total Computational Time =     3        5.250          0        5.439
   readfile                 =     6        2.641          0        2.642
   truncation               =    11        0.047          1        0.052
   MD_pac                   =     0        0.000         12        0.000
   OutData                  =     1        0.606          0        0.795
   HWF                      =     0        0.000          0        0.000
   DFT                      =     1        1.950         11        1.955

*** In DFT ***

   Set_OLP_Kin              =     9        0.044          6        0.052
   Set_Nonlocal             =     6        0.009          9        0.016
   Set_ProExpn_VNA          =    16        0.148          0        0.160
   Set_Hamiltonian          =    12        0.999          6        0.999
   Poisson                  =     1        0.045         17        0.045
   Diagonalization          =     3        0.191          6        0.191
   Mixing_DM                =     0        0.208          9        0.208
   Force                    =     0        0.028          0        0.028
   Total_Energy             =     1        0.062          0        0.062
   Set_Aden_Grid            =     0        0.009         17        0.021
   Set_Orbitals_Grid        =     3        0.000          1        0.025
   Set_Density_Grid         =    16        0.074          9        0.098
   RestartFileDFT           =     5        0.003         13        0.008
   Mulliken_Charge          =     2        0.001         15        0.001
   FFT(2D)_Density          =     4        0.048         14        0.048
   Others                   =     1        0.011         16        0.064
