***********************************************************
***********************************************************

  This calculation was performed by OpenMX Ver. 4.0 GPU
  using 18 MPI processes and 1 OpenMP threads.

  Sun May 24 12:37:07 2026

***********************************************************
***********************************************************

#
#      File Name      
#

System.CurrrentDirectory         ./    # default=./
System.Name                      H2O
level.of.stdout                   1    # default=1 (1-3)
level.of.fileout                  1    # default=1 (0-2)

#
# restart using *.rst
#

scf.restart                     off    # on|off, default=off

#
# Definition of Atomic Species
#

Species.Number       2
<Definition.of.Atomic.Species
 H   H6.0-s1p1      H_CA19
 O   O6.0-s1p1      O_CA19
Definition.of.Atomic.Species>

#
# Atoms
#

Atoms.Number         3
Atoms.SpeciesAndCoordinates.Unit   Ang # Ang|AU
<Atoms.SpeciesAndCoordinates           # Unit=Ang.
 1  O  0.000  0.000  0.000  3.0 3.0
 2  H  0.757  0.586  0.000  0.5 0.5
 3  H -0.757  0.586  0.000  0.5 0.5
Atoms.SpeciesAndCoordinates>
Atoms.UnitVectors.Unit             Ang #  Ang|AU
#<Atoms.UnitVectors                     
#  10.0   0.0   0.0  
#   0.0  10.0   0.0  
#   0.0   0.0  10.0  
#Atoms.UnitVectors>

#
# SCF or Electronic System
#

scf.XcType                  LDA        # LDA|LSDA-CA|LSDA-PW|GGA-PBE
scf.SpinPolarization        off        # On|Off|NC
scf.ElectronicTemperature  100.0       # default=300 (K)
scf.energycutoff           150.0       # default=150 (Ry)
scf.maxIter                100         # default=40
scf.EigenvalueSolver     Cluster       # DC|GDC|Cluster|Band
scf.Kgrid                  1 1 1       # means 4x4x4
scf.Mixing.Type           rmm-diis     # Simple|Rmm-Diis|Gr-Pulay|Kerker|Rmm-Diisk
scf.Init.Mixing.Weight     0.10        # default=0.30 
scf.Min.Mixing.Weight      0.001       # default=0.001 
scf.Max.Mixing.Weight      0.400       # default=0.40 
scf.Mixing.History          7          # default=5
scf.Mixing.StartPulay       5          # default=6
scf.criterion             1.0e-10      # default=1.0e-6 (Hartree) 
scf.eigen.lib             cusolver

#
# MD or Geometry Optimization
#

MD.Type                     opt        # Nomd|Opt|NVE|NVT_VS|NVT_NH
                                       # Constraint_Opt|DIIS2|Constraint_DIIS2
MD.maxIter                   2         # default=1
MD.TimeStep                1.0         # default=0.5 (fs)
MD.Opt.criterion          1.0e-14      # default=1.0e-4 (Hartree/bohr)
MD.Opt.DIIS_Mixing          0.01       # default=0.5


***********************************************************
***********************************************************

  Required cutoff energy (Ryd) for 3D-grids = 150.0000
      Used cutoff energy (Ryd) for 3D-grids = 150.0010, 150.0010, 150.0010
  Num. of grids of a-, b-, and c-axes = 64, 60, 54

  Num.Grid1.    64
  Num.Grid2.    60
  Num.Grid3.    54


  Cell_Volume =   3499.720575024560 (Bohr^3)
  GridVol     =      0.016877510489 (Bohr^3)
  Cell vectors (bohr) of the grid cell (gtv)
    gtv_a =  0.256509111003,  0.000000000000,  0.000000000000
    gtv_b =  0.000000000000,  0.256509111003,  0.000000000000
    gtv_c =  0.000000000000,  0.000000000000,  0.256509111003
    |gtv_a| =  0.256509111003
    |gtv_b| =  0.256509111003
    |gtv_c| =  0.256509111003

***********************************************************
***********************************************************


***********************************************************
***********************************************************
                  SCF history at MD= 1                    
***********************************************************
***********************************************************

   SCF=   1  NormRD=  1.000000000000  Uele= -5.178671411001
   SCF=   2  NormRD=  0.476348053699  Uele= -4.884726700908
   SCF=   3  NormRD=  0.726682355509  Uele= -3.440896089988
   SCF=   4  NormRD=  0.814763898816  Uele= -3.225770905999
   SCF=   5  NormRD=  0.772193390213  Uele= -3.281726719136
   SCF=   6  NormRD=  0.731975234949  Uele= -3.334755341503
   SCF=   7  NormRD=  0.081580415556  Uele= -4.143535824114
   SCF=   8  NormRD=  0.019065178573  Uele= -4.259610644938
   SCF=   9  NormRD=  0.007109726789  Uele= -4.283508586277
   SCF=  10  NormRD=  0.003792456331  Uele= -4.289374868773
   SCF=  11  NormRD=  0.001282074328  Uele= -4.292743961280
   SCF=  12  NormRD=  0.000700624753  Uele= -4.293760194321
   SCF=  13  NormRD=  0.000007726146  Uele= -4.294931398685
   SCF=  14  NormRD=  0.000000505515  Uele= -4.294944690050
   SCF=  15  NormRD=  0.000000082841  Uele= -4.294945173954
   SCF=  16  NormRD=  0.000000001992  Uele= -4.294945311282
   SCF=  17  NormRD=  0.000000000008  Uele= -4.294945308580
   SCF=  18  NormRD=  0.000000000000  Uele= -4.294945308586

*******************************************************
        Total energy (Hartree) at MD = 1        
*******************************************************

  Uele.         -4.294945308586

  Ukin.         12.539346497161
  UH0.         -20.135991826795
  UH1.           0.048769426940
  Una.         -15.707493896776
  Unl.           3.365929069121
  Uxc0.         -2.214126112598
  Uxc1.         -2.214126112598
  Ucore.         6.982816022051
  Uhub.          0.000000000000
  Ucs.           0.000000000000
  Uzs.           0.000000000000
  Uzo.           0.000000000000
  Uef.           0.000000000000
  UvdW.          0.000000000000
  Uch.           0.000000000000
  Utot.        -17.334876933494

  UpV.           0.000000000000
  Enpy.        -17.334876933494
  Note:

  Utot = Ukin+UH0+UH1+Una+Unl+Uxc0+Uxc1+Ucore+Uhub+Ucs+Uzs+Uzo+Uef+UvdW+Uch

  Uele:   band energy
  Ukin:   kinetic energy
  UH0:    electric part of screened Coulomb energy
  UH1:    difference electron-electron Coulomb energy
  Una:    neutral atom potential energy
  Unl:    non-local potential energy
  Uxc0:   exchange-correlation energy for alpha spin
  Uxc1:   exchange-correlation energy for beta spin
  Ucore:  core-core Coulomb energy
  Uhub:   LDA+U energy
  Ucs:    constraint energy for spin orientation
  Uzs:    Zeeman term for spin magnetic moment
  Uzo:    Zeeman term for orbital magnetic moment
  Uef:    electric energy by electric field
  UvdW:   semi-empirical vdW energy
  Uch:    penalty term to create a core hole

  UpV:    pressure times volume
  Enpy:   Enthalpy = Utot + UpV
  (see also PRB 72, 045121(2005) for the energy contributions)



  Chemical potential (Hartree)      -0.117187500000

***********************************************************
***********************************************************
                  SCF history at MD= 2                    
***********************************************************
***********************************************************

   SCF=   1  NormRD=  1.000000000000  Uele= -3.957206161687
   SCF=   2  NormRD=  0.203676157770  Uele= -4.433873441077
   SCF=   3  NormRD=  0.044943400399  Uele= -4.059343689130
   SCF=   4  NormRD=  0.008896903706  Uele= -4.128771379741
   SCF=   5  NormRD=  0.004278494518  Uele= -4.110212700872
   SCF=   6  NormRD=  0.001503526954  Uele= -4.109226148246
   SCF=   7  NormRD=  0.000140650748  Uele= -4.111556447481
   SCF=   8  NormRD=  0.000002202727  Uele= -4.111747755450
   SCF=   9  NormRD=  0.000000082959  Uele= -4.111745699018
   SCF=  10  NormRD=  0.000000006815  Uele= -4.111745581622
   SCF=  11  NormRD=  0.000000000380  Uele= -4.111745590913
   SCF=  12  NormRD=  0.000000000004  Uele= -4.111745591503
   SCF=  13  NormRD=  0.000000000000  Uele= -4.111745591497

*******************************************************
        Total energy (Hartree) at MD = 2        
*******************************************************

  Uele.         -4.111745591497

  Ukin.         12.244505522539
  UH0.         -19.813198680452
  UH1.           0.046092839476
  Una.         -15.159152078473
  Unl.           3.336295797468
  Uxc0.         -2.178548677621
  Uxc1.         -2.178548677621
  Ucore.         6.354236413969
  Uhub.          0.000000000000
  Ucs.           0.000000000000
  Uzs.           0.000000000000
  Uzo.           0.000000000000
  Uef.           0.000000000000
  UvdW.          0.000000000000
  Uch.           0.000000000000
  Utot.        -17.348317540714

  UpV.           0.000000000000
  Enpy.        -17.348317540714
  Note:

  Utot = Ukin+UH0+UH1+Una+Unl+Uxc0+Uxc1+Ucore+Uhub+Ucs+Uzs+Uzo+Uef+UvdW+Uch

  Uele:   band energy
  Ukin:   kinetic energy
  UH0:    electric part of screened Coulomb energy
  UH1:    difference electron-electron Coulomb energy
  Una:    neutral atom potential energy
  Unl:    non-local potential energy
  Uxc0:   exchange-correlation energy for alpha spin
  Uxc1:   exchange-correlation energy for beta spin
  Ucore:  core-core Coulomb energy
  Uhub:   LDA+U energy
  Ucs:    constraint energy for spin orientation
  Uzs:    Zeeman term for spin magnetic moment
  Uzo:    Zeeman term for orbital magnetic moment
  Uef:    electric energy by electric field
  UvdW:   semi-empirical vdW energy
  Uch:    penalty term to create a core hole

  UpV:    pressure times volume
  Enpy:   Enthalpy = Utot + UpV
  (see also PRB 72, 045121(2005) for the energy contributions)



  Chemical potential (Hartree)      -0.117187500000

***********************************************************
***********************************************************
            Eigenvalues (Hartree) for SCF KS-eq.           
***********************************************************
***********************************************************

   Chemical Potential (Hartree) =  -0.11718750000000
   Number of States             =   8.00000000000000
   HOMO =  4
   Eigenvalues
                Up-spin            Down-spin
          1  -0.92980078044248  -0.92980078044248
          2  -0.48821100732539  -0.48821100732539
          3  -0.35282019191919  -0.35282019191919
          4  -0.28504081606139  -0.28504081606139
          5  -0.00127952358104  -0.00127952358104
          6   0.04288569759577   0.04288569759577
          7   0.20121503649198   0.20121503649198
          8   0.22851030447495   0.22851030447495
          9   0.29476583121198   0.29476583121198
         10   0.34631424374902   0.34631424374902
         11   0.50350291865601   0.50350291865601
         12   0.59043289289149   0.59043289289149

***********************************************************
***********************************************************
              History of geometry optimization             
***********************************************************
***********************************************************

  MD_iter   SD_scaling     |Maximum force|   Maximum step        Utot
                           (Hartree/Bohr)        (Ang)         (Hartree)

    1       1.25981732       0.09080272       0.06053515     -17.33487693
    2       0.62990866       0.01550311       0.00516770     -17.34831754

***********************************************************
***********************************************************
                   Mulliken populations                    
***********************************************************
***********************************************************

  Total spin moment (muB)   0.000000000

                    Up spin      Down spin     Sum           Diff
      1    O      3.269049543  3.269049543   6.538099087   0.000000000
      2    H      0.365475228  0.365475228   0.730950456   0.000000000
      3    H      0.365475228  0.365475228   0.730950457   0.000000000

 Sum of MulP: up   =     4.00000 down          =     4.00000
              total=     8.00000 ideal(neutral)=     8.00000


  Decomposed Mulliken populations

    1    O          Up spin      Down spin     Sum           Diff
            multiple
  s           0    0.909592851  0.909592851   1.819185702   0.000000000
   sum over m      0.909592851  0.909592851   1.819185702   0.000000000
   sum over m+mul  0.909592851  0.909592851   1.819185702   0.000000000
  px          0    0.655837492  0.655837492   1.311674985   0.000000000
  py          0    0.774699849  0.774699849   1.549399698   0.000000000
  pz          0    0.928919351  0.928919351   1.857838701   0.000000000
   sum over m      2.359456692  2.359456692   4.718913385   0.000000000
   sum over m+mul  2.359456692  2.359456692   4.718913385   0.000000000

    2    H          Up spin      Down spin     Sum           Diff
            multiple
  s           0    0.330260796  0.330260796   0.660521592   0.000000000
   sum over m      0.330260796  0.330260796   0.660521592   0.000000000
   sum over m+mul  0.330260796  0.330260796   0.660521592   0.000000000
  px          0   -0.031845388 -0.031845388  -0.063690776   0.000000000
  py          0    0.031519496  0.031519496   0.063038992   0.000000000
  pz          0    0.035540325  0.035540325   0.071080649   0.000000000
   sum over m      0.035214432  0.035214432   0.070428865   0.000000000
   sum over m+mul  0.035214432  0.035214432   0.070428865   0.000000000

    3    H          Up spin      Down spin     Sum           Diff
            multiple
  s           0    0.330260796  0.330260796   0.660521592   0.000000000
   sum over m      0.330260796  0.330260796   0.660521592   0.000000000
   sum over m+mul  0.330260796  0.330260796   0.660521592   0.000000000
  px          0   -0.031845388 -0.031845388  -0.063690776   0.000000000
  py          0    0.031519496  0.031519496   0.063038992   0.000000000
  pz          0    0.035540325  0.035540325   0.071080649   0.000000000
   sum over m      0.035214432  0.035214432   0.070428865   0.000000000
   sum over m+mul  0.035214432  0.035214432   0.070428865   0.000000000

***********************************************************
***********************************************************
                    Dipole moment (Debye)                  
***********************************************************
***********************************************************

 Absolute D        1.97377856

                      Dx                Dy                Dz
 Total             -0.00000000        1.97377856       -0.00000000
 Core               0.00000000        4.22092276       -0.00000000
 Electron          -0.00000000       -2.24714420       -0.00000000
 Back ground        0.00000000       -0.00000000        0.00000000

***********************************************************
***********************************************************
       xyz-coordinates (Ang) and forces (Hartree/Bohr)  
***********************************************************
***********************************************************

<coordinates.forces
  3
    1     O     0.00000  -0.05849  -0.00000  -0.000000000036  0.015503107550  0.000000000000
    2     H     0.81021   0.61487   0.00000   0.008174365995 -0.007353122533  0.000000000000
    3     H    -0.81021   0.61487   0.00000  -0.008174365986 -0.007353122540  0.000000000000
coordinates.forces>

***********************************************************
***********************************************************
       Fractional coordinates of the final structure       
***********************************************************
***********************************************************

     1      O     0.00000000000025   0.99281778632128  -0.00000000000000
     2      H     0.09326369522930   0.07549657457588   0.00000000000000
     3      H     0.90673630477056   0.07549657457662   0.00000000000000

***********************************************************
***********************************************************
               Computational Time (second)                 
***********************************************************
***********************************************************

   Elapsed.Time.         3.850

                               Min_ID   Min_Time       Max_ID   Max_Time
   Total Computational Time =    11        3.757          0        3.850
   readfile                 =     1        2.290          0        2.290
   truncation               =     4        0.065          1        0.074
   MD_pac                   =     0        0.000          4        0.001
   OutData                  =     3        0.306          0        0.399
   HWF                      =     0        0.000          0        0.000
   DFT                      =     1        1.085          4        1.094

*** In DFT ***

   Set_OLP_Kin              =    13        0.091          2        0.103
   Set_Nonlocal             =     2        0.015         13        0.027
   Set_ProExpn_VNA          =    16        0.298          2        0.321
   Set_Hamiltonian          =     1        0.155          6        0.155
   Poisson                  =    17        0.072          4        0.072
   Diagonalization          =     1        0.067         11        0.067
   Mixing_DM                =     1        0.003         15        0.003
   Force                    =     2        0.052          0        0.052
   Total_Energy             =     1        0.083          0        0.083
   Set_Aden_Grid            =     2        0.015          3        0.037
   Set_Orbitals_Grid        =     4        0.000          1        0.047
   Set_Density_Grid         =    16        0.121         10        0.125
   RestartFileDFT           =     1        0.004          3        0.038
   Mulliken_Charge          =    11        0.001         15        0.001
   FFT(2D)_Density          =     0        0.000          0        0.000
   Others                   =     0        0.016          8        0.079
