***********************************************************
***********************************************************

  This calculation was performed by OpenMX Ver. 4.0
  using 18 MPI processes and 1 OpenMP threads.

  Sun Apr 26 13:18:23 2026

***********************************************************
***********************************************************

#
# File Name
#

System.CurrrentDirectory         ./    # default=./
System.Name                      Ndia2
level.of.stdout                   1    # default=1 (1-3)
level.of.fileout                  1    # default=1 (0-2)

#
# Definition of Atomic Species
#

Species.Number       1
<Definition.of.Atomic.Species
 C   C5.0-s1p1  C_CA19
Definition.of.Atomic.Species>

#
# Atoms
#

Atoms.Number         2
Atoms.SpeciesAndCoordinates.Unit   Ang # Ang|AU
<Atoms.SpeciesAndCoordinates           
 1  C  0.100 -0.020  0.010   2.0 2.0
 2  C  0.890  0.890  0.890   2.0 2.0
Atoms.SpeciesAndCoordinates>
Atoms.UnitVectors.Unit             Ang # Ang|AU
<Atoms.UnitVectors                     
   1.7800  1.7800  0.0000
   1.7800  0.0000  1.7800
   0.0000  1.7800  1.7800
Atoms.UnitVectors>

#
# SCF or Electronic System
#

scf.XcType                  LDA        # LDA|LSDA-CA|LSDA-PW|GGA-PBE
scf.SpinPolarization        off        # On|Off|NC
scf.ElectronicTemperature  300.0       # default=300 (K)
scf.energycutoff           100.0       # default=150 (Ry)
scf.maxIter                  100       # default=40
scf.EigenvalueSolver       band        # DC|GDC|Cluster|Band
scf.Kgrid                  7 7 7       # means n1 x n2 x n3
scf.Mixing.Type           rmm-diisk    # Simple|Rmm-Diis|Gr-Pulay|Kerker|Rmm-Diisk
scf.Init.Mixing.Weight     0.30        # default=0.30 
scf.Min.Mixing.Weight      0.001       # default=0.001 
scf.Max.Mixing.Weight      0.700       # default=0.40 
scf.Mixing.History          7          # default=5
scf.Mixing.StartPulay       5          # default=6
scf.criterion             1.0e-10      # default=1.0e-6 (Hartree) 
scf.lapack.dste            dstevx      # dstegr|dstedc|dstevx, default=dstevx
  
#
# MD or Geometry Optimization
#

MD.Type                     nomd       # Nomd|Opt|NVE|NVT_VS|NVT_NH
MD.maxIter                    1        # default=1
MD.TimeStep                   1        # default=0.5 (fs)
MD.Opt.criterion         1.0e-5        # default=1.0e-4 (Hartree/bohr)


***********************************************************
***********************************************************

  Required cutoff energy (Ryd) for 3D-grids = 100.0000
      Used cutoff energy (Ryd) for 3D-grids = 94.2076, 94.2076, 94.2076
  Num. of grids of a-, b-, and c-axes = 12, 12, 12

  Num.Grid1.    12
  Num.Grid2.    12
  Num.Grid3.    12


  Cell_Volume =     76.117849485348 (Bohr^3)
  GridVol     =      0.044049681415 (Bohr^3)
  Cell vectors (bohr) of the grid cell (gtv)
    gtv_a =  0.280309354973,  0.280309354973,  0.000000000000
    gtv_b =  0.280309354973,  0.000000000000,  0.280309354973
    gtv_c =  0.000000000000,  0.280309354973,  0.280309354973
    |gtv_a| =  0.396417291462
    |gtv_b| =  0.396417291462
    |gtv_c| =  0.396417291462

***********************************************************
***********************************************************


***********************************************************
***********************************************************
                  SCF history at MD= 1                    
***********************************************************
***********************************************************

   SCF=   1  NormRD=  1.000000000000  Uele= -2.927912048641
   SCF=   2  NormRD=  0.560499689141  Uele= -2.927912048641
   SCF=   3  NormRD=  0.320256449469  Uele= -3.089023038460
   SCF=   4  NormRD=  0.116372375627  Uele= -3.221907668179
   SCF=   5  NormRD=  0.036543511638  Uele= -3.273408455204
   SCF=   6  NormRD=  0.000068677206  Uele= -3.297211503416
   SCF=   7  NormRD=  0.000021961135  Uele= -3.297172412677
   SCF=   8  NormRD=  0.000000798655  Uele= -3.297188290697
   SCF=   9  NormRD=  0.000000009447  Uele= -3.297188915558
   SCF=  10  NormRD=  0.000000000836  Uele= -3.297188908543
   SCF=  11  NormRD=  0.000000000120  Uele= -3.297188908024
   SCF=  12  NormRD=  0.000000000004  Uele= -3.297188907918
   SCF=  13  NormRD=  0.000000000004  Uele= -3.297188907918

*******************************************************
        Total energy (Hartree) at MD = 1        
*******************************************************

  Uele.         -3.297188907918

  Ukin.          7.708091045017
  UH0.        -267.084357403855
  UH1.           0.071892331123
  Una.          -5.252376331910
  Unl.          -0.788715778916
  Uxc0.         -1.905513004151
  Uxc1.         -1.905513004151
  Ucore.       257.584823537260
  Uhub.          0.000000000000
  Ucs.           0.000000000000
  Uzs.           0.000000000000
  Uzo.           0.000000000000
  Uef.           0.000000000000
  UvdW.          0.000000000000
  Uch.           0.000000000000
  Utot.        -11.571668609583

  UpV.           0.000000000000
  Enpy.        -11.571668609583
  Note:

  Utot = Ukin+UH0+UH1+Una+Unl+Uxc0+Uxc1+Ucore+Uhub+Ucs+Uzs+Uzo+Uef+UvdW+Uch

  Uele:   band energy
  Ukin:   kinetic energy
  UH0:    electric part of screened Coulomb energy
  UH1:    difference electron-electron Coulomb energy
  Una:    neutral atom potential energy
  Unl:    non-local potential energy
  Uxc0:   exchange-correlation energy for alpha spin
  Uxc1:   exchange-correlation energy for beta spin
  Ucore:  core-core Coulomb energy
  Uhub:   LDA+U energy
  Ucs:    constraint energy for spin orientation
  Uzs:    Zeeman term for spin magnetic moment
  Uzo:    Zeeman term for orbital magnetic moment
  Uef:    electric energy by electric field
  UvdW:   semi-empirical vdW energy
  Uch:    penalty term to create a core hole

  UpV:    pressure times volume
  Enpy:   Enthalpy = Utot + UpV
  (see also PRB 72, 045121(2005) for the energy contributions)



  Chemical potential (Hartree)       0.028565884859

***********************************************************
***********************************************************
           Eigenvalues (Hartree) of SCF KS-eq.           
***********************************************************
***********************************************************

   Chemical Potential (Hartree) =   0.02856588485884
   Number of States             =   8.00000000000000
   Eigenvalues
              Up-spin           Down-spin

   kloop=0
   k1=   0.00000 k2=  -0.00000 k3=   0.00000

    1   -0.86428822360866  -0.86428822360866
    2   -0.15684128665976  -0.15684128665976
    3   -0.08914338632297  -0.08914338632297
    4   -0.02477226079541  -0.02477226079541
    5    0.08361789958171   0.08361789958171
    6    0.14133951989902   0.14133951989902
    7    0.21985157252586   0.21985157252586
    8    0.49729701134039   0.49729701134039

   kloop=1
   k1=   0.00000 k2=  -0.00000 k3=   0.14286

    1   -0.84273589480959  -0.84273589480959
    2   -0.23406263454826  -0.23406263454826
    3   -0.13488112254995  -0.13488112254995
    4   -0.07582798399130  -0.07582798399130
    5    0.14390514734400   0.14390514734400
    6    0.19574370466691   0.19574370466691
    7    0.28717295132645   0.28717295132645
    8    0.52585919943418   0.52585919943418

   kloop=2
   k1=   0.00000 k2=  -0.00000 k3=   0.28571

    1   -0.78035835485203  -0.78035835485203
    2   -0.38369454532456  -0.38369454532456
    3   -0.18836993298006  -0.18836993298006
    4   -0.13111972926325  -0.13111972926325
    5    0.21032354207693   0.21032354207693
    6    0.27574812667107   0.27574812667107
    7    0.36651739039812   0.36651739039812
    8    0.59760504331663   0.59760504331663

   kloop=3
   k1=   0.00000 k2=  -0.00000 k3=   0.42857

    1   -0.68711624739572  -0.68711624739572
    2   -0.52739603572367  -0.52739603572367
    3   -0.21644433707009  -0.21644433707009
    4   -0.15888850234421  -0.15888850234421
    5    0.23641373904031   0.23641373904031
    6    0.31392332646629   0.31392332646629
    7    0.40618401685689   0.40618401685689
    8    0.65269974773586   0.65269974773586

   kloop=4
   k1=   0.00000 k2=   0.14286 k3=   0.00000

    1   -0.84322626040658  -0.84322626040658
    2   -0.18209408224444  -0.18209408224444
    3   -0.17543773700901  -0.17543773700901
    4   -0.10289604342625  -0.10289604342625
    5    0.15258718594483   0.15258718594483
    6    0.21287537074322   0.21287537074322
    7    0.25894516950197   0.25894516950197
    8    0.50786112057762   0.50786112057762

   kloop=5
   k1=   0.00000 k2=   0.14286 k3=   0.14286

    1   -0.83583625779274  -0.83583625779274
    2   -0.21450595118791  -0.21450595118791
    3   -0.16848320547588  -0.16848320547588
    4   -0.11305305806116  -0.11305305806116
    5    0.11444217383641   0.11444217383641
    6    0.25805421945475   0.25805421945475
    7    0.30614969385665   0.30614969385665
    8    0.51135254884624   0.51135254884624

   kloop=6
   k1=   0.00000 k2=   0.14286 k3=   0.28571

    1   -0.78680446694525  -0.78680446694525
    2   -0.33273577772272  -0.33273577772272
    3   -0.22200105824885  -0.22200105824885
    4   -0.14713226412405  -0.14713226412405
    5    0.15164391503882   0.15164391503882
    6    0.32928461330344   0.32928461330344
    7    0.40239618823298   0.40239618823298
    8    0.55689800608771   0.55689800608771

   kloop=7
   k1=   0.00000 k2=   0.14286 k3=   0.42857

    1   -0.70212587771707  -0.70212587771707
    2   -0.47423021779083  -0.47423021779083
    3   -0.24711761280561  -0.24711761280561
    4   -0.20232022114175  -0.20232022114175
    5    0.21956355435261   0.21956355435261
    6    0.35871201008272   0.35871201008272
    7    0.44630326125098   0.44630326125098
    8    0.62592234997496   0.62592234997496

   kloop=8
   k1=   0.00000 k2=   0.14286 k3=   0.57143

    1   -0.64377036399831  -0.64377036399831
    2   -0.54715246218448  -0.54715246218448
    3   -0.25778536206584  -0.25778536206584
    4   -0.21784903875777  -0.21784903875777
    5    0.25720481555364   0.25720481555364
    6    0.36717089501411   0.36717089501411
    7    0.43387914565703   0.43387914565703
    8    0.64466007378167   0.64466007378167

   kloop=9
   k1=   0.00000 k2=   0.14286 k3=   0.71429

    1   -0.73480270462945  -0.73480270462945
    2   -0.42233600948760  -0.42233600948760
    3   -0.25835730257296  -0.25835730257296
    4   -0.18369993370950  -0.18369993370950
    5    0.25634191796056   0.25634191796056
    6    0.34410127423168   0.34410127423168
    7    0.39176748063696   0.39176748063696
    8    0.59198543165473   0.59198543165473

   kloop=10
   k1=   0.00000 k2=   0.14286 k3=   0.85714

    1   -0.80822698729972  -0.80822698729972
    2   -0.27625458810238  -0.27625458810238
    3   -0.23000673672816  -0.23000673672816
    4   -0.12886102129834  -0.12886102129834
    5    0.19384618894200   0.19384618894200
    6    0.27670905851158   0.27670905851158
    7    0.33381859722079   0.33381859722079
    8    0.53135443960757   0.53135443960757

   kloop=11
   k1=   0.00000 k2=   0.28571 k3=   0.00000

    1   -0.78256385357100  -0.78256385357100
    2   -0.35409456981798  -0.35409456981798
    3   -0.21134915401620  -0.21134915401620
    4   -0.14683773737929  -0.14683773737929
    5    0.20185961026517   0.20185961026517
    6    0.29653650370415   0.29653650370415
    7    0.32410663859374   0.32410663859374
    8    0.53118223654260   0.53118223654260

   kloop=12
   k1=   0.00000 k2=   0.28571 k3=   0.14286

    1   -0.78835707262006  -0.78835707262006
    2   -0.28808890658026  -0.28808890658026
    3   -0.23941170554429  -0.23941170554429
    4   -0.19167564017074  -0.19167564017074
    5    0.18170958272810   0.18170958272810
    6    0.33221764748554   0.33221764748554
    7    0.36326555967462   0.36326555967462
    8    0.50107362484286   0.50107362484286

   kloop=13
   k1=   0.00000 k2=   0.28571 k3=   0.28571

    1   -0.75323004882478  -0.75323004882478
    2   -0.32066514367161  -0.32066514367161
    3   -0.25772457326316  -0.25772457326316
    4   -0.23554296226845  -0.23554296226845
    5    0.12800732713311   0.12800732713311
    6    0.37550119654030   0.37550119654030
    7    0.46873679526185   0.46873679526185
    8    0.50655917419060   0.50655917419060

   kloop=14
   k1=   0.00000 k2=   0.28571 k3=   0.42857

    1   -0.68107057595996  -0.68107057595996
    2   -0.42577858404935  -0.42577858404935
    3   -0.29418365875416  -0.29418365875416
    4   -0.27354883804437  -0.27354883804437
    5    0.18230246093478   0.18230246093478
    6    0.36622972961615   0.36622972961615
    7    0.52386216114410   0.52386216114410
    8    0.57726354112128   0.57726354112128

   kloop=15
   k1=   0.00000 k2=   0.28571 k3=   0.57143

    1   -0.59369852950349  -0.59369852950349
    2   -0.52326890722578  -0.52326890722578
    3   -0.35899033217281  -0.35899033217281
    4   -0.26934181535620  -0.26934181535620
    5    0.24276937415570   0.24276937415570
    6    0.41038183998481   0.41038183998481
    7    0.50774203906670   0.50774203906670
    8    0.61368972704618   0.61368972704618

   kloop=16
   k1=   0.00000 k2=   0.28571 k3=   0.71429

    1   -0.65823243066754  -0.65823243066754
    2   -0.44366904297053  -0.44366904297053
    3   -0.38483901915936  -0.38483901915936
    4   -0.22930577285761  -0.22930577285761
    5    0.26490635466045   0.26490635466045
    6    0.42298294810504   0.42298294810504
    7    0.46365060086661   0.46365060086661
    8    0.56768138744114   0.56768138744114

   kloop=17
   k1=   0.00000 k2=   0.28571 k3=   0.85714

    1   -0.73704300458962  -0.73704300458962
    2   -0.39705548709724  -0.39705548709724
    3   -0.29325049268411  -0.29325049268411
    4   -0.17138033214904  -0.17138033214904
    5    0.23321407993746   0.23321407993746
    6    0.34284947210157   0.34284947210157
    7    0.41003371893190   0.41003371893190
    8    0.52629940398315   0.52629940398315

   kloop=18
   k1=   0.00000 k2=   0.42857 k3=   0.00000

    1   -0.69692330367844  -0.69692330367844
    2   -0.49820035339735  -0.49820035339735
    3   -0.23217013549322  -0.23217013549322
    4   -0.16980450289025  -0.16980450289025
    5    0.21869629151415   0.21869629151415
    6    0.33413464162266   0.33413464162266
    7    0.35799134966900   0.35799134966900
    8    0.54815620623431   0.54815620623431

   kloop=19
   k1=   0.00000 k2=   0.42857 k3=   0.14286

    1   -0.70838897750285  -0.70838897750285
    2   -0.44225709979449  -0.44225709979449
    3   -0.27132588314900  -0.27132588314900
    4   -0.21476821726922  -0.21476821726922
    5    0.23944647324229   0.23944647324229
    6    0.37329430800535   0.37329430800535
    7    0.40463396451808   0.40463396451808
    8    0.51036095279108   0.51036095279108

   kloop=20
   k1=   0.00000 k2=   0.42857 k3=   0.28571

    1   -0.68465052146452  -0.68465052146452
    2   -0.38664152591109  -0.38664152591109
    3   -0.33631442829664  -0.33631442829664
    4   -0.27392904182652  -0.27392904182652
    5    0.20100477885993   0.20100477885993
    6    0.37801177315515   0.37801177315515
    7    0.49842954582975   0.49842954582975
    8    0.51598109148482   0.51598109148482

   kloop=21
   k1=   0.00000 k2=   0.42857 k3=   0.42857

    1   -0.62545444019317  -0.62545444019317
    2   -0.46966362522147  -0.46966362522147
    3   -0.30375060462035  -0.30375060462035
    4   -0.29672377721678  -0.29672377721678
    5    0.17468238549749   0.17468238549749
    6    0.27698371886275   0.27698371886275
    7    0.57004817789562   0.57004817789562
    8    0.58242207198147   0.58242207198147

   kloop=22
   k1=   0.00000 k2=   0.42857 k3=   0.57143

    1   -0.55147744993228  -0.55147744993228
    2   -0.53604261312019  -0.53604261312019
    3   -0.35617918173250  -0.35617918173250
    4   -0.30007593703001  -0.30007593703001
    5    0.23000379580954   0.23000379580954
    6    0.30408706315449   0.30408706315449
    7    0.56347228333342   0.56347228333342
    8    0.59370203042815   0.59370203042815

   kloop=23
   k1=   0.00000 k2=   0.42857 k3=   0.71429

    1   -0.61086751930852  -0.61086751930852
    2   -0.47789528573034  -0.47789528573034
    3   -0.39423607404018  -0.39423607404018
    4   -0.26472872124995  -0.26472872124995
    5    0.24938534930554   0.24938534930554
    6    0.44796144205968   0.44796144205968
    7    0.47813191492603   0.47813191492603
    8    0.54173948542390   0.54173948542390

   kloop=24
   k1=   0.00000 k2=   0.42857 k3=   0.85714

    1   -0.65956803031198  -0.65956803031198
    2   -0.51085234700601  -0.51085234700601
    3   -0.29324230058507  -0.29324230058507
    4   -0.20591390801457  -0.20591390801457
    5    0.25024380393668   0.25024380393668
    6    0.37048675176652   0.37048675176652
    7    0.42921534135323   0.42921534135323
    8    0.52835987827410   0.52835987827410

   kloop=25
   k1=   0.14286 k2=  -0.00000 k3=   0.00000

    1   -0.84312545507748  -0.84312545507748
    2   -0.19338151914868  -0.19338151914868
    3   -0.17804849552831  -0.17804849552831
    4   -0.08187127274346  -0.08187127274346
    5    0.13302856011045   0.13302856011045
    6    0.22562604850373   0.22562604850373
    7    0.26441663281768   0.26441663281768
    8    0.51105712246167   0.51105712246167

   kloop=26
   k1=   0.14286 k2=  -0.00000 k3=   0.14286

    1   -0.83583531954243  -0.83583531954243
    2   -0.21447047869077  -0.21447047869077
    3   -0.16812356528658  -0.16812356528658
    4   -0.11367710437636  -0.11367710437636
    5    0.11499357923669   0.11499357923669
    6    0.25686342946431   0.25686342946431
    7    0.30714520873377   0.30714520873377
    8    0.51118923006784   0.51118923006784

   kloop=27
   k1=   0.14286 k2=  -0.00000 k3=   0.28571

    1   -0.78690885769856  -0.78690885769856
    2   -0.33126755368115  -0.33126755368115
    3   -0.21792841942331  -0.21792841942331
    4   -0.15568379429955  -0.15568379429955
    5    0.16038492026267   0.16038492026267
    6    0.32384416290044   0.32384416290044
    7    0.40144277371409   0.40144277371409
    8    0.55124757371242   0.55124757371242

   kloop=28
   k1=   0.14286 k2=  -0.00000 k3=   0.42857

    1   -0.70234930750494  -0.70234930750494
    2   -0.47326323095148  -0.47326323095148
    3   -0.24953428660257  -0.24953428660257
    4   -0.20132997344137  -0.20132997344137
    5    0.22486214529305   0.22486214529305
    6    0.36017023814989   0.36017023814989
    7    0.44366016386020   0.44366016386020
    8    0.61830747115166   0.61830747115166

   kloop=29
   k1=   0.14286 k2=  -0.00000 k3=   0.57143

    1   -0.64349848669177  -0.64349848669177
    2   -0.54738669866938  -0.54738669866938
    3   -0.26873174992394  -0.26873174992394
    4   -0.20469160683580  -0.20469160683580
    5    0.24860383867988   0.24860383867988
    6    0.38039559735627   0.38039559735627
    7    0.43297935551838   0.43297935551838
    8    0.64309724158987   0.64309724158987

   kloop=30
   k1=   0.14286 k2=  -0.00000 k3=   0.71429

    1   -0.73448036719868  -0.73448036719868
    2   -0.42353944415011  -0.42353944415011
    3   -0.26855956772131  -0.26855956772131
    4   -0.16749839161151  -0.16749839161151
    5    0.23145412342619   0.23145412342619
    6    0.36752113103562   0.36752113103562
    7    0.39654581524421   0.39654581524421
    8    0.59651273389538   0.59651273389538

   kloop=31
   k1=   0.14286 k2=  -0.00000 k3=   0.85714

    1   -0.80802243491998  -0.80802243491998
    2   -0.28016062620679  -0.28016062620679
    3   -0.23787437965952  -0.23787437965952
    4   -0.10940094104123  -0.10940094104123
    5    0.16796292830851   0.16796292830851
    6    0.29594761719090   0.29594761719090
    7    0.34170235905674   0.34170235905674
    8    0.53733592768667   0.53733592768667

   kloop=32
   k1=   0.14286 k2=   0.14286 k3=   0.00000

    1   -0.83580158369085  -0.83580158369085
    2   -0.21078037613364  -0.21078037613364
    3   -0.15715934217440  -0.15715934217440
    4   -0.13526005071047  -0.13526005071047
    5    0.13357324105031   0.13357324105031
    6    0.23432557652582   0.23432557652582
    7    0.32045534670055   0.32045534670055
    8    0.50778006229542   0.50778006229542

   kloop=33
   k1=   0.14286 k2=   0.14286 k3=   0.14286

    1   -0.84278978421307  -0.84278978421307
    2   -0.23141541631132  -0.23141541631132
    3   -0.13893219063068  -0.13893219063068
    4   -0.07454750149607  -0.07454750149607
    5    0.14146928105723   0.14146928105723
    6    0.19477467206211   0.19477467206211
    7    0.28999511994168   0.28999511994168
    8    0.52348833833979   0.52348833833979

   kloop=34
   k1=   0.14286 k2=   0.14286 k3=   0.28571

    1   -0.80735785522960  -0.80735785522960
    2   -0.30346827998825  -0.30346827998825
    3   -0.22707014389804  -0.22707014389804
    4   -0.08051904486871  -0.08051904486871
    5    0.15190807958775   0.15190807958775
    6    0.26709307432808   0.26709307432808
    7    0.39176743910314   0.39176743910314
    8    0.55763733284303   0.55763733284303

   kloop=35
   k1=   0.14286 k2=   0.14286 k3=   0.42857

    1   -0.73341564807907  -0.73341564807907
    2   -0.42849744343030  -0.42849744343030
    3   -0.27949063510287  -0.27949063510287
    4   -0.14211889693718  -0.14211889693718
    5    0.23013766889318   0.23013766889318
    6    0.31024917488060   0.31024917488060
    7    0.46956964852857   0.46956964852857
    8    0.60852318493030   0.60852318493030

   kloop=36
   k1=   0.14286 k2=   0.14286 k3=   0.57143

    1   -0.64258042582825  -0.64258042582825
    2   -0.54812375740560  -0.54812375740560
    3   -0.28230637481398  -0.28230637481398
    4   -0.18854981845627  -0.18854981845627
    5    0.28444629463584   0.28444629463584
    6    0.32828461211805   0.32828461211805
    7    0.46224536036616   0.46224536036616
    8    0.63786824944536   0.63786824944536

   kloop=37
   k1=   0.14286 k2=   0.14286 k3=   0.71429

    1   -0.70301779332496  -0.70301779332496
    2   -0.46964974559085  -0.46964974559085
    3   -0.25365863696229  -0.25365863696229
    4   -0.20482191276536  -0.20482191276536
    5    0.27798680269489   0.27798680269489
    6    0.33432996988876   0.33432996988876
    7    0.42742772158821   0.42742772158821
    8    0.59724324277008   0.59724324277008

   kloop=38
   k1=   0.14286 k2=   0.14286 k3=   0.85714

    1   -0.78719316077455  -0.78719316077455
    2   -0.32327457782377  -0.32327457782377
    3   -0.20564237891783  -0.20564237891783
    4   -0.18612704885698  -0.18612704885698
    5    0.19362208195897   0.19362208195897
    6    0.30998073072383   0.30998073072383
    7    0.39082765835257   0.39082765835257
    8    0.53419408332689   0.53419408332689

   kloop=39
   k1=   0.14286 k2=   0.28571 k3=   0.00000

    1   -0.78789027188876  -0.78789027188876
    2   -0.29477031366452  -0.29477031366452
    3   -0.24562659393950  -0.24562659393950
    4   -0.17526587921343  -0.17526587921343
    5    0.17197511813353   0.17197511813353
    6    0.31927562896558   0.31927562896558
    7    0.39372080998510   0.39372080998510
    8    0.50643519160339   0.50643519160339

   kloop=40
   k1=   0.14286 k2=   0.28571 k3=   0.14286

    1   -0.80833357149274  -0.80833357149274
    2   -0.27233891603664  -0.27233891603664
    3   -0.23202505863000  -0.23202505863000
    4   -0.13206169133606  -0.13206169133606
    5    0.19393935235675   0.19393935235675
    6    0.27564988965090   0.27564988965090
    7    0.33468749831524   0.33468749831524
    8    0.52786578418876   0.52786578418876

   kloop=41
   k1=   0.14286 k2=   0.28571 k3=   0.28571

    1   -0.78702196435287  -0.78702196435287
    2   -0.32916805035691  -0.32916805035691
    3   -0.22094667192941  -0.22094667192941
    4   -0.15466713747778  -0.15466713747778
    5    0.15780691125425   0.15780691125425
    6    0.32223720401025   0.32223720401025
    7    0.40579923487065   0.40579923487065
    8    0.54639803930456   0.54639803930456

   kloop=42
   k1=   0.14286 k2=   0.28571 k3=   0.42857

    1   -0.72626830920188  -0.72626830920188
    2   -0.39285191920027  -0.39285191920027
    3   -0.30931823743426  -0.30931823743426
    4   -0.19138908595557  -0.19138908595557
    5    0.20622906885905   0.20622906885905
    6    0.35540313441046   0.35540313441046
    7    0.51564340943221   0.51564340943221
    8    0.55955930635077   0.55955930635077

   kloop=43
   k1=   0.14286 k2=   0.28571 k3=   0.57143

    1   -0.63556151844676  -0.63556151844676
    2   -0.49899077366371  -0.49899077366371
    3   -0.34153749324822  -0.34153749324822
    4   -0.24750425244561  -0.24750425244561
    5    0.29711677454529   0.29711677454529
    6    0.36833863540313   0.36833863540313
    7    0.51372317607065   0.51372317607065
    8    0.60557254454685   0.60557254454685

   kloop=44
   k1=   0.14286 k2=   0.28571 k3=   0.71429

    1   -0.63894480065025  -0.63894480065025
    2   -0.48997873173810  -0.48997873173810
    3   -0.33709439945906  -0.33709439945906
    4   -0.26284393324447  -0.26284393324447
    5    0.33925014196075   0.33925014196075
    6    0.36328975859628   0.36328975859628
    7    0.46952957354454   0.46952957354454
    8    0.58577037111905   0.58577037111905

   kloop=45
   k1=   0.14286 k2=   0.28571 k3=   0.85714

    1   -0.72824452452821  -0.72824452452821
    2   -0.36325034503002  -0.36325034503002
    3   -0.31613238735282  -0.31613238735282
    4   -0.22678375357990  -0.22678375357990
    5    0.24420652194553   0.24420652194553
    6    0.36548099388020   0.36548099388020
    7    0.45569049041428   0.45569049041428
    8    0.51664197799927   0.51664197799927

   kloop=46
   k1=   0.14286 k2=   0.42857 k3=   0.00000

    1   -0.70754092745658  -0.70754092745658
    2   -0.44595710654221  -0.44595710654221
    3   -0.26111101575896  -0.26111101575896
    4   -0.22096176263075  -0.22096176263075
    5    0.21948190282309   0.21948190282309
    6    0.36768008409077   0.36768008409077
    7    0.42586439216526   0.42586439216526
    8    0.52439548995770   0.52439548995770

   kloop=47
   k1=   0.14286 k2=   0.42857 k3=   0.14286

    1   -0.73719976407677  -0.73719976407677
    2   -0.39635705043939  -0.39635705043939
    3   -0.29178065979224  -0.29178065979224
    4   -0.17455787302657  -0.17455787302657
    5    0.23138002117065   0.23138002117065
    6    0.35339051719865   0.35339051719865
    7    0.39957208606532   0.39957208606532
    8    0.52504623856318   0.52504623856318

   kloop=48
   k1=   0.14286 k2=   0.42857 k3=   0.28571

    1   -0.72859422461707  -0.72859422461707
    2   -0.36554999982069  -0.36554999982069
    3   -0.31291220334317  -0.31291220334317
    4   -0.22542013006510  -0.22542013006510
    5    0.22154378406266   0.22154378406266
    6    0.40276211783257   0.40276211783257
    7    0.42607454727006   0.42607454727006
    8    0.52651534152719   0.52651534152719

   kloop=49
   k1=   0.14286 k2=   0.42857 k3=   0.42857

    1   -0.68156796958752  -0.68156796958752
    2   -0.42151674019477  -0.42151674019477
    3   -0.30578958582409  -0.30578958582409
    4   -0.26613268901030  -0.26613268901030
    5    0.18283716982060   0.18283716982060
    6    0.37069455768338   0.37069455768338
    7    0.53114632928482   0.53114632928482
    8    0.55727328096943   0.55727328096943

   kloop=50
   k1=   0.14286 k2=   0.42857 k3=   0.57143

    1   -0.60170916112907  -0.60170916112907
    2   -0.48583433893892  -0.48583433893892
    3   -0.35257150939967  -0.35257150939967
    4   -0.31367006258811  -0.31367006258811
    5    0.26347000837385   0.26347000837385
    6    0.36182623876733   0.36182623876733
    7    0.55775813258133   0.55775813258133
    8    0.57472929351193   0.57472929351193

   kloop=51
   k1=   0.14286 k2=   0.42857 k3=   0.71429

    1   -0.56833939594332  -0.56833939594332
    2   -0.49741758905980  -0.49741758905980
    3   -0.40180255736630  -0.40180255736630
    4   -0.32215120891419  -0.32215120891419
    5    0.33495740774547   0.33495740774547
    6    0.42618401881853   0.42618401881853
    7    0.47802250341143   0.47802250341143
    8    0.56868174573512   0.56868174573512

   kloop=52
   k1=   0.14286 k2=   0.42857 k3=   0.85714

    1   -0.64605457248483  -0.64605457248483
    2   -0.46361774014873  -0.46361774014873
    3   -0.34790966676019  -0.34790966676019
    4   -0.27529617613442  -0.27529617613442
    5    0.29796029968160   0.29796029968160
    6    0.38544027396845   0.38544027396845
    7    0.49416875753721   0.49416875753721
    8    0.51676005242269   0.51676005242269

   kloop=53
   k1=   0.14286 k2=   0.57143 k3=   0.00000

    1   -0.66023726844768  -0.66023726844768
    2   -0.51034224789991  -0.51034224789991
    3   -0.25532031160721  -0.25532031160721
    4   -0.24987870349629  -0.24987870349629
    5    0.25226610351101   0.25226610351101
    6    0.37389248496901   0.37389248496901
    7    0.41026917494149   0.41026917494149
    8    0.53590622245709   0.53590622245709

   kloop=54
   k1=   0.14286 k2=   0.57143 k3=   0.14286

    1   -0.65965772798488  -0.65965772798488
    2   -0.51078794602480  -0.51078794602480
    3   -0.29160295250827  -0.29160295250827
    4   -0.20785691127202  -0.20785691127202
    5    0.24492299229820   0.24492299229820
    6    0.38475935147696   0.38475935147696
    7    0.41846228213625   0.41846228213625
    8    0.52916083690446   0.52916083690446

   kloop=55
   k1=   0.14286 k2=   0.57143 k3=   0.28571

    1   -0.64661382433568  -0.64661382433568
    2   -0.45934807796079  -0.45934807796079
    3   -0.36490732576001  -0.36490732576001
    4   -0.25911101470110  -0.25911101470110
    5    0.28124846582224   0.28124846582224
    6    0.43363301207625   0.43363301207625
    7    0.46686992569510   0.46686992569510
    8    0.51618599435247   0.51618599435247

   kloop=56
   k1=   0.14286 k2=   0.57143 k3=   0.42857

    1   -0.60771202178067  -0.60771202178067
    2   -0.46935451557372  -0.46935451557372
    3   -0.34955420920546  -0.34955420920546
    4   -0.33017997690197  -0.33017997690197
    5    0.27372712335568   0.27372712335568
    6    0.35324457592008   0.35324457592008
    7    0.53571205018004   0.53571205018004
    8    0.57208383447842   0.57208383447842

   kloop=57
   k1=   0.14286 k2=   0.57143 k3=   0.57143

    1   -0.54981163978065  -0.54981163978065
    2   -0.53743589504658  -0.53743589504658
    3   -0.36193748797774  -0.36193748797774
    4   -0.29363841671926  -0.29363841671926
    5    0.22062986495094   0.22062986495094
    6    0.31513152848281   0.31513152848281
    7    0.57347733300883   0.57347733300883
    8    0.58357552369844   0.58357552369844

   kloop=58
   k1=   0.14286 k2=   0.57143 k3=   0.71429

    1   -0.61146839520182  -0.61146839520182
    2   -0.45405481157191  -0.45405481157191
    3   -0.34997430918716  -0.34997430918716
    4   -0.34382084504946  -0.34382084504946
    5    0.29447654060692   0.29447654060692
    6    0.35171942604277   0.35171942604277
    7    0.50333721508402   0.50333721508402
    8    0.56107428860594   0.56107428860594

   kloop=59
   k1=   0.14286 k2=   0.57143 k3=   0.85714

    1   -0.64844120453960  -0.64844120453960
    2   -0.45674853640864  -0.45674853640864
    3   -0.33733288218542  -0.33733288218542
    4   -0.29381465321719  -0.29381465321719
    5    0.32168834919231   0.32168834919231
    6    0.36835985829015   0.36835985829015
    7    0.48557140472244   0.48557140472244
    8    0.49935776218558   0.49935776218558

   kloop=60
   k1=   0.14286 k2=   0.71429 k3=   0.00000

    1   -0.73822990569389  -0.73822990569389
    2   -0.39254487908885  -0.39254487908885
    3   -0.26015227249168  -0.26015227249168
    4   -0.22144995967257  -0.22144995967257
    5    0.27700064052378   0.27700064052378
    6    0.33603275499674   0.33603275499674
    7    0.35832701089417   0.35832701089417
    8    0.51952910215957   0.51952910215957

   kloop=61
   k1=   0.14286 k2=   0.71429 k3=   0.14286

    1   -0.70828727754948  -0.70828727754948
    2   -0.44274914146637  -0.44274914146637
    3   -0.27079255698289  -0.27079255698289
    4   -0.21443797639212  -0.21443797639212
    5    0.23300753167226   0.23300753167226
    6    0.38673250494288   0.38673250494288
    7    0.39718951405742   0.39718951405742
    8    0.51176251485692   0.51176251485692

   kloop=62
   k1=   0.14286 k2=   0.71429 k3=   0.28571

    1   -0.64631184341885  -0.64631184341885
    2   -0.46037969367966  -0.46037969367966
    3   -0.36487793897721  -0.36487793897721
    4   -0.25804476192524  -0.25804476192524
    5    0.28063820373166   0.28063820373166
    6    0.43083855818212   0.43083855818212
    7    0.46901615150886   0.46901615150886
    8    0.51980102375532   0.51980102375532

   kloop=63
   k1=   0.14286 k2=   0.71429 k3=   0.42857

    1   -0.56716490957105  -0.56716490957105
    2   -0.50189589165554  -0.50189589165554
    3   -0.39822975735369  -0.39822975735369
    4   -0.32176725812406  -0.32176725812406
    5    0.31711200763525   0.31711200763525
    6    0.40973076916546   0.40973076916546
    7    0.50934923460008   0.50934923460008
    8    0.58016341602175   0.58016341602175

   kloop=64
   k1=   0.14286 k2=   0.71429 k3=   0.57143

    1   -0.60590920092639  -0.60590920092639
    2   -0.47479500741902  -0.47479500741902
    3   -0.35372156791793  -0.35372156791793
    4   -0.32114595345336  -0.32114595345336
    5    0.26432900782209   0.26432900782209
    6    0.35937273195132   0.35937273195132
    7    0.54258672888705   0.54258672888705
    8    0.57808766998006   0.57808766998006

   kloop=65
   k1=   0.14286 k2=   0.71429 k3=   0.71429

    1   -0.68402746382675  -0.68402746382675
    2   -0.39437626472337  -0.39437626472337
    3   -0.33533586082473  -0.33533586082473
    4   -0.26570396628710  -0.26570396628710
    5    0.19216123246160   0.19216123246160
    6    0.38533732870417   0.38533732870417
    7    0.50532960724721   0.50532960724721
    8    0.52166088020510   0.52166088020510

   kloop=66
   k1=   0.14286 k2=   0.71429 k3=   0.85714

    1   -0.73012379701589  -0.73012379701589
    2   -0.33347595300276  -0.33347595300276
    3   -0.31390160548045  -0.31390160548045
    4   -0.26469526416247  -0.26469526416247
    5    0.25773119310675   0.25773119310675
    6    0.35454753449580   0.35454753449580
    7    0.44493773701360   0.44493773701360
    8    0.48201166259411   0.48201166259411

   kloop=67
   k1=   0.14286 k2=   0.85714 k3=   0.00000

    1   -0.80902135200794  -0.80902135200794
    2   -0.23844732327966  -0.23844732327966
    3   -0.22667297214846  -0.22667297214846
    4   -0.18571441698191  -0.18571441698191
    5    0.23628098475186   0.23628098475186
    6    0.27226421479395   0.27226421479395
    7    0.29027184223048   0.29027184223048
    8    0.51092787110233   0.51092787110233

   kloop=68
   k1=   0.14286 k2=   0.85714 k3=   0.14286

    1   -0.78830185179057  -0.78830185179057
    2   -0.28937258907196  -0.28937258907196
    3   -0.24013538629183  -0.24013538629183
    4   -0.18894609520253  -0.18894609520253
    5    0.17899643072841   0.17899643072841
    6    0.33659596378885   0.33659596378885
    7    0.36136793641998   0.36136793641998
    8    0.50256562746239   0.50256562746239

   kloop=69
   k1=   0.14286 k2=   0.85714 k3=   0.28571

    1   -0.72835772962233  -0.72835772962233
    2   -0.36870593066038  -0.36870593066038
    3   -0.31157233370209  -0.31157233370209
    4   -0.22303863136324  -0.22303863136324
    5    0.22200905177255   0.22200905177255
    6    0.40700570268060   0.40700570268060
    7    0.41971123996736   0.41971123996736
    8    0.53331632395051   0.53331632395051

   kloop=70
   k1=   0.14286 k2=   0.85714 k3=   0.42857

    1   -0.63869851040021  -0.63869851040021
    2   -0.49422374918849  -0.49422374918849
    3   -0.31551085631147  -0.31551085631147
    4   -0.28046267143903  -0.28046267143903
    5    0.27824277854639   0.27824277854639
    6    0.40942433058965   0.40942433058965
    7    0.46380770386239   0.46380770386239
    8    0.60803758594786   0.60803758594786

   kloop=71
   k1=   0.14286 k2=   0.85714 k3=   0.57143

    1   -0.63790939293313  -0.63790939293313
    2   -0.49606636774244  -0.49606636774244
    3   -0.32194338236523  -0.32194338236523
    4   -0.27146889453588  -0.27146889453588
    5    0.26935095218561   0.26935095218561
    6    0.41030679847275   0.41030679847275
    7    0.47332664780526   0.47332664780526
    8    0.61343046900654   0.61343046900654

   kloop=72
   k1=   0.14286 k2=   0.85714 k3=   0.71429

    1   -0.72787686157792  -0.72787686157792
    2   -0.37380298387300  -0.37380298387300
    3   -0.31629538622945  -0.31629538622945
    4   -0.20951437011464  -0.20951437011464
    5    0.20687006352897   0.20687006352897
    6    0.40796521088613   0.40796521088613
    7    0.43779765353322   0.43779765353322
    8    0.54363827616719   0.54363827616719

   kloop=73
   k1=   0.14286 k2=   0.85714 k3=   0.85714

    1   -0.78808619105891  -0.78808619105891
    2   -0.29814364551607  -0.29814364551607
    3   -0.24147904600422  -0.24147904600422
    4   -0.17577227311382  -0.17577227311382
    5    0.17042557608520   0.17042557608520
    6    0.34567196279250   0.34567196279250
    7    0.36438473563986   0.36438473563986
    8    0.50973467507420   0.50973467507420

   kloop=74
   k1=   0.28571 k2=  -0.00000 k3=   0.00000

    1   -0.78210547408166  -0.78210547408166
    2   -0.36117236325174  -0.36117236325174
    3   -0.21513071073973  -0.21513071073973
    4   -0.13101689392334  -0.13101689392334
    5    0.18283063834366   0.18283063834366
    6    0.30787233446932   0.30787233446932
    7    0.34065876575250   0.34065876575250
    8    0.54364914371310   0.54364914371310

   kloop=75
   k1=   0.28571 k2=  -0.00000 k3=   0.14286

    1   -0.78813808680016  -0.78813808680016
    2   -0.29675888301229  -0.29675888301229
    3   -0.24127151046543  -0.24127151046543
    4   -0.17829983480375  -0.17829983480375
    5    0.17358268049964   0.17358268049964
    6    0.33783024607523   0.33783024607523
    7    0.37015730697479   0.37015730697479
    8    0.50746753474009   0.50746753474009

   kloop=76
   k1=   0.28571 k2=  -0.00000 k3=   0.28571

    1   -0.75322576767944  -0.75322576767944
    2   -0.32030926479830  -0.32030926479830
    3   -0.25792402608082  -0.25792402608082
    4   -0.23588891724275  -0.23588891724275
    5    0.12843435313500   0.12843435313500
    6    0.37488135404906   0.37488135404906
    7    0.47217525220686   0.47217525220686
    8    0.50345506728641   0.50345506728641

   kloop=77
   k1=   0.28571 k2=  -0.00000 k3=   0.42857

    1   -0.68132045799144  -0.68132045799144
    2   -0.42301732235802  -0.42301732235802
    3   -0.30434988946129  -0.30434988946129
    4   -0.26634085268291  -0.26634085268291
    5    0.18626821241374   0.18626821241374
    6    0.36944006487188   0.36944006487188
    7    0.52321075064857   0.52321075064857
    8    0.56660981723942   0.56660981723942

   kloop=78
   k1=   0.28571 k2=  -0.00000 k3=   0.57143

    1   -0.59348577698786  -0.59348577698786
    2   -0.52228956259748  -0.52228956259748
    3   -0.36799310018492  -0.36799310018492
    4   -0.25971179631722  -0.25971179631722
    5    0.24024182308971   0.24024182308971
    6    0.42474057444935   0.42474057444935
    7    0.50680379402690   0.50680379402690
    8    0.60610825236775   0.60610825236775

   kloop=79
   k1=   0.28571 k2=  -0.00000 k3=   0.71429

    1   -0.65690912001636  -0.65690912001636
    2   -0.44852491300820  -0.44852491300820
    3   -0.38833061862691  -0.38833061862691
    4   -0.21819628799292  -0.21819628799292
    5    0.25064565256929   0.25064565256929
    6    0.43297205817431   0.43297205817431
    7    0.48048938122232   0.48048938122232
    8    0.57247819755476   0.57247819755476

   kloop=80
   k1=   0.28571 k2=  -0.00000 k3=   0.85714

    1   -0.73624998527566  -0.73624998527566
    2   -0.40460316104859  -0.40460316104859
    3   -0.29459642236592  -0.29459642236592
    4   -0.15730284906419  -0.15730284906419
    5    0.21031963764992   0.21031963764992
    6    0.35788668178836   0.35788668178836
    7    0.42718562266896   0.42718562266896
    8    0.54179525308350   0.54179525308350

   kloop=81
   k1=   0.28571 k2=   0.14286 k3=   0.00000

    1   -0.78756503882695  -0.78756503882695
    2   -0.30508692866536  -0.30508692866536
    3   -0.24751485884186  -0.24751485884186
    4   -0.15763599044210  -0.15763599044210
    5    0.15726326803909   0.15726326803909
    6    0.32679458282478   0.32679458282478
    7    0.40393476618541   0.40393476618541
    8    0.51785248598183   0.51785248598183

   kloop=82
   k1=   0.28571 k2=   0.14286 k3=   0.14286

    1   -0.80812861396581  -0.80812861396581
    2   -0.27582738088630  -0.27582738088630
    3   -0.24081813565723  -0.24081813565723
    4   -0.11213817514333  -0.11213817514333
    5    0.16788483373872   0.16788483373872
    6    0.29589918444855   0.29589918444855
    7    0.34180779820776   0.34180779820776
    8    0.53364659764612   0.53364659764612

   kloop=83
   k1=   0.28571 k2=   0.14286 k3=   0.28571

    1   -0.78691405591499  -0.78691405591499
    2   -0.33055999843804  -0.33055999843804
    3   -0.22464312874135  -0.22464312874135
    4   -0.14684753086957  -0.14684753086957
    5    0.15013554944379   0.15013554944379
    6    0.32567408889516   0.32567408889516
    7    0.40851030366304   0.40851030366304
    8    0.55135311082967   0.55135311082967

   kloop=84
   k1=   0.28571 k2=   0.14286 k3=   0.42857

    1   -0.72626496625335  -0.72626496625335
    2   -0.39277752420267  -0.39277752420267
    3   -0.30935133778564  -0.30935133778564
    4   -0.19155003337288  -0.19155003337288
    5    0.20700121399961   0.20700121399961
    6    0.35434594472516   0.35434594472516
    7    0.51807155541103   0.51807155541103
    8    0.55741583138721   0.55741583138721

   kloop=85
   k1=   0.28571 k2=   0.14286 k3=   0.57143

    1   -0.63565653963537  -0.63565653963537
    2   -0.49797848144352  -0.49797848144352
    3   -0.34661853525733  -0.34661853525733
    4   -0.24238715806223  -0.24238715806223
    5    0.29093543319236   0.29093543319236
    6    0.37982813049716   0.37982813049716
    7    0.51812875947951   0.51812875947951
    8    0.59676228642237   0.59676228642237

   kloop=86
   k1=   0.28571 k2=   0.14286 k3=   0.71429

    1   -0.63824693943544  -0.63824693943544
    2   -0.49078732751495  -0.49078732751495
    3   -0.34575926080328  -0.34575926080328
    4   -0.25168060669911  -0.25168060669911
    5    0.30559979737432   0.30559979737432
    6    0.40087488187625   0.40087488187625
    7    0.47683709015396   0.47683709015396
    8    0.58233910612914   0.58233910612914

   kloop=87
   k1=   0.28571 k2=   0.14286 k3=   0.85714

    1   -0.72775673857135  -0.72775673857135
    2   -0.36880180844789  -0.36880180844789
    3   -0.32037433362937  -0.32037433362937
    4   -0.21364130832153  -0.21364130832153
    5    0.22665749107195   0.22665749107195
    6    0.37517807255435   0.37517807255435
    7    0.47256674510819   0.47256674510819
    8    0.52200331975298   0.52200331975298

   kloop=88
   k1=   0.28571 k2=   0.28571 k3=   0.00000

    1   -0.75306760446382  -0.75306760446382
    2   -0.29713149510169  -0.29713149510169
    3   -0.28369662464594  -0.28369662464594
    4   -0.23905856133712  -0.23905856133712
    5    0.13967751764422   0.13967751764422
    6    0.40183464756981   0.40183464756981
    7    0.45163855757384   0.45163855757384
    8    0.49096692366656   0.49096692366656

   kloop=89
   k1=   0.28571 k2=   0.28571 k3=   0.14286

    1   -0.78735844545707  -0.78735844545707
    2   -0.31996662209286  -0.31996662209286
    3   -0.21002376149094  -0.21002376149094
    4   -0.18582760313139  -0.18582760313139
    5    0.19338266192976   0.19338266192976
    6    0.30680462267610   0.30680462267610
    7    0.39530459325235   0.39530459325235
    8    0.52723276309583   0.52723276309583

   kloop=90
   k1=   0.28571 k2=   0.28571 k3=   0.28571

    1   -0.78059400071975  -0.78059400071975
    2   -0.38151739372931  -0.38151739372931
    3   -0.19243694242802  -0.19243694242802
    4   -0.12884510393782  -0.12884510393782
    5    0.20459042228580   0.20459042228580
    6    0.27215063731777   0.27215063731777
    7    0.37409882684820   0.37409882684820
    8    0.58979221732697   0.58979221732697

   kloop=91
   k1=   0.28571 k2=   0.28571 k3=   0.42857

    1   -0.73364958760061  -0.73364958760061
    2   -0.42672742710602  -0.42672742710602
    3   -0.28198845848100  -0.28198845848100
    4   -0.14066101674721  -0.14066101674721
    5    0.22625069074379   0.22625069074379
    6    0.30857841730017   0.30857841730017
    7    0.47680715807909   0.47680715807909
    8    0.60006825837301   0.60006825837301

   kloop=92
   k1=   0.28571 k2=   0.28571 k3=   0.57143

    1   -0.65244119568980  -0.65244119568980
    2   -0.46702403993575  -0.46702403993575
    3   -0.38456257587364  -0.38456257587364
    4   -0.20201301263348  -0.20201301263348
    5    0.30125722047540   0.30125722047540
    6    0.34759644527674   0.34759644527674
    7    0.55013104348969   0.55013104348969
    8    0.58755609542622   0.58755609542622

   kloop=93
   k1=   0.28571 k2=   0.28571 k3=   0.71429

    1   -0.59323996389830  -0.59323996389830
    2   -0.51743720934966  -0.51743720934966
    3   -0.38536316550297  -0.38536316550297
    4   -0.24719415380924  -0.24719415380924
    5    0.29431753690837   0.29431753690837
    6    0.42229629520926   0.42229629520926
    7    0.47788069621858   0.47788069621858
    8    0.59160615751367   0.59160615751367

   kloop=94
   k1=   0.28571 k2=   0.28571 k3=   0.85714

    1   -0.68196531842120  -0.68196531842120
    2   -0.40693102988665  -0.40693102988665
    3   -0.33131996898979  -0.33131996898979
    4   -0.26026627965694  -0.26026627965694
    5    0.21973576955001   0.21973576955001
    6    0.40880961521161   0.40880961521161
    7    0.45072636152450   0.45072636152450
    8    0.55719855409712   0.55719855409712

   kloop=95
   k1=   0.28571 k2=   0.42857 k3=   0.00000

    1   -0.68357211158532  -0.68357211158532
    2   -0.39563127784914  -0.39563127784914
    3   -0.30343209019920  -0.30343209019920
    4   -0.30078183809027  -0.30078183809027
    5    0.19060929619653   0.19060929619653
    6    0.41986410928353   0.41986410928353
    7    0.46173624687659   0.46173624687659
    8    0.53550664574238   0.53550664574238

   kloop=96
   k1=   0.28571 k2=   0.42857 k3=   0.14286

    1   -0.72847861406022  -0.72847861406022
    2   -0.35912350185336  -0.35912350185336
    3   -0.31849813239961  -0.31849813239961
    4   -0.22913036446965  -0.22913036446965
    5    0.24357633371070   0.24357633371070
    6    0.36572346460094   0.36572346460094
    7    0.46056381883222   0.46056381883222
    8    0.50696208503350   0.50696208503350

   kloop=97
   k1=   0.28571 k2=   0.42857 k3=   0.28571

    1   -0.73519383636410  -0.73519383636410
    2   -0.41989929391404  -0.41989929391404
    3   -0.25956866712882  -0.25956866712882
    4   -0.18528074780625  -0.18528074780625
    5    0.25030129668905   0.25030129668905
    6    0.34346490339325   0.34346490339325
    7    0.39791753761861   0.39791753761861
    8    0.58282031597839   0.58282031597839

   kloop=98
   k1=   0.28571 k2=   0.42857 k3=   0.42857

    1   -0.70289424724259  -0.70289424724259
    2   -0.47114791214794  -0.47114791214794
    3   -0.25287456778667  -0.25287456778667
    4   -0.19937945143892  -0.19937945143892
    5    0.21800839756107   0.21800839756107
    6    0.35836907475711   0.35836907475711
    7    0.45240587382734   0.45240587382734
    8    0.60809640171773   0.60809640171773

   kloop=99
   k1=   0.28571 k2=   0.42857 k3=   0.57143

    1   -0.63647652648471  -0.63647652648471
    2   -0.49559392933786  -0.49559392933786
    3   -0.34885516109778  -0.34885516109778
    4   -0.24163609677212  -0.24163609677212
    5    0.28551569614980   0.28551569614980
    6    0.38131216700895   0.38131216700895
    7    0.52876493474904   0.52876493474904
    8    0.58471645228069   0.58471645228069

   kloop=100
   k1=   0.28571 k2=   0.42857 k3=   0.71429

    1   -0.55001242957544  -0.55001242957544
    2   -0.52137705751532  -0.52137705751532
    3   -0.41293182571653  -0.41293182571653
    4   -0.30253171973109  -0.30253171973109
    5    0.35953833024659   0.35953833024659
    6    0.42264286997257   0.42264286997257
    7    0.48119606161989   0.48119606161989
    8    0.57396172976204   0.57396172976204

   kloop=101
   k1=   0.28571 k2=   0.42857 k3=   0.85714

    1   -0.60755427941650  -0.60755427941650
    2   -0.46251722461036  -0.46251722461036
    3   -0.36445992449502  -0.36445992449502
    4   -0.32471956205057  -0.32471956205057
    5    0.29282687204462   0.29282687204462
    6    0.38758439307469   0.38758439307469
    7    0.47442117512282   0.47442117512282
    8    0.57874304809929   0.57874304809929

   kloop=102
   k1=   0.28571 k2=   0.57143 k3=   0.00000

    1   -0.61174353252745  -0.61174353252745
    2   -0.48088856372254  -0.48088856372254
    3   -0.36731604304730  -0.36731604304730
    4   -0.29341499488593  -0.29341499488593
    5    0.23343191186643   0.23343191186643
    6    0.44828509250690   0.44828509250690
    7    0.50347575602498   0.50347575602498
    8    0.52228487051684   0.52228487051684

   kloop=103
   k1=   0.28571 k2=   0.57143 k3=   0.14286

    1   -0.64632980029221  -0.64632980029221
    2   -0.46319699063147  -0.46319699063147
    3   -0.34526699981439  -0.34526699981439
    4   -0.27853428349654  -0.27853428349654
    5    0.29207868179451   0.29207868179451
    6    0.39298709424109   0.39298709424109
    7    0.49548726026753   0.49548726026753
    8    0.51090746389984   0.51090746389984

   kloop=104
   k1=   0.28571 k2=   0.57143 k3=   0.28571

    1   -0.65882454752453  -0.65882454752453
    2   -0.44065147625456  -0.44065147625456
    3   -0.38581140333113  -0.38581140333113
    4   -0.23142047962173  -0.23142047962173
    5    0.25791928651718   0.25791928651718
    6    0.43288236698583   0.43288236698583
    7    0.46403573967101   0.46403573967101
    8    0.55803418233137   0.55803418233137

   kloop=105
   k1=   0.28571 k2=   0.57143 k3=   0.42857

    1   -0.63978175080443  -0.63978175080443
    2   -0.49145147201123  -0.49145147201123
    3   -0.31497260011506  -0.31497260011506
    4   -0.28311717232630  -0.28311717232630
    5    0.27132862297176   0.27132862297176
    6    0.40849933199332   0.40849933199332
    7    0.47376456758508   0.47376456758508
    8    0.59765785997201   0.59765785997201

   kloop=106
   k1=   0.28571 k2=   0.57143 k3=   0.57143

    1   -0.59576150214459  -0.59576150214459
    2   -0.51844211792819  -0.51844211792819
    3   -0.36888102171649  -0.36888102171649
    4   -0.26049029574988  -0.26049029574988
    5    0.23271612716199   0.23271612716199
    6    0.42647779418788   0.42647779418788
    7    0.51738407495396   0.51738407495396
    8    0.59504083219168   0.59504083219168

   kloop=107
   k1=   0.28571 k2=   0.57143 k3=   0.71429

    1   -0.56658231413511  -0.56658231413511
    2   -0.49937724255180  -0.49937724255180
    3   -0.40726707248460  -0.40726707248460
    4   -0.31531349736010  -0.31531349736010
    5    0.31481913820063   0.31481913820063
    6    0.44972361242194   0.44972361242194
    7    0.49339804609630   0.49339804609630
    8    0.55512012033401   0.55512012033401

   kloop=108
   k1=   0.28571 k2=   0.57143 k3=   0.85714

    1   -0.57811779410054  -0.57811779410054
    2   -0.47739353146550  -0.47739353146550
    3   -0.39178377958983  -0.39178377958983
    4   -0.34609991035534  -0.34609991035534
    5    0.32460210502835   0.32460210502835
    6    0.43165402972124   0.43165402972124
    7    0.48383885085478   0.48383885085478
    8    0.54591222863199   0.54591222863199

   kloop=109
   k1=   0.28571 k2=   0.71429 k3=   0.00000

    1   -0.66274615462028  -0.66274615462028
    2   -0.41791302155719  -0.41791302155719
    3   -0.38376304427782  -0.38376304427782
    4   -0.26235684535778  -0.26235684535778
    5    0.26347576173076   0.26347576173076
    6    0.43474087845195   0.43474087845195
    7    0.45713711025571   0.45713711025571
    8    0.51350043423388   0.51350043423388

   kloop=110
   k1=   0.28571 k2=   0.71429 k3=   0.14286

    1   -0.64841432805441  -0.64841432805441
    2   -0.45733435700074  -0.45733435700074
    3   -0.33340342463107  -0.33340342463107
    4   -0.29728584843832  -0.29728584843832
    5    0.31059788168655   0.31059788168655
    6    0.38001745085964   0.38001745085964
    7    0.48611600014029   0.48611600014029
    8    0.49773221623602   0.49773221623602

   kloop=111
   k1=   0.28571 k2=   0.71429 k3=   0.28571

    1   -0.61096618037397  -0.61096618037397
    2   -0.47844291391474  -0.47844291391474
    3   -0.39208973432833  -0.39208973432833
    4   -0.26638053462526  -0.26638053462526
    5    0.24214604488707   0.24214604488707
    6    0.45114628782036   0.45114628782036
    7    0.49019320415510   0.49019320415510
    8    0.53241016252713   0.53241016252713

   kloop=112
   k1=   0.28571 k2=   0.71429 k3=   0.42857

    1   -0.56861637779869  -0.56861637779869
    2   -0.49945672125790  -0.49945672125790
    3   -0.39795198970715  -0.39795198970715
    4   -0.32323544836522  -0.32323544836522
    5    0.31128004355921   0.31128004355921
    6    0.41202821094131   0.41202821094131
    7    0.51875243242654   0.51875243242654
    8    0.57157823793593   0.57157823793593

   kloop=113
   k1=   0.28571 k2=   0.71429 k3=   0.57143

    1   -0.56529115869152  -0.56529115869152
    2   -0.50400942570762  -0.50400942570762
    3   -0.40379514614545  -0.40379514614545
    4   -0.31476110060910  -0.31476110060910
    5    0.30073988264075   0.30073988264075
    6    0.42596077386026   0.42596077386026
    7    0.52865341911159   0.52865341911159
    8    0.56625953107967   0.56625953107967

   kloop=114
   k1=   0.28571 k2=   0.71429 k3=   0.71429

    1   -0.60776765595134  -0.60776765595134
    2   -0.48724273421842  -0.48724273421842
    3   -0.39270599755295  -0.39270599755295
    4   -0.25737480239007  -0.25737480239007
    5    0.23410248126343   0.23410248126343
    6    0.46347708266519   0.46347708266519
    7    0.49762890602193   0.49762890602193
    8    0.53828657631329   0.53828657631329

   kloop=115
   k1=   0.28571 k2=   0.71429 k3=   0.85714

    1   -0.64697163541661  -0.64697163541661
    2   -0.46466988762701  -0.46466988762701
    3   -0.32774350508797  -0.32774350508797
    4   -0.29604759469772  -0.29604759469772
    5    0.29696787138027   0.29696787138027
    6    0.39213718850857   0.39213718850857
    7    0.48279061647323   0.48279061647323
    8    0.51787515975159   0.51787515975159

   kloop=116
   k1=   0.28571 k2=   0.85714 k3=   0.00000

    1   -0.73776104634656  -0.73776104634656
    2   -0.39885168939260  -0.39885168939260
    3   -0.25122712960866  -0.25122712960866
    4   -0.22385955042134  -0.22385955042134
    5    0.26758534415954   0.26758534415954
    6    0.33916772800244   0.33916772800244
    7    0.37031430503017   0.37031430503017
    8    0.53096502439272   0.53096502439272

   kloop=117
   k1=   0.28571 k2=   0.85714 k3=   0.14286

    1   -0.73012089698545  -0.73012089698545
    2   -0.33282088368056  -0.33282088368056
    3   -0.31456199986294  -0.31456199986294
    4   -0.26476036529037  -0.26476036529037
    5    0.25889615291799   0.25889615291799
    6    0.35217008689148   0.35217008689148
    7    0.44901507869278   0.44901507869278
    8    0.47912355043375   0.47912355043375

   kloop=118
   k1=   0.28571 k2=   0.85714 k3=   0.28571

    1   -0.68453236728855  -0.68453236728855
    2   -0.38881268111197  -0.38881268111197
    3   -0.33315588767454  -0.33315588767454
    4   -0.27481147963003  -0.27481147963003
    5    0.19731204310123   0.19731204310123
    6    0.38126786384901   0.38126786384901
    7    0.50613773456140   0.50613773456140
    8    0.50999228222529   0.50999228222529

   kloop=119
   k1=   0.28571 k2=   0.85714 k3=   0.42857

    1   -0.60717870952989  -0.60717870952989
    2   -0.47089202138229  -0.47089202138229
    3   -0.34902189258285  -0.34902189258285
    4   -0.32956860227694  -0.32956860227694
    5    0.27407531933799   0.27407531933799
    6    0.35377119520251   0.35377119520251
    7    0.53310062226607   0.53310062226607
    8    0.57625663691311   0.57625663691311

   kloop=120
   k1=   0.28571 k2=   0.85714 k3=   0.57143

    1   -0.56365575752751  -0.56365575752751
    2   -0.50652493052598  -0.50652493052598
    3   -0.40395379558170  -0.40395379558170
    4   -0.31358167996811  -0.31358167996811
    5    0.30634780936559   0.30634780936559
    6    0.42413586879408   0.42413586879408
    7    0.51737163999128   0.51737163999128
    8    0.57652721003921   0.57652721003921

   kloop=121
   k1=   0.28571 k2=   0.85714 k3=   0.71429

    1   -0.64419336129002  -0.64419336129002
    2   -0.46849242496116  -0.46849242496116
    3   -0.36692468273853  -0.36692468273853
    4   -0.24643567536431  -0.24643567536431
    5    0.26114776560627   0.26114776560627
    6    0.45047288221786   0.45047288221786
    7    0.48861378910272   0.48861378910272
    8    0.52321245424686   0.52321245424686

   kloop=122
   k1=   0.28571 k2=   0.85714 k3=   0.85714

    1   -0.70719948414385  -0.70719948414385
    2   -0.44930352532279  -0.44930352532279
    3   -0.27407563560870  -0.27407563560870
    4   -0.20240357026148  -0.20240357026148
    5    0.21943831497810   0.21943831497810
    6    0.39760875078737   0.39760875078737
    7    0.40936432477696   0.40936432477696
    8    0.52842244357665   0.52842244357665

   kloop=123
   k1=   0.42857 k2=  -0.00000 k3=   0.00000

    1   -0.69494223519507  -0.69494223519507
    2   -0.50499491672829  -0.50499491672829
    3   -0.23712909830954  -0.23712909830954
    4   -0.15566011292372  -0.15566011292372
    5    0.19983960041926   0.19983960041926
    6    0.34223518693304   0.34223518693304
    7    0.38285600543600   0.38285600543600
    8    0.56908533341262   0.56908533341262

   kloop=124
   k1=   0.42857 k2=  -0.00000 k3=   0.14286

    1   -0.70729982057509  -0.70729982057509
    2   -0.44879690254290  -0.44879690254290
    3   -0.27449111515526  -0.27449111515526
    4   -0.20299212132897  -0.20299212132897
    5    0.22526525441712   0.22526525441712
    6    0.38634214397705   0.38634214397705
    7    0.41590491387380   0.41590491387380
    8    0.52631875957819   0.52631875957819

   kloop=125
   k1=   0.42857 k2=  -0.00000 k3=   0.28571

    1   -0.68413820545666  -0.68413820545666
    2   -0.39182332905540  -0.39182332905540
    3   -0.33864707398400  -0.33864707398400
    4   -0.26529284791992  -0.26529284791992
    5    0.19659453805534   0.19659453805534
    6    0.38256468691112   0.38256468691112
    7    0.50570126616515   0.50570126616515
    8    0.51839897266453   0.51839897266453

   kloop=126
   k1=   0.42857 k2=  -0.00000 k3=   0.42857

    1   -0.62546030144900  -0.62546030144900
    2   -0.46945241814830  -0.46945241814830
    3   -0.30476265960430  -0.30476265960430
    4   -0.29607890093868  -0.29607890093868
    5    0.17523919147732   0.17523919147732
    6    0.27731805294660   0.27731805294660
    7    0.57208948922934   0.57208948922934
    8    0.57957995534834   0.57957995534834

   kloop=127
   k1=   0.42857 k2=  -0.00000 k3=   0.57143

    1   -0.54832655231758  -0.54832655231758
    2   -0.53880340471837  -0.53880340471837
    3   -0.36306332850740  -0.36306332850740
    4   -0.29277747568134  -0.29277747568134
    5    0.22838338068040   0.22838338068040
    6    0.30945475318483   0.30945475318483
    7    0.56446947146218   0.56446947146218
    8    0.59138903038981   0.59138903038981

   kloop=128
   k1=   0.42857 k2=  -0.00000 k3=   0.71429

    1   -0.60767826027431  -0.60767826027431
    2   -0.48662600180785  -0.48662600180785
    3   -0.39467097363022  -0.39467097363022
    4   -0.25613118865034  -0.25613118865034
    5    0.24172408269790   0.24172408269790
    6    0.46129018605402   0.46129018605402
    7    0.48583697348670   0.48583697348670
    8    0.54592987710382   0.54592987710382

   kloop=129
   k1=   0.42857 k2=  -0.00000 k3=   0.85714

    1   -0.65641448018801  -0.65641448018801
    2   -0.51905650357153  -0.51905650357153
    3   -0.29587885953647  -0.29587885953647
    4   -0.19421600907759  -0.19421600907759
    5    0.23112735290362   0.23112735290362
    6    0.38696830251364   0.38696830251364
    7    0.44257741468445   0.44257741468445
    8    0.55003652701864   0.55003652701864

   kloop=130
   k1=   0.42857 k2=   0.14286 k3=   0.00000

    1   -0.70622236720365  -0.70622236720365
    2   -0.45348065837642  -0.45348065837642
    3   -0.26412575624098  -0.26412575624098
    4   -0.20803540755429  -0.20803540755429
    5    0.20524453996450   0.20524453996450
    6    0.36824651078175   0.36824651078175
    7    0.44457009491601   0.44457009491601
    8    0.54901862649345   0.54901862649345

   kloop=131
   k1=   0.42857 k2=   0.14286 k3=   0.14286

    1   -0.73640863873050  -0.73640863873050
    2   -0.40386831378444  -0.40386831378444
    3   -0.29358842865230  -0.29358842865230
    4   -0.15999962416435  -0.15999962416435
    5    0.20877847181345   0.20877847181345
    6    0.36852559487954   0.36852559487954
    7    0.41629642271420   0.41629642271420
    8    0.54032325254545   0.54032325254545

   kloop=132
   k1=   0.42857 k2=   0.14286 k3=   0.28571

    1   -0.72810995287545  -0.72810995287545
    2   -0.37045923481950  -0.37045923481950
    3   -0.31818012431745  -0.31818012431745
    4   -0.21165954550767  -0.21165954550767
    5    0.20693621234662   0.20693621234662
    6    0.40523074681273   0.40523074681273
    7    0.44344929055794   0.44344929055794
    8    0.53538316586059   0.53538316586059

   kloop=133
   k1=   0.42857 k2=   0.14286 k3=   0.42857

    1   -0.68130964884470  -0.68130964884470
    2   -0.42407538811414  -0.42407538811414
    3   -0.29614771362091  -0.29614771362091
    4   -0.27329053772118  -0.27329053772118
    5    0.18003137799451   0.18003137799451
    6    0.36714414704432   0.36714414704432
    7    0.53261697501340   0.53261697501340
    8    0.56635514511995   0.56635514511995

   kloop=134
   k1=   0.42857 k2=   0.14286 k3=   0.57143

    1   -0.60172585036089  -0.60172585036089
    2   -0.48564597770782  -0.48564597770782
    3   -0.35281347374867  -0.35281347374867
    4   -0.31368875261846  -0.31368875261846
    5    0.26444578078631   0.26444578078631
    6    0.36146621635994   0.36146621635994
    7    0.56258251583027   0.56258251583027
    8    0.56913688135807   0.56913688135807

   kloop=135
   k1=   0.42857 k2=   0.14286 k3=   0.71429

    1   -0.56511462739527  -0.56511462739527
    2   -0.50170810049298  -0.50170810049298
    3   -0.40741530686131  -0.40741530686131
    4   -0.31419102856279  -0.31419102856279
    5    0.32250735801466   0.32250735801466
    6    0.44711515034437   0.44711515034437
    7    0.48336420766565   0.48336420766565
    8    0.56253161418198   0.56253161418198

   kloop=136
   k1=   0.42857 k2=   0.14286 k3=   0.85714

    1   -0.64384151272375  -0.64384151272375
    2   -0.47270715410437  -0.47270715410437
    3   -0.34636340295095  -0.34636340295095
    4   -0.26760546936113  -0.26760546936113
    5    0.27921632320004   0.27921632320004
    6    0.39432072706176   0.39432072706176
    7    0.52015914846504   0.52015914846504
    8    0.52258615268791   0.52258615268791

   kloop=137
   k1=   0.42857 k2=   0.28571 k3=   0.00000

    1   -0.68280098378779  -0.68280098378779
    2   -0.40455262577350  -0.40455262577350
    3   -0.30277515470369  -0.30277515470369
    4   -0.29137064471336  -0.29137064471336
    5    0.18398474376302   0.18398474376302
    6    0.40453623963269   0.40453623963269
    7    0.49041964250555   0.49041964250555
    8    0.54289391425423   0.54289391425423

   kloop=138
   k1=   0.42857 k2=   0.28571 k3=   0.14286

    1   -0.72799367462738  -0.72799367462738
    2   -0.36487973242274  -0.36487973242274
    3   -0.32293940698716  -0.32293940698716
    4   -0.21551473507440  -0.21551473507440
    5    0.22519623342728   0.22519623342728
    6    0.37832782364443   0.37832782364443
    7    0.47472828348293   0.47472828348293
    8    0.51285720073183   0.51285720073183

   kloop=139
   k1=   0.42857 k2=   0.28571 k3=   0.28571

    1   -0.73487310883377  -0.73487310883377
    2   -0.42106630128120  -0.42106630128120
    3   -0.27009646616515  -0.27009646616515
    4   -0.16870244289145  -0.16870244289145
    5    0.22627915971987   0.22627915971987
    6    0.36715684204252   0.36715684204252
    7    0.40156126475221   0.40156126475221
    8    0.58705216571048   0.58705216571048

   kloop=140
   k1=   0.42857 k2=   0.28571 k3=   0.42857

    1   -0.70266879836054  -0.70266879836054
    2   -0.47210160177213  -0.47210160177213
    3   -0.25043744635218  -0.25043744635218
    4   -0.20054932666362  -0.20054932666362
    5    0.21397618293213   0.21397618293213
    6    0.35571305926140   0.35571305926140
    7    0.45517138879175   0.45517138879175
    8    0.61546600787194   0.61546600787194

   kloop=141
   k1=   0.42857 k2=   0.28571 k3=   0.57143

    1   -0.63638293485058  -0.63638293485058
    2   -0.49656890896231  -0.49656890896231
    3   -0.34384025930073  -0.34384025930073
    4   -0.24684727671418  -0.24684727671418
    5    0.29396912152756   0.29396912152756
    6    0.36723519181902   0.36723519181902
    7    0.52445537007052   0.52445537007052
    8    0.59347206536143   0.59347206536143

   kloop=142
   k1=   0.42857 k2=   0.28571 k3=   0.71429

    1   -0.55013346237166  -0.55013346237166
    2   -0.52116614169757  -0.52116614169757
    3   -0.41301753022547  -0.41301753022547
    4   -0.30255925957195  -0.30255925957195
    5    0.36129017550583   0.36129017550583
    6    0.42047698385357   0.42047698385357
    7    0.48243157306065   0.48243157306065
    8    0.57285746756794   0.57285746756794

   kloop=143
   k1=   0.42857 k2=   0.28571 k3=   0.85714

    1   -0.60631506633030  -0.60631506633030
    2   -0.46668283852906  -0.46668283852906
    3   -0.36607644746493  -0.36607644746493
    4   -0.31923469775503  -0.31923469775503
    5    0.28400337777126   0.28400337777126
    6    0.38892566810926   0.38892566810926
    7    0.48864777537530   0.48864777537530
    8    0.57904030170171   0.57904030170171

   kloop=144
   k1=   0.42857 k2=   0.42857 k3=   0.00000

    1   -0.62559001975838  -0.62559001975838
    2   -0.46182234271286  -0.46182234271286
    3   -0.32466772894661  -0.32466772894661
    4   -0.28860707709958  -0.28860707709958
    5    0.18301130509588   0.18301130509588
    6    0.31352288239830   0.31352288239830
    7    0.51179971968508   0.51179971968508
    8    0.60058111288982   0.60058111288982

   kloop=145
   k1=   0.42857 k2=   0.42857 k3=   0.14286

    1   -0.68232438355661  -0.68232438355661
    2   -0.40276956726390  -0.40276956726390
    3   -0.33591769247896  -0.33591769247896
    4   -0.25988042853622  -0.25988042853622
    5    0.22010514809055   0.22010514809055
    6    0.41068925450401   0.41068925450401
    7    0.44909985444443   0.44909985444443
    8    0.55175237896219   0.55175237896219

   kloop=146
   k1=   0.42857 k2=   0.42857 k3=   0.28571

    1   -0.70366343911879  -0.70366343911879
    2   -0.46703497919158  -0.46703497919158
    3   -0.25739961538957  -0.25739961538957
    4   -0.20344820580067  -0.20344820580067
    5    0.27618997446150   0.27618997446150
    6    0.32904523422164   0.32904523422164
    7    0.43581474283047   0.43581474283047
    8    0.58483397356171   0.58483397356171

   kloop=147
   k1=   0.42857 k2=   0.42857 k3=   0.42857

    1   -0.68816868799586  -0.68816868799586
    2   -0.52490938386466  -0.52490938386466
    3   -0.22012557649378  -0.22012557649378
    4   -0.15614406191938  -0.15614406191938
    5    0.22843702025097   0.22843702025097
    6    0.30970588748746   0.30970588748746
    7    0.41546200061773   0.41546200061773
    8    0.64134785160023   0.64134785160023

   kloop=148
   k1=   0.42857 k2=   0.42857 k3=   0.57143

    1   -0.64448492213413  -0.64448492213413
    2   -0.54468401251476  -0.54468401251476
    3   -0.28530123908846  -0.28530123908846
    4   -0.18686957585491  -0.18686957585491
    5    0.27961887469713   0.27961887469713
    6    0.32508504217016   0.32508504217016
    7    0.47141704613353   0.47141704613353
    8    0.62538887886275   0.62538887886275

   kloop=149
   k1=   0.42857 k2=   0.42857 k3=   0.71429

    1   -0.59536856811348  -0.59536856811348
    2   -0.51304616109536  -0.51304616109536
    3   -0.38816993095862  -0.38816993095862
    4   -0.24675144330961  -0.24675144330961
    5    0.29408459515047   0.29408459515047
    6    0.41995799535090   0.41995799535090
    7    0.48359880738982   0.48359880738982
    8    0.58348230484860   0.58348230484860

   kloop=150
   k1=   0.42857 k2=   0.42857 k3=   0.85714

    1   -0.55416279444176  -0.55416279444176
    2   -0.52639608151995  -0.52639608151995
    3   -0.38094360977160  -0.38094360977160
    4   -0.28402356646806  -0.28402356646806
    5    0.28278167692925   0.28278167692925
    6    0.30802703517781   0.30802703517781
    7    0.50186772854499   0.50186772854499
    8    0.60898064834479   0.60898064834479

   kloop=151
   k1=   0.42857 k2=   0.57143 k3=   0.00000

    1   -0.56521668994446  -0.56521668994446
    2   -0.51547697041518  -0.51547697041518
    3   -0.34630543434446  -0.34630543434446
    4   -0.32165341624759  -0.32165341624759
    5    0.21261069130121   0.21261069130121
    6    0.35364422799598   0.35364422799598
    7    0.52374905070568   0.52374905070568
    8    0.59611347944283   0.59611347944283

   kloop=152
   k1=   0.42857 k2=   0.57143 k3=   0.14286

    1   -0.60809002864464  -0.60809002864464
    2   -0.46045256092162  -0.46045256092162
    3   -0.36589516420326  -0.36589516420326
    4   -0.32501928382849  -0.32501928382849
    5    0.29283948793369   0.29283948793369
    6    0.38838530321530   0.38838530321530
    7    0.47370574104791   0.47370574104791
    8    0.57606570708077   0.57606570708077

   kloop=153
   k1=   0.42857 k2=   0.57143 k3=   0.28571

    1   -0.64005119147424  -0.64005119147424
    2   -0.48661794625291  -0.48661794625291
    3   -0.33954513791482  -0.33954513791482
    4   -0.26303747968028  -0.26303747968028
    5    0.33254274324612   0.33254274324612
    6    0.36536032131531   0.36536032131531
    7    0.47907638934122   0.47907638934122
    8    0.57291058835402   0.57291058835402

   kloop=154
   k1=   0.42857 k2=   0.57143 k3=   0.42857

    1   -0.64574159673191  -0.64574159673191
    2   -0.54367127806879  -0.54367127806879
    3   -0.26017076258860  -0.26017076258860
    4   -0.21712496174068  -0.21712496174068
    5    0.24951347218930   0.24951347218930
    6    0.36446114111515   0.36446114111515
    7    0.44359874085136   0.44359874085136
    8    0.63302054296175   0.63302054296175

   kloop=155
   k1=   0.42857 k2=   0.57143 k3=   0.57143

    1   -0.64548525561041  -0.64548525561041
    2   -0.54389157931902  -0.54389157931902
    3   -0.27080254887677  -0.27080254887677
    4   -0.20416403740699  -0.20416403740699
    5    0.24060203025531   0.24060203025531
    6    0.37774761053623   0.37774761053623
    7    0.44289764978689   0.44289764978689
    8    0.63140661714278   0.63140661714278

   kloop=156
   k1=   0.42857 k2=   0.57143 k3=   0.71429

    1   -0.63937159916628  -0.63937159916628
    2   -0.48740612611187  -0.48740612611187
    3   -0.34819338444699  -0.34819338444699
    4   -0.25180556787695  -0.25180556787695
    5    0.29993490540393   0.29993490540393
    6    0.40344948619964   0.40344948619964
    7    0.48523280649668   0.48523280649668
    8    0.56923452627144   0.56923452627144

   kloop=157
   k1=   0.42857 k2=   0.57143 k3=   0.85714

    1   -0.60686284383138  -0.60686284383138
    2   -0.46477953600588  -0.46477953600588
    3   -0.36730310825637  -0.36730310825637
    4   -0.31954821491558  -0.31954821491558
    5    0.28342072958197   0.28342072958197
    6    0.38966177109623   0.38966177109623
    7    0.48839843549978   0.48839843549978
    8    0.57689223169121   0.57689223169121

   kloop=158
   k1=   0.42857 k2=   0.71429 k3=   0.00000

    1   -0.60879883474919  -0.60879883474919
    2   -0.49064272081539  -0.49064272081539
    3   -0.35871196005253  -0.35871196005253
    4   -0.29445976406731  -0.29445976406731
    5    0.22981850860840   0.22981850860840
    6    0.43163153518529   0.43163153518529
    7    0.52954235728869   0.52954235728869
    8    0.53076079959830   0.53076079959830

   kloop=159
   k1=   0.42857 k2=   0.71429 k3=   0.14286

    1   -0.57813908892619  -0.57813908892619
    2   -0.47724206529762  -0.47724206529762
    3   -0.39195710518531  -0.39195710518531
    4   -0.34607330434394  -0.34607330434394
    5    0.32524697902527   0.32524697902527
    6    0.43129281410378   0.43129281410378
    7    0.48433153900439   0.48433153900439
    8    0.54487523093756   0.54487523093756

   kloop=160
   k1=   0.42857 k2=   0.71429 k3=   0.28571

    1   -0.56973444759047  -0.56973444759047
    2   -0.49483918328220  -0.49483918328220
    3   -0.40177385138904  -0.40177385138904
    4   -0.32357609991196  -0.32357609991196
    5    0.32790158736225   0.32790158736225
    6    0.42927032113734   0.42927032113734
    7    0.48755185180026   0.48755185180026
    8    0.56017383196882   0.56017383196882

   kloop=161
   k1=   0.42857 k2=   0.71429 k3=   0.42857

    1   -0.59600007710466  -0.59600007710466
    2   -0.51934194451547  -0.51934194451547
    3   -0.35972497552902  -0.35972497552902
    4   -0.27050300547511  -0.27050300547511
    5    0.23618868241433   0.23618868241433
    6    0.41195122588646   0.41195122588646
    7    0.51768247032944   0.51768247032944
    8    0.60244045604023   0.60244045604023

   kloop=162
   k1=   0.42857 k2=   0.71429 k3=   0.57143

    1   -0.63901250199178  -0.63901250199178
    2   -0.49324548840802  -0.49324548840802
    3   -0.32210941125695  -0.32210941125695
    4   -0.27346884415329  -0.27346884415329
    5    0.26326562058788   0.26326562058788
    6    0.40947718606656   0.40947718606656
    7    0.48268970856860   0.48268970856860
    8    0.60259974921421   0.60259974921421

   kloop=163
   k1=   0.42857 k2=   0.71429 k3=   0.71429

    1   -0.65751888989438  -0.65751888989438
    2   -0.44553165393011  -0.44553165393011
    3   -0.38954239661071  -0.38954239661071
    4   -0.21989281691051  -0.21989281691051
    5    0.24372336599231   0.24372336599231
    6    0.44481802007126   0.44481802007126
    7    0.47870614261718   0.47870614261718
    8    0.56278922284006   0.56278922284006

   kloop=164
   k1=   0.42857 k2=   0.71429 k3=   0.85714

    1   -0.64413099312521  -0.64413099312521
    2   -0.47228442510263  -0.47228442510263
    3   -0.34422175503030  -0.34422175503030
    4   -0.27025574552413  -0.27025574552413
    5    0.27364268968118   0.27364268968118
    6    0.40184037271674   0.40184037271674
    7    0.51419510507754   0.51419510507754
    8    0.52386967769769   0.52386967769769

   kloop=165
   k1=   0.42857 k2=   0.85714 k3=   0.00000

    1   -0.65732589008498  -0.65732589008498
    2   -0.51833668784851  -0.51833668784851
    3   -0.25550105541426  -0.25550105541426
    4   -0.24297496439904  -0.24297496439904
    5    0.24125368252403   0.24125368252403
    6    0.37192488805522   0.37192488805522
    7    0.43018831354540   0.43018831354540
    8    0.55929699945864   0.55929699945864

   kloop=166
   k1=   0.42857 k2=   0.85714 k3=   0.14286

    1   -0.64699857158171  -0.64699857158171
    2   -0.46406186298968  -0.46406186298968
    3   -0.33181380011701  -0.33181380011701
    4   -0.29254220193006  -0.29254220193006
    5    0.30678388476581   0.30678388476581
    6    0.38083741534781   0.38083741534781
    7    0.48799480908060   0.48799480908060
    8    0.51442453915592   0.51442453915592

   kloop=167
   k1=   0.42857 k2=   0.85714 k3=   0.28571

    1   -0.61147935527840  -0.61147935527840
    2   -0.45374540468578  -0.45374540468578
    3   -0.35159263644183  -0.35159263644183
    4   -0.34257794450425  -0.34257794450425
    5    0.29581526443756   0.29581526443756
    6    0.35118282489744   0.35118282489744
    7    0.50336458094777   0.50336458094777
    8    0.56009731391315   0.56009731391315

   kloop=168
   k1=   0.42857 k2=   0.85714 k3=   0.42857

    1   -0.55337008772949  -0.55337008772949
    2   -0.53390139265142  -0.53390139265142
    3   -0.35531465653407  -0.35531465653407
    4   -0.30127997342031  -0.30127997342031
    5    0.22322663071438   0.22322663071438
    6    0.31043256162860   0.31043256162860
    7    0.57303420986065   0.57303420986065
    8    0.58370205647314   0.58370205647314

   kloop=169
   k1=   0.42857 k2=   0.85714 k3=   0.57143

    1   -0.60648192114067  -0.60648192114067
    2   -0.47291581897449  -0.47291581897449
    3   -0.35491980755499  -0.35491980755499
    4   -0.32153845166152  -0.32153845166152
    5    0.26525322850344   0.26525322850344
    6    0.35856697869440   0.35856697869440
    7    0.54812453972331   0.54812453972331
    8    0.57003025967413   0.57003025967413

   kloop=170
   k1=   0.42857 k2=   0.85714 k3=   0.71429

    1   -0.64450931782903  -0.64450931782903
    2   -0.46742861607960  -0.46742861607960
    3   -0.36711346183828  -0.36711346183828
    4   -0.24738654881584  -0.24738654881584
    5    0.26177304937834   0.26177304937834
    6    0.45474557668914   0.45474557668914
    7    0.48724966039950   0.48724966039950
    8    0.51720984198367   0.51720984198367

   kloop=171
   k1=   0.42857 k2=   0.85714 k3=   0.85714

    1   -0.65651201488501  -0.65651201488501
    2   -0.51898526915605  -0.51898526915605
    3   -0.29463006674834  -0.29463006674834
    4   -0.19567037670164  -0.19567037670164
    5    0.22669042627392   0.22669042627392
    6    0.39986181368450   0.39986181368450
    7    0.43225149544273   0.43225149544273
    8    0.55081151923886   0.55081151923886

***********************************************************
***********************************************************
                   Mulliken populations                    
***********************************************************
***********************************************************

  Total spin moment (muB)   0.000000000

                    Up spin      Down spin     Sum           Diff
      1    C      2.000000000  2.000000000   4.000000000   0.000000000
      2    C      2.000000000  2.000000000   4.000000000   0.000000000

 Sum of MulP: up   =     4.00000 down          =     4.00000
              total=     8.00000 ideal(neutral)=     8.00000


  Decomposed Mulliken populations

    1    C          Up spin      Down spin     Sum           Diff
            multiple
  s           0    0.515216185  0.515216185   1.030432370   0.000000000
   sum over m      0.515216185  0.515216185   1.030432370   0.000000000
   sum over m+mul  0.515216185  0.515216185   1.030432370   0.000000000
  px          0    0.493795144  0.493795144   0.987590287   0.000000000
  py          0    0.495466420  0.495466420   0.990932841   0.000000000
  pz          0    0.495522251  0.495522251   0.991044502   0.000000000
   sum over m      1.484783815  1.484783815   2.969567630   0.000000000
   sum over m+mul  1.484783815  1.484783815   2.969567630   0.000000000

    2    C          Up spin      Down spin     Sum           Diff
            multiple
  s           0    0.515216185  0.515216185   1.030432370   0.000000000
   sum over m      0.515216185  0.515216185   1.030432370   0.000000000
   sum over m+mul  0.515216185  0.515216185   1.030432370   0.000000000
  px          0    0.493795144  0.493795144   0.987590287   0.000000000
  py          0    0.495466420  0.495466420   0.990932841   0.000000000
  pz          0    0.495522251  0.495522251   0.991044502   0.000000000
   sum over m      1.484783815  1.484783815   2.969567630   0.000000000
   sum over m+mul  1.484783815  1.484783815   2.969567630   0.000000000

***********************************************************
***********************************************************
                    Dipole moment (Debye)                  
***********************************************************
***********************************************************

 Absolute D        0.00030219

                      Dx                Dy                Dz
 Total              0.00018746        0.00016473        0.00017041
 Core              19.02069892       16.71515966       17.29154447
 Electron         -19.02051147      -16.71499493      -17.29137406
 Back ground       -0.00000000       -0.00000000       -0.00000000

***********************************************************
***********************************************************
       xyz-coordinates (Ang) and forces (Hartree/Bohr)  
***********************************************************
***********************************************************

<coordinates.forces
  2
    1     C     0.10000  -0.02000   0.01000  -0.091518238606  0.015562256930 -0.002755030835
    2     C     0.89000   0.89000   0.89000   0.091518238606 -0.015562256930  0.002755030834
coordinates.forces>

***********************************************************
***********************************************************
       Fractional coordinates of the final structure       
***********************************************************
***********************************************************

     1      C     0.01966292134831   0.03651685393258   0.96910112359551
     2      C     0.25000000000000   0.25000000000000   0.25000000000000

***********************************************************
***********************************************************
               Computational Time (second)                 
***********************************************************
***********************************************************

   Elapsed.Time.         4.966

                               Min_ID   Min_Time       Max_ID   Max_Time
   Total Computational Time =    14        4.480          0        4.966
   readfile                 =    11        0.744          0        0.744
   truncation               =     6        0.065          0        0.069
   MD_pac                   =     0        0.000          5        0.000
   OutData                  =     3        1.459          0        1.946
   HWF                      =     0        0.000          0        0.000
   DFT                      =     0        2.207          6        2.211

*** In DFT ***

   Set_OLP_Kin              =     2        0.047          0        0.220
   Set_Nonlocal             =     0        0.488          2        0.661
   Set_ProExpn_VNA          =     3        0.375          0        0.614
   Set_Hamiltonian          =     2        0.030         11        0.030
   Poisson                  =     5        0.000         13        0.000
   Diagonalization          =     0        0.123         12        0.123
   Mixing_DM                =     7        0.001          4        0.001
   Force                    =     0        0.137          0        0.137
   Total_Energy             =     1        0.539          0        0.539
   Set_Aden_Grid            =     0        0.001          3        0.240
   Set_Orbitals_Grid        =     2        0.000          0        0.017
   Set_Density_Grid         =     5        0.033          0        0.034
   RestartFileDFT           =     6        0.000          0        0.001
   Mulliken_Charge          =    16        0.000          0        0.000
   FFT(2D)_Density          =     3        0.001          9        0.001
   Others                   =     0        0.002          6        0.022
