[bnode097:745202:0:745202]      cma_ep.c:88   process_vm_readv(pid=745198 {0x149643d38c20,524288}-->{0x14a6d6f0d010,524288}) returned -1: No such process
[bnode097:745202] *** Process received signal ***
[bnode097:745202] Signal: Aborted (6)
[bnode097:745202] Signal code:  (-6)
[bnode097:745223:0:745223]      cma_ep.c:88   process_vm_readv(pid=745226 {0x14ddbf782e20,524288}-->{0x1472d4a59a10,524288}) returned -1: No such process
[bnode097:745223] *** Process received signal ***
[bnode097:745223] Signal: Aborted (6)
[bnode097:745223] Signal code:  (-6)
[bnode097:745200:0:745200]      cma_ep.c:88   process_vm_readv(pid=745198 {0x14e8e2241e20,524288}-->{0x14a6e2fe3a10,524288}) returned -1: No such process
[bnode097:745200] *** Process received signal ***
[bnode097:745200] Signal: Aborted (6)
[bnode097:745200] Signal code:  (-6)
[bnode097:745225:0:745225]      cma_ep.c:88   process_vm_readv(pid=745226 {0x14a0e4489020,524288}-->{0x1472d013cc10,524288}) returned -1: No such process
[bnode097:745225] *** Process received signal ***
[bnode097:745225] Signal: Aborted (6)
[bnode097:745225] Signal code:  (-6)
--------------------------------------------------------------------------
prterun noticed that process rank 29 with PID 745210 on node bnode097 exited on
signal 9 (Killed).
--------------------------------------------------------------------------
